******************************************************************************
            TI ARM Clang Linker PC v4.0.4                      
******************************************************************************
>> Linked Sat Aug  1 15:21:15 2026

OUTPUT FILE NAME:   <C07A.out>
ENTRY POINT SYMBOL: "_c_int00_noargs"  address: 00004549


MEMORY CONFIGURATION

         name            origin    length      used     unused   attr    fill
----------------------  --------  ---------  --------  --------  ----  --------
  FLASH                 00000000   00020000  00005328  0001acd8  R  X
  SRAM                  20200000   00008000  00000721  000078df  RW X
  BCR_CONFIG            41c00000   000000ff  00000000  000000ff  R   
  BSL_CONFIG            41c00100   00000080  00000000  00000080  R   


SEGMENT ALLOCATION MAP

run origin  load origin   length   init length attrs members
----------  ----------- ---------- ----------- ----- -------
00000000    00000000    00005328   00005328    r-x
  00000000    00000000    000000c0   000000c0    r-- .intvecs
  000000c0    000000c0    000050b8   000050b8    r-x .text
  00005178    00005178    00000180   00000180    r-- .rodata
  000052f8    000052f8    00000030   00000030    r-- .cinit
20200000    20200000    00000523   00000000    rw-
  20200000    20200000    000004fa   00000000    rw- .bss
  202004fc    202004fc    00000027   00000000    rw- .data
20207e00    20207e00    00000200   00000000    rw-
  20207e00    20207e00    00000200   00000000    rw- .stack


SECTION ALLOCATION MAP

 output                                  attributes/
section   page    origin      length       input sections
--------  ----  ----------  ----------   ----------------
.intvecs   0    00000000    000000c0     
                  00000000    000000c0     startup_mspm0g350x_ticlang.o (.intvecs)

.text      0    000000c0    000050b8     
                  000000c0    000002a0     uart_cmd.o (.text.uart_cmd_parse_line)
                  00000360    00000260     task3.o (.text.task3_build_line)
                  000005c0    00000254     task3.o (.text.task3_run)
                  00000814    000001e0     stepper.o (.text.stepper_update_beam_pid)
                  000009f4    000001b0     ti_msp_dl_config.o (.text.SYSCFG_DL_GPIO_init)
                  00000ba4    00000198     uart_cmd.o (.text.uart_cmd_parse_scaled_x10)
                  00000d3c    00000174     uart_cmd.o (.text.uart_cmd_vision_process_byte)
                  00000eb0    0000012c     uart_cmd.o (.text.uart_cmd_init)
                  00000fdc    00000128     stepper.o (.text.stepper_apply_speed)
                  00001104    00000124     stepper.o (.text.stepper_service)
                  00001228    00000118     encoder_pwm_angle.o (.text.encoder_pwm_angle_irq_handler)
                  00001340    00000114     uart_cmd.o (.text.uart_cmd_get_vision_sample)
                  00001454    0000010c     stepper.o (.text.stepper_init)
                  00001560    0000010c     uart_cmd.o (.text.uart_cmd_parse_int32)
                  0000166c    00000108     stepper.o (.text.stepper_update_beam_encoder_position_loop)
                  00001774    00000104     driverlib.a : dl_timer.o (.text.DL_Timer_initFourCCPWMMode)
                  00001878    00000104     encoder_pwm_angle.o (.text.encoder_pwm_angle_get_sample)
                  0000197c    000000f0     uart_cmd.o (.text.uart_cmd_push_line_char)
                  00001a6c    000000ec     ti_msp_dl_config.o (.text.SYSCFG_DL_SYSCTL_SYSPLL_init)
                  00001b58    000000e0     driverlib.a : dl_timer.o (.text.DL_Timer_initCaptureCombinedMode)
                  00001c38    000000dc                 : dl_sysctl_mspm0g1x0x_g3x0x.o (.text.DL_SYSCTL_configSYSPLL)
                  00001d14    000000da     task3.o (.text.task3_append_int32)
                  00001dee    00000002     libclang_rt.builtins.a : aeabi_div0.c.obj (.text.__aeabi_idiv0)
                  00001df0    000000d8     uart_cmd.o (.text.uart_cmd_parse_vision_text_frame)
                  00001ec8    000000d8     libclang_rt.builtins.a : addsf3.S.obj (.text)
                  00001fa0    000000d0     uart_cmd.o (.text.uart_cmd_vision_publish_values)
                  00002070    000000cc     stepper.o (.text.stepper_start_timer_locked)
                  0000213c    000000c0     stepper.o (.text.stepper_start_dir)
                  000021fc    000000b8     encoder_pwm_angle.o (.text.encoder_pwm_angle_init)
                  000022b4    000000b4     stepper.o (.text.stepper_start_continuous)
                  00002368    000000ac     uart_cmd.o (.text.uart_cmd_process)
                  00002414    000000ac     uart_cmd.o (.text.uart_cmd_vision_update_statistics)
                  000024c0    000000aa     uart_cmd.o (.text.uart_cmd_read_word)
                  0000256a    00000002     libclang_rt.builtins.a : aeabi_div0.c.obj (.text.__aeabi_ldiv0)
                  0000256c    000000a4     stepper.o (.text.stepper_can_start_locked)
                  00002610    000000a4     uart_cmd.o (.text.uart_cmd_vision_execute_frame)
                  000026b4    000000a2     libclang_rt.builtins.a : udivmoddi4.S.obj (.text)
                  00002756    00000002     --HOLE-- [fill = 0]
                  00002758    000000a0     stepper.o (.text.stepper_set_speed_target)
                  000027f8    000000a0     uart_cmd.o (.text.uart_cmd_send_status)
                  00002898    00000098     stepper.o (.text.stepper_sync_position_from_beam_angle_x10)
                  00002930    00000094     stepper.o (.text.stepper_timer_irq_handler)
                  000029c4    00000092     uart_cmd.o (.text.uart_cmd_send_uint32)
                  00002a56    00000002     --HOLE-- [fill = 0]
                  00002a58    00000090     ti_msp_dl_config.o (.text.SYSCFG_DL_PWM_init)
                  00002ae8    0000008c     ti_msp_dl_config.o (.text.SYSCFG_DL_initPower)
                  00002b74    0000008c     libclang_rt.builtins.a : mulsf3.S.obj (.text.__mulsf3)
                  00002c00    0000008c     encoder.o (.text.encoder_delta_to_speed_mm_s)
                  00002c8c    00000088     stepper.o (.text.stepper_count_accepted_pulse)
                  00002d14    00000084     ti_msp_dl_config.o (.text.__NVIC_SetPriority)
                  00002d98    00000084     uart_cmd.o (.text.uart_cmd_irq_handler)
                  00002e1c    00000082     libclang_rt.builtins.a : divsf3.S.obj (.text.__divsf3)
                  00002e9e    0000007e     uart_cmd.o (.text.uart_cmd_word_equals)
                  00002f1c    0000007c     libc.a : copy_decompress_lzss.c.obj (.text:decompress:lzss)
                  00002f98    00000078     encoder.o (.text.encoder_gpio_irq_handler)
                  00003010    00000074     libclang_rt.builtins.a : comparedf2.c.obj (.text.__gedf2)
                  00003084    00000074     encoder.o (.text.encoder_update_speed)
                  000030f8    00000074     stepper.o (.text.stepper_enable)
                  0000316c    0000006c     bluetooth.o (.text.UART1_IRQHandler)
                  000031d8    00000068     ti_msp_dl_config.o (.text.SYSCFG_DL_STEPPER_PWM_init)
                  00003240    00000068     ti_msp_dl_config.o (.text.SYSCFG_DL_SYSCTL_init)
                  000032a8    00000068     libclang_rt.builtins.a : comparedf2.c.obj (.text.__ledf2)
                  00003310    00000066     uart_cmd.o (.text.uart_cmd_vision_has_expected_length)
                  00003376    00000002     --HOLE-- [fill = 0]
                  00003378    00000064     uart_cmd.o (.text.uart_cmd_mirror_uart0_rx_byte)
                  000033dc    00000064     uart_cmd.o (.text.uart_cmd_mirror_uart1_flush_unlocked)
                  00003440    00000062     libclang_rt.builtins.a : aeabi_dcmp.S.obj (.text.__aeabi_dcmp)
                  000034a2    00000002     --HOLE-- [fill = 0]
                  000034a4    00000062                            : aeabi_fcmp.S.obj (.text.__aeabi_fcmp)
                  00003506    00000002     --HOLE-- [fill = 0]
                  00003508    0000005c     stepper.o (.text.stepper_set_beam_pid_target_mm)
                  00003564    00000058     encoder_pwm_angle.o (.text.encoder_pwm_angle_duty_to_deg_x10)
                  000035bc    00000058     stepper.o (.text.stepper_stop_timer_locked)
                  00003614    00000058     task3.o (.text.task3_uart1_monitor_send_pending)
                  0000366c    00000058     uart_cmd.o (.text.uart_cmd_vision_apply_position_calibration)
                  000036c4    00000058     uart_cmd.o (.text.uart_cmd_vision_rate_from_count)
                  0000371c    00000056     libclang_rt.builtins.a : aeabi_idivmod.S.obj (.text.__aeabi_idivmod)
                  00003772    00000056     uart_cmd.o (.text.uart_cmd_is_separator)
                  000037c8    00000054     ti_msp_dl_config.o (.text.SYSCFG_DL_UART_1_init)
                  0000381c    00000054     stepper.o (.text.stepper_write_direction)
                  00003870    00000050     ti_msp_dl_config.o (.text.SysTick_Config)
                  000038c0    00000050     stepper.o (.text.stepper_is_finite_float)
                  00003910    00000050     stepper.o (.text.stepper_start)
                  00003960    00000050     task3.o (.text.task3_float_to_x10)
                  000039b0    00000050     uart_cmd.o (.text.uart_cmd_vision_apply_direction)
                  00003a00    0000004c     ti_msp_dl_config.o (.text.DL_GPIO_initDigitalInputFeatures)
                  00003a4c    0000004c     ti_msp_dl_config.o (.text.DL_UART_setBaudRateDivisor)
                  00003a98    0000004c     stepper.o (.text.stepper_emergency_stop)
                  00003ae4    0000004a     uart_cmd.o (.text.uart_cmd_parse_bool)
                  00003b2e    00000002     --HOLE-- [fill = 0]
                  00003b30    00000048     driverlib.a : dl_uart.o (.text.DL_UART_init)
                  00003b78    00000048     ti_msp_dl_config.o (.text.SYSCFG_DL_init)
                  00003bc0    00000046     task3.o (.text.task3_append_string)
                  00003c06    00000002     --HOLE-- [fill = 0]
                  00003c08    00000044     driverlib.a : dl_sysctl_mspm0g1x0x_g3x0x.o (.text.DL_SYSCTL_switchMCLKfromSYSOSCtoHSCLK)
                  00003c4c    00000044     encoder_pwm_angle.o (.text.encoder_pwm_angle_normalize_relative_deg_x10)
                  00003c90    00000044     stepper.o (.text.stepper_write_enable)
                  00003cd4    00000040     ti_msp_dl_config.o (.text.SYSCFG_DL_UART0_init)
                  00003d14    00000040     libclang_rt.builtins.a : aeabi_uidivmod.S.obj (.text.__aeabi_uidivmod)
                  00003d54    00000040     uart_cmd.o (.text.uart_cmd_vision_record_good)
                  00003d94    0000003e     libclang_rt.builtins.a : divmoddi4.c.obj (.text.__divmoddi4)
                  00003dd2    0000003e     stepper.o (.text.stepper_clamp)
                  00003e10    0000003e     task3.o (.text.task3_append_char)
                  00003e4e    00000002     --HOLE-- [fill = 0]
                  00003e50    0000003c     ti_msp_dl_config.o (.text.DL_Timer_setCounterControl)
                  00003e8c    0000003c     libclang_rt.builtins.a : floatsisf.S.obj (.text.__floatsisf)
                  00003ec8    0000003c                            : comparesf2.S.obj (.text.__gtsf2)
                  00003f04    0000003c     stepper.o (.text.stepper_stop)
                  00003f40    0000003c     uart_cmd.o (.text.uart_cmd_vision_publish_ball_state)
                  00003f7c    0000003c     libc.a : autoinit.c.obj (.text:__TI_auto_init_nobinit_nopinit)
                  00003fb8    0000003a     libclang_rt.builtins.a : comparesf2.S.obj (.text.__eqsf2)
                  00003ff2    00000002     --HOLE-- [fill = 0]
                  00003ff4    0000003a                            : muldsi3.S.obj (.text.__muldsi3)
                  0000402e    00000002     --HOLE-- [fill = 0]
                  00004030    00000038                            : fixsfsi.S.obj (.text.__fixsfsi)
                  00004068    00000038     encoder.o (.text.encoder_update_left)
                  000040a0    00000038     encoder.o (.text.encoder_update_right)
                  000040d8    00000038     stepper.o (.text.stepper_limit_frequency)
                  00004110    00000038     uart_cmd.o (.text.uart_cmd_is_digit)
                  00004148    00000038     uart_cmd.o (.text.uart_cmd_vision_check_timeout)
                  00004180    00000036     encoder_pwm_angle.o (.text.encoder_pwm_angle_relative_is_safe)
                  000041b6    00000002     --HOLE-- [fill = 0]
                  000041b8    00000034     ti_msp_dl_config.o (.text.SYSCFG_DL_BEAM_ENCODER_PWM_init)
                  000041ec    00000034     task3.o (.text.__NVIC_DisableIRQ)
                  00004220    00000034     stepper.o (.text.stepper_request_stop_locked)
                  00004254    00000034     uart_cmd.o (.text.uart_cmd_to_upper)
                  00004288    00000032     libclang_rt.builtins.a : fixunssfsi.S.obj (.text.__fixunssfsi)
                  000042ba    00000002     --HOLE-- [fill = 0]
                  000042bc    00000030     uart_cmd.o (.text.uart_cmd_send_int32)
                  000042ec    0000002e     uart_cmd.o (.text.uart_cmd_abs_i16)
                  0000431a    00000002     --HOLE-- [fill = 0]
                  0000431c    0000002c     encoder_pwm_angle.o (.text.__NVIC_ClearPendingIRQ)
                  00004348    0000002c     stepper.o (.text.__NVIC_ClearPendingIRQ)
                  00004374    0000002c     task3.o (.text.__NVIC_ClearPendingIRQ)
                  000043a0    0000002c     uart_cmd.o (.text.__NVIC_ClearPendingIRQ)
                  000043cc    0000002c     encoder_pwm_angle.o (.text.__NVIC_EnableIRQ)
                  000043f8    0000002c     stepper.o (.text.__NVIC_EnableIRQ)
                  00004424    0000002c     uart_cmd.o (.text.__NVIC_EnableIRQ)
                  00004450    0000002c     stepper.o (.text.stepper_abs)
                  0000447c    0000002c     uart_cmd.o (.text.uart_cmd_vision_reset_receiver)
                  000044a8    00000028     ti_msp_dl_config.o (.text.DL_Common_updateReg)
                  000044d0    00000028     libclang_rt.builtins.a : floatunsisf.S.obj (.text.__floatunsisf)
                  000044f8    00000028     delay.o (.text.delay_tick)
                  00004520    00000028     stepper.o (.text.stepper_force_step_low)
                  00004548    00000028     libc.a : boot_cortex_m.c.obj (.text:_c_int00_noargs)
                  00004570    00000024     libclang_rt.builtins.a : floatunsidf.S.obj (.text.__floatunsidf)
                  00004594    00000024                            : muldi3.S.obj (.text.__muldi3)
                  000045b8    00000024     encoder.o (.text.encoder_tick_1ms)
                  000045dc    00000024     stepper.o (.text.stepper_set_beam_target_deg)
                  00004600    00000024     task3.o (.text.task3_uart1_monitor_init)
                  00004624    00000024     uart_cmd.o (.text.uart_cmd_skip_separators)
                  00004648    00000024     uart_cmd.o (.text.uart_cmd_vision_increment)
                  0000466c    00000024     uart_cmd.o (.text.uart_cmd_vision_record_bad)
                  00004690    00000022     uart_cmd.o (.text.uart_cmd_mirror_uart1_flush)
                  000046b2    00000002     --HOLE-- [fill = 0]
                  000046b4    00000020     ti_msp_dl_config.o (.text.DL_GPIO_initPeripheralInputFunction)
                  000046d4    00000020     ti_msp_dl_config.o (.text.DL_SYSCTL_setFlashWaitState)
                  000046f4    00000020     encoder.o (.text.encoder_left_b_is_high)
                  00004714    00000020     encoder.o (.text.encoder_right_b_is_high)
                  00004734    00000020     stepper.o (.text.stepper_clear_emergency_inhibit)
                  00004754    00000020     stepper.o (.text.stepper_get_position_steps)
                  00004774    00000020     uart_cmd.o (.text.uart_cmd_abs_to_u32)
                  00004794    0000001e     ti_msp_dl_config.o (.text.DL_UART_setOversampling)
                  000047b2    00000002     --HOLE-- [fill = 0]
                  000047b4    0000001e     libclang_rt.builtins.a : ashldi3.S.obj (.text.__ashldi3)
                  000047d2    00000002     --HOLE-- [fill = 0]
                  000047d4    0000001c     encoder.o (.text.DL_GPIO_clearInterruptStatus)
                  000047f0    0000001c     ti_msp_dl_config.o (.text.DL_GPIO_clearInterruptStatus)
                  0000480c    0000001c     ti_msp_dl_config.o (.text.DL_GPIO_enableInterrupt)
                  00004828    0000001c     stepper.o (.text.DL_GPIO_initPeripheralOutputFunction)
                  00004844    0000001c     ti_msp_dl_config.o (.text.DL_GPIO_initPeripheralOutputFunction)
                  00004860    0000001c     driverlib.a : dl_sysctl_mspm0g1x0x_g3x0x.o (.text.DL_SYSCTL_configFCC)
                  0000487c    0000001c     ti_msp_dl_config.o (.text.DL_SYSCTL_setFCCPeriods)
                  00004898    0000001c     ti_msp_dl_config.o (.text.DL_SYSCTL_setSYSOSCFreq)
                  000048b4    0000001c     ti_msp_dl_config.o (.text.DL_SYSCTL_setULPCLKDivider)
                  000048d0    0000001c     stepper.o (.text.DL_Timer_disableInterrupt)
                  000048ec    0000001c     stepper.o (.text.DL_Timer_enableInterrupt)
                  00004908    0000001c     ti_msp_dl_config.o (.text.DL_Timer_enableInterrupt)
                  00004924    0000001c     driverlib.a : dl_timer.o (.text.DL_Timer_setCaptCompUpdateMethod)
                  00004940    0000001c                 : dl_timer.o (.text.DL_Timer_setClockConfig)
                  0000495c    0000001c     encoder_pwm_angle.o (.text.DL_Timer_setCoreHaltBehavior)
                  00004978    0000001c     task3.o (.text.DL_UART_disableInterrupt)
                  00004994    0000001c     ti_msp_dl_config.o (.text.DL_UART_enableInterrupt)
                  000049b0    0000001c     uart_cmd.o (.text.DL_UART_enableInterrupt)
                  000049cc    0000001c     uart_cmd.o (.text.UART0_IRQHandler)
                  000049e8    0000001c     stepper.o (.text.stepper_connect_step_to_timer)
                  00004a04    0000001a     uart_cmd.o (.text.uart_cmd_read_i16_be)
                  00004a1e    00000002     --HOLE-- [fill = 0]
                  00004a20    00000018     stepper.o (.text.DL_GPIO_enableOutput)
                  00004a38    00000018     ti_msp_dl_config.o (.text.DL_GPIO_enableOutput)
                  00004a50    00000018     ti_msp_dl_config.o (.text.DL_GPIO_enablePower)
                  00004a68    00000018     encoder.o (.text.DL_GPIO_getEnabledInterruptStatus)
                  00004a80    00000018     stepper.o (.text.DL_GPIO_initDigitalOutput)
                  00004a98    00000018     ti_msp_dl_config.o (.text.DL_GPIO_initDigitalOutput)
                  00004ab0    00000018     ti_msp_dl_config.o (.text.DL_GPIO_reset)
                  00004ac8    00000018     stepper.o (.text.DL_GPIO_setPins)
                  00004ae0    00000018     ti_msp_dl_config.o (.text.DL_GPIO_setPins)
                  00004af8    00000018     ti_msp_dl_config.o (.text.DL_GPIO_setUpperPinsPolarity)
                  00004b10    00000018     ti_msp_dl_config.o (.text.DL_SYSCTL_setBORThreshold)
                  00004b28    00000018     encoder_pwm_angle.o (.text.DL_Timer_clearInterruptStatus)
                  00004b40    00000018     stepper.o (.text.DL_Timer_clearInterruptStatus)
                  00004b58    00000018     ti_msp_dl_config.o (.text.DL_Timer_enablePower)
                  00004b70    00000018     ti_msp_dl_config.o (.text.DL_Timer_reset)
                  00004b88    00000018     driverlib.a : dl_timer.o (.text.DL_Timer_setCaptureCompareOutCtl)
                  00004ba0    00000018     stepper.o (.text.DL_Timer_setLoadValue)
                  00004bb8    00000018     encoder_pwm_angle.o (.text.DL_Timer_startCounter)
                  00004bd0    00000018     stepper.o (.text.DL_Timer_startCounter)
                  00004be8    00000018     encoder_pwm_angle.o (.text.DL_Timer_stopCounter)
                  00004c00    00000018     stepper.o (.text.DL_Timer_stopCounter)
                  00004c18    00000018     uart_cmd.o (.text.DL_UART_clearInterruptStatus)
                  00004c30    00000018     ti_msp_dl_config.o (.text.DL_UART_enablePower)
                  00004c48    00000018     bluetooth.o (.text.DL_UART_isRXFIFOEmpty)
                  00004c60    00000018     uart_cmd.o (.text.DL_UART_isRXFIFOEmpty)
                  00004c78    00000018     task3.o (.text.DL_UART_isTXFIFOFull)
                  00004c90    00000018     uart_cmd.o (.text.DL_UART_isTXFIFOFull)
                  00004ca8    00000018     ti_msp_dl_config.o (.text.DL_UART_reset)
                  00004cc0    00000018     encoder_pwm_angle.o (.text.encoder_pwm_angle_exit_critical)
                  00004cd8    00000018     encoder_pwm_angle.o (.text.encoder_pwm_angle_raw_to_relative_deg_x10)
                  00004cf0    00000018     stepper.o (.text.stepper_step_is_high)
                  00004d08    00000016     encoder.o (.text.DL_GPIO_readPins)
                  00004d1e    00000016     stepper.o (.text.DL_GPIO_readPins)
                  00004d34    00000016     ti_msp_dl_config.o (.text.DL_UART_enable)
                  00004d4a    00000016     task3.o (.text.DL_UART_transmitData)
                  00004d60    00000016     uart_cmd.o (.text.DL_UART_transmitData)
                  00004d76    00000002     --HOLE-- [fill = 0]
                  00004d78    00000016     libclang_rt.builtins.a : comparesf2.S.obj (.text.__unordsf2)
                  00004d8e    00000016     uart_cmd.o (.text.uart_cmd_has_no_more)
                  00004da4    00000014     stepper.o (.text.DL_GPIO_clearPins)
                  00004db8    00000014     ti_msp_dl_config.o (.text.DL_GPIO_clearPins)
                  00004dcc    00000014     ti_msp_dl_config.o (.text.DL_SYSCTL_disableSYSPLL)
                  00004de0    00000014     ti_msp_dl_config.o (.text.DL_SYSCTL_enableSYSPLL)
                  00004df4    00000014     ti_msp_dl_config.o (.text.DL_Timer_enableClock)
                  00004e08    00000014     encoder_pwm_angle.o (.text.DL_Timer_getLoadValue)
                  00004e1c    00000014     ti_msp_dl_config.o (.text.DL_Timer_setCCPDirection)
                  00004e30    00000014     encoder_pwm_angle.o (.text.DL_Timer_setTimerCount)
                  00004e44    00000014     stepper.o (.text.DL_Timer_setTimerCount)
                  00004e58    00000014     bluetooth.o (.text.DL_UART_receiveData)
                  00004e6c    00000014     uart_cmd.o (.text.DL_UART_receiveData)
                  00004e80    00000014     libclang_rt.builtins.a : aeabi_ldivmod.S.obj (.text.__aeabi_ldivmod)
                  00004e94    00000014                            : aeabi_uldivmod.S.obj (.text.__aeabi_uldivmod)
                  00004ea8    00000014     encoder_pwm_angle.o (.text.encoder_pwm_angle_enter_critical)
                  00004ebc    00000014     empty.o (.text.main)
                  00004ed0    00000014     stepper.o (.text.stepper_enter_critical)
                  00004ee4    00000014     stepper.o (.text.stepper_reset_beam_pid)
                  00004ef8    00000012     encoder_pwm_angle.o (.text.DL_Timer_getPendingInterrupt)
                  00004f0a    00000012     stepper.o (.text.DL_Timer_getPendingInterrupt)
                  00004f1c    00000012     bluetooth.o (.text.DL_UART_getPendingInterrupt)
                  00004f2e    00000012     uart_cmd.o (.text.DL_UART_getPendingInterrupt)
                  00004f40    00000012     driverlib.a : dl_uart.o (.text.DL_UART_setClockConfig)
                  00004f52    00000012     stepper.o (.text.stepper_exit_critical)
                  00004f64    00000012     libc.a : memcpy16.S.obj (.text:TI_memcpy_small)
                  00004f76    00000012            : copy_decompress_none.c.obj (.text:decompress:none)
                  00004f88    00000010     ti_msp_dl_config.o (.text.DL_SYSCTL_disableHFXT)
                  00004f98    00000010     ti_msp_dl_config.o (.text.DL_SYSCTL_isFCCDone)
                  00004fa8    00000010     ti_msp_dl_config.o (.text.DL_SYSCTL_startFCC)
                  00004fb8    00000010     driverlib.a : dl_timer.o (.text.DL_Timer_getCaptureCompareValue)
                  00004fc8    00000010                 : dl_timer.o (.text.DL_Timer_setCaptureCompareValue)
                  00004fd8    00000010     ti_msp_dl_config.o (.text.SYSCFG_DL_SYSTICK_init)
                  00004fe8    00000010     stepper.o (.text.stepper_get_direction)
                  00004ff8    00000010     stepper.o (.text.stepper_is_busy)
                  00005008    00000010     stepper.o (.text.stepper_is_emergency_inhibited)
                  00005018    00000010     stepper.o (.text.stepper_is_enabled)
                  00005028    00000010     stepper.o (.text.stepper_is_limit_active)
                  00005038    00000010     stepper.o (.text.stepper_is_moving)
                  00005048    00000010     uart_cmd.o (.text.uart_cmd_send_error)
                  00005058    00000010     uart_cmd.o (.text.uart_cmd_send_help)
                  00005068    00000010     uart_cmd.o (.text.uart_cmd_send_ok)
                  00005078    00000010     libc.a : copy_zero_init.c.obj (.text:decompress:ZI)
                  00005088    0000000e            : memset16.S.obj (.text:TI_memset_small)
                  00005096    00000002     --HOLE-- [fill = 0]
                  00005098    0000000c     ti_msp_dl_config.o (.text.DL_SYSCTL_getClockStatus)
                  000050a4    0000000c     ti_msp_dl_config.o (.text.DL_SYSCTL_readFCC)
                  000050b0    0000000c     empty.o (.text.SysTick_Handler)
                  000050bc    0000000c     libclang_rt.builtins.a : aeabi_memset.S.obj (.text.__aeabi_memclr)
                  000050c8    0000000c     delay.o (.text.delay_get_ms)
                  000050d4    0000000c     stepper.o (.text.stepper_get_beam_pid_target_mm)
                  000050e0    0000000c     stepper.o (.text.stepper_get_beam_target_deg)
                  000050ec    0000000c     stepper.o (.text.stepper_get_current_speed_hz)
                  000050f8    0000000c     stepper.o (.text.stepper_get_frequency_hz)
                  00005104    0000000c     stepper.o (.text.stepper_get_remaining_steps)
                  00005110    0000000c     stepper.o (.text.stepper_get_speed_target_hz)
                  0000511c    0000000a     driverlib.a : dl_common.o (.text.DL_Common_delayCycles)
                  00005126    00000008     encoder.o (.text.GROUP1_IRQHandler)
                  0000512e    00000008     encoder_pwm_angle.o (.text.TIMA0_IRQHandler)
                  00005136    00000008     stepper.o (.text.TIMA1_IRQHandler)
                  0000513e    00000002     --HOLE-- [fill = 0]
                  00005140    00000008     libclang_rt.builtins.a : aeabi_memcpy.S.obj (.text.__aeabi_memcpy)
                  00005148    00000008     uart_cmd.o (.text.uart_cmd_send_string)
                  00005150    00000006     libc.a : exit.c.obj (.text:abort)
                  00005156    00000004     startup_mspm0g350x_ticlang.o (.text.Default_Handler)
                  0000515a    00000004     libsysbm.a : hostexit.c.obj (.text.HOSTexit)
                  0000515e    00000004     startup_mspm0g350x_ticlang.o (.text.Reset_Handler)
                  00005162    00000002     --HOLE-- [fill = 0]
                  00005164    00000010     libc.a : boot_cortex_m.c.obj (.tramp._c_int00_noargs.1)
                  00005174    00000004            : pre_init.c.obj (.text._system_pre_init)

.cinit     0    000052f8    00000030     
                  000052f8    0000000c     (__TI_handler_table)
                  00005304    00000008     (.cinit..bss.load) [load image, compression = zero_init]
                  0000530c    00000008     (.cinit..data.load) [load image, compression = lzss]
                  00005314    00000010     (__TI_cinit_table)
                  00005324    00000004     --HOLE-- [fill = 0]

.rodata    0    00005178    00000180     
                  00005178    0000005d     uart_cmd.o (.rodata.str1.840249729018285378.1)
                  000051d5    00000003     ti_msp_dl_config.o (.rodata.gBEAM_ENCODER_PWMClockConfig)
                  000051d8    00000028     ti_msp_dl_config.o (.rodata.gSYSPLLConfig)
                  00005200    00000010     ti_msp_dl_config.o (.rodata.gBEAM_ENCODER_PWMCaptureConfig)
                  00005210    0000000d     uart_cmd.o (.rodata.str1.6277650787150843725.1)
                  0000521d    00000003     ti_msp_dl_config.o (.rodata.gPWMClockConfig)
                  00005220    0000000c     driverlib.a : dl_timer.o (.rodata..Lswitch.table.DL_Timer_initCaptureCombinedMode.1)
                  0000522c    0000000c                 : dl_timer.o (.rodata..Lswitch.table.DL_Timer_initCompareMode)
                  00005238    0000000a     ti_msp_dl_config.o (.rodata.gUART0Config)
                  00005242    0000000a     ti_msp_dl_config.o (.rodata.gUART_1Config)
                  0000524c    00000009     task3.o (.rodata.str1.12216839978602168404.1)
                  00005255    00000009     uart_cmd.o (.rodata.str1.3460805920169786119.1)
                  0000525e    00000002     ti_msp_dl_config.o (.rodata.gUART0ClockConfig)
                  00005260    00000008     ti_msp_dl_config.o (.rodata.gPWMConfig)
                  00005268    00000008     ti_msp_dl_config.o (.rodata.gSTEPPER_PWMConfig)
                  00005270    00000007     uart_cmd.o (.rodata.str1.11218698011615936392.1)
                  00005277    00000007     uart_cmd.o (.rodata.str1.12707298662019533641.1)
                  0000527e    00000007     uart_cmd.o (.rodata.str1.17920282215832191347.1)
                  00005285    00000007     uart_cmd.o (.rodata.str1.7517722674715864021.1)
                  0000528c    00000006     uart_cmd.o (.rodata.str1.13905025852110864062.1)
                  00005292    00000006     uart_cmd.o (.rodata.str1.2511651689747361614.1)
                  00005298    00000006     uart_cmd.o (.rodata.str1.4092367985313040374.1)
                  0000529e    00000006     uart_cmd.o (.rodata.str1.4234987772374414360.1)
                  000052a4    00000006     uart_cmd.o (.rodata.str1.8588377972619878686.1)
                  000052aa    00000006     uart_cmd.o (.rodata.str1.8762729705417149107.1)
                  000052b0    00000006     uart_cmd.o (.rodata.str1.9257292791547982817.1)
                  000052b6    00000005     uart_cmd.o (.rodata.str1.11466531589070145015.1)
                  000052bb    00000005     uart_cmd.o (.rodata.str1.11477833326989684832.1)
                  000052c0    00000005     uart_cmd.o (.rodata.str1.12267827134117714350.1)
                  000052c5    00000005     uart_cmd.o (.rodata.str1.8540953112625378261.1)
                  000052ca    00000004     uart_cmd.o (.rodata.str1.11119734733588663232.1)
                  000052ce    00000004     uart_cmd.o (.rodata.str1.2369543017385929624.1)
                  000052d2    00000004     uart_cmd.o (.rodata.str1.6811838705501227079.1)
                  000052d6    00000003     ti_msp_dl_config.o (.rodata.gSTEPPER_PWMClockConfig)
                  000052d9    00000003     uart_cmd.o (.rodata.str1.1028318311211003142.1)
                  000052dc    00000003     uart_cmd.o (.rodata.str1.1217499487293683049.1)
                  000052df    00000003     uart_cmd.o (.rodata.str1.15498057389316061030.1)
                  000052e2    00000003     uart_cmd.o (.rodata.str1.9423187404258085070.1)
                  000052e5    00000002     ti_msp_dl_config.o (.rodata.gUART_1ClockConfig)
                  000052e7    00000002     uart_cmd.o (.rodata.str1.1327018440546922054.1)
                  000052e9    00000002     uart_cmd.o (.rodata.str1.15436932795843561489.1)
                  000052eb    00000002     uart_cmd.o (.rodata.str1.3044072844558183483.1)
                  000052ed    00000002     uart_cmd.o (.rodata.str1.5852106103808048319.1)
                  000052ef    00000002     uart_cmd.o (.rodata.str1.7261196379038542568.1)
                  000052f1    00000007     --HOLE-- [fill = 0]

.init_array 
*          0    00000000    00000000     UNINITIALIZED

.binit     0    00000000    00000000     

.bss       0    20200000    000004fa     UNINITIALIZED
                  20200000    00000100     uart_cmd.o (.bss.g_uart1MirrorBuffer)
                  20200100    000000bc     (.common:gBEAM_ENCODER_PWMBackup)
                  202001bc    000000bc     (.common:gSTEPPER_PWMBackup)
                  20200278    000000a0     (.common:gPWMBackup)
                  20200318    00000080     bluetooth.o (.bss.g_rxBuffer)
                  20200398    00000080     uart_cmd.o (.bss.g_rxBuffer)
                  20200418    00000050     uart_cmd.o (.bss.g_line)
                  20200468    00000004     encoder_pwm_angle.o (.bss.g_angleDegX10)
                  2020046c    00000004     stepper.o (.bss.g_beamPidIntegralMmS)
                  20200470    00000004     stepper.o (.bss.g_beamPidKdDegSPerMm)
                  20200474    00000004     stepper.o (.bss.g_beamPidKiDegPerMmS)
                  20200478    00000004     stepper.o (.bss.g_beamPidKpDegPerMm)
                  2020047c    00000004     stepper.o (.bss.g_beamPidOutputDeg)
                  20200480    00000004     stepper.o (.bss.g_beamPidTargetMm)
                  20200484    00000004     stepper.o (.bss.g_beamTargetDeg)
                  20200488    00000004     encoder_pwm_angle.o (.bss.g_captureCount)
                  2020048c    00000004     stepper.o (.bss.g_frequencyHz)
                  20200490    00000004     encoder_pwm_angle.o (.bss.g_highTicks)
                  20200494    00000004     encoder_pwm_angle.o (.bss.g_loadValue)
                  20200498    00000004     encoder_pwm_angle.o (.bss.g_periodTicks)
                  2020049c    00000004     stepper.o (.bss.g_positionSteps)
                  202004a0    00000004     stepper.o (.bss.g_remainingSteps)
                  202004a4    00000004     stepper.o (.bss.g_speedCurrentHz)
                  202004a8    00000004     stepper.o (.bss.g_speedLimitHz)
                  202004ac    00000004     stepper.o (.bss.g_speedTargetHz)
                  202004b0    00000004     encoder_pwm_angle.o (.bss.g_timeoutCount)
                  202004b4    00000004     encoder_pwm_angle.o (.bss.g_timestampMs)
                  202004b8    00000004     uart_cmd.o (.bss.g_visionData)
                  202004bc    00000004     uart_cmd.o (.bss.g_visionDataTimestampMs)
                  202004c0    00000004     uart_cmd.o (.bss.g_visionFrameStartMs)
                  202004c4    00000004     uart_cmd.o (.bss.g_visionLinkTimestampMs)
                  202004c8    00000004     uart_cmd.o (.bss.g_visionStatsWindowStartMs)
                  202004cc    00000002     uart_cmd.o (.bss.g_rxOverflowCount)
                  202004ce    00000002     uart_cmd.o (.bss.g_uart1MirrorDropCount)
                  202004d0    00000002     uart_cmd.o (.bss.g_uart1MirrorHead)
                  202004d2    00000002     uart_cmd.o (.bss.g_uart1MirrorTail)
                  202004d4    00000002     uart_cmd.o (.bss.g_visionAcceptedFrameRateHz)
                  202004d6    00000002     uart_cmd.o (.bss.g_visionAcceptedFramesInWindow)
                  202004d8    00000002     uart_cmd.o (.bss.g_visionBadFrameRatioPermille)
                  202004da    00000002     uart_cmd.o (.bss.g_visionBadFrames)
                  202004dc    00000002     uart_cmd.o (.bss.g_visionBadFramesInWindow)
                  202004de    00000002     uart_cmd.o (.bss.g_visionBallFrameRateHz)
                  202004e0    00000002     uart_cmd.o (.bss.g_visionBallFramesInWindow)
                  202004e2    00000002     uart_cmd.o (.bss.g_visionGoodFrames)
                  202004e4    00000002     uart_cmd.o (.bss.g_visionPositionX10)
                  202004e6    00000002     uart_cmd.o (.bss.g_visionVelocityX10)
                  202004e8    00000001     stepper.o (.bss.g_continuous)
                  202004e9    00000001     stepper.o (.bss.g_directionHigh)
                  202004ea    00000001     stepper.o (.bss.g_emergencyInhibit)
                  202004eb    00000001     stepper.o (.bss.g_enabled)
                  202004ec    00000001     stepper.o (.bss.g_initialized)
                  202004ed    00000001     stepper.o (.bss.g_limitActive)
                  202004ee    00000001     stepper.o (.bss.g_running)
                  202004ef    00000001     stepper.o (.bss.g_stopPending)
                  202004f0    00000001     encoder_pwm_angle.o (.bss.g_synced)
                  202004f1    00000001     encoder_pwm_angle.o (.bss.g_valid)
                  202004f2    00000001     uart_cmd.o (.bss.g_visionChecksum)
                  202004f3    00000001     uart_cmd.o (.bss.g_visionCommand)
                  202004f4    00000001     uart_cmd.o (.bss.g_visionDetectionValid)
                  202004f5    00000001     uart_cmd.o (.bss.g_visionHasLink)
                  202004f6    00000001     uart_cmd.o (.bss.g_visionHasPosition)
                  202004f7    00000001     uart_cmd.o (.bss.g_visionIndex)
                  202004f8    00000001     uart_cmd.o (.bss.g_visionLength)
                  202004f9    00000001     uart_cmd.o (.bss.g_visionRxState)

.data      0    202004fc    00000027     UNINITIALIZED
                  202004fc    00000004     delay.o (.data.delay_ms_ticks)
                  20200500    00000004     delay.o (.data.delay_times)
                  20200504    00000004     encoder.o (.data.g_encoderLeftCount)
                  20200508    00000004     encoder.o (.data.g_encoderLeftLastSpeedCount)
                  2020050c    00000004     encoder.o (.data.g_encoderLeftSpeedMmS)
                  20200510    00000004     encoder.o (.data.g_encoderRightCount)
                  20200514    00000004     encoder.o (.data.g_encoderRightLastSpeedCount)
                  20200518    00000004     encoder.o (.data.g_encoderRightSpeedMmS)
                  2020051c    00000001     encoder.o (.data.g_encoderSpeedTickMs)
                  2020051d    00000001     uart_cmd.o (.data.g_lineIndex)
                  2020051e    00000001     uart_cmd.o (.data.g_packetActive)
                  2020051f    00000001     bluetooth.o (.data.g_rxHead)
                  20200520    00000001     uart_cmd.o (.data.g_rxHead)
                  20200521    00000001     bluetooth.o (.data.g_rxTail)
                  20200522    00000001     uart_cmd.o (.data.g_rxTail)

.stack     0    20207e00    00000200     UNINITIALIZED
                  20207e00    00000004     libc.a : boot_cortex_m.c.obj (.stack)
                  20207e04    000001fc     --HOLE--

__llvm_prf_cnts 
*          0    20200000    00000000     UNINITIALIZED

__llvm_prf_bits 
*          0    20200000    00000000     UNINITIALIZED

MODULE SUMMARY

       Module                         code    ro data   rw data
       ------                         ----    -------   -------
    .\
       ti_msp_dl_config.o             2688    105       536    
       startup_mspm0g350x_ticlang.o   8       192       0      
       empty.o                        32      0         0      
    +--+------------------------------+-------+---------+---------+
       Total:                         2728    297       536    
                                                               
    .\Src\
       uart_cmd.o                     5900    239       524    
       stepper.o                      4740    0         60     
       task3.o                        1928    9         0      
       encoder_pwm_angle.o            1256    0         30     
       encoder.o                      670     0         25     
       bluetooth.o                    170     0         130    
       delay.o                        52      0         8      
    +--+------------------------------+-------+---------+---------+
       Total:                         14716   248       777    
                                                               
    C:/TI/mspm0_sdk_2_10_00_04/source/ti/driverlib/lib/ticlang/m0p/mspm0g1x0x_g3x0x/driverlib.a
       dl_timer.o                     596     24        0      
       dl_sysctl_mspm0g1x0x_g3x0x.o   316     0         0      
       dl_uart.o                      90      0         0      
       dl_common.o                    10      0         0      
    +--+------------------------------+-------+---------+---------+
       Total:                         1012    24        0      
                                                               
    D:\ti\ccs2050\ccs\tools\compiler\ti-cgt-armllvm_4.0.4.LTS\lib\armv6m-ti-none-eabi/c/libc.a
       copy_decompress_lzss.c.obj     124     0         0      
       autoinit.c.obj                 60      0         0      
       boot_cortex_m.c.obj            56      0         0      
       copy_decompress_none.c.obj     18      0         0      
       memcpy16.S.obj                 18      0         0      
       copy_zero_init.c.obj           16      0         0      
       memset16.S.obj                 14      0         0      
       exit.c.obj                     6       0         0      
       pre_init.c.obj                 4       0         0      
    +--+------------------------------+-------+---------+---------+
       Total:                         316     0         0      
                                                               
    D:\ti\ccs2050\ccs\tools\compiler\ti-cgt-armllvm_4.0.4.LTS\lib\armv6m-ti-none-eabi/c/libsysbm.a
       hostexit.c.obj                 4       0         0      
    +--+------------------------------+-------+---------+---------+
       Total:                         4       0         0      
                                                               
    D:\ti\ccs2050\ccs\tools\compiler\ti-cgt-armllvm_4.0.4.LTS\lib\armv6m-ti-none-eabi/libclang_rt.builtins.a
       comparedf2.c.obj               220     0         0      
       addsf3.S.obj                   216     0         0      
       udivmoddi4.S.obj               162     0         0      
       comparesf2.S.obj               140     0         0      
       mulsf3.S.obj                   140     0         0      
       divsf3.S.obj                   130     0         0      
       aeabi_dcmp.S.obj               98      0         0      
       aeabi_fcmp.S.obj               98      0         0      
       aeabi_idivmod.S.obj            86      0         0      
       aeabi_uidivmod.S.obj           64      0         0      
       divmoddi4.c.obj                62      0         0      
       floatsisf.S.obj                60      0         0      
       muldsi3.S.obj                  58      0         0      
       fixsfsi.S.obj                  56      0         0      
       fixunssfsi.S.obj               50      0         0      
       floatunsisf.S.obj              40      0         0      
       floatunsidf.S.obj              36      0         0      
       muldi3.S.obj                   36      0         0      
       ashldi3.S.obj                  30      0         0      
       aeabi_ldivmod.S.obj            20      0         0      
       aeabi_uldivmod.S.obj           20      0         0      
       aeabi_memset.S.obj             12      0         0      
       aeabi_memcpy.S.obj             8       0         0      
       aeabi_div0.c.obj               4       0         0      
    +--+------------------------------+-------+---------+---------+
       Total:                         1846    0         0      
                                                               
       Stack:                         0       0         512    
       Linker Generated:              0       44        0      
    +--+------------------------------+-------+---------+---------+
       Grand Total:                   20622   613       1825   


LINKER GENERATED COPY TABLES

__TI_cinit_table @ 00005314 records: 2, size/record: 8, table size: 16
	.bss: load addr=00005304, load size=00000008 bytes, run addr=20200000, run size=000004fa bytes, compression=zero_init
	.data: load addr=0000530c, load size=00000008 bytes, run addr=202004fc, run size=00000027 bytes, compression=lzss


LINKER GENERATED HANDLER TABLE

__TI_handler_table @ 000052f8 records: 3, size/record: 4, table size: 12
	index: 0, handler: __TI_decompress_lzss
	index: 1, handler: __TI_decompress_none
	index: 2, handler: __TI_zero_init


FAR CALL TRAMPOLINES

callee name               trampoline name
   callee addr  tramp addr   call addr  call info
--------------  -----------  ---------  ----------------
_c_int00_noargs           $Tramp$TT$L$PI$$_c_int00_noargs
   00004549     00005164     0000515e   startup_mspm0g350x_ticlang.o (.text.Reset_Handler)

[1 trampolines]
[1 trampoline calls]


GLOBAL SYMBOLS: SORTED ALPHABETICALLY BY Name 

address   name                                     
-------   ----                                     
00005157  ADC0_IRQHandler                          
00005157  ADC1_IRQHandler                          
00005157  AES_IRQHandler                           
0000515a  C$$EXIT                                  
00005157  CANFD0_IRQHandler                        
00005157  DAC0_IRQHandler                          
0000511d  DL_Common_delayCycles                    
00004861  DL_SYSCTL_configFCC                      
00001c39  DL_SYSCTL_configSYSPLL                   
00003c09  DL_SYSCTL_switchMCLKfromSYSOSCtoHSCLK    
00004fb9  DL_Timer_getCaptureCompareValue          
00001b59  DL_Timer_initCaptureCombinedMode         
00001775  DL_Timer_initFourCCPWMMode               
00004925  DL_Timer_setCaptCompUpdateMethod         
00004b89  DL_Timer_setCaptureCompareOutCtl         
00004fc9  DL_Timer_setCaptureCompareValue          
00004941  DL_Timer_setClockConfig                  
00003b31  DL_UART_init                             
00004f41  DL_UART_setClockConfig                   
00005157  DMA_IRQHandler                           
00005157  Default_Handler                          
00005157  GROUP0_IRQHandler                        
00005127  GROUP1_IRQHandler                        
0000515b  HOSTexit                                 
00005157  HardFault_Handler                        
00005157  I2C0_IRQHandler                          
00005157  I2C1_IRQHandler                          
00005157  NMI_Handler                              
00005157  PendSV_Handler                           
00005157  RTC_IRQHandler                           
0000515f  Reset_Handler                            
00005157  SPI0_IRQHandler                          
00005157  SPI1_IRQHandler                          
00005157  SVC_Handler                              
000041b9  SYSCFG_DL_BEAM_ENCODER_PWM_init          
000009f5  SYSCFG_DL_GPIO_init                      
00002a59  SYSCFG_DL_PWM_init                       
000031d9  SYSCFG_DL_STEPPER_PWM_init               
00001a6d  SYSCFG_DL_SYSCTL_SYSPLL_init             
00003241  SYSCFG_DL_SYSCTL_init                    
00004fd9  SYSCFG_DL_SYSTICK_init                   
00003cd5  SYSCFG_DL_UART0_init                     
000037c9  SYSCFG_DL_UART_1_init                    
00003b79  SYSCFG_DL_init                           
00002ae9  SYSCFG_DL_initPower                      
000050b1  SysTick_Handler                          
0000512f  TIMA0_IRQHandler                         
00005137  TIMA1_IRQHandler                         
00005157  TIMG0_IRQHandler                         
00005157  TIMG12_IRQHandler                        
00005157  TIMG6_IRQHandler                         
00005157  TIMG7_IRQHandler                         
00005157  TIMG8_IRQHandler                         
00004f65  TI_memcpy_small                          
00005089  TI_memset_small                          
000049cd  UART0_IRQHandler                         
0000316d  UART1_IRQHandler                         
00005157  UART2_IRQHandler                         
00005157  UART3_IRQHandler                         
20208000  __STACK_END                              
00000200  __STACK_SIZE                             
00000000  __TI_ATRegion0_region_sz                 
00000000  __TI_ATRegion0_src_addr                  
00000000  __TI_ATRegion0_trg_addr                  
00000000  __TI_ATRegion1_region_sz                 
00000000  __TI_ATRegion1_src_addr                  
00000000  __TI_ATRegion1_trg_addr                  
00000000  __TI_ATRegion2_region_sz                 
00000000  __TI_ATRegion2_src_addr                  
00000000  __TI_ATRegion2_trg_addr                  
00005314  __TI_CINIT_Base                          
00005324  __TI_CINIT_Limit                         
00005324  __TI_CINIT_Warm                          
000052f8  __TI_Handler_Table_Base                  
00005304  __TI_Handler_Table_Limit                 
00003f7d  __TI_auto_init_nobinit_nopinit           
00002f1d  __TI_decompress_lzss                     
00004f77  __TI_decompress_none                     
ffffffff  __TI_pprof_out_hndl                      
ffffffff  __TI_prof_data_size                      
ffffffff  __TI_prof_data_start                     
00000000  __TI_static_base__                       
00005079  __TI_zero_init                           
00001ed3  __addsf3                                 
00003441  __aeabi_dcmpeq                           
0000347d  __aeabi_dcmpge                           
00003491  __aeabi_dcmpgt                           
00003469  __aeabi_dcmple                           
00003455  __aeabi_dcmplt                           
00004031  __aeabi_f2iz                             
00004289  __aeabi_f2uiz                            
00001ed3  __aeabi_fadd                             
000034a5  __aeabi_fcmpeq                           
000034e1  __aeabi_fcmpge                           
000034f5  __aeabi_fcmpgt                           
000034cd  __aeabi_fcmple                           
000034b9  __aeabi_fcmplt                           
00004d79  __aeabi_fcmpun                           
00002e1d  __aeabi_fdiv                             
00002b75  __aeabi_fmul                             
00001ec9  __aeabi_fsub                             
00003e8d  __aeabi_i2f                              
0000371d  __aeabi_idiv                             
00001def  __aeabi_idiv0                            
0000371d  __aeabi_idivmod                          
0000256b  __aeabi_ldiv0                            
00004e81  __aeabi_ldivmod                          
000047b5  __aeabi_llsl                             
00004595  __aeabi_lmul                             
000050bd  __aeabi_memclr                           
000050bd  __aeabi_memclr4                          
000050bd  __aeabi_memclr8                          
00005141  __aeabi_memcpy                           
00005141  __aeabi_memcpy4                          
00005141  __aeabi_memcpy8                          
00004571  __aeabi_ui2d                             
000044d1  __aeabi_ui2f                             
00003d15  __aeabi_uidiv                            
00003d15  __aeabi_uidivmod                         
00004e95  __aeabi_uldivmod                         
000047b5  __ashldi3                                
ffffffff  __binit__                                
000032a9  __cmpdf2                                 
00003fb9  __cmpsf2                                 
00003d95  __divmoddi4                              
00002e1d  __divsf3                                 
000032a9  __eqdf2                                  
00003fb9  __eqsf2                                  
00004031  __fixsfsi                                
00004289  __fixunssfsi                             
00003e8d  __floatsisf                              
00004571  __floatunsidf                            
000044d1  __floatunsisf                            
00003011  __gedf2                                  
00003ec9  __gesf2                                  
00003011  __gtdf2                                  
00003ec9  __gtsf2                                  
000032a9  __ledf2                                  
00003fb9  __lesf2                                  
000032a9  __ltdf2                                  
00003fb9  __ltsf2                                  
UNDEFED   __mpu_init                               
00004595  __muldi3                                 
00003ff5  __muldsi3                                
00002b75  __mulsf3                                 
000032a9  __nedf2                                  
00003fb9  __nesf2                                  
20207e00  __stack                                  
20200000  __start___llvm_prf_bits                  
20200000  __start___llvm_prf_cnts                  
20200000  __stop___llvm_prf_bits                   
20200000  __stop___llvm_prf_cnts                   
00001ec9  __subsf3                                 
000026b5  __udivmoddi4                             
00004d79  __unordsf2                               
00004549  _c_int00_noargs                          
UNDEFED   _system_post_cinit                       
00005175  _system_pre_init                         
00005151  abort                                    
ffffffff  binit                                    
000050c9  delay_get_ms                             
000044f9  delay_tick                               
20200500  delay_times                              
00002f99  encoder_gpio_irq_handler                 
00001879  encoder_pwm_angle_get_sample             
000021fd  encoder_pwm_angle_init                   
00001229  encoder_pwm_angle_irq_handler            
00004cd9  encoder_pwm_angle_raw_to_relative_deg_x10
00004181  encoder_pwm_angle_relative_is_safe       
000045b9  encoder_tick_1ms                         
20200100  gBEAM_ENCODER_PWMBackup                  
20200278  gPWMBackup                               
202001bc  gSTEPPER_PWMBackup                       
00000000  interruptVectors                         
00004ebd  main                                     
00004735  stepper_clear_emergency_inhibit          
00003a99  stepper_emergency_stop                   
000030f9  stepper_enable                           
000050d5  stepper_get_beam_pid_target_mm           
000050e1  stepper_get_beam_target_deg              
000050ed  stepper_get_current_speed_hz             
00004fe9  stepper_get_direction                    
000050f9  stepper_get_frequency_hz                 
00004755  stepper_get_position_steps               
00005105  stepper_get_remaining_steps              
00005111  stepper_get_speed_target_hz              
00001455  stepper_init                             
00004ff9  stepper_is_busy                          
00005009  stepper_is_emergency_inhibited           
00005019  stepper_is_enabled                       
00005029  stepper_is_limit_active                  
00005039  stepper_is_moving                        
00004ee5  stepper_reset_beam_pid                   
00001105  stepper_service                          
00003509  stepper_set_beam_pid_target_mm           
000045dd  stepper_set_beam_target_deg              
00002759  stepper_set_speed_target                 
00003911  stepper_start                            
000022b5  stepper_start_continuous                 
0000213d  stepper_start_dir                        
00003f05  stepper_stop                             
00002899  stepper_sync_position_from_beam_angle_x10
00002931  stepper_timer_irq_handler                
0000166d  stepper_update_beam_encoder_position_loop
00000815  stepper_update_beam_pid                  
000005c1  task3_run                                
00001341  uart_cmd_get_vision_sample               
00000eb1  uart_cmd_init                            
00002d99  uart_cmd_irq_handler                     
00002369  uart_cmd_process                         


GLOBAL SYMBOLS: SORTED BY Symbol Address 

address   name                                     
-------   ----                                     
00000000  __TI_ATRegion0_region_sz                 
00000000  __TI_ATRegion0_src_addr                  
00000000  __TI_ATRegion0_trg_addr                  
00000000  __TI_ATRegion1_region_sz                 
00000000  __TI_ATRegion1_src_addr                  
00000000  __TI_ATRegion1_trg_addr                  
00000000  __TI_ATRegion2_region_sz                 
00000000  __TI_ATRegion2_src_addr                  
00000000  __TI_ATRegion2_trg_addr                  
00000000  __TI_static_base__                       
00000000  interruptVectors                         
00000200  __STACK_SIZE                             
000005c1  task3_run                                
00000815  stepper_update_beam_pid                  
000009f5  SYSCFG_DL_GPIO_init                      
00000eb1  uart_cmd_init                            
00001105  stepper_service                          
00001229  encoder_pwm_angle_irq_handler            
00001341  uart_cmd_get_vision_sample               
00001455  stepper_init                             
0000166d  stepper_update_beam_encoder_position_loop
00001775  DL_Timer_initFourCCPWMMode               
00001879  encoder_pwm_angle_get_sample             
00001a6d  SYSCFG_DL_SYSCTL_SYSPLL_init             
00001b59  DL_Timer_initCaptureCombinedMode         
00001c39  DL_SYSCTL_configSYSPLL                   
00001def  __aeabi_idiv0                            
00001ec9  __aeabi_fsub                             
00001ec9  __subsf3                                 
00001ed3  __addsf3                                 
00001ed3  __aeabi_fadd                             
0000213d  stepper_start_dir                        
000021fd  encoder_pwm_angle_init                   
000022b5  stepper_start_continuous                 
00002369  uart_cmd_process                         
0000256b  __aeabi_ldiv0                            
000026b5  __udivmoddi4                             
00002759  stepper_set_speed_target                 
00002899  stepper_sync_position_from_beam_angle_x10
00002931  stepper_timer_irq_handler                
00002a59  SYSCFG_DL_PWM_init                       
00002ae9  SYSCFG_DL_initPower                      
00002b75  __aeabi_fmul                             
00002b75  __mulsf3                                 
00002d99  uart_cmd_irq_handler                     
00002e1d  __aeabi_fdiv                             
00002e1d  __divsf3                                 
00002f1d  __TI_decompress_lzss                     
00002f99  encoder_gpio_irq_handler                 
00003011  __gedf2                                  
00003011  __gtdf2                                  
000030f9  stepper_enable                           
0000316d  UART1_IRQHandler                         
000031d9  SYSCFG_DL_STEPPER_PWM_init               
00003241  SYSCFG_DL_SYSCTL_init                    
000032a9  __cmpdf2                                 
000032a9  __eqdf2                                  
000032a9  __ledf2                                  
000032a9  __ltdf2                                  
000032a9  __nedf2                                  
00003441  __aeabi_dcmpeq                           
00003455  __aeabi_dcmplt                           
00003469  __aeabi_dcmple                           
0000347d  __aeabi_dcmpge                           
00003491  __aeabi_dcmpgt                           
000034a5  __aeabi_fcmpeq                           
000034b9  __aeabi_fcmplt                           
000034cd  __aeabi_fcmple                           
000034e1  __aeabi_fcmpge                           
000034f5  __aeabi_fcmpgt                           
00003509  stepper_set_beam_pid_target_mm           
0000371d  __aeabi_idiv                             
0000371d  __aeabi_idivmod                          
000037c9  SYSCFG_DL_UART_1_init                    
00003911  stepper_start                            
00003a99  stepper_emergency_stop                   
00003b31  DL_UART_init                             
00003b79  SYSCFG_DL_init                           
00003c09  DL_SYSCTL_switchMCLKfromSYSOSCtoHSCLK    
00003cd5  SYSCFG_DL_UART0_init                     
00003d15  __aeabi_uidiv                            
00003d15  __aeabi_uidivmod                         
00003d95  __divmoddi4                              
00003e8d  __aeabi_i2f                              
00003e8d  __floatsisf                              
00003ec9  __gesf2                                  
00003ec9  __gtsf2                                  
00003f05  stepper_stop                             
00003f7d  __TI_auto_init_nobinit_nopinit           
00003fb9  __cmpsf2                                 
00003fb9  __eqsf2                                  
00003fb9  __lesf2                                  
00003fb9  __ltsf2                                  
00003fb9  __nesf2                                  
00003ff5  __muldsi3                                
00004031  __aeabi_f2iz                             
00004031  __fixsfsi                                
00004181  encoder_pwm_angle_relative_is_safe       
000041b9  SYSCFG_DL_BEAM_ENCODER_PWM_init          
00004289  __aeabi_f2uiz                            
00004289  __fixunssfsi                             
000044d1  __aeabi_ui2f                             
000044d1  __floatunsisf                            
000044f9  delay_tick                               
00004549  _c_int00_noargs                          
00004571  __aeabi_ui2d                             
00004571  __floatunsidf                            
00004595  __aeabi_lmul                             
00004595  __muldi3                                 
000045b9  encoder_tick_1ms                         
000045dd  stepper_set_beam_target_deg              
00004735  stepper_clear_emergency_inhibit          
00004755  stepper_get_position_steps               
000047b5  __aeabi_llsl                             
000047b5  __ashldi3                                
00004861  DL_SYSCTL_configFCC                      
00004925  DL_Timer_setCaptCompUpdateMethod         
00004941  DL_Timer_setClockConfig                  
000049cd  UART0_IRQHandler                         
00004b89  DL_Timer_setCaptureCompareOutCtl         
00004cd9  encoder_pwm_angle_raw_to_relative_deg_x10
00004d79  __aeabi_fcmpun                           
00004d79  __unordsf2                               
00004e81  __aeabi_ldivmod                          
00004e95  __aeabi_uldivmod                         
00004ebd  main                                     
00004ee5  stepper_reset_beam_pid                   
00004f41  DL_UART_setClockConfig                   
00004f65  TI_memcpy_small                          
00004f77  __TI_decompress_none                     
00004fb9  DL_Timer_getCaptureCompareValue          
00004fc9  DL_Timer_setCaptureCompareValue          
00004fd9  SYSCFG_DL_SYSTICK_init                   
00004fe9  stepper_get_direction                    
00004ff9  stepper_is_busy                          
00005009  stepper_is_emergency_inhibited           
00005019  stepper_is_enabled                       
00005029  stepper_is_limit_active                  
00005039  stepper_is_moving                        
00005079  __TI_zero_init                           
00005089  TI_memset_small                          
000050b1  SysTick_Handler                          
000050bd  __aeabi_memclr                           
000050bd  __aeabi_memclr4                          
000050bd  __aeabi_memclr8                          
000050c9  delay_get_ms                             
000050d5  stepper_get_beam_pid_target_mm           
000050e1  stepper_get_beam_target_deg              
000050ed  stepper_get_current_speed_hz             
000050f9  stepper_get_frequency_hz                 
00005105  stepper_get_remaining_steps              
00005111  stepper_get_speed_target_hz              
0000511d  DL_Common_delayCycles                    
00005127  GROUP1_IRQHandler                        
0000512f  TIMA0_IRQHandler                         
00005137  TIMA1_IRQHandler                         
00005141  __aeabi_memcpy                           
00005141  __aeabi_memcpy4                          
00005141  __aeabi_memcpy8                          
00005151  abort                                    
00005157  ADC0_IRQHandler                          
00005157  ADC1_IRQHandler                          
00005157  AES_IRQHandler                           
00005157  CANFD0_IRQHandler                        
00005157  DAC0_IRQHandler                          
00005157  DMA_IRQHandler                           
00005157  Default_Handler                          
00005157  GROUP0_IRQHandler                        
00005157  HardFault_Handler                        
00005157  I2C0_IRQHandler                          
00005157  I2C1_IRQHandler                          
00005157  NMI_Handler                              
00005157  PendSV_Handler                           
00005157  RTC_IRQHandler                           
00005157  SPI0_IRQHandler                          
00005157  SPI1_IRQHandler                          
00005157  SVC_Handler                              
00005157  TIMG0_IRQHandler                         
00005157  TIMG12_IRQHandler                        
00005157  TIMG6_IRQHandler                         
00005157  TIMG7_IRQHandler                         
00005157  TIMG8_IRQHandler                         
00005157  UART2_IRQHandler                         
00005157  UART3_IRQHandler                         
0000515a  C$$EXIT                                  
0000515b  HOSTexit                                 
0000515f  Reset_Handler                            
00005175  _system_pre_init                         
000052f8  __TI_Handler_Table_Base                  
00005304  __TI_Handler_Table_Limit                 
00005314  __TI_CINIT_Base                          
00005324  __TI_CINIT_Limit                         
00005324  __TI_CINIT_Warm                          
20200000  __start___llvm_prf_bits                  
20200000  __start___llvm_prf_cnts                  
20200000  __stop___llvm_prf_bits                   
20200000  __stop___llvm_prf_cnts                   
20200100  gBEAM_ENCODER_PWMBackup                  
202001bc  gSTEPPER_PWMBackup                       
20200278  gPWMBackup                               
20200500  delay_times                              
20207e00  __stack                                  
20208000  __STACK_END                              
ffffffff  __TI_pprof_out_hndl                      
ffffffff  __TI_prof_data_size                      
ffffffff  __TI_prof_data_start                     
ffffffff  __binit__                                
ffffffff  binit                                    
UNDEFED   __mpu_init                               
UNDEFED   _system_post_cinit                       

[210 symbols]
