******************************************************************************
            TI ARM Clang Linker PC v4.0.4                      
******************************************************************************
>> Linked Mon Jul 27 15:09:40 2026

OUTPUT FILE NAME:   <C07A.out>
ENTRY POINT SYMBOL: "_c_int00_noargs"  address: 00004c15


MEMORY CONFIGURATION

         name            origin    length      used     unused   attr    fill
----------------------  --------  ---------  --------  --------  ----  --------
  FLASH                 00000000   00020000  00005988  0001a678  R  X
  SRAM                  20200000   00008000  00000419  00007be7  RW X
  BCR_CONFIG            41c00000   000000ff  00000000  000000ff  R   
  BSL_CONFIG            41c00100   00000080  00000000  00000080  R   


SEGMENT ALLOCATION MAP

run origin  load origin   length   init length attrs members
----------  ----------- ---------- ----------- ----- -------
00000000    00000000    00005988   00005988    r-x
  00000000    00000000    000000c0   000000c0    r-- .intvecs
  000000c0    000000c0    00005490   00005490    r-x .text
  00005550    00005550    00000400   00000400    r-- .rodata
  00005950    00005950    00000038   00000038    r-- .cinit
20200000    20200000    00000219   00000000    rw-
  20200000    20200000    00000198   00000000    rw- .bss
  20200198    20200198    00000081   00000000    rw- .data
20207e00    20207e00    00000200   00000000    rw-
  20207e00    20207e00    00000200   00000000    rw- .stack


SECTION ALLOCATION MAP

 output                                  attributes/
section   page    origin      length       input sections
--------  ----  ----------  ----------   ----------------
.intvecs   0    00000000    000000c0     
                  00000000    000000c0     startup_mspm0g350x_ticlang.o (.intvecs)

.text      0    000000c0    00005490     
                  000000c0    00000644     libc.a : k_rem_pio2.c.obj (.text.__kernel_rem_pio2)
                  00000704    0000063c     attitude.o (.text.attitude_update_from_icm42688)
                  00000d40    00000228     icm42688.o (.text.icm42688_i2c_read_regs)
                  00000f68    00000224     attitude.o (.text.attitude_calibrate_gyro)
                  0000118c    0000020c     empty.o (.text.main)
                  00001398    000001d4     libc.a : s_cosf.c.obj (.text.cosf)
                  0000156c    000001c8            : s_atanf.c.obj (.text.atanf)
                  00001734    000001c8            : s_sinf.c.obj (.text.sinf)
                  000018fc    000001b0            : s_tanf.c.obj (.text.tanf)
                  00001aac    00000194     ti_msp_dl_config.o (.text.SYSCFG_DL_GPIO_init)
                  00001c40    00000192     libclang_rt.builtins.a : adddf3.S.obj (.text.adddf3_subdf3)
                  00001dd2    00000002                            : aeabi_div0.c.obj (.text.__aeabi_idiv0)
                  00001dd4    00000144     libc.a : s_floor.c.obj (.text.floor)
                  00001f18    00000138     icm42688.o (.text.icm42688_init)
                  00002050    0000012c     libc.a : s_tanf.c.obj (.text.__kernel_tandf)
                  0000217c    00000118            : e_atan2f.c.obj (.text.atan2f)
                  00002294    0000010c     libclang_rt.builtins.a : divdf3.S.obj (.text.__divdf3)
                  000023a0    00000108     empty.o (.text.menu_keys_update)
                  000024a8    00000104     driverlib.a : dl_timer.o (.text.DL_Timer_initFourCCPWMMode)
                  000025ac    000000ec     ti_msp_dl_config.o (.text.SYSCFG_DL_SYSCTL_SYSPLL_init)
                  00002698    000000e4     libclang_rt.builtins.a : muldf3.S.obj (.text.__muldf3)
                  0000277c    000000dc     driverlib.a : dl_sysctl_mspm0g1x0x_g3x0x.o (.text.DL_SYSCTL_configSYSPLL)
                  00002858    000000d8     libc.a : s_scalbn.c.obj (.text.scalbn)
                  00002930    000000d8     libclang_rt.builtins.a : addsf3.S.obj (.text)
                  00002a08    000000d0     icm42688.o (.text.icm42688_i2c_write)
                  00002ad8    000000ce     oled.o (.text.oled_init)
                  00002ba6    00000002     --HOLE-- [fill = 0]
                  00002ba8    000000c8     empty.o (.text.menu_render)
                  00002c70    000000bc     vofa.o (.text.uart0_send_float)
                  00002d2c    000000b4     uart_cmd.o (.text.uart_cmd_irq_handler)
                  00002de0    000000ac     libc.a : s_cosf.c.obj (.text.__kernel_sindf)
                  00002e8c    000000ac            : s_sinf.c.obj (.text.__kernel_sindf)
                  00002f38    000000ac     icm42688.o (.text.icm42688_read_raw)
                  00002fe4    000000a0     libc.a : e_sqrtf.c.obj (.text.sqrtf)
                  00003084    0000009c            : s_cosf.c.obj (.text.__kernel_cosdf)
                  00003120    0000009c            : s_sinf.c.obj (.text.__kernel_cosdf)
                  000031bc    00000090     ti_msp_dl_config.o (.text.SYSCFG_DL_PWM_init)
                  0000324c    0000008c     libclang_rt.builtins.a : mulsf3.S.obj (.text.__mulsf3)
                  000032d8    0000008c     oled.o (.text.oled_print_char)
                  00003364    0000008c     vofa.o (.text.vofa_send_six_float)
                  000033f0    00000088     attitude.o (.text.attitude_init)
                  00003478    00000084     ti_msp_dl_config.o (.text.__NVIC_SetPriority)
                  000034fc    00000084     empty.o (.text.menu_handle_key)
                  00003580    00000084     vofa.o (.text.uart0_send_int)
                  00003604    00000082     libclang_rt.builtins.a : divsf3.S.obj (.text.__divsf3)
                  00003686    00000002     --HOLE-- [fill = 0]
                  00003688    0000007c     icm42688.o (.text.DL_I2C_startControllerTransferAdvanced)
                  00003704    0000007c     ti_msp_dl_config.o (.text.SYSCFG_DL_initPower)
                  00003780    0000007c     libc.a : copy_decompress_lzss.c.obj (.text:decompress:lzss)
                  000037fc    00000078     attitude.o (.text.attitude_accel_to_euler)
                  00003874    00000078     encoder.o (.text.encoder_gpio_irq_handler)
                  000038ec    00000074     libclang_rt.builtins.a : comparedf2.c.obj (.text.__gedf2)
                  00003960    00000074                            : truncdfsf2.S.obj (.text.__truncdfsf2)
                  000039d4    00000070     icm42688.o (.text.icm42688_wait_bus_released)
                  00003a44    0000006c     bluetooth.o (.text.UART1_IRQHandler)
                  00003ab0    0000006c     oled.o (.text.oled_set_cursor)
                  00003b1c    00000068     ti_msp_dl_config.o (.text.SYSCFG_DL_SYSCTL_init)
                  00003b84    00000068     libclang_rt.builtins.a : comparedf2.c.obj (.text.__ledf2)
                  00003bec    00000064     empty.o (.text.menu_keys_init)
                  00003c50    00000062     libclang_rt.builtins.a : aeabi_dcmp.S.obj (.text.__aeabi_dcmp)
                  00003cb2    00000002     --HOLE-- [fill = 0]
                  00003cb4    00000062                            : aeabi_fcmp.S.obj (.text.__aeabi_fcmp)
                  00003d16    00000002     --HOLE-- [fill = 0]
                  00003d18    00000060     vofa.o (.text.uart0_send_byte)
                  00003d78    0000005e     driverlib.a : dl_i2c.o (.text.DL_I2C_fillControllerTXFIFO)
                  00003dd6    00000002     --HOLE-- [fill = 0]
                  00003dd8    0000005c     icm42688.o (.text.icm42688_wait_controller_done)
                  00003e34    00000058     ti_msp_dl_config.o (.text.SYSCFG_DL_I2C_ICM42688_init)
                  00003e8c    00000056     libclang_rt.builtins.a : aeabi_idivmod.S.obj (.text.__aeabi_idivmod)
                  00003ee2    00000002     --HOLE-- [fill = 0]
                  00003ee4    00000054     ti_msp_dl_config.o (.text.SYSCFG_DL_UART_1_init)
                  00003f38    00000054     attitude.o (.text.attitude_wrap_180)
                  00003f8c    00000050     ti_msp_dl_config.o (.text.DL_GPIO_initPeripheralInputFunctionFeatures)
                  00003fdc    00000050     icm42688.o (.text.DL_I2C_startControllerTransfer)
                  0000402c    00000050     ti_msp_dl_config.o (.text.SysTick_Config)
                  0000407c    00000050     oled.o (.text.oled_write_byte)
                  000040cc    0000004e     libclang_rt.builtins.a : floatdisf.S.obj (.text.__floatdisf)
                  0000411a    00000002     --HOLE-- [fill = 0]
                  0000411c    0000004c     empty.o (.text.DL_GPIO_initDigitalInputFeatures)
                  00004168    0000004c     ti_msp_dl_config.o (.text.DL_GPIO_initDigitalInputFeatures)
                  000041b4    0000004c     ti_msp_dl_config.o (.text.DL_UART_setBaudRateDivisor)
                  00004200    0000004a     libclang_rt.builtins.a : fixdfsi.S.obj (.text.__fixdfsi)
                  0000424a    00000002     --HOLE-- [fill = 0]
                  0000424c    00000048     driverlib.a : dl_uart.o (.text.DL_UART_init)
                  00004294    00000048     attitude.o (.text.attitude_reset_calibration_accumulator)
                  000042dc    00000048     attitude.o (.text.attitude_set_zero_from_accel)
                  00004324    00000048     icm42688.o (.text.icm42688_get_who_am_i)
                  0000436c    00000048     icm42688.o (.text.icm42688_prepare_transfer)
                  000043b4    00000048     icm42688.o (.text.icm42688_read_reg)
                  000043fc    00000048     oled.o (.text.oled_clear_line)
                  00004444    00000044     driverlib.a : dl_sysctl_mspm0g1x0x_g3x0x.o (.text.DL_SYSCTL_switchMCLKfromSYSOSCtoHSCLK)
                  00004488    00000044     icm42688.o (.text.icm42688_write_reg)
                  000044cc    00000040     ti_msp_dl_config.o (.text.SYSCFG_DL_UART0_init)
                  0000450c    00000040     libclang_rt.builtins.a : aeabi_uidivmod.S.obj (.text.__aeabi_uidivmod)
                  0000454c    00000040                            : extendsfdf2.S.obj (.text.__extendsfdf2)
                  0000458c    00000040     oled.o (.text.oled_reverse_bits)
                  000045cc    0000003e     attitude.o (.text.attitude_clamp)
                  0000460a    0000003e     oled.o (.text.oled_print_string)
                  00004648    0000003c     driverlib.a : dl_i2c.o (.text.DL_I2C_flushControllerTXFIFO)
                  00004684    0000003c     ti_msp_dl_config.o (.text.DL_Timer_setCounterControl)
                  000046c0    0000003c     libclang_rt.builtins.a : floatsisf.S.obj (.text.__floatsisf)
                  000046fc    0000003c                            : comparesf2.S.obj (.text.__gtsf2)
                  00004738    0000003c     attitude.o (.text.attitude_apply_deadband)
                  00004774    0000003c     libc.a : autoinit.c.obj (.text:__TI_auto_init_nobinit_nopinit)
                  000047b0    0000003a     libclang_rt.builtins.a : comparesf2.S.obj (.text.__eqsf2)
                  000047ea    00000002     --HOLE-- [fill = 0]
                  000047ec    0000003a                            : muldsi3.S.obj (.text.__muldsi3)
                  00004826    00000002     --HOLE-- [fill = 0]
                  00004828    00000038                            : fixsfsi.S.obj (.text.__fixsfsi)
                  00004860    00000038     attitude.o (.text.attitude_get_euler)
                  00004898    00000038     encoder.o (.text.encoder_update_left)
                  000048d0    00000038     encoder.o (.text.encoder_update_right)
                  00004908    00000036     oled.o (.text.oled_clear)
                  0000493e    00000002     --HOLE-- [fill = 0]
                  00004940    00000034     oled.o (.text.oled_dc)
                  00004974    00000034     oled.o (.text.oled_rst)
                  000049a8    00000034     oled.o (.text.oled_scl)
                  000049dc    00000034     oled.o (.text.oled_sda)
                  00004a10    00000030     driverlib.a : dl_i2c.o (.text.DL_I2C_flushControllerRXFIFO)
                  00004a40    00000030     ti_msp_dl_config.o (.text.SYSCFG_DL_init)
                  00004a70    0000002e     empty.o (.text.menu_key_load_state)
                  00004a9e    00000002     --HOLE-- [fill = 0]
                  00004aa0    0000002c     libclang_rt.builtins.a : floatsidf.S.obj (.text.__floatsidf)
                  00004acc    0000002c     attitude.o (.text.attitude_raw_is_valid)
                  00004af8    0000002c     icm42688.o (.text.icm42688_clear_raw)
                  00004b24    00000028     icm42688.o (.text.DL_Common_updateReg)
                  00004b4c    00000028     ti_msp_dl_config.o (.text.DL_Common_updateReg)
                  00004b74    00000028     ti_msp_dl_config.o (.text.DL_I2C_setControllerRXFIFOThreshold)
                  00004b9c    00000028     ti_msp_dl_config.o (.text.DL_I2C_setControllerTXFIFOThreshold)
                  00004bc4    00000028     libclang_rt.builtins.a : floatunsisf.S.obj (.text.__floatunsisf)
                  00004bec    00000028     delay.o (.text.delay_tick)
                  00004c14    00000028     libc.a : boot_cortex_m.c.obj (.text:_c_int00_noargs)
                  00004c3c    00000026     ti_msp_dl_config.o (.text.DL_I2C_setAnalogGlitchFilterPulseWidth)
                  00004c62    00000026     driverlib.a : dl_i2c.o (.text.DL_I2C_setClockConfig)
                  00004c88    00000026     vofa.o (.text.uart0_send_string)
                  00004cae    00000002     --HOLE-- [fill = 0]
                  00004cb0    00000024     libclang_rt.builtins.a : floatunsidf.S.obj (.text.__floatunsidf)
                  00004cd4    00000024     oled.o (.text.oled_physical_page)
                  00004cf8    00000020     ti_msp_dl_config.o (.text.DL_GPIO_initPeripheralInputFunction)
                  00004d18    00000020     ti_msp_dl_config.o (.text.DL_SYSCTL_setFlashWaitState)
                  00004d38    00000020     delay.o (.text.delay_ms)
                  00004d58    00000020     encoder.o (.text.encoder_left_b_is_high)
                  00004d78    00000020     encoder.o (.text.encoder_right_b_is_high)
                  00004d98    00000020     icm42688.o (.text.icm42688_abort_transfer)
                  00004db8    0000001e     ti_msp_dl_config.o (.text.DL_UART_setOversampling)
                  00004dd6    0000001e     icm42688.o (.text.icm42688_to_i16)
                  00004df4    0000001c     encoder.o (.text.DL_GPIO_clearInterruptStatus)
                  00004e10    0000001c     ti_msp_dl_config.o (.text.DL_GPIO_clearInterruptStatus)
                  00004e2c    0000001c     ti_msp_dl_config.o (.text.DL_GPIO_enableHiZ)
                  00004e48    0000001c     ti_msp_dl_config.o (.text.DL_GPIO_enableInterrupt)
                  00004e64    0000001c     ti_msp_dl_config.o (.text.DL_GPIO_initPeripheralOutputFunction)
                  00004e80    0000001c     icm42688.o (.text.DL_I2C_isControllerRXFIFOEmpty)
                  00004e9c    0000001c     driverlib.a : dl_sysctl_mspm0g1x0x_g3x0x.o (.text.DL_SYSCTL_configFCC)
                  00004eb8    0000001c     ti_msp_dl_config.o (.text.DL_SYSCTL_setFCCPeriods)
                  00004ed4    0000001c     ti_msp_dl_config.o (.text.DL_SYSCTL_setSYSOSCFreq)
                  00004ef0    0000001c     ti_msp_dl_config.o (.text.DL_SYSCTL_setULPCLKDivider)
                  00004f0c    0000001c     driverlib.a : dl_timer.o (.text.DL_Timer_setCaptCompUpdateMethod)
                  00004f28    0000001c                 : dl_timer.o (.text.DL_Timer_setClockConfig)
                  00004f44    0000001c     ti_msp_dl_config.o (.text.DL_UART_enableInterrupt)
                  00004f60    0000001c     empty.o (.text.menu_key_is_pressed)
                  00004f7c    0000001c     oled.o (.text.oled_write_cmd)
                  00004f98    0000001c     oled.o (.text.oled_write_data)
                  00004fb4    00000018     ti_msp_dl_config.o (.text.DL_GPIO_enableOutput)
                  00004fcc    00000018     ti_msp_dl_config.o (.text.DL_GPIO_enablePower)
                  00004fe4    00000018     encoder.o (.text.DL_GPIO_getEnabledInterruptStatus)
                  00004ffc    00000018     ti_msp_dl_config.o (.text.DL_GPIO_initDigitalOutput)
                  00005014    00000018     ti_msp_dl_config.o (.text.DL_GPIO_reset)
                  0000502c    00000018     oled.o (.text.DL_GPIO_setPins)
                  00005044    00000018     ti_msp_dl_config.o (.text.DL_GPIO_setPins)
                  0000505c    00000018     ti_msp_dl_config.o (.text.DL_GPIO_setUpperPinsPolarity)
                  00005074    00000018     ti_msp_dl_config.o (.text.DL_I2C_enableAnalogGlitchFilter)
                  0000508c    00000018     ti_msp_dl_config.o (.text.DL_I2C_enableController)
                  000050a4    00000018     ti_msp_dl_config.o (.text.DL_I2C_enableControllerClockStretching)
                  000050bc    00000018     ti_msp_dl_config.o (.text.DL_I2C_enablePower)
                  000050d4    00000018     ti_msp_dl_config.o (.text.DL_I2C_reset)
                  000050ec    00000018     ti_msp_dl_config.o (.text.DL_I2C_setTimerPeriod)
                  00005104    00000018     ti_msp_dl_config.o (.text.DL_SYSCTL_setBORThreshold)
                  0000511c    00000018     ti_msp_dl_config.o (.text.DL_Timer_enablePower)
                  00005134    00000018     ti_msp_dl_config.o (.text.DL_Timer_reset)
                  0000514c    00000018     driverlib.a : dl_timer.o (.text.DL_Timer_setCaptureCompareOutCtl)
                  00005164    00000018     ti_msp_dl_config.o (.text.DL_UART_enablePower)
                  0000517c    00000018     bluetooth.o (.text.DL_UART_isRXFIFOEmpty)
                  00005194    00000018     uart_cmd.o (.text.DL_UART_isRXFIFOEmpty)
                  000051ac    00000018     vofa.o (.text.DL_UART_isTXFIFOFull)
                  000051c4    00000018     ti_msp_dl_config.o (.text.DL_UART_reset)
                  000051dc    00000016     empty.o (.text.DL_GPIO_readPins)
                  000051f2    00000016     encoder.o (.text.DL_GPIO_readPins)
                  00005208    00000016     ti_msp_dl_config.o (.text.DL_UART_enable)
                  0000521e    00000016     vofa.o (.text.DL_UART_transmitData)
                  00005234    00000016     libc.a : k_rem_pio2.c.obj (.text.OUTLINED_FUNCTION_0)
                  0000524a    00000002     --HOLE-- [fill = 0]
                  0000524c    00000010     libclang_rt.builtins.a : adddf3.S.obj (.tramp.__aeabi_dadd.1)
                  0000525c    00000016     libc.a : copy_zero_init.c.obj (.text:decompress:ZI:__TI_zero_init_nomemset)
                  00005272    00000014     oled.o (.text.DL_GPIO_clearPins)
                  00005286    00000014     ti_msp_dl_config.o (.text.DL_GPIO_clearPins)
                  0000529a    00000002     --HOLE-- [fill = 0]
                  0000529c    00000014     icm42688.o (.text.DL_I2C_getControllerStatus)
                  000052b0    00000014     icm42688.o (.text.DL_I2C_receiveControllerData)
                  000052c4    00000014     icm42688.o (.text.DL_I2C_resetControllerTransfer)
                  000052d8    00000014     ti_msp_dl_config.o (.text.DL_I2C_resetControllerTransfer)
                  000052ec    00000014     ti_msp_dl_config.o (.text.DL_SYSCTL_disableSYSPLL)
                  00005300    00000014     ti_msp_dl_config.o (.text.DL_SYSCTL_enableSYSPLL)
                  00005314    00000014     ti_msp_dl_config.o (.text.DL_Timer_enableClock)
                  00005328    00000014     ti_msp_dl_config.o (.text.DL_Timer_setCCPDirection)
                  0000533c    00000014     bluetooth.o (.text.DL_UART_receiveData)
                  00005350    00000014     uart_cmd.o (.text.DL_UART_receiveData)
                  00005364    00000014     empty.o (.text.menu_init)
                  00005378    00000012     bluetooth.o (.text.DL_UART_getPendingInterrupt)
                  0000538a    00000012     uart_cmd.o (.text.DL_UART_getPendingInterrupt)
                  0000539c    00000012     driverlib.a : dl_uart.o (.text.DL_UART_setClockConfig)
                  000053ae    00000012     libc.a : memcpy16.S.obj (.text:TI_memcpy_small)
                  000053c0    00000012            : copy_decompress_none.c.obj (.text:decompress:none)
                  000053d2    00000002     --HOLE-- [fill = 0]
                  000053d4    00000010     ti_msp_dl_config.o (.text.DL_SYSCTL_disableHFXT)
                  000053e4    00000010     ti_msp_dl_config.o (.text.DL_SYSCTL_isFCCDone)
                  000053f4    00000010     ti_msp_dl_config.o (.text.DL_SYSCTL_startFCC)
                  00005404    00000010     driverlib.a : dl_timer.o (.text.DL_Timer_setCaptureCompareValue)
                  00005414    00000010     libc.a : k_rem_pio2.c.obj (.text.OUTLINED_FUNCTION_2)
                  00005424    00000010     ti_msp_dl_config.o (.text.SYSCFG_DL_SYSTICK_init)
                  00005434    0000000c     ti_msp_dl_config.o (.text.DL_SYSCTL_getClockStatus)
                  00005440    0000000c     ti_msp_dl_config.o (.text.DL_SYSCTL_readFCC)
                  0000544c    0000000c     delay.o (.text.delay_get_ms)
                  00005458    0000000a     driverlib.a : dl_common.o (.text.DL_Common_delayCycles)
                  00005462    0000000a     libc.a : s_tanf.c.obj (.text.OUTLINED_FUNCTION_0)
                  0000546c    0000000a            : k_rem_pio2.c.obj (.text.OUTLINED_FUNCTION_1)
                  00005476    0000000a            : s_cosf.c.obj (.text.OUTLINED_FUNCTION_3)
                  00005480    0000000a            : s_sinf.c.obj (.text.OUTLINED_FUNCTION_3)
                  0000548a    00000008     encoder.o (.text.GROUP1_IRQHandler)
                  00005492    00000008     empty.o (.text.SysTick_Handler)
                  0000549a    00000008     uart_cmd.o (.text.UART0_IRQHandler)
                  000054a2    00000002     --HOLE-- [fill = 0]
                  000054a4    00000008     libc.a : aeabi_portable.c.obj (.text.__aeabi_errno_addr)
                  000054ac    00000008     libclang_rt.builtins.a : aeabi_memcpy.S.obj (.text.__aeabi_memcpy)
                  000054b4    00000006     libc.a : s_atanf.c.obj (.text.OUTLINED_FUNCTION_0)
                  000054ba    00000002     --HOLE-- [fill = 0]
                  000054bc    00000010     libclang_rt.builtins.a : divsf3.S.obj (.tramp.__aeabi_fdiv.1)
                  000054cc    00000006     libc.a : s_cosf.c.obj (.text.OUTLINED_FUNCTION_0)
                  000054d2    00000002     --HOLE-- [fill = 0]
                  000054d4    00000010     libclang_rt.builtins.a : muldf3.S.obj (.tramp.__aeabi_dmul.1)
                  000054e4    00000006     libc.a : s_sinf.c.obj (.text.OUTLINED_FUNCTION_0)
                  000054ea    00000006            : s_cosf.c.obj (.text.OUTLINED_FUNCTION_1)
                  000054f0    00000006            : s_sinf.c.obj (.text.OUTLINED_FUNCTION_1)
                  000054f6    00000006            : exit.c.obj (.text:abort)
                  000054fc    00000004     startup_mspm0g350x_ticlang.o (.text.Default_Handler)
                  00005500    00000004     libsysbm.a : hostexit.c.obj (.text.HOSTexit)
                  00005504    00000004     libc.a : s_atanf.c.obj (.text.OUTLINED_FUNCTION_1)
                  00005508    00000010     libclang_rt.builtins.a : addsf3.S.obj (.tramp.__aeabi_fadd.1)
                  00005518    00000004     libc.a : s_tanf.c.obj (.text.OUTLINED_FUNCTION_1)
                  0000551c    00000010     libclang_rt.builtins.a : extendsfdf2.S.obj (.tramp.__aeabi_f2d.1)
                  0000552c    00000004     libc.a : s_cosf.c.obj (.text.OUTLINED_FUNCTION_2)
                  00005530    00000004            : s_sinf.c.obj (.text.OUTLINED_FUNCTION_2)
                  00005534    00000004     startup_mspm0g350x_ticlang.o (.text.Reset_Handler)
                  00005538    00000010     libc.a : boot_cortex_m.c.obj (.tramp._c_int00_noargs.1)
                  00005548    00000004            : pre_init.c.obj (.text._system_pre_init)
                  0000554c    00000004     --HOLE-- [fill = 0]

.cinit     0    00005950    00000038     
                  00005950    0000000f     (.cinit..data.load) [load image, compression = lzss]
                  0000595f    00000001     --HOLE-- [fill = 0]
                  00005960    0000000c     (__TI_handler_table)
                  0000596c    00000008     (.cinit..bss.load) [load image, compression = zero_init]
                  00005974    00000010     (__TI_cinit_table)
                  00005984    00000004     --HOLE-- [fill = 0]

.rodata    0    00005550    00000400     
                  00005550    000001e0     oled.o (.rodata.g_font5x7)
                  00005730    00000108     libc.a : k_rem_pio2.c.obj (.rodata.ipio2)
                  00005838    00000040            : k_rem_pio2.c.obj (.rodata.PIo2)
                  00005878    00000028     ti_msp_dl_config.o (.rodata.gSYSPLLConfig)
                  000058a0    00000020     libc.a : s_atanf.c.obj (.rodata.cst16)
                  000058c0    00000014     empty.o (.rodata.g_menuItems)
                  000058d4    00000010     libc.a : k_rem_pio2.c.obj (.rodata.cst16)
                  000058e4    0000000a     ti_msp_dl_config.o (.rodata.gUART0Config)
                  000058ee    0000000a     ti_msp_dl_config.o (.rodata.gUART_1Config)
                  000058f8    00000009     empty.o (.rodata.str1.11898133897667081452.1)
                  00005901    00000009     empty.o (.rodata.str1.150872071346279890.1)
                  0000590a    00000009     vofa.o (.rodata.str1.15592850640436249970.1)
                  00005913    00000009     empty.o (.rodata.str1.16704889451495720520.1)
                  0000591c    00000009     empty.o (.rodata.str1.17669528882079347314.1)
                  00005925    00000009     empty.o (.rodata.str1.7401042497206923953.1)
                  0000592e    00000002     ti_msp_dl_config.o (.rodata.gI2C_ICM42688ClockConfig)
                  00005930    00000008     ti_msp_dl_config.o (.rodata.gPWMConfig)
                  00005938    00000005     empty.o (.rodata.str1.254342170260855183.1)
                  0000593d    00000005     empty.o (.rodata.str1.9517790425240694019.1)
                  00005942    00000003     ti_msp_dl_config.o (.rodata.gPWMClockConfig)
                  00005945    00000003     empty.o (.rodata.str1.14685083708502177989.1)
                  00005948    00000002     ti_msp_dl_config.o (.rodata.gUART0ClockConfig)
                  0000594a    00000002     ti_msp_dl_config.o (.rodata.gUART_1ClockConfig)
                  0000594c    00000004     --HOLE-- [fill = 0]

.init_array 
*          0    00000000    00000000     UNINITIALIZED

.binit     0    00000000    00000000     

.bss       0    20200000    00000198     UNINITIALIZED
                  20200000    000000a0     (.common:gPWMBackup)
                  202000a0    00000080     bluetooth.o (.bss.g_rxBuffer)
                  20200120    00000050     uart_cmd.o (.bss.g_uartCmdBuffer)
                  20200170    00000024     empty.o (.bss.g_menuKeys)
                  20200194    00000004     empty.o (.bss.g_menu)

.data      0    20200198    00000081     UNINITIALIZED
                  20200198    00000008     attitude.o (.data.g_accCalSumX)
                  202001a0    00000008     attitude.o (.data.g_accCalSumY)
                  202001a8    00000008     attitude.o (.data.g_accCalSumZ)
                  202001b0    00000008     attitude.o (.data.g_gyroCalSumX)
                  202001b8    00000008     attitude.o (.data.g_gyroCalSumY)
                  202001c0    00000008     attitude.o (.data.g_gyroCalSumZ)
                  202001c8    00000004     libc.a : aeabi_portable.c.obj (.data.__aeabi_errno)
                  202001cc    00000004     delay.o (.data.delay_ms_ticks)
                  202001d0    00000004     delay.o (.data.delay_times)
                  202001d4    00000004     attitude.o (.data.g_accFiltX)
                  202001d8    00000004     attitude.o (.data.g_accFiltY)
                  202001dc    00000004     attitude.o (.data.g_accFiltZ)
                  202001e0    00000004     encoder.o (.data.g_encoderLeftCount)
                  202001e4    00000004     encoder.o (.data.g_encoderRightCount)
                  202001e8    00000004     attitude.o (.data.g_gyroBiasX)
                  202001ec    00000004     attitude.o (.data.g_gyroBiasY)
                  202001f0    00000004     attitude.o (.data.g_gyroBiasZ)
                  202001f4    00000004     attitude.o (.data.g_gyroCalCount)
                  202001f8    00000004     attitude.o (.data.g_gyroZDps)
                  202001fc    00000004     attitude.o (.data.g_pitchDeg)
                  20200200    00000004     attitude.o (.data.g_pitchZeroDeg)
                  20200204    00000004     attitude.o (.data.g_rollDeg)
                  20200208    00000004     attitude.o (.data.g_rollZeroDeg)
                  2020020c    00000004     attitude.o (.data.g_yawDeg)
                  20200210    00000001     attitude.o (.data.g_accFilterReady)
                  20200211    00000001     oled.o (.data.g_cursorColumn)
                  20200212    00000001     oled.o (.data.g_cursorPage)
                  20200213    00000001     attitude.o (.data.g_gyroCalibrated)
                  20200214    00000001     icm42688.o (.data.g_icm42688Address)
                  20200215    00000001     bluetooth.o (.data.g_rxHead)
                  20200216    00000001     bluetooth.o (.data.g_rxTail)
                  20200217    00000001     uart_cmd.o (.data.g_uartCmdIndex)
                  20200218    00000001     uart_cmd.o (.data.g_uartCmdReady)

.stack     0    20207e00    00000200     UNINITIALIZED
                  20207e00    00000004     libc.a : boot_cortex_m.c.obj (.stack)
                  20207e04    000001fc     --HOLE--

__llvm_prf_cnts 
*          0    20200000    00000000     UNINITIALIZED

__llvm_prf_bits 
*          0    20200000    00000000     UNINITIALIZED

MODULE SUMMARY

       Module                         code    ro data   rw data
       ------                         ----    -------   -------
    .\
       ti_msp_dl_config.o             2914    77        160    
       empty.o                        1420    78        40     
       startup_mspm0g350x_ticlang.o   8       192       0      
    +--+------------------------------+-------+---------+---------+
       Total:                         4342    347       200    
                                                               
    .\Src\
       attitude.o                     2850    0         102    
       icm42688.o                     2170    0         1      
       oled.o                         1130    480       2      
       vofa.o                         640     9         0      
       encoder.o                      378     0         8      
       uart_cmd.o                     250     0         82     
       bluetooth.o                    170     0         130    
       delay.o                        84      0         8      
    +--+------------------------------+-------+---------+---------+
       Total:                         7672    489       333    
                                                               
    C:/TI/mspm0_sdk_2_10_00_04/source/ti/driverlib/lib/ticlang/m0p/mspm0g1x0x_g3x0x/driverlib.a
       dl_timer.o                     356     0         0      
       dl_sysctl_mspm0g1x0x_g3x0x.o   316     0         0      
       dl_i2c.o                       240     0         0      
       dl_uart.o                      90      0         0      
       dl_common.o                    10      0         0      
    +--+------------------------------+-------+---------+---------+
       Total:                         1012    0         0      
                                                               
    D:\ti\ccs2050\ccs\tools\compiler\ti-cgt-armllvm_4.0.4.LTS\lib\armv6m-ti-none-eabi/c/libc.a
       k_rem_pio2.c.obj               1652    344       0      
       s_cosf.c.obj                   822     0         0      
       s_sinf.c.obj                   810     0         0      
       s_tanf.c.obj                   746     0         0      
       s_atanf.c.obj                  466     32        0      
       s_floor.c.obj                  324     0         0      
       e_atan2f.c.obj                 280     0         0      
       s_scalbn.c.obj                 216     0         0      
       e_sqrtf.c.obj                  160     0         0      
       copy_decompress_lzss.c.obj     124     0         0      
       autoinit.c.obj                 60      0         0      
       boot_cortex_m.c.obj            56      0         0      
       copy_zero_init.c.obj           22      0         0      
       copy_decompress_none.c.obj     18      0         0      
       memcpy16.S.obj                 18      0         0      
       aeabi_portable.c.obj           8       0         4      
       exit.c.obj                     6       0         0      
       pre_init.c.obj                 4       0         0      
    +--+------------------------------+-------+---------+---------+
       Total:                         5792    376       4      
                                                               
    D:\ti\ccs2050\ccs\tools\compiler\ti-cgt-armllvm_4.0.4.LTS\lib\armv6m-ti-none-eabi/c/libsysbm.a
       hostexit.c.obj                 4       0         0      
    +--+------------------------------+-------+---------+---------+
       Total:                         4       0         0      
                                                               
    D:\ti\ccs2050\ccs\tools\compiler\ti-cgt-armllvm_4.0.4.LTS\lib\armv6m-ti-none-eabi/libclang_rt.builtins.a
       adddf3.S.obj                   418     0         0      
       divdf3.S.obj                   268     0         0      
       muldf3.S.obj                   244     0         0      
       addsf3.S.obj                   232     0         0      
       comparedf2.c.obj               220     0         0      
       divsf3.S.obj                   146     0         0      
       mulsf3.S.obj                   140     0         0      
       comparesf2.S.obj               118     0         0      
       truncdfsf2.S.obj               116     0         0      
       aeabi_dcmp.S.obj               98      0         0      
       aeabi_fcmp.S.obj               98      0         0      
       aeabi_idivmod.S.obj            86      0         0      
       extendsfdf2.S.obj              80      0         0      
       floatdisf.S.obj                78      0         0      
       fixdfsi.S.obj                  74      0         0      
       aeabi_uidivmod.S.obj           64      0         0      
       floatsisf.S.obj                60      0         0      
       muldsi3.S.obj                  58      0         0      
       fixsfsi.S.obj                  56      0         0      
       floatsidf.S.obj                44      0         0      
       floatunsisf.S.obj              40      0         0      
       floatunsidf.S.obj              36      0         0      
       aeabi_memcpy.S.obj             8       0         0      
       aeabi_div0.c.obj               2       0         0      
    +--+------------------------------+-------+---------+---------+
       Total:                         2784    0         0      
                                                               
       Stack:                         0       0         512    
       Linker Generated:              0       51        0      
    +--+------------------------------+-------+---------+---------+
       Grand Total:                   21606   1263      1049   


LINKER GENERATED COPY TABLES

__TI_cinit_table @ 00005974 records: 2, size/record: 8, table size: 16
	.data: load addr=00005950, load size=0000000f bytes, run addr=20200198, run size=00000081 bytes, compression=lzss
	.bss: load addr=0000596c, load size=00000008 bytes, run addr=20200000, run size=00000198 bytes, compression=zero_init


LINKER GENERATED HANDLER TABLE

__TI_handler_table @ 00005960 records: 3, size/record: 4, table size: 12
	index: 0, handler: __TI_decompress_lzss
	index: 1, handler: __TI_decompress_none
	index: 2, handler: __TI_zero_init


FAR CALL TRAMPOLINES

callee name               trampoline name
   callee addr  tramp addr   call addr  call info
--------------  -----------  ---------  ----------------
__aeabi_dadd              $Tramp$TT$L$PI$$__aeabi_dadd
   00001c4b     0000524c     00005248   libc.a : k_rem_pio2.c.obj (.text.OUTLINED_FUNCTION_0)
                             0000546a          : s_tanf.c.obj (.text.OUTLINED_FUNCTION_0)
                             00005474          : k_rem_pio2.c.obj (.text.OUTLINED_FUNCTION_1)
                             0000547e          : s_cosf.c.obj (.text.OUTLINED_FUNCTION_3)
                             00005488          : s_sinf.c.obj (.text.OUTLINED_FUNCTION_3)
__aeabi_fdiv              $Tramp$TT$L$PI$$__aeabi_fdiv
   00003605     000054bc     000054b8   libc.a : s_atanf.c.obj (.text.OUTLINED_FUNCTION_0)
__aeabi_dmul              $Tramp$TT$L$PI$$__aeabi_dmul
   00002699     000054d4     000054d0   libc.a : s_cosf.c.obj (.text.OUTLINED_FUNCTION_0)
                             000054e8          : s_sinf.c.obj (.text.OUTLINED_FUNCTION_0)
                             000054ee          : s_cosf.c.obj (.text.OUTLINED_FUNCTION_1)
                             000054f4          : s_sinf.c.obj (.text.OUTLINED_FUNCTION_1)
__aeabi_fadd              $Tramp$TT$L$PI$$__aeabi_fadd
   0000293b     00005508     00005506   libc.a : s_atanf.c.obj (.text.OUTLINED_FUNCTION_1)
__aeabi_f2d               $Tramp$TT$L$PI$$__aeabi_f2d
   0000454d     0000551c     0000551a   libc.a : s_tanf.c.obj (.text.OUTLINED_FUNCTION_1)
                             0000552e          : s_cosf.c.obj (.text.OUTLINED_FUNCTION_2)
                             00005532          : s_sinf.c.obj (.text.OUTLINED_FUNCTION_2)
_c_int00_noargs           $Tramp$TT$L$PI$$_c_int00_noargs
   00004c15     00005538     00005534   startup_mspm0g350x_ticlang.o (.text.Reset_Handler)

[6 trampolines]
[15 trampoline calls]


GLOBAL SYMBOLS: SORTED ALPHABETICALLY BY Name 

address   name                                 
-------   ----                                 
000054fd  ADC0_IRQHandler                      
000054fd  ADC1_IRQHandler                      
000054fd  AES_IRQHandler                       
00005500  C$$EXIT                              
000054fd  CANFD0_IRQHandler                    
000054fd  DAC0_IRQHandler                      
00005459  DL_Common_delayCycles                
00003d79  DL_I2C_fillControllerTXFIFO          
00004a11  DL_I2C_flushControllerRXFIFO         
00004649  DL_I2C_flushControllerTXFIFO         
00004c63  DL_I2C_setClockConfig                
00004e9d  DL_SYSCTL_configFCC                  
0000277d  DL_SYSCTL_configSYSPLL               
00004445  DL_SYSCTL_switchMCLKfromSYSOSCtoHSCLK
000024a9  DL_Timer_initFourCCPWMMode           
00004f0d  DL_Timer_setCaptCompUpdateMethod     
0000514d  DL_Timer_setCaptureCompareOutCtl     
00005405  DL_Timer_setCaptureCompareValue      
00004f29  DL_Timer_setClockConfig              
0000424d  DL_UART_init                         
0000539d  DL_UART_setClockConfig               
000054fd  DMA_IRQHandler                       
000054fd  Default_Handler                      
000054fd  GROUP0_IRQHandler                    
0000548b  GROUP1_IRQHandler                    
00005501  HOSTexit                             
000054fd  HardFault_Handler                    
000054fd  I2C0_IRQHandler                      
000054fd  I2C1_IRQHandler                      
000054fd  NMI_Handler                          
000054fd  PendSV_Handler                       
000054fd  RTC_IRQHandler                       
00005535  Reset_Handler                        
000054fd  SPI0_IRQHandler                      
000054fd  SPI1_IRQHandler                      
000054fd  SVC_Handler                          
00001aad  SYSCFG_DL_GPIO_init                  
00003e35  SYSCFG_DL_I2C_ICM42688_init          
000031bd  SYSCFG_DL_PWM_init                   
000025ad  SYSCFG_DL_SYSCTL_SYSPLL_init         
00003b1d  SYSCFG_DL_SYSCTL_init                
00005425  SYSCFG_DL_SYSTICK_init               
000044cd  SYSCFG_DL_UART0_init                 
00003ee5  SYSCFG_DL_UART_1_init                
00004a41  SYSCFG_DL_init                       
00003705  SYSCFG_DL_initPower                  
00005493  SysTick_Handler                      
000054fd  TIMA0_IRQHandler                     
000054fd  TIMA1_IRQHandler                     
000054fd  TIMG0_IRQHandler                     
000054fd  TIMG12_IRQHandler                    
000054fd  TIMG6_IRQHandler                     
000054fd  TIMG7_IRQHandler                     
000054fd  TIMG8_IRQHandler                     
000053af  TI_memcpy_small                      
0000549b  UART0_IRQHandler                     
00003a45  UART1_IRQHandler                     
000054fd  UART2_IRQHandler                     
000054fd  UART3_IRQHandler                     
20208000  __STACK_END                          
00000200  __STACK_SIZE                         
00000000  __TI_ATRegion0_region_sz             
00000000  __TI_ATRegion0_src_addr              
00000000  __TI_ATRegion0_trg_addr              
00000000  __TI_ATRegion1_region_sz             
00000000  __TI_ATRegion1_src_addr              
00000000  __TI_ATRegion1_trg_addr              
00000000  __TI_ATRegion2_region_sz             
00000000  __TI_ATRegion2_src_addr              
00000000  __TI_ATRegion2_trg_addr              
00005974  __TI_CINIT_Base                      
00005984  __TI_CINIT_Limit                     
00005984  __TI_CINIT_Warm                      
00005960  __TI_Handler_Table_Base              
0000596c  __TI_Handler_Table_Limit             
00004775  __TI_auto_init_nobinit_nopinit       
00003781  __TI_decompress_lzss                 
000053c1  __TI_decompress_none                 
ffffffff  __TI_pprof_out_hndl                  
ffffffff  __TI_prof_data_size                  
ffffffff  __TI_prof_data_start                 
00000000  __TI_static_base__                   
0000525d  __TI_zero_init_nomemset              
00001c4b  __adddf3                             
0000293b  __addsf3                             
00003961  __aeabi_d2f                          
00004201  __aeabi_d2iz                         
00001c4b  __aeabi_dadd                         
00003c51  __aeabi_dcmpeq                       
00003c8d  __aeabi_dcmpge                       
00003ca1  __aeabi_dcmpgt                       
00003c79  __aeabi_dcmple                       
00003c65  __aeabi_dcmplt                       
00002295  __aeabi_ddiv                         
00002699  __aeabi_dmul                         
00001c41  __aeabi_dsub                         
202001c8  __aeabi_errno                        
000054a5  __aeabi_errno_addr                   
0000454d  __aeabi_f2d                          
00004829  __aeabi_f2iz                         
0000293b  __aeabi_fadd                         
00003cb5  __aeabi_fcmpeq                       
00003cf1  __aeabi_fcmpge                       
00003d05  __aeabi_fcmpgt                       
00003cdd  __aeabi_fcmple                       
00003cc9  __aeabi_fcmplt                       
00003605  __aeabi_fdiv                         
0000324d  __aeabi_fmul                         
00002931  __aeabi_fsub                         
00004aa1  __aeabi_i2d                          
000046c1  __aeabi_i2f                          
00003e8d  __aeabi_idiv                         
00001dd3  __aeabi_idiv0                        
00003e8d  __aeabi_idivmod                      
000040cd  __aeabi_l2f                          
000054ad  __aeabi_memcpy                       
000054ad  __aeabi_memcpy4                      
000054ad  __aeabi_memcpy8                      
00004cb1  __aeabi_ui2d                         
00004bc5  __aeabi_ui2f                         
0000450d  __aeabi_uidiv                        
0000450d  __aeabi_uidivmod                     
ffffffff  __binit__                            
00003b85  __cmpdf2                             
000047b1  __cmpsf2                             
00002295  __divdf3                             
00003605  __divsf3                             
00003b85  __eqdf2                              
000047b1  __eqsf2                              
0000454d  __extendsfdf2                        
00004201  __fixdfsi                            
00004829  __fixsfsi                            
000040cd  __floatdisf                          
00004aa1  __floatsidf                          
000046c1  __floatsisf                          
00004cb1  __floatunsidf                        
00004bc5  __floatunsisf                        
000038ed  __gedf2                              
000046fd  __gesf2                              
000038ed  __gtdf2                              
000046fd  __gtsf2                              
000000c1  __kernel_rem_pio2                    
00003b85  __ledf2                              
000047b1  __lesf2                              
00003b85  __ltdf2                              
000047b1  __ltsf2                              
UNDEFED   __mpu_init                           
00002699  __muldf3                             
000047ed  __muldsi3                            
0000324d  __mulsf3                             
00003b85  __nedf2                              
000047b1  __nesf2                              
20207e00  __stack                              
20200000  __start___llvm_prf_bits              
20200000  __start___llvm_prf_cnts              
20200000  __stop___llvm_prf_bits               
20200000  __stop___llvm_prf_cnts               
00001c41  __subdf3                             
00002931  __subsf3                             
00003961  __truncdfsf2                         
00004c15  _c_int00_noargs                      
UNDEFED   _system_post_cinit                   
00005549  _system_pre_init                     
000054f7  abort                                
0000217d  atan2f                               
0000156d  atanf                                
00000f69  attitude_calibrate_gyro              
00004861  attitude_get_euler                   
000033f1  attitude_init                        
00000705  attitude_update_from_icm42688        
ffffffff  binit                                
00001399  cosf                                 
0000544d  delay_get_ms                         
00004d39  delay_ms                             
00004bed  delay_tick                           
202001d0  delay_times                          
00003875  encoder_gpio_irq_handler             
00001dd5  floor                                
00001dd5  floorl                               
20200000  gPWMBackup                           
00004325  icm42688_get_who_am_i                
00001f19  icm42688_init                        
00002f39  icm42688_read_raw                    
00000000  interruptVectors                     
00002859  ldexp                                
00002859  ldexpl                               
0000118d  main                                 
00004909  oled_clear                           
000043fd  oled_clear_line                      
00002ad9  oled_init                            
000032d9  oled_print_char                      
0000460b  oled_print_string                    
00003ab1  oled_set_cursor                      
00002859  scalbn                               
00002859  scalbnl                              
00001735  sinf                                 
00002fe5  sqrtf                                
000018fd  tanf                                 
00003d19  uart0_send_byte                      
00002c71  uart0_send_float                     
00003581  uart0_send_int                       
00004c89  uart0_send_string                    
00002d2d  uart_cmd_irq_handler                 
00003365  vofa_send_six_float                  


GLOBAL SYMBOLS: SORTED BY Symbol Address 

address   name                                 
-------   ----                                 
00000000  __TI_ATRegion0_region_sz             
00000000  __TI_ATRegion0_src_addr              
00000000  __TI_ATRegion0_trg_addr              
00000000  __TI_ATRegion1_region_sz             
00000000  __TI_ATRegion1_src_addr              
00000000  __TI_ATRegion1_trg_addr              
00000000  __TI_ATRegion2_region_sz             
00000000  __TI_ATRegion2_src_addr              
00000000  __TI_ATRegion2_trg_addr              
00000000  __TI_static_base__                   
00000000  interruptVectors                     
000000c1  __kernel_rem_pio2                    
00000200  __STACK_SIZE                         
00000705  attitude_update_from_icm42688        
00000f69  attitude_calibrate_gyro              
0000118d  main                                 
00001399  cosf                                 
0000156d  atanf                                
00001735  sinf                                 
000018fd  tanf                                 
00001aad  SYSCFG_DL_GPIO_init                  
00001c41  __aeabi_dsub                         
00001c41  __subdf3                             
00001c4b  __adddf3                             
00001c4b  __aeabi_dadd                         
00001dd3  __aeabi_idiv0                        
00001dd5  floor                                
00001dd5  floorl                               
00001f19  icm42688_init                        
0000217d  atan2f                               
00002295  __aeabi_ddiv                         
00002295  __divdf3                             
000024a9  DL_Timer_initFourCCPWMMode           
000025ad  SYSCFG_DL_SYSCTL_SYSPLL_init         
00002699  __aeabi_dmul                         
00002699  __muldf3                             
0000277d  DL_SYSCTL_configSYSPLL               
00002859  ldexp                                
00002859  ldexpl                               
00002859  scalbn                               
00002859  scalbnl                              
00002931  __aeabi_fsub                         
00002931  __subsf3                             
0000293b  __addsf3                             
0000293b  __aeabi_fadd                         
00002ad9  oled_init                            
00002c71  uart0_send_float                     
00002d2d  uart_cmd_irq_handler                 
00002f39  icm42688_read_raw                    
00002fe5  sqrtf                                
000031bd  SYSCFG_DL_PWM_init                   
0000324d  __aeabi_fmul                         
0000324d  __mulsf3                             
000032d9  oled_print_char                      
00003365  vofa_send_six_float                  
000033f1  attitude_init                        
00003581  uart0_send_int                       
00003605  __aeabi_fdiv                         
00003605  __divsf3                             
00003705  SYSCFG_DL_initPower                  
00003781  __TI_decompress_lzss                 
00003875  encoder_gpio_irq_handler             
000038ed  __gedf2                              
000038ed  __gtdf2                              
00003961  __aeabi_d2f                          
00003961  __truncdfsf2                         
00003a45  UART1_IRQHandler                     
00003ab1  oled_set_cursor                      
00003b1d  SYSCFG_DL_SYSCTL_init                
00003b85  __cmpdf2                             
00003b85  __eqdf2                              
00003b85  __ledf2                              
00003b85  __ltdf2                              
00003b85  __nedf2                              
00003c51  __aeabi_dcmpeq                       
00003c65  __aeabi_dcmplt                       
00003c79  __aeabi_dcmple                       
00003c8d  __aeabi_dcmpge                       
00003ca1  __aeabi_dcmpgt                       
00003cb5  __aeabi_fcmpeq                       
00003cc9  __aeabi_fcmplt                       
00003cdd  __aeabi_fcmple                       
00003cf1  __aeabi_fcmpge                       
00003d05  __aeabi_fcmpgt                       
00003d19  uart0_send_byte                      
00003d79  DL_I2C_fillControllerTXFIFO          
00003e35  SYSCFG_DL_I2C_ICM42688_init          
00003e8d  __aeabi_idiv                         
00003e8d  __aeabi_idivmod                      
00003ee5  SYSCFG_DL_UART_1_init                
000040cd  __aeabi_l2f                          
000040cd  __floatdisf                          
00004201  __aeabi_d2iz                         
00004201  __fixdfsi                            
0000424d  DL_UART_init                         
00004325  icm42688_get_who_am_i                
000043fd  oled_clear_line                      
00004445  DL_SYSCTL_switchMCLKfromSYSOSCtoHSCLK
000044cd  SYSCFG_DL_UART0_init                 
0000450d  __aeabi_uidiv                        
0000450d  __aeabi_uidivmod                     
0000454d  __aeabi_f2d                          
0000454d  __extendsfdf2                        
0000460b  oled_print_string                    
00004649  DL_I2C_flushControllerTXFIFO         
000046c1  __aeabi_i2f                          
000046c1  __floatsisf                          
000046fd  __gesf2                              
000046fd  __gtsf2                              
00004775  __TI_auto_init_nobinit_nopinit       
000047b1  __cmpsf2                             
000047b1  __eqsf2                              
000047b1  __lesf2                              
000047b1  __ltsf2                              
000047b1  __nesf2                              
000047ed  __muldsi3                            
00004829  __aeabi_f2iz                         
00004829  __fixsfsi                            
00004861  attitude_get_euler                   
00004909  oled_clear                           
00004a11  DL_I2C_flushControllerRXFIFO         
00004a41  SYSCFG_DL_init                       
00004aa1  __aeabi_i2d                          
00004aa1  __floatsidf                          
00004bc5  __aeabi_ui2f                         
00004bc5  __floatunsisf                        
00004bed  delay_tick                           
00004c15  _c_int00_noargs                      
00004c63  DL_I2C_setClockConfig                
00004c89  uart0_send_string                    
00004cb1  __aeabi_ui2d                         
00004cb1  __floatunsidf                        
00004d39  delay_ms                             
00004e9d  DL_SYSCTL_configFCC                  
00004f0d  DL_Timer_setCaptCompUpdateMethod     
00004f29  DL_Timer_setClockConfig              
0000514d  DL_Timer_setCaptureCompareOutCtl     
0000525d  __TI_zero_init_nomemset              
0000539d  DL_UART_setClockConfig               
000053af  TI_memcpy_small                      
000053c1  __TI_decompress_none                 
00005405  DL_Timer_setCaptureCompareValue      
00005425  SYSCFG_DL_SYSTICK_init               
0000544d  delay_get_ms                         
00005459  DL_Common_delayCycles                
0000548b  GROUP1_IRQHandler                    
00005493  SysTick_Handler                      
0000549b  UART0_IRQHandler                     
000054a5  __aeabi_errno_addr                   
000054ad  __aeabi_memcpy                       
000054ad  __aeabi_memcpy4                      
000054ad  __aeabi_memcpy8                      
000054f7  abort                                
000054fd  ADC0_IRQHandler                      
000054fd  ADC1_IRQHandler                      
000054fd  AES_IRQHandler                       
000054fd  CANFD0_IRQHandler                    
000054fd  DAC0_IRQHandler                      
000054fd  DMA_IRQHandler                       
000054fd  Default_Handler                      
000054fd  GROUP0_IRQHandler                    
000054fd  HardFault_Handler                    
000054fd  I2C0_IRQHandler                      
000054fd  I2C1_IRQHandler                      
000054fd  NMI_Handler                          
000054fd  PendSV_Handler                       
000054fd  RTC_IRQHandler                       
000054fd  SPI0_IRQHandler                      
000054fd  SPI1_IRQHandler                      
000054fd  SVC_Handler                          
000054fd  TIMA0_IRQHandler                     
000054fd  TIMA1_IRQHandler                     
000054fd  TIMG0_IRQHandler                     
000054fd  TIMG12_IRQHandler                    
000054fd  TIMG6_IRQHandler                     
000054fd  TIMG7_IRQHandler                     
000054fd  TIMG8_IRQHandler                     
000054fd  UART2_IRQHandler                     
000054fd  UART3_IRQHandler                     
00005500  C$$EXIT                              
00005501  HOSTexit                             
00005535  Reset_Handler                        
00005549  _system_pre_init                     
00005960  __TI_Handler_Table_Base              
0000596c  __TI_Handler_Table_Limit             
00005974  __TI_CINIT_Base                      
00005984  __TI_CINIT_Limit                     
00005984  __TI_CINIT_Warm                      
20200000  __start___llvm_prf_bits              
20200000  __start___llvm_prf_cnts              
20200000  __stop___llvm_prf_bits               
20200000  __stop___llvm_prf_cnts               
20200000  gPWMBackup                           
202001c8  __aeabi_errno                        
202001d0  delay_times                          
20207e00  __stack                              
20208000  __STACK_END                          
ffffffff  __TI_pprof_out_hndl                  
ffffffff  __TI_prof_data_size                  
ffffffff  __TI_prof_data_start                 
ffffffff  __binit__                            
ffffffff  binit                                
UNDEFED   __mpu_init                           
UNDEFED   _system_post_cinit                   

[204 symbols]
