******************************************************************************
            TI ARM Clang Linker PC v4.0.4                      
******************************************************************************
>> Linked Tue Jul 28 11:10:38 2026

OUTPUT FILE NAME:   <C07A.out>
ENTRY POINT SYMBOL: "_c_int00_noargs"  address: 00004cc5


MEMORY CONFIGURATION

         name            origin    length      used     unused   attr    fill
----------------------  --------  ---------  --------  --------  ----  --------
  FLASH                 00000000   00020000  00005a38  0001a5c8  R  X
  SRAM                  20200000   00008000  00000419  00007be7  RW X
  BCR_CONFIG            41c00000   000000ff  00000000  000000ff  R   
  BSL_CONFIG            41c00100   00000080  00000000  00000080  R   


SEGMENT ALLOCATION MAP

run origin  load origin   length   init length attrs members
----------  ----------- ---------- ----------- ----- -------
00000000    00000000    00005a38   00005a38    r-x
  00000000    00000000    000000c0   000000c0    r-- .intvecs
  000000c0    000000c0    00005540   00005540    r-x .text
  00005600    00005600    00000400   00000400    r-- .rodata
  00005a00    00005a00    00000038   00000038    r-- .cinit
20200000    20200000    00000219   00000000    rw-
  20200000    20200000    00000198   00000000    rw- .bss
  20200198    20200198    00000081   00000000    rw- .data
20207e00    20207e00    00000200   00000000    rw-
  20207e00    20207e00    00000200   00000000    rw- .stack


SECTION ALLOCATION MAP

 output                                  attributes/
section   page    origin      length       input sections
--------  ----  ----------  ----------   ----------------
.intvecs   0    00000000    000000c0     
                  00000000    000000c0     startup_mspm0g350x_ticlang.o (.intvecs)

.text      0    000000c0    00005540     
                  000000c0    00000644     libc.a : k_rem_pio2.c.obj (.text.__kernel_rem_pio2)
                  00000704    00000628     attitude.o (.text.attitude_update_from_icm42688)
                  00000d2c    0000022c     icm42688.o (.text.icm42688_i2c_read_regs)
                  00000f58    00000224     attitude.o (.text.attitude_calibrate_gyro)
                  0000117c    00000220     empty.o (.text.main)
                  0000139c    000001d4     libc.a : s_cosf.c.obj (.text.cosf)
                  00001570    000001c8            : s_atanf.c.obj (.text.atanf)
                  00001738    000001c8            : s_sinf.c.obj (.text.sinf)
                  00001900    000001b0            : s_tanf.c.obj (.text.tanf)
                  00001ab0    00000192     libclang_rt.builtins.a : adddf3.S.obj (.text.adddf3_subdf3)
                  00001c42    00000002                            : aeabi_div0.c.obj (.text.__aeabi_idiv0)
                  00001c44    0000018c     ti_msp_dl_config.o (.text.SYSCFG_DL_GPIO_init)
                  00001dd0    00000144     libc.a : s_floor.c.obj (.text.floor)
                  00001f14    0000012c            : s_tanf.c.obj (.text.__kernel_tandf)
                  00002040    00000128     icm42688.o (.text.icm42688_init)
                  00002168    00000118     libc.a : e_atan2f.c.obj (.text.atan2f)
                  00002280    0000010c     libclang_rt.builtins.a : divdf3.S.obj (.text.__divdf3)
                  0000238c    00000108     empty.o (.text.menu_keys_update)
                  00002494    00000104     driverlib.a : dl_timer.o (.text.DL_Timer_initFourCCPWMMode)
                  00002598    000000ec     ti_msp_dl_config.o (.text.SYSCFG_DL_SYSCTL_SYSPLL_init)
                  00002684    000000e4     libclang_rt.builtins.a : muldf3.S.obj (.text.__muldf3)
                  00002768    000000dc     driverlib.a : dl_sysctl_mspm0g1x0x_g3x0x.o (.text.DL_SYSCTL_configSYSPLL)
                  00002844    000000d8     icm42688.o (.text.icm42688_i2c_write)
                  0000291c    000000d8     libc.a : s_scalbn.c.obj (.text.scalbn)
                  000029f4    000000d8     libclang_rt.builtins.a : addsf3.S.obj (.text)
                  00002acc    000000ce     oled.o (.text.oled_init)
                  00002b9a    00000002     --HOLE-- [fill = 0]
                  00002b9c    000000c8     empty.o (.text.menu_render)
                  00002c64    000000bc     vofa.o (.text.uart0_send_float)
                  00002d20    000000b4     uart_cmd.o (.text.uart_cmd_irq_handler)
                  00002dd4    000000ac     libc.a : s_cosf.c.obj (.text.__kernel_sindf)
                  00002e80    000000ac            : s_sinf.c.obj (.text.__kernel_sindf)
                  00002f2c    000000a0            : e_sqrtf.c.obj (.text.sqrtf)
                  00002fcc    0000009c            : s_cosf.c.obj (.text.__kernel_cosdf)
                  00003068    0000009c            : s_sinf.c.obj (.text.__kernel_cosdf)
                  00003104    00000098     icm42688.o (.text.icm42688_read_raw)
                  0000319c    00000098     icm42688.o (.text.icm42688_read_regs_safe)
                  00003234    00000090     ti_msp_dl_config.o (.text.SYSCFG_DL_PWM_init)
                  000032c4    0000008c     libclang_rt.builtins.a : mulsf3.S.obj (.text.__mulsf3)
                  00003350    0000008c     oled.o (.text.oled_print_char)
                  000033dc    0000008c     vofa.o (.text.vofa_send_six_float)
                  00003468    00000088     attitude.o (.text.attitude_init)
                  000034f0    00000084     ti_msp_dl_config.o (.text.__NVIC_SetPriority)
                  00003574    00000084     empty.o (.text.menu_handle_key)
                  000035f8    00000084     vofa.o (.text.uart0_send_int)
                  0000367c    00000082     libclang_rt.builtins.a : divsf3.S.obj (.text.__divsf3)
                  000036fe    00000002     --HOLE-- [fill = 0]
                  00003700    00000080     icm42688.o (.text.icm42688_abort_transfer)
                  00003780    00000080     icm42688.o (.text.icm42688_write_reg)
                  00003800    0000007c     icm42688.o (.text.DL_I2C_startControllerTransferAdvanced)
                  0000387c    0000007c     ti_msp_dl_config.o (.text.SYSCFG_DL_initPower)
                  000038f8    0000007c     libc.a : copy_decompress_lzss.c.obj (.text:decompress:lzss)
                  00003974    00000078     attitude.o (.text.attitude_accel_to_euler)
                  000039ec    00000078     encoder.o (.text.encoder_gpio_irq_handler)
                  00003a64    00000074     libclang_rt.builtins.a : comparedf2.c.obj (.text.__gedf2)
                  00003ad8    00000008     encoder.o (.text.GROUP1_IRQHandler)
                  00003ae0    00000074     libclang_rt.builtins.a : truncdfsf2.S.obj (.text.__truncdfsf2)
                  00003b54    0000006c     bluetooth.o (.text.UART1_IRQHandler)
                  00003bc0    0000006c     oled.o (.text.oled_set_cursor)
                  00003c2c    00000068     ti_msp_dl_config.o (.text.SYSCFG_DL_SYSCTL_init)
                  00003c94    00000068     libclang_rt.builtins.a : comparedf2.c.obj (.text.__ledf2)
                  00003cfc    00000068     icm42688.o (.text.icm42688_wait_bus_released)
                  00003d64    00000064     empty.o (.text.menu_keys_init)
                  00003dc8    00000062     libclang_rt.builtins.a : aeabi_dcmp.S.obj (.text.__aeabi_dcmp)
                  00003e2a    00000002     --HOLE-- [fill = 0]
                  00003e2c    00000062                            : aeabi_fcmp.S.obj (.text.__aeabi_fcmp)
                  00003e8e    00000002     --HOLE-- [fill = 0]
                  00003e90    00000060     vofa.o (.text.uart0_send_byte)
                  00003ef0    0000005e     driverlib.a : dl_i2c.o (.text.DL_I2C_fillControllerTXFIFO)
                  00003f4e    00000002     --HOLE-- [fill = 0]
                  00003f50    0000005c     icm42688.o (.text.icm42688_wait_controller_done)
                  00003fac    00000058     ti_msp_dl_config.o (.text.SYSCFG_DL_I2C_ICM42688_init)
                  00004004    00000056     libclang_rt.builtins.a : aeabi_idivmod.S.obj (.text.__aeabi_idivmod)
                  0000405a    00000002     --HOLE-- [fill = 0]
                  0000405c    00000054     ti_msp_dl_config.o (.text.SYSCFG_DL_UART_1_init)
                  000040b0    00000054     attitude.o (.text.attitude_wrap_180)
                  00004104    00000050     ti_msp_dl_config.o (.text.DL_GPIO_initPeripheralInputFunctionFeatures)
                  00004154    00000050     icm42688.o (.text.DL_I2C_startControllerTransfer)
                  000041a4    00000050     ti_msp_dl_config.o (.text.SysTick_Config)
                  000041f4    00000050     oled.o (.text.oled_write_byte)
                  00004244    0000004e     libclang_rt.builtins.a : floatdisf.S.obj (.text.__floatdisf)
                  00004292    00000002     --HOLE-- [fill = 0]
                  00004294    0000004c     empty.o (.text.DL_GPIO_initDigitalInputFeatures)
                  000042e0    0000004c     ti_msp_dl_config.o (.text.DL_GPIO_initDigitalInputFeatures)
                  0000432c    0000004c     ti_msp_dl_config.o (.text.DL_UART_setBaudRateDivisor)
                  00004378    0000004a     libclang_rt.builtins.a : fixdfsi.S.obj (.text.__fixdfsi)
                  000043c2    00000002     --HOLE-- [fill = 0]
                  000043c4    00000048     driverlib.a : dl_uart.o (.text.DL_UART_init)
                  0000440c    00000048     attitude.o (.text.attitude_reset_calibration_accumulator)
                  00004454    00000048     attitude.o (.text.attitude_set_zero_from_accel)
                  0000449c    00000048     icm42688.o (.text.icm42688_prepare_transfer)
                  000044e4    00000048     oled.o (.text.oled_clear_line)
                  0000452c    00000044     driverlib.a : dl_sysctl_mspm0g1x0x_g3x0x.o (.text.DL_SYSCTL_switchMCLKfromSYSOSCtoHSCLK)
                  00004570    00000040     ti_msp_dl_config.o (.text.SYSCFG_DL_UART0_init)
                  000045b0    00000040     libclang_rt.builtins.a : aeabi_uidivmod.S.obj (.text.__aeabi_uidivmod)
                  000045f0    00000040                            : extendsfdf2.S.obj (.text.__extendsfdf2)
                  00004630    00000040     oled.o (.text.oled_reverse_bits)
                  00004670    0000003e     attitude.o (.text.attitude_clamp)
                  000046ae    0000003e     oled.o (.text.oled_print_string)
                  000046ec    0000003c     driverlib.a : dl_i2c.o (.text.DL_I2C_flushControllerTXFIFO)
                  00004728    0000003c     ti_msp_dl_config.o (.text.DL_Timer_setCounterControl)
                  00004764    0000003c     libclang_rt.builtins.a : floatsisf.S.obj (.text.__floatsisf)
                  000047a0    0000003c                            : comparesf2.S.obj (.text.__gtsf2)
                  000047dc    0000003c     attitude.o (.text.attitude_apply_deadband)
                  00004818    0000003c     libc.a : autoinit.c.obj (.text:__TI_auto_init_nobinit_nopinit)
                  00004854    0000003a     libclang_rt.builtins.a : comparesf2.S.obj (.text.__eqsf2)
                  0000488e    00000002     --HOLE-- [fill = 0]
                  00004890    0000003a                            : muldsi3.S.obj (.text.__muldsi3)
                  000048ca    00000002     --HOLE-- [fill = 0]
                  000048cc    00000038                            : fixsfsi.S.obj (.text.__fixsfsi)
                  00004904    00000038     attitude.o (.text.attitude_get_euler)
                  0000493c    00000038     encoder.o (.text.encoder_update_left)
                  00004974    00000038     encoder.o (.text.encoder_update_right)
                  000049ac    00000038     icm42688.o (.text.icm42688_clear_raw)
                  000049e4    00000036     oled.o (.text.oled_clear)
                  00004a1a    00000002     --HOLE-- [fill = 0]
                  00004a1c    00000034     oled.o (.text.oled_dc)
                  00004a50    00000034     oled.o (.text.oled_rst)
                  00004a84    00000034     oled.o (.text.oled_scl)
                  00004ab8    00000034     oled.o (.text.oled_sda)
                  00004aec    00000030     driverlib.a : dl_i2c.o (.text.DL_I2C_flushControllerRXFIFO)
                  00004b1c    00000030     ti_msp_dl_config.o (.text.SYSCFG_DL_init)
                  00004b4c    0000002e     empty.o (.text.menu_key_load_state)
                  00004b7a    00000002     --HOLE-- [fill = 0]
                  00004b7c    0000002c     libclang_rt.builtins.a : floatsidf.S.obj (.text.__floatsidf)
                  00004ba8    0000002c     attitude.o (.text.attitude_raw_is_valid)
                  00004bd4    00000028     icm42688.o (.text.DL_Common_updateReg)
                  00004bfc    00000028     ti_msp_dl_config.o (.text.DL_Common_updateReg)
                  00004c24    00000028     ti_msp_dl_config.o (.text.DL_I2C_setControllerRXFIFOThreshold)
                  00004c4c    00000028     ti_msp_dl_config.o (.text.DL_I2C_setControllerTXFIFOThreshold)
                  00004c74    00000028     libclang_rt.builtins.a : floatunsisf.S.obj (.text.__floatunsisf)
                  00004c9c    00000028     delay.o (.text.delay_tick)
                  00004cc4    00000028     libc.a : boot_cortex_m.c.obj (.text:_c_int00_noargs)
                  00004cec    00000026     ti_msp_dl_config.o (.text.DL_I2C_setAnalogGlitchFilterPulseWidth)
                  00004d12    00000026     driverlib.a : dl_i2c.o (.text.DL_I2C_setClockConfig)
                  00004d38    00000026     vofa.o (.text.uart0_send_string)
                  00004d5e    00000002     --HOLE-- [fill = 0]
                  00004d60    00000024     libclang_rt.builtins.a : floatunsidf.S.obj (.text.__floatunsidf)
                  00004d84    00000024     oled.o (.text.oled_physical_page)
                  00004da8    00000020     ti_msp_dl_config.o (.text.DL_GPIO_initPeripheralInputFunction)
                  00004dc8    00000020     ti_msp_dl_config.o (.text.DL_SYSCTL_setFlashWaitState)
                  00004de8    00000020     delay.o (.text.delay_ms)
                  00004e08    00000020     encoder.o (.text.encoder_left_b_is_high)
                  00004e28    00000020     encoder.o (.text.encoder_right_b_is_high)
                  00004e48    0000001e     ti_msp_dl_config.o (.text.DL_UART_setOversampling)
                  00004e66    0000001e     icm42688.o (.text.icm42688_to_i16)
                  00004e84    0000001c     encoder.o (.text.DL_GPIO_clearInterruptStatus)
                  00004ea0    0000001c     ti_msp_dl_config.o (.text.DL_GPIO_clearInterruptStatus)
                  00004ebc    0000001c     ti_msp_dl_config.o (.text.DL_GPIO_enableHiZ)
                  00004ed8    0000001c     ti_msp_dl_config.o (.text.DL_GPIO_enableInterrupt)
                  00004ef4    0000001c     ti_msp_dl_config.o (.text.DL_GPIO_initPeripheralOutputFunction)
                  00004f10    0000001c     icm42688.o (.text.DL_I2C_isControllerRXFIFOEmpty)
                  00004f2c    0000001c     driverlib.a : dl_sysctl_mspm0g1x0x_g3x0x.o (.text.DL_SYSCTL_configFCC)
                  00004f48    0000001c     ti_msp_dl_config.o (.text.DL_SYSCTL_setFCCPeriods)
                  00004f64    0000001c     ti_msp_dl_config.o (.text.DL_SYSCTL_setSYSOSCFreq)
                  00004f80    0000001c     ti_msp_dl_config.o (.text.DL_SYSCTL_setULPCLKDivider)
                  00004f9c    0000001c     driverlib.a : dl_timer.o (.text.DL_Timer_setCaptCompUpdateMethod)
                  00004fb8    0000001c                 : dl_timer.o (.text.DL_Timer_setClockConfig)
                  00004fd4    0000001c     ti_msp_dl_config.o (.text.DL_UART_enableInterrupt)
                  00004ff0    0000001c     empty.o (.text.menu_key_is_pressed)
                  0000500c    0000001c     oled.o (.text.oled_write_cmd)
                  00005028    0000001c     oled.o (.text.oled_write_data)
                  00005044    0000001a     icm42688.o (.text.icm42688_read_reg)
                  0000505e    00000002     --HOLE-- [fill = 0]
                  00005060    00000018     ti_msp_dl_config.o (.text.DL_GPIO_enableOutput)
                  00005078    00000018     ti_msp_dl_config.o (.text.DL_GPIO_enablePower)
                  00005090    00000018     encoder.o (.text.DL_GPIO_getEnabledInterruptStatus)
                  000050a8    00000018     ti_msp_dl_config.o (.text.DL_GPIO_initDigitalOutput)
                  000050c0    00000018     ti_msp_dl_config.o (.text.DL_GPIO_reset)
                  000050d8    00000018     empty.o (.text.DL_GPIO_setPins)
                  000050f0    00000018     oled.o (.text.DL_GPIO_setPins)
                  00005108    00000018     ti_msp_dl_config.o (.text.DL_GPIO_setPins)
                  00005120    00000018     ti_msp_dl_config.o (.text.DL_GPIO_setUpperPinsPolarity)
                  00005138    00000018     ti_msp_dl_config.o (.text.DL_I2C_enableAnalogGlitchFilter)
                  00005150    00000018     ti_msp_dl_config.o (.text.DL_I2C_enableController)
                  00005168    00000018     ti_msp_dl_config.o (.text.DL_I2C_enableControllerClockStretching)
                  00005180    00000018     ti_msp_dl_config.o (.text.DL_I2C_enablePower)
                  00005198    00000018     ti_msp_dl_config.o (.text.DL_I2C_reset)
                  000051b0    00000018     ti_msp_dl_config.o (.text.DL_I2C_setTimerPeriod)
                  000051c8    00000018     ti_msp_dl_config.o (.text.DL_SYSCTL_setBORThreshold)
                  000051e0    00000018     ti_msp_dl_config.o (.text.DL_Timer_enablePower)
                  000051f8    00000018     ti_msp_dl_config.o (.text.DL_Timer_reset)
                  00005210    00000018     driverlib.a : dl_timer.o (.text.DL_Timer_setCaptureCompareOutCtl)
                  00005228    00000018     ti_msp_dl_config.o (.text.DL_UART_enablePower)
                  00005240    00000018     bluetooth.o (.text.DL_UART_isRXFIFOEmpty)
                  00005258    00000018     uart_cmd.o (.text.DL_UART_isRXFIFOEmpty)
                  00005270    00000018     vofa.o (.text.DL_UART_isTXFIFOFull)
                  00005288    00000018     ti_msp_dl_config.o (.text.DL_UART_reset)
                  000052a0    00000016     empty.o (.text.DL_GPIO_readPins)
                  000052b6    00000016     encoder.o (.text.DL_GPIO_readPins)
                  000052cc    00000016     ti_msp_dl_config.o (.text.DL_UART_enable)
                  000052e2    00000016     vofa.o (.text.DL_UART_transmitData)
                  000052f8    00000016     libc.a : k_rem_pio2.c.obj (.text.OUTLINED_FUNCTION_0)
                  0000530e    00000002     --HOLE-- [fill = 0]
                  00005310    00000010     libclang_rt.builtins.a : adddf3.S.obj (.tramp.__aeabi_dadd.1)
                  00005320    00000016     libc.a : copy_zero_init.c.obj (.text:decompress:ZI:__TI_zero_init_nomemset)
                  00005336    00000014     oled.o (.text.DL_GPIO_clearPins)
                  0000534a    00000002     --HOLE-- [fill = 0]
                  0000534c    00000014     icm42688.o (.text.DL_I2C_getControllerStatus)
                  00005360    00000014     icm42688.o (.text.DL_I2C_receiveControllerData)
                  00005374    00000014     icm42688.o (.text.DL_I2C_resetControllerTransfer)
                  00005388    00000014     ti_msp_dl_config.o (.text.DL_I2C_resetControllerTransfer)
                  0000539c    00000014     ti_msp_dl_config.o (.text.DL_SYSCTL_disableSYSPLL)
                  000053b0    00000014     ti_msp_dl_config.o (.text.DL_SYSCTL_enableSYSPLL)
                  000053c4    00000014     ti_msp_dl_config.o (.text.DL_Timer_enableClock)
                  000053d8    00000014     ti_msp_dl_config.o (.text.DL_Timer_setCCPDirection)
                  000053ec    00000014     bluetooth.o (.text.DL_UART_receiveData)
                  00005400    00000014     uart_cmd.o (.text.DL_UART_receiveData)
                  00005414    00000014     empty.o (.text.menu_init)
                  00005428    00000012     bluetooth.o (.text.DL_UART_getPendingInterrupt)
                  0000543a    00000012     uart_cmd.o (.text.DL_UART_getPendingInterrupt)
                  0000544c    00000012     driverlib.a : dl_uart.o (.text.DL_UART_setClockConfig)
                  0000545e    00000012     libc.a : memcpy16.S.obj (.text:TI_memcpy_small)
                  00005470    00000012            : copy_decompress_none.c.obj (.text:decompress:none)
                  00005482    00000002     --HOLE-- [fill = 0]
                  00005484    00000010     ti_msp_dl_config.o (.text.DL_SYSCTL_disableHFXT)
                  00005494    00000010     ti_msp_dl_config.o (.text.DL_SYSCTL_isFCCDone)
                  000054a4    00000010     ti_msp_dl_config.o (.text.DL_SYSCTL_startFCC)
                  000054b4    00000010     driverlib.a : dl_timer.o (.text.DL_Timer_setCaptureCompareValue)
                  000054c4    00000010     libc.a : k_rem_pio2.c.obj (.text.OUTLINED_FUNCTION_2)
                  000054d4    00000010     ti_msp_dl_config.o (.text.SYSCFG_DL_SYSTICK_init)
                  000054e4    0000000c     ti_msp_dl_config.o (.text.DL_SYSCTL_getClockStatus)
                  000054f0    0000000c     ti_msp_dl_config.o (.text.DL_SYSCTL_readFCC)
                  000054fc    0000000c     delay.o (.text.delay_get_ms)
                  00005508    0000000a     driverlib.a : dl_common.o (.text.DL_Common_delayCycles)
                  00005512    0000000a     libc.a : s_tanf.c.obj (.text.OUTLINED_FUNCTION_0)
                  0000551c    0000000a            : k_rem_pio2.c.obj (.text.OUTLINED_FUNCTION_1)
                  00005526    0000000a            : s_cosf.c.obj (.text.OUTLINED_FUNCTION_3)
                  00005530    0000000a            : s_sinf.c.obj (.text.OUTLINED_FUNCTION_3)
                  0000553a    00000008     empty.o (.text.SysTick_Handler)
                  00005542    00000008     uart_cmd.o (.text.UART0_IRQHandler)
                  0000554a    00000002     --HOLE-- [fill = 0]
                  0000554c    00000008     libc.a : aeabi_portable.c.obj (.text.__aeabi_errno_addr)
                  00005554    00000008     libclang_rt.builtins.a : aeabi_memcpy.S.obj (.text.__aeabi_memcpy)
                  0000555c    00000006     libc.a : s_atanf.c.obj (.text.OUTLINED_FUNCTION_0)
                  00005562    00000002     --HOLE-- [fill = 0]
                  00005564    00000010     libclang_rt.builtins.a : divsf3.S.obj (.tramp.__aeabi_fdiv.1)
                  00005574    00000006     libc.a : s_cosf.c.obj (.text.OUTLINED_FUNCTION_0)
                  0000557a    00000002     --HOLE-- [fill = 0]
                  0000557c    00000010     libclang_rt.builtins.a : muldf3.S.obj (.tramp.__aeabi_dmul.1)
                  0000558c    00000006     libc.a : s_sinf.c.obj (.text.OUTLINED_FUNCTION_0)
                  00005592    00000006            : s_cosf.c.obj (.text.OUTLINED_FUNCTION_1)
                  00005598    00000006            : s_sinf.c.obj (.text.OUTLINED_FUNCTION_1)
                  0000559e    00000006            : exit.c.obj (.text:abort)
                  000055a4    00000004     startup_mspm0g350x_ticlang.o (.text.Default_Handler)
                  000055a8    00000004     libsysbm.a : hostexit.c.obj (.text.HOSTexit)
                  000055ac    00000004     libc.a : s_atanf.c.obj (.text.OUTLINED_FUNCTION_1)
                  000055b0    00000010     libclang_rt.builtins.a : addsf3.S.obj (.tramp.__aeabi_fadd.1)
                  000055c0    00000004     libc.a : s_tanf.c.obj (.text.OUTLINED_FUNCTION_1)
                  000055c4    00000010     libclang_rt.builtins.a : extendsfdf2.S.obj (.tramp.__aeabi_f2d.1)
                  000055d4    00000004     libc.a : s_cosf.c.obj (.text.OUTLINED_FUNCTION_2)
                  000055d8    00000004            : s_sinf.c.obj (.text.OUTLINED_FUNCTION_2)
                  000055dc    00000004     startup_mspm0g350x_ticlang.o (.text.Reset_Handler)
                  000055e0    00000010     libc.a : boot_cortex_m.c.obj (.tramp._c_int00_noargs.1)
                  000055f0    00000004            : pre_init.c.obj (.text._system_pre_init)
                  000055f4    0000000c     --HOLE-- [fill = 0]

.cinit     0    00005a00    00000038     
                  00005a00    0000000f     (.cinit..data.load) [load image, compression = lzss]
                  00005a0f    00000001     --HOLE-- [fill = 0]
                  00005a10    0000000c     (__TI_handler_table)
                  00005a1c    00000008     (.cinit..bss.load) [load image, compression = zero_init]
                  00005a24    00000010     (__TI_cinit_table)
                  00005a34    00000004     --HOLE-- [fill = 0]

.rodata    0    00005600    00000400     
                  00005600    000001e0     oled.o (.rodata.g_font5x7)
                  000057e0    00000108     libc.a : k_rem_pio2.c.obj (.rodata.ipio2)
                  000058e8    00000040            : k_rem_pio2.c.obj (.rodata.PIo2)
                  00005928    00000028     ti_msp_dl_config.o (.rodata.gSYSPLLConfig)
                  00005950    00000020     libc.a : s_atanf.c.obj (.rodata.cst16)
                  00005970    00000014     empty.o (.rodata.g_menuItems)
                  00005984    00000010     libc.a : k_rem_pio2.c.obj (.rodata.cst16)
                  00005994    0000000a     ti_msp_dl_config.o (.rodata.gUART0Config)
                  0000599e    0000000a     ti_msp_dl_config.o (.rodata.gUART_1Config)
                  000059a8    00000009     empty.o (.rodata.str1.11898133897667081452.1)
                  000059b1    00000009     empty.o (.rodata.str1.150872071346279890.1)
                  000059ba    00000009     vofa.o (.rodata.str1.15592850640436249970.1)
                  000059c3    00000009     empty.o (.rodata.str1.16704889451495720520.1)
                  000059cc    00000009     empty.o (.rodata.str1.17669528882079347314.1)
                  000059d5    00000009     empty.o (.rodata.str1.7401042497206923953.1)
                  000059de    00000002     ti_msp_dl_config.o (.rodata.gI2C_ICM42688ClockConfig)
                  000059e0    00000008     ti_msp_dl_config.o (.rodata.gPWMConfig)
                  000059e8    00000005     empty.o (.rodata.str1.254342170260855183.1)
                  000059ed    00000005     empty.o (.rodata.str1.9517790425240694019.1)
                  000059f2    00000003     ti_msp_dl_config.o (.rodata.gPWMClockConfig)
                  000059f5    00000003     empty.o (.rodata.str1.14685083708502177989.1)
                  000059f8    00000002     ti_msp_dl_config.o (.rodata.gUART0ClockConfig)
                  000059fa    00000002     ti_msp_dl_config.o (.rodata.gUART_1ClockConfig)
                  000059fc    00000004     --HOLE-- [fill = 0]

.init_array 
*          0    00000000    00000000     UNINITIALIZED

.binit     0    00000000    00000000     

.bss       0    20200000    00000198     UNINITIALIZED
                  20200000    000000a0     (.common:gPWMBackup)
                  202000a0    00000080     bluetooth.o (.bss.g_rxBuffer)
                  20200120    00000050     uart_cmd.o (.bss.g_uartCmdBuffer)
                  20200170    00000024     empty.o (.bss.g_menuKeys)
                  20200194    00000004     empty.o (.bss.g_menu)

.data      0    20200198    00000081     UNINITIALIZED
                  20200198    00000008     attitude.o (.data.g_accCalSumX)
                  202001a0    00000008     attitude.o (.data.g_accCalSumY)
                  202001a8    00000008     attitude.o (.data.g_accCalSumZ)
                  202001b0    00000008     attitude.o (.data.g_gyroCalSumX)
                  202001b8    00000008     attitude.o (.data.g_gyroCalSumY)
                  202001c0    00000008     attitude.o (.data.g_gyroCalSumZ)
                  202001c8    00000004     libc.a : aeabi_portable.c.obj (.data.__aeabi_errno)
                  202001cc    00000004     delay.o (.data.delay_ms_ticks)
                  202001d0    00000004     delay.o (.data.delay_times)
                  202001d4    00000004     attitude.o (.data.g_accFiltX)
                  202001d8    00000004     attitude.o (.data.g_accFiltY)
                  202001dc    00000004     attitude.o (.data.g_accFiltZ)
                  202001e0    00000004     encoder.o (.data.g_encoderLeftCount)
                  202001e4    00000004     encoder.o (.data.g_encoderRightCount)
                  202001e8    00000004     attitude.o (.data.g_gyroBiasX)
                  202001ec    00000004     attitude.o (.data.g_gyroBiasY)
                  202001f0    00000004     attitude.o (.data.g_gyroBiasZ)
                  202001f4    00000004     attitude.o (.data.g_gyroCalCount)
                  202001f8    00000004     attitude.o (.data.g_gyroZDps)
                  202001fc    00000004     attitude.o (.data.g_pitchDeg)
                  20200200    00000004     attitude.o (.data.g_pitchZeroDeg)
                  20200204    00000004     attitude.o (.data.g_rollDeg)
                  20200208    00000004     attitude.o (.data.g_rollZeroDeg)
                  2020020c    00000004     attitude.o (.data.g_yawDeg)
                  20200210    00000001     attitude.o (.data.g_accFilterReady)
                  20200211    00000001     oled.o (.data.g_cursorColumn)
                  20200212    00000001     oled.o (.data.g_cursorPage)
                  20200213    00000001     attitude.o (.data.g_gyroCalibrated)
                  20200214    00000001     icm42688.o (.data.g_icm42688Address)
                  20200215    00000001     bluetooth.o (.data.g_rxHead)
                  20200216    00000001     bluetooth.o (.data.g_rxTail)
                  20200217    00000001     uart_cmd.o (.data.g_uartCmdIndex)
                  20200218    00000001     uart_cmd.o (.data.g_uartCmdReady)

.stack     0    20207e00    00000200     UNINITIALIZED
                  20207e00    00000004     libc.a : boot_cortex_m.c.obj (.stack)
                  20207e04    000001fc     --HOLE--

__llvm_prf_cnts 
*          0    20200000    00000000     UNINITIALIZED

__llvm_prf_bits 
*          0    20200000    00000000     UNINITIALIZED

MODULE SUMMARY

       Module                         code    ro data   rw data
       ------                         ----    -------   -------
    .\
       ti_msp_dl_config.o             2886    77        160    
       empty.o                        1464    78        40     
       startup_mspm0g350x_ticlang.o   8       192       0      
    +--+------------------------------+-------+---------+---------+
       Total:                         4358    347       200    
                                                               
    .\Src\
       attitude.o                     2830    0         102    
       icm42688.o                     2340    0         1      
       oled.o                         1130    480       2      
       vofa.o                         640     9         0      
       encoder.o                      378     0         8      
       uart_cmd.o                     250     0         82     
       bluetooth.o                    170     0         130    
       delay.o                        84      0         8      
    +--+------------------------------+-------+---------+---------+
       Total:                         7822    489       333    
                                                               
    C:/TI/mspm0_sdk_2_10_00_04/source/ti/driverlib/lib/ticlang/m0p/mspm0g1x0x_g3x0x/driverlib.a
       dl_timer.o                     356     0         0      
       dl_sysctl_mspm0g1x0x_g3x0x.o   316     0         0      
       dl_i2c.o                       240     0         0      
       dl_uart.o                      90      0         0      
       dl_common.o                    10      0         0      
    +--+------------------------------+-------+---------+---------+
       Total:                         1012    0         0      
                                                               
    D:\ti\ccs2050\ccs\tools\compiler\ti-cgt-armllvm_4.0.4.LTS\lib\armv6m-ti-none-eabi/c/libc.a
       k_rem_pio2.c.obj               1652    344       0      
       s_cosf.c.obj                   822     0         0      
       s_sinf.c.obj                   810     0         0      
       s_tanf.c.obj                   746     0         0      
       s_atanf.c.obj                  466     32        0      
       s_floor.c.obj                  324     0         0      
       e_atan2f.c.obj                 280     0         0      
       s_scalbn.c.obj                 216     0         0      
       e_sqrtf.c.obj                  160     0         0      
       copy_decompress_lzss.c.obj     124     0         0      
       autoinit.c.obj                 60      0         0      
       boot_cortex_m.c.obj            56      0         0      
       copy_zero_init.c.obj           22      0         0      
       copy_decompress_none.c.obj     18      0         0      
       memcpy16.S.obj                 18      0         0      
       aeabi_portable.c.obj           8       0         4      
       exit.c.obj                     6       0         0      
       pre_init.c.obj                 4       0         0      
    +--+------------------------------+-------+---------+---------+
       Total:                         5792    376       4      
                                                               
    D:\ti\ccs2050\ccs\tools\compiler\ti-cgt-armllvm_4.0.4.LTS\lib\armv6m-ti-none-eabi/c/libsysbm.a
       hostexit.c.obj                 4       0         0      
    +--+------------------------------+-------+---------+---------+
       Total:                         4       0         0      
                                                               
    D:\ti\ccs2050\ccs\tools\compiler\ti-cgt-armllvm_4.0.4.LTS\lib\armv6m-ti-none-eabi/libclang_rt.builtins.a
       adddf3.S.obj                   418     0         0      
       divdf3.S.obj                   268     0         0      
       muldf3.S.obj                   244     0         0      
       addsf3.S.obj                   232     0         0      
       comparedf2.c.obj               220     0         0      
       divsf3.S.obj                   146     0         0      
       mulsf3.S.obj                   140     0         0      
       comparesf2.S.obj               118     0         0      
       truncdfsf2.S.obj               116     0         0      
       aeabi_dcmp.S.obj               98      0         0      
       aeabi_fcmp.S.obj               98      0         0      
       aeabi_idivmod.S.obj            86      0         0      
       extendsfdf2.S.obj              80      0         0      
       floatdisf.S.obj                78      0         0      
       fixdfsi.S.obj                  74      0         0      
       aeabi_uidivmod.S.obj           64      0         0      
       floatsisf.S.obj                60      0         0      
       muldsi3.S.obj                  58      0         0      
       fixsfsi.S.obj                  56      0         0      
       floatsidf.S.obj                44      0         0      
       floatunsisf.S.obj              40      0         0      
       floatunsidf.S.obj              36      0         0      
       aeabi_memcpy.S.obj             8       0         0      
       aeabi_div0.c.obj               2       0         0      
    +--+------------------------------+-------+---------+---------+
       Total:                         2784    0         0      
                                                               
       Stack:                         0       0         512    
       Linker Generated:              0       51        0      
    +--+------------------------------+-------+---------+---------+
       Grand Total:                   21772   1263      1049   


LINKER GENERATED COPY TABLES

__TI_cinit_table @ 00005a24 records: 2, size/record: 8, table size: 16
	.data: load addr=00005a00, load size=0000000f bytes, run addr=20200198, run size=00000081 bytes, compression=lzss
	.bss: load addr=00005a1c, load size=00000008 bytes, run addr=20200000, run size=00000198 bytes, compression=zero_init


LINKER GENERATED HANDLER TABLE

__TI_handler_table @ 00005a10 records: 3, size/record: 4, table size: 12
	index: 0, handler: __TI_decompress_lzss
	index: 1, handler: __TI_decompress_none
	index: 2, handler: __TI_zero_init


FAR CALL TRAMPOLINES

callee name               trampoline name
   callee addr  tramp addr   call addr  call info
--------------  -----------  ---------  ----------------
__aeabi_dadd              $Tramp$TT$L$PI$$__aeabi_dadd
   00001abb     00005310     0000530c   libc.a : k_rem_pio2.c.obj (.text.OUTLINED_FUNCTION_0)
                             0000551a          : s_tanf.c.obj (.text.OUTLINED_FUNCTION_0)
                             00005524          : k_rem_pio2.c.obj (.text.OUTLINED_FUNCTION_1)
                             0000552e          : s_cosf.c.obj (.text.OUTLINED_FUNCTION_3)
                             00005538          : s_sinf.c.obj (.text.OUTLINED_FUNCTION_3)
__aeabi_fdiv              $Tramp$TT$L$PI$$__aeabi_fdiv
   0000367d     00005564     00005560   libc.a : s_atanf.c.obj (.text.OUTLINED_FUNCTION_0)
__aeabi_dmul              $Tramp$TT$L$PI$$__aeabi_dmul
   00002685     0000557c     00005578   libc.a : s_cosf.c.obj (.text.OUTLINED_FUNCTION_0)
                             00005590          : s_sinf.c.obj (.text.OUTLINED_FUNCTION_0)
                             00005596          : s_cosf.c.obj (.text.OUTLINED_FUNCTION_1)
                             0000559c          : s_sinf.c.obj (.text.OUTLINED_FUNCTION_1)
__aeabi_fadd              $Tramp$TT$L$PI$$__aeabi_fadd
   000029ff     000055b0     000055ae   libc.a : s_atanf.c.obj (.text.OUTLINED_FUNCTION_1)
__aeabi_f2d               $Tramp$TT$L$PI$$__aeabi_f2d
   000045f1     000055c4     000055c2   libc.a : s_tanf.c.obj (.text.OUTLINED_FUNCTION_1)
                             000055d6          : s_cosf.c.obj (.text.OUTLINED_FUNCTION_2)
                             000055da          : s_sinf.c.obj (.text.OUTLINED_FUNCTION_2)
_c_int00_noargs           $Tramp$TT$L$PI$$_c_int00_noargs
   00004cc5     000055e0     000055dc   startup_mspm0g350x_ticlang.o (.text.Reset_Handler)

[6 trampolines]
[15 trampoline calls]


GLOBAL SYMBOLS: SORTED ALPHABETICALLY BY Name 

address   name                                 
-------   ----                                 
000055a5  ADC0_IRQHandler                      
000055a5  ADC1_IRQHandler                      
000055a5  AES_IRQHandler                       
000055a8  C$$EXIT                              
000055a5  CANFD0_IRQHandler                    
000055a5  DAC0_IRQHandler                      
00005509  DL_Common_delayCycles                
00003ef1  DL_I2C_fillControllerTXFIFO          
00004aed  DL_I2C_flushControllerRXFIFO         
000046ed  DL_I2C_flushControllerTXFIFO         
00004d13  DL_I2C_setClockConfig                
00004f2d  DL_SYSCTL_configFCC                  
00002769  DL_SYSCTL_configSYSPLL               
0000452d  DL_SYSCTL_switchMCLKfromSYSOSCtoHSCLK
00002495  DL_Timer_initFourCCPWMMode           
00004f9d  DL_Timer_setCaptCompUpdateMethod     
00005211  DL_Timer_setCaptureCompareOutCtl     
000054b5  DL_Timer_setCaptureCompareValue      
00004fb9  DL_Timer_setClockConfig              
000043c5  DL_UART_init                         
0000544d  DL_UART_setClockConfig               
000055a5  DMA_IRQHandler                       
000055a5  Default_Handler                      
000055a5  GROUP0_IRQHandler                    
00003ad9  GROUP1_IRQHandler                    
000055a9  HOSTexit                             
000055a5  HardFault_Handler                    
000055a5  I2C0_IRQHandler                      
000055a5  I2C1_IRQHandler                      
000055a5  NMI_Handler                          
000055a5  PendSV_Handler                       
000055a5  RTC_IRQHandler                       
000055dd  Reset_Handler                        
000055a5  SPI0_IRQHandler                      
000055a5  SPI1_IRQHandler                      
000055a5  SVC_Handler                          
00001c45  SYSCFG_DL_GPIO_init                  
00003fad  SYSCFG_DL_I2C_ICM42688_init          
00003235  SYSCFG_DL_PWM_init                   
00002599  SYSCFG_DL_SYSCTL_SYSPLL_init         
00003c2d  SYSCFG_DL_SYSCTL_init                
000054d5  SYSCFG_DL_SYSTICK_init               
00004571  SYSCFG_DL_UART0_init                 
0000405d  SYSCFG_DL_UART_1_init                
00004b1d  SYSCFG_DL_init                       
0000387d  SYSCFG_DL_initPower                  
0000553b  SysTick_Handler                      
000055a5  TIMA0_IRQHandler                     
000055a5  TIMA1_IRQHandler                     
000055a5  TIMG0_IRQHandler                     
000055a5  TIMG12_IRQHandler                    
000055a5  TIMG6_IRQHandler                     
000055a5  TIMG7_IRQHandler                     
000055a5  TIMG8_IRQHandler                     
0000545f  TI_memcpy_small                      
00005543  UART0_IRQHandler                     
00003b55  UART1_IRQHandler                     
000055a5  UART2_IRQHandler                     
000055a5  UART3_IRQHandler                     
20208000  __STACK_END                          
00000200  __STACK_SIZE                         
00000000  __TI_ATRegion0_region_sz             
00000000  __TI_ATRegion0_src_addr              
00000000  __TI_ATRegion0_trg_addr              
00000000  __TI_ATRegion1_region_sz             
00000000  __TI_ATRegion1_src_addr              
00000000  __TI_ATRegion1_trg_addr              
00000000  __TI_ATRegion2_region_sz             
00000000  __TI_ATRegion2_src_addr              
00000000  __TI_ATRegion2_trg_addr              
00005a24  __TI_CINIT_Base                      
00005a34  __TI_CINIT_Limit                     
00005a34  __TI_CINIT_Warm                      
00005a10  __TI_Handler_Table_Base              
00005a1c  __TI_Handler_Table_Limit             
00004819  __TI_auto_init_nobinit_nopinit       
000038f9  __TI_decompress_lzss                 
00005471  __TI_decompress_none                 
ffffffff  __TI_pprof_out_hndl                  
ffffffff  __TI_prof_data_size                  
ffffffff  __TI_prof_data_start                 
00000000  __TI_static_base__                   
00005321  __TI_zero_init_nomemset              
00001abb  __adddf3                             
000029ff  __addsf3                             
00003ae1  __aeabi_d2f                          
00004379  __aeabi_d2iz                         
00001abb  __aeabi_dadd                         
00003dc9  __aeabi_dcmpeq                       
00003e05  __aeabi_dcmpge                       
00003e19  __aeabi_dcmpgt                       
00003df1  __aeabi_dcmple                       
00003ddd  __aeabi_dcmplt                       
00002281  __aeabi_ddiv                         
00002685  __aeabi_dmul                         
00001ab1  __aeabi_dsub                         
202001c8  __aeabi_errno                        
0000554d  __aeabi_errno_addr                   
000045f1  __aeabi_f2d                          
000048cd  __aeabi_f2iz                         
000029ff  __aeabi_fadd                         
00003e2d  __aeabi_fcmpeq                       
00003e69  __aeabi_fcmpge                       
00003e7d  __aeabi_fcmpgt                       
00003e55  __aeabi_fcmple                       
00003e41  __aeabi_fcmplt                       
0000367d  __aeabi_fdiv                         
000032c5  __aeabi_fmul                         
000029f5  __aeabi_fsub                         
00004b7d  __aeabi_i2d                          
00004765  __aeabi_i2f                          
00004005  __aeabi_idiv                         
00001c43  __aeabi_idiv0                        
00004005  __aeabi_idivmod                      
00004245  __aeabi_l2f                          
00005555  __aeabi_memcpy                       
00005555  __aeabi_memcpy4                      
00005555  __aeabi_memcpy8                      
00004d61  __aeabi_ui2d                         
00004c75  __aeabi_ui2f                         
000045b1  __aeabi_uidiv                        
000045b1  __aeabi_uidivmod                     
ffffffff  __binit__                            
00003c95  __cmpdf2                             
00004855  __cmpsf2                             
00002281  __divdf3                             
0000367d  __divsf3                             
00003c95  __eqdf2                              
00004855  __eqsf2                              
000045f1  __extendsfdf2                        
00004379  __fixdfsi                            
000048cd  __fixsfsi                            
00004245  __floatdisf                          
00004b7d  __floatsidf                          
00004765  __floatsisf                          
00004d61  __floatunsidf                        
00004c75  __floatunsisf                        
00003a65  __gedf2                              
000047a1  __gesf2                              
00003a65  __gtdf2                              
000047a1  __gtsf2                              
000000c1  __kernel_rem_pio2                    
00003c95  __ledf2                              
00004855  __lesf2                              
00003c95  __ltdf2                              
00004855  __ltsf2                              
UNDEFED   __mpu_init                           
00002685  __muldf3                             
00004891  __muldsi3                            
000032c5  __mulsf3                             
00003c95  __nedf2                              
00004855  __nesf2                              
20207e00  __stack                              
20200000  __start___llvm_prf_bits              
20200000  __start___llvm_prf_cnts              
20200000  __stop___llvm_prf_bits               
20200000  __stop___llvm_prf_cnts               
00001ab1  __subdf3                             
000029f5  __subsf3                             
00003ae1  __truncdfsf2                         
00004cc5  _c_int00_noargs                      
UNDEFED   _system_post_cinit                   
000055f1  _system_pre_init                     
0000559f  abort                                
00002169  atan2f                               
00001571  atanf                                
00000f59  attitude_calibrate_gyro              
00004905  attitude_get_euler                   
00003469  attitude_init                        
00000705  attitude_update_from_icm42688        
ffffffff  binit                                
0000139d  cosf                                 
000054fd  delay_get_ms                         
00004de9  delay_ms                             
00004c9d  delay_tick                           
202001d0  delay_times                          
000039ed  encoder_gpio_irq_handler             
00001dd1  floor                                
00001dd1  floorl                               
20200000  gPWMBackup                           
00002041  icm42688_init                        
00003105  icm42688_read_raw                    
00000000  interruptVectors                     
0000291d  ldexp                                
0000291d  ldexpl                               
0000117d  main                                 
000049e5  oled_clear                           
000044e5  oled_clear_line                      
00002acd  oled_init                            
00003351  oled_print_char                      
000046af  oled_print_string                    
00003bc1  oled_set_cursor                      
0000291d  scalbn                               
0000291d  scalbnl                              
00001739  sinf                                 
00002f2d  sqrtf                                
00001901  tanf                                 
00003e91  uart0_send_byte                      
00002c65  uart0_send_float                     
000035f9  uart0_send_int                       
00004d39  uart0_send_string                    
00002d21  uart_cmd_irq_handler                 
000033dd  vofa_send_six_float                  


GLOBAL SYMBOLS: SORTED BY Symbol Address 

address   name                                 
-------   ----                                 
00000000  __TI_ATRegion0_region_sz             
00000000  __TI_ATRegion0_src_addr              
00000000  __TI_ATRegion0_trg_addr              
00000000  __TI_ATRegion1_region_sz             
00000000  __TI_ATRegion1_src_addr              
00000000  __TI_ATRegion1_trg_addr              
00000000  __TI_ATRegion2_region_sz             
00000000  __TI_ATRegion2_src_addr              
00000000  __TI_ATRegion2_trg_addr              
00000000  __TI_static_base__                   
00000000  interruptVectors                     
000000c1  __kernel_rem_pio2                    
00000200  __STACK_SIZE                         
00000705  attitude_update_from_icm42688        
00000f59  attitude_calibrate_gyro              
0000117d  main                                 
0000139d  cosf                                 
00001571  atanf                                
00001739  sinf                                 
00001901  tanf                                 
00001ab1  __aeabi_dsub                         
00001ab1  __subdf3                             
00001abb  __adddf3                             
00001abb  __aeabi_dadd                         
00001c43  __aeabi_idiv0                        
00001c45  SYSCFG_DL_GPIO_init                  
00001dd1  floor                                
00001dd1  floorl                               
00002041  icm42688_init                        
00002169  atan2f                               
00002281  __aeabi_ddiv                         
00002281  __divdf3                             
00002495  DL_Timer_initFourCCPWMMode           
00002599  SYSCFG_DL_SYSCTL_SYSPLL_init         
00002685  __aeabi_dmul                         
00002685  __muldf3                             
00002769  DL_SYSCTL_configSYSPLL               
0000291d  ldexp                                
0000291d  ldexpl                               
0000291d  scalbn                               
0000291d  scalbnl                              
000029f5  __aeabi_fsub                         
000029f5  __subsf3                             
000029ff  __addsf3                             
000029ff  __aeabi_fadd                         
00002acd  oled_init                            
00002c65  uart0_send_float                     
00002d21  uart_cmd_irq_handler                 
00002f2d  sqrtf                                
00003105  icm42688_read_raw                    
00003235  SYSCFG_DL_PWM_init                   
000032c5  __aeabi_fmul                         
000032c5  __mulsf3                             
00003351  oled_print_char                      
000033dd  vofa_send_six_float                  
00003469  attitude_init                        
000035f9  uart0_send_int                       
0000367d  __aeabi_fdiv                         
0000367d  __divsf3                             
0000387d  SYSCFG_DL_initPower                  
000038f9  __TI_decompress_lzss                 
000039ed  encoder_gpio_irq_handler             
00003a65  __gedf2                              
00003a65  __gtdf2                              
00003ad9  GROUP1_IRQHandler                    
00003ae1  __aeabi_d2f                          
00003ae1  __truncdfsf2                         
00003b55  UART1_IRQHandler                     
00003bc1  oled_set_cursor                      
00003c2d  SYSCFG_DL_SYSCTL_init                
00003c95  __cmpdf2                             
00003c95  __eqdf2                              
00003c95  __ledf2                              
00003c95  __ltdf2                              
00003c95  __nedf2                              
00003dc9  __aeabi_dcmpeq                       
00003ddd  __aeabi_dcmplt                       
00003df1  __aeabi_dcmple                       
00003e05  __aeabi_dcmpge                       
00003e19  __aeabi_dcmpgt                       
00003e2d  __aeabi_fcmpeq                       
00003e41  __aeabi_fcmplt                       
00003e55  __aeabi_fcmple                       
00003e69  __aeabi_fcmpge                       
00003e7d  __aeabi_fcmpgt                       
00003e91  uart0_send_byte                      
00003ef1  DL_I2C_fillControllerTXFIFO          
00003fad  SYSCFG_DL_I2C_ICM42688_init          
00004005  __aeabi_idiv                         
00004005  __aeabi_idivmod                      
0000405d  SYSCFG_DL_UART_1_init                
00004245  __aeabi_l2f                          
00004245  __floatdisf                          
00004379  __aeabi_d2iz                         
00004379  __fixdfsi                            
000043c5  DL_UART_init                         
000044e5  oled_clear_line                      
0000452d  DL_SYSCTL_switchMCLKfromSYSOSCtoHSCLK
00004571  SYSCFG_DL_UART0_init                 
000045b1  __aeabi_uidiv                        
000045b1  __aeabi_uidivmod                     
000045f1  __aeabi_f2d                          
000045f1  __extendsfdf2                        
000046af  oled_print_string                    
000046ed  DL_I2C_flushControllerTXFIFO         
00004765  __aeabi_i2f                          
00004765  __floatsisf                          
000047a1  __gesf2                              
000047a1  __gtsf2                              
00004819  __TI_auto_init_nobinit_nopinit       
00004855  __cmpsf2                             
00004855  __eqsf2                              
00004855  __lesf2                              
00004855  __ltsf2                              
00004855  __nesf2                              
00004891  __muldsi3                            
000048cd  __aeabi_f2iz                         
000048cd  __fixsfsi                            
00004905  attitude_get_euler                   
000049e5  oled_clear                           
00004aed  DL_I2C_flushControllerRXFIFO         
00004b1d  SYSCFG_DL_init                       
00004b7d  __aeabi_i2d                          
00004b7d  __floatsidf                          
00004c75  __aeabi_ui2f                         
00004c75  __floatunsisf                        
00004c9d  delay_tick                           
00004cc5  _c_int00_noargs                      
00004d13  DL_I2C_setClockConfig                
00004d39  uart0_send_string                    
00004d61  __aeabi_ui2d                         
00004d61  __floatunsidf                        
00004de9  delay_ms                             
00004f2d  DL_SYSCTL_configFCC                  
00004f9d  DL_Timer_setCaptCompUpdateMethod     
00004fb9  DL_Timer_setClockConfig              
00005211  DL_Timer_setCaptureCompareOutCtl     
00005321  __TI_zero_init_nomemset              
0000544d  DL_UART_setClockConfig               
0000545f  TI_memcpy_small                      
00005471  __TI_decompress_none                 
000054b5  DL_Timer_setCaptureCompareValue      
000054d5  SYSCFG_DL_SYSTICK_init               
000054fd  delay_get_ms                         
00005509  DL_Common_delayCycles                
0000553b  SysTick_Handler                      
00005543  UART0_IRQHandler                     
0000554d  __aeabi_errno_addr                   
00005555  __aeabi_memcpy                       
00005555  __aeabi_memcpy4                      
00005555  __aeabi_memcpy8                      
0000559f  abort                                
000055a5  ADC0_IRQHandler                      
000055a5  ADC1_IRQHandler                      
000055a5  AES_IRQHandler                       
000055a5  CANFD0_IRQHandler                    
000055a5  DAC0_IRQHandler                      
000055a5  DMA_IRQHandler                       
000055a5  Default_Handler                      
000055a5  GROUP0_IRQHandler                    
000055a5  HardFault_Handler                    
000055a5  I2C0_IRQHandler                      
000055a5  I2C1_IRQHandler                      
000055a5  NMI_Handler                          
000055a5  PendSV_Handler                       
000055a5  RTC_IRQHandler                       
000055a5  SPI0_IRQHandler                      
000055a5  SPI1_IRQHandler                      
000055a5  SVC_Handler                          
000055a5  TIMA0_IRQHandler                     
000055a5  TIMA1_IRQHandler                     
000055a5  TIMG0_IRQHandler                     
000055a5  TIMG12_IRQHandler                    
000055a5  TIMG6_IRQHandler                     
000055a5  TIMG7_IRQHandler                     
000055a5  TIMG8_IRQHandler                     
000055a5  UART2_IRQHandler                     
000055a5  UART3_IRQHandler                     
000055a8  C$$EXIT                              
000055a9  HOSTexit                             
000055dd  Reset_Handler                        
000055f1  _system_pre_init                     
00005a10  __TI_Handler_Table_Base              
00005a1c  __TI_Handler_Table_Limit             
00005a24  __TI_CINIT_Base                      
00005a34  __TI_CINIT_Limit                     
00005a34  __TI_CINIT_Warm                      
20200000  __start___llvm_prf_bits              
20200000  __start___llvm_prf_cnts              
20200000  __stop___llvm_prf_bits               
20200000  __stop___llvm_prf_cnts               
20200000  gPWMBackup                           
202001c8  __aeabi_errno                        
202001d0  delay_times                          
20207e00  __stack                              
20208000  __STACK_END                          
ffffffff  __TI_pprof_out_hndl                  
ffffffff  __TI_prof_data_size                  
ffffffff  __TI_prof_data_start                 
ffffffff  __binit__                            
ffffffff  binit                                
UNDEFED   __mpu_init                           
UNDEFED   _system_post_cinit                   

[203 symbols]
