******************************************************************************
            TI ARM Clang Linker PC v4.0.4                      
******************************************************************************
>> Linked Fri Jul 31 09:04:24 2026

OUTPUT FILE NAME:   <C07A.out>
ENTRY POINT SYMBOL: "_c_int00_noargs"  address: 00003775


MEMORY CONFIGURATION

         name            origin    length      used     unused   attr    fill
----------------------  --------  ---------  --------  --------  ----  --------
  FLASH                 00000000   00020000  000043f0  0001bc10  R  X
  SRAM                  20200000   00008000  0000051c  00007ae4  RW X
  BCR_CONFIG            41c00000   000000ff  00000000  000000ff  R   
  BSL_CONFIG            41c00100   00000080  00000000  00000080  R   


SEGMENT ALLOCATION MAP

run origin  load origin   length   init length attrs members
----------  ----------- ---------- ----------- ----- -------
00000000    00000000    000043f0   000043f0    r-x
  00000000    00000000    000000c0   000000c0    r-- .intvecs
  000000c0    000000c0    000041b8   000041b8    r-x .text
  00004278    00004278    00000148   00000148    r-- .rodata
  000043c0    000043c0    00000030   00000030    r-- .cinit
20200000    20200000    0000031e   00000000    rw-
  20200000    20200000    00000306   00000000    rw- .bss
  20200308    20200308    00000016   00000000    rw- .data
20207e00    20207e00    00000200   00000000    rw-
  20207e00    20207e00    00000200   00000000    rw- .stack


SECTION ALLOCATION MAP

 output                                  attributes/
section   page    origin      length       input sections
--------  ----  ----------  ----------   ----------------
.intvecs   0    00000000    000000c0     
                  00000000    000000c0     startup_mspm0g350x_ticlang.o (.intvecs)

.text      0    000000c0    000041b8     
                  000000c0    00000274     uart_cmd.o (.text.uart_cmd_parse_line)
                  00000334    00000260     task2.o (.text.task2_uart1_monitor_build_line)
                  00000594    000001b4     ti_msp_dl_config.o (.text.SYSCFG_DL_GPIO_init)
                  00000748    00000174     uart_cmd.o (.text.uart_cmd_vision_process_byte)
                  000008bc    00000130     task2.o (.text.task2_ball_balance_run)
                  000009ec    00000128     stepper.o (.text.stepper_apply_speed)
                  00000b14    00000124     stepper.o (.text.stepper_service)
                  00000c38    00000114     uart_cmd.o (.text.uart_cmd_get_vision_sample)
                  00000d4c    00000114     uart_cmd.o (.text.uart_cmd_init)
                  00000e60    0000010c     uart_cmd.o (.text.uart_cmd_parse_int32)
                  00000f6c    00000104     driverlib.a : dl_timer.o (.text.DL_Timer_initFourCCPWMMode)
                  00001070    00000104     stepper.o (.text.stepper_update_beam_pid)
                  00001174    000000f0     uart_cmd.o (.text.uart_cmd_get_vision_link_status)
                  00001264    000000f0     uart_cmd.o (.text.uart_cmd_push_line_char)
                  00001354    000000ec     ti_msp_dl_config.o (.text.SYSCFG_DL_SYSCTL_SYSPLL_init)
                  00001440    000000ec     uart_cmd.o (.text.uart_cmd_vision_publish_ball_state)
                  0000152c    000000dc     driverlib.a : dl_sysctl_mspm0g1x0x_g3x0x.o (.text.DL_SYSCTL_configSYSPLL)
                  00001608    000000da     task2.o (.text.task2_uart1_monitor_append_int32)
                  000016e2    00000002     libclang_rt.builtins.a : aeabi_div0.c.obj (.text.__aeabi_idiv0)
                  000016e4    000000d8                            : addsf3.S.obj (.text)
                  000017bc    000000d0     stepper.o (.text.stepper_init)
                  0000188c    000000cc     stepper.o (.text.stepper_start_timer_locked)
                  00001958    000000c0     stepper.o (.text.stepper_start_dir)
                  00001a18    000000b4     stepper.o (.text.stepper_start_continuous)
                  00001acc    000000ac     uart_cmd.o (.text.uart_cmd_vision_update_statistics)
                  00001b78    000000aa     uart_cmd.o (.text.uart_cmd_read_word)
                  00001c22    00000002     --HOLE-- [fill = 0]
                  00001c24    000000a4     stepper.o (.text.stepper_can_start_locked)
                  00001cc8    000000a4     uart_cmd.o (.text.uart_cmd_process)
                  00001d6c    000000a4     uart_cmd.o (.text.uart_cmd_vision_execute_frame)
                  00001e10    000000a0     stepper.o (.text.stepper_set_speed_target)
                  00001eb0    000000a0     uart_cmd.o (.text.uart_cmd_send_status)
                  00001f50    00000094     stepper.o (.text.stepper_timer_irq_handler)
                  00001fe4    00000092     uart_cmd.o (.text.uart_cmd_send_uint32)
                  00002076    00000002     --HOLE-- [fill = 0]
                  00002078    00000090     ti_msp_dl_config.o (.text.SYSCFG_DL_PWM_init)
                  00002108    0000008c     ti_msp_dl_config.o (.text.SYSCFG_DL_initPower)
                  00002194    0000008c     libclang_rt.builtins.a : mulsf3.S.obj (.text.__mulsf3)
                  00002220    00000088     stepper.o (.text.stepper_count_accepted_pulse)
                  000022a8    00000084     ti_msp_dl_config.o (.text.__NVIC_SetPriority)
                  0000232c    00000082     libclang_rt.builtins.a : divsf3.S.obj (.text.__divsf3)
                  000023ae    0000007e     uart_cmd.o (.text.uart_cmd_word_equals)
                  0000242c    0000007c     uart_cmd.o (.text.uart_cmd_irq_handler)
                  000024a8    0000007c     libc.a : copy_decompress_lzss.c.obj (.text:decompress:lzss)
                  00002524    00000078     encoder.o (.text.encoder_gpio_irq_handler)
                  0000259c    00000074     libclang_rt.builtins.a : comparedf2.c.obj (.text.__gedf2)
                  00002610    00000074     stepper.o (.text.stepper_enable)
                  00002684    0000006c     bluetooth.o (.text.UART1_IRQHandler)
                  000026f0    00000068     ti_msp_dl_config.o (.text.SYSCFG_DL_STEPPER_PWM_init)
                  00002758    00000068     ti_msp_dl_config.o (.text.SYSCFG_DL_SYSCTL_init)
                  000027c0    00000068     libclang_rt.builtins.a : comparedf2.c.obj (.text.__ledf2)
                  00002828    00000066     uart_cmd.o (.text.uart_cmd_vision_has_expected_length)
                  0000288e    00000002     --HOLE-- [fill = 0]
                  00002890    00000062     libclang_rt.builtins.a : aeabi_dcmp.S.obj (.text.__aeabi_dcmp)
                  000028f2    00000002     --HOLE-- [fill = 0]
                  000028f4    00000062                            : aeabi_fcmp.S.obj (.text.__aeabi_fcmp)
                  00002956    00000002     --HOLE-- [fill = 0]
                  00002958    00000060     vofa.o (.text.uart0_send_byte)
                  000029b8    00000058     ti_msp_dl_config.o (.text.SYSCFG_DL_I2C_ICM42688_init)
                  00002a10    00000058     stepper.o (.text.stepper_stop_timer_locked)
                  00002a68    00000058     task2.o (.text.task2_uart1_monitor_send_pending)
                  00002ac0    00000058     uart_cmd.o (.text.uart_cmd_vision_apply_position_calibration)
                  00002b18    00000058     uart_cmd.o (.text.uart_cmd_vision_rate_from_count)
                  00002b70    00000056     uart_cmd.o (.text.uart_cmd_is_separator)
                  00002bc6    00000002     --HOLE-- [fill = 0]
                  00002bc8    00000054     ti_msp_dl_config.o (.text.SYSCFG_DL_UART_1_init)
                  00002c1c    00000054     stepper.o (.text.stepper_write_direction)
                  00002c70    00000050     ti_msp_dl_config.o (.text.DL_GPIO_initPeripheralInputFunctionFeatures)
                  00002cc0    00000050     ti_msp_dl_config.o (.text.SysTick_Config)
                  00002d10    00000050     stepper.o (.text.stepper_start)
                  00002d60    00000050     uart_cmd.o (.text.uart_cmd_vision_apply_direction)
                  00002db0    0000004c     ti_msp_dl_config.o (.text.DL_GPIO_initDigitalInputFeatures)
                  00002dfc    0000004c     ti_msp_dl_config.o (.text.DL_UART_setBaudRateDivisor)
                  00002e48    0000004c     stepper.o (.text.stepper_emergency_stop)
                  00002e94    0000004a     uart_cmd.o (.text.uart_cmd_parse_bool)
                  00002ede    00000002     --HOLE-- [fill = 0]
                  00002ee0    00000048     driverlib.a : dl_uart.o (.text.DL_UART_init)
                  00002f28    00000044                 : dl_sysctl_mspm0g1x0x_g3x0x.o (.text.DL_SYSCTL_switchMCLKfromSYSOSCtoHSCLK)
                  00002f6c    00000044     stepper.o (.text.stepper_write_enable)
                  00002fb0    00000040     ti_msp_dl_config.o (.text.SYSCFG_DL_UART0_init)
                  00002ff0    00000040     ti_msp_dl_config.o (.text.SYSCFG_DL_init)
                  00003030    00000040     libclang_rt.builtins.a : aeabi_uidivmod.S.obj (.text.__aeabi_uidivmod)
                  00003070    00000040     uart_cmd.o (.text.uart_cmd_vision_record_good)
                  000030b0    0000003e     stepper.o (.text.stepper_clamp)
                  000030ee    0000003e     task2.o (.text.task2_uart1_monitor_append_char)
                  0000312c    0000003c     ti_msp_dl_config.o (.text.DL_Timer_setCounterControl)
                  00003168    0000003c     libclang_rt.builtins.a : floatsisf.S.obj (.text.__floatsisf)
                  000031a4    0000003c                            : comparesf2.S.obj (.text.__gtsf2)
                  000031e0    0000003c     stepper.o (.text.stepper_stop)
                  0000321c    0000003c     libc.a : autoinit.c.obj (.text:__TI_auto_init_nobinit_nopinit)
                  00003258    0000003a     libclang_rt.builtins.a : comparesf2.S.obj (.text.__eqsf2)
                  00003292    00000002     --HOLE-- [fill = 0]
                  00003294    0000003a                            : muldsi3.S.obj (.text.__muldsi3)
                  000032ce    00000002     --HOLE-- [fill = 0]
                  000032d0    00000038                            : fixsfsi.S.obj (.text.__fixsfsi)
                  00003308    00000038     encoder.o (.text.encoder_update_left)
                  00003340    00000038     encoder.o (.text.encoder_update_right)
                  00003378    00000038     stepper.o (.text.stepper_limit_frequency)
                  000033b0    00000038     uart_cmd.o (.text.uart_cmd_is_digit)
                  000033e8    00000038     uart_cmd.o (.text.uart_cmd_vision_check_timeout)
                  00003420    00000034     task2.o (.text.__NVIC_DisableIRQ)
                  00003454    00000034     stepper.o (.text.stepper_request_stop_locked)
                  00003488    00000034     uart_cmd.o (.text.uart_cmd_to_upper)
                  000034bc    00000032     libclang_rt.builtins.a : fixunssfsi.S.obj (.text.__fixunssfsi)
                  000034ee    00000002     --HOLE-- [fill = 0]
                  000034f0    00000030     uart_cmd.o (.text.uart_cmd_send_int32)
                  00003520    0000002e     uart_cmd.o (.text.uart_cmd_abs_i16)
                  0000354e    00000002     --HOLE-- [fill = 0]
                  00003550    0000002c     stepper.o (.text.__NVIC_ClearPendingIRQ)
                  0000357c    0000002c     task2.o (.text.__NVIC_ClearPendingIRQ)
                  000035a8    0000002c     uart_cmd.o (.text.__NVIC_ClearPendingIRQ)
                  000035d4    0000002c     stepper.o (.text.__NVIC_EnableIRQ)
                  00003600    0000002c     uart_cmd.o (.text.__NVIC_EnableIRQ)
                  0000362c    0000002c     stepper.o (.text.stepper_abs)
                  00003658    0000002c     uart_cmd.o (.text.uart_cmd_vision_reset_receiver)
                  00003684    00000028     ti_msp_dl_config.o (.text.DL_Common_updateReg)
                  000036ac    00000028     ti_msp_dl_config.o (.text.DL_I2C_setControllerRXFIFOThreshold)
                  000036d4    00000028     ti_msp_dl_config.o (.text.DL_I2C_setControllerTXFIFOThreshold)
                  000036fc    00000028     libclang_rt.builtins.a : floatunsisf.S.obj (.text.__floatunsisf)
                  00003724    00000028     delay.o (.text.delay_tick)
                  0000374c    00000028     stepper.o (.text.stepper_force_step_low)
                  00003774    00000028     libc.a : boot_cortex_m.c.obj (.text:_c_int00_noargs)
                  0000379c    00000026     ti_msp_dl_config.o (.text.DL_I2C_setAnalogGlitchFilterPulseWidth)
                  000037c2    00000026     driverlib.a : dl_i2c.o (.text.DL_I2C_setClockConfig)
                  000037e8    00000026     vofa.o (.text.uart0_send_string)
                  0000380e    00000002     --HOLE-- [fill = 0]
                  00003810    00000024     libclang_rt.builtins.a : floatunsidf.S.obj (.text.__floatunsidf)
                  00003834    00000024     task2.o (.text.task2_uart1_monitor_init)
                  00003858    00000024     uart_cmd.o (.text.uart_cmd_skip_separators)
                  0000387c    00000024     uart_cmd.o (.text.uart_cmd_vision_increment)
                  000038a0    00000024     uart_cmd.o (.text.uart_cmd_vision_record_bad)
                  000038c4    00000020     ti_msp_dl_config.o (.text.DL_GPIO_initPeripheralInputFunction)
                  000038e4    00000020     ti_msp_dl_config.o (.text.DL_SYSCTL_setFlashWaitState)
                  00003904    00000020     encoder.o (.text.encoder_left_b_is_high)
                  00003924    00000020     encoder.o (.text.encoder_right_b_is_high)
                  00003944    00000020     stepper.o (.text.stepper_clear_emergency_inhibit)
                  00003964    00000020     stepper.o (.text.stepper_get_position_steps)
                  00003984    00000020     uart_cmd.o (.text.uart_cmd_abs_to_u32)
                  000039a4    0000001e     ti_msp_dl_config.o (.text.DL_UART_setOversampling)
                  000039c2    00000002     --HOLE-- [fill = 0]
                  000039c4    0000001c     encoder.o (.text.DL_GPIO_clearInterruptStatus)
                  000039e0    0000001c     ti_msp_dl_config.o (.text.DL_GPIO_clearInterruptStatus)
                  000039fc    0000001c     ti_msp_dl_config.o (.text.DL_GPIO_enableHiZ)
                  00003a18    0000001c     ti_msp_dl_config.o (.text.DL_GPIO_enableInterrupt)
                  00003a34    0000001c     stepper.o (.text.DL_GPIO_initPeripheralOutputFunction)
                  00003a50    0000001c     ti_msp_dl_config.o (.text.DL_GPIO_initPeripheralOutputFunction)
                  00003a6c    0000001c     driverlib.a : dl_sysctl_mspm0g1x0x_g3x0x.o (.text.DL_SYSCTL_configFCC)
                  00003a88    0000001c     ti_msp_dl_config.o (.text.DL_SYSCTL_setFCCPeriods)
                  00003aa4    0000001c     ti_msp_dl_config.o (.text.DL_SYSCTL_setSYSOSCFreq)
                  00003ac0    0000001c     ti_msp_dl_config.o (.text.DL_SYSCTL_setULPCLKDivider)
                  00003adc    0000001c     stepper.o (.text.DL_Timer_disableInterrupt)
                  00003af8    0000001c     stepper.o (.text.DL_Timer_enableInterrupt)
                  00003b14    0000001c     driverlib.a : dl_timer.o (.text.DL_Timer_setCaptCompUpdateMethod)
                  00003b30    0000001c                 : dl_timer.o (.text.DL_Timer_setClockConfig)
                  00003b4c    0000001c     task2.o (.text.DL_UART_disableInterrupt)
                  00003b68    0000001c     ti_msp_dl_config.o (.text.DL_UART_enableInterrupt)
                  00003b84    0000001c     uart_cmd.o (.text.DL_UART_enableInterrupt)
                  00003ba0    0000001c     uart_cmd.o (.text.UART0_IRQHandler)
                  00003bbc    0000001c     stepper.o (.text.stepper_connect_step_to_timer)
                  00003bd8    0000001a     uart_cmd.o (.text.uart_cmd_read_i16_be)
                  00003bf2    00000002     --HOLE-- [fill = 0]
                  00003bf4    00000018     stepper.o (.text.DL_GPIO_enableOutput)
                  00003c0c    00000018     ti_msp_dl_config.o (.text.DL_GPIO_enableOutput)
                  00003c24    00000018     ti_msp_dl_config.o (.text.DL_GPIO_enablePower)
                  00003c3c    00000018     encoder.o (.text.DL_GPIO_getEnabledInterruptStatus)
                  00003c54    00000018     stepper.o (.text.DL_GPIO_initDigitalOutput)
                  00003c6c    00000018     ti_msp_dl_config.o (.text.DL_GPIO_initDigitalOutput)
                  00003c84    00000018     ti_msp_dl_config.o (.text.DL_GPIO_reset)
                  00003c9c    00000018     stepper.o (.text.DL_GPIO_setPins)
                  00003cb4    00000018     ti_msp_dl_config.o (.text.DL_GPIO_setPins)
                  00003ccc    00000018     ti_msp_dl_config.o (.text.DL_GPIO_setUpperPinsPolarity)
                  00003ce4    00000018     ti_msp_dl_config.o (.text.DL_I2C_enableAnalogGlitchFilter)
                  00003cfc    00000018     ti_msp_dl_config.o (.text.DL_I2C_enableController)
                  00003d14    00000018     ti_msp_dl_config.o (.text.DL_I2C_enableControllerClockStretching)
                  00003d2c    00000018     ti_msp_dl_config.o (.text.DL_I2C_enablePower)
                  00003d44    00000018     ti_msp_dl_config.o (.text.DL_I2C_reset)
                  00003d5c    00000018     ti_msp_dl_config.o (.text.DL_I2C_setTimerPeriod)
                  00003d74    00000018     ti_msp_dl_config.o (.text.DL_SYSCTL_setBORThreshold)
                  00003d8c    00000018     stepper.o (.text.DL_Timer_clearInterruptStatus)
                  00003da4    00000018     ti_msp_dl_config.o (.text.DL_Timer_enablePower)
                  00003dbc    00000018     ti_msp_dl_config.o (.text.DL_Timer_reset)
                  00003dd4    00000018     driverlib.a : dl_timer.o (.text.DL_Timer_setCaptureCompareOutCtl)
                  00003dec    00000018     stepper.o (.text.DL_Timer_setLoadValue)
                  00003e04    00000018     stepper.o (.text.DL_Timer_startCounter)
                  00003e1c    00000018     stepper.o (.text.DL_Timer_stopCounter)
                  00003e34    00000018     uart_cmd.o (.text.DL_UART_clearInterruptStatus)
                  00003e4c    00000018     ti_msp_dl_config.o (.text.DL_UART_enablePower)
                  00003e64    00000018     bluetooth.o (.text.DL_UART_isRXFIFOEmpty)
                  00003e7c    00000018     uart_cmd.o (.text.DL_UART_isRXFIFOEmpty)
                  00003e94    00000018     task2.o (.text.DL_UART_isTXFIFOFull)
                  00003eac    00000018     vofa.o (.text.DL_UART_isTXFIFOFull)
                  00003ec4    00000018     ti_msp_dl_config.o (.text.DL_UART_reset)
                  00003edc    00000018     stepper.o (.text.stepper_step_is_high)
                  00003ef4    00000016     encoder.o (.text.DL_GPIO_readPins)
                  00003f0a    00000016     stepper.o (.text.DL_GPIO_readPins)
                  00003f20    00000016     ti_msp_dl_config.o (.text.DL_UART_enable)
                  00003f36    00000016     task2.o (.text.DL_UART_transmitData)
                  00003f4c    00000016     vofa.o (.text.DL_UART_transmitData)
                  00003f62    00000016     libc.a : copy_zero_init.c.obj (.text:decompress:ZI:__TI_zero_init_nomemset)
                  00003f78    00000014     stepper.o (.text.DL_GPIO_clearPins)
                  00003f8c    00000014     ti_msp_dl_config.o (.text.DL_GPIO_clearPins)
                  00003fa0    00000014     ti_msp_dl_config.o (.text.DL_I2C_resetControllerTransfer)
                  00003fb4    00000014     ti_msp_dl_config.o (.text.DL_SYSCTL_disableSYSPLL)
                  00003fc8    00000014     ti_msp_dl_config.o (.text.DL_SYSCTL_enableSYSPLL)
                  00003fdc    00000014     ti_msp_dl_config.o (.text.DL_Timer_enableClock)
                  00003ff0    00000014     ti_msp_dl_config.o (.text.DL_Timer_setCCPDirection)
                  00004004    00000014     stepper.o (.text.DL_Timer_setTimerCount)
                  00004018    00000014     bluetooth.o (.text.DL_UART_receiveData)
                  0000402c    00000014     uart_cmd.o (.text.DL_UART_receiveData)
                  00004040    00000014     stepper.o (.text.stepper_enter_critical)
                  00004054    00000012     stepper.o (.text.DL_Timer_getPendingInterrupt)
                  00004066    00000012     bluetooth.o (.text.DL_UART_getPendingInterrupt)
                  00004078    00000012     uart_cmd.o (.text.DL_UART_getPendingInterrupt)
                  0000408a    00000012     driverlib.a : dl_uart.o (.text.DL_UART_setClockConfig)
                  0000409c    00000012     stepper.o (.text.stepper_exit_critical)
                  000040ae    00000012     libc.a : memcpy16.S.obj (.text:TI_memcpy_small)
                  000040c0    00000012            : copy_decompress_none.c.obj (.text:decompress:none)
                  000040d2    00000002     --HOLE-- [fill = 0]
                  000040d4    00000010     ti_msp_dl_config.o (.text.DL_SYSCTL_disableHFXT)
                  000040e4    00000010     ti_msp_dl_config.o (.text.DL_SYSCTL_isFCCDone)
                  000040f4    00000010     ti_msp_dl_config.o (.text.DL_SYSCTL_startFCC)
                  00004104    00000010     driverlib.a : dl_timer.o (.text.DL_Timer_setCaptureCompareValue)
                  00004114    00000010     ti_msp_dl_config.o (.text.SYSCFG_DL_SYSTICK_init)
                  00004124    00000010     stepper.o (.text.stepper_get_direction)
                  00004134    00000010     stepper.o (.text.stepper_is_busy)
                  00004144    00000010     stepper.o (.text.stepper_is_emergency_inhibited)
                  00004154    00000010     stepper.o (.text.stepper_is_enabled)
                  00004164    00000010     stepper.o (.text.stepper_is_limit_active)
                  00004174    00000010     stepper.o (.text.stepper_is_moving)
                  00004184    00000010     uart_cmd.o (.text.uart_cmd_send_error)
                  00004194    00000010     uart_cmd.o (.text.uart_cmd_send_help)
                  000041a4    00000010     uart_cmd.o (.text.uart_cmd_send_ok)
                  000041b4    0000000e     empty.o (.text.main)
                  000041c2    00000002     --HOLE-- [fill = 0]
                  000041c4    0000000c     ti_msp_dl_config.o (.text.DL_SYSCTL_getClockStatus)
                  000041d0    0000000c     ti_msp_dl_config.o (.text.DL_SYSCTL_readFCC)
                  000041dc    0000000c     delay.o (.text.delay_get_ms)
                  000041e8    0000000c     stepper.o (.text.stepper_get_current_speed_hz)
                  000041f4    0000000c     stepper.o (.text.stepper_get_frequency_hz)
                  00004200    0000000c     stepper.o (.text.stepper_get_remaining_steps)
                  0000420c    0000000c     stepper.o (.text.stepper_get_speed_target_hz)
                  00004218    0000000c     stepper.o (.text.stepper_reset_beam_pid)
                  00004224    0000000a     driverlib.a : dl_common.o (.text.DL_Common_delayCycles)
                  0000422e    00000008     encoder.o (.text.GROUP1_IRQHandler)
                  00004236    00000008     empty.o (.text.SysTick_Handler)
                  0000423e    00000008     stepper.o (.text.TIMA1_IRQHandler)
                  00004246    00000002     --HOLE-- [fill = 0]
                  00004248    00000008     libclang_rt.builtins.a : aeabi_memcpy.S.obj (.text.__aeabi_memcpy)
                  00004250    00000006     libc.a : exit.c.obj (.text:abort)
                  00004256    00000004     startup_mspm0g350x_ticlang.o (.text.Default_Handler)
                  0000425a    00000004     libsysbm.a : hostexit.c.obj (.text.HOSTexit)
                  0000425e    00000004     startup_mspm0g350x_ticlang.o (.text.Reset_Handler)
                  00004262    00000002     --HOLE-- [fill = 0]
                  00004264    00000010     libc.a : boot_cortex_m.c.obj (.tramp._c_int00_noargs.1)
                  00004274    00000004            : pre_init.c.obj (.text._system_pre_init)

.cinit     0    000043c0    00000030     
                  000043c0    0000000c     (__TI_handler_table)
                  000043cc    00000008     (.cinit..bss.load) [load image, compression = zero_init]
                  000043d4    00000008     (.cinit..data.load) [load image, compression = lzss]
                  000043dc    00000010     (__TI_cinit_table)
                  000043ec    00000004     --HOLE-- [fill = 0]

.rodata    0    00004278    00000148     
                  00004278    0000005d     uart_cmd.o (.rodata.str1.1217499487293683049.1)
                  000042d5    00000003     ti_msp_dl_config.o (.rodata.gPWMClockConfig)
                  000042d8    00000028     ti_msp_dl_config.o (.rodata.gSYSPLLConfig)
                  00004300    0000000d     uart_cmd.o (.rodata.str1.6277650787150843725.1)
                  0000430d    00000001     --HOLE-- [fill = 0]
                  0000430e    0000000a     ti_msp_dl_config.o (.rodata.gUART0Config)
                  00004318    0000000a     ti_msp_dl_config.o (.rodata.gUART_1Config)
                  00004322    00000009     uart_cmd.o (.rodata.str1.15498057389316061030.1)
                  0000432b    00000009     task2.o (.rodata.task2_uart1_monitor_build_line.prefix)
                  00004334    00000008     ti_msp_dl_config.o (.rodata.gPWMConfig)
                  0000433c    00000008     ti_msp_dl_config.o (.rodata.gSTEPPER_PWMConfig)
                  00004344    00000007     uart_cmd.o (.rodata.str1.11119734733588663232.1)
                  0000434b    00000007     uart_cmd.o (.rodata.str1.2369543017385929624.1)
                  00004352    00000007     uart_cmd.o (.rodata.str1.6811838705501227079.1)
                  00004359    00000006     uart_cmd.o (.rodata.str1.1028318311211003142.1)
                  0000435f    00000006     uart_cmd.o (.rodata.str1.11218698011615936392.1)
                  00004365    00000006     uart_cmd.o (.rodata.str1.12267827134117714350.1)
                  0000436b    00000006     uart_cmd.o (.rodata.str1.2511651689747361614.1)
                  00004371    00000006     uart_cmd.o (.rodata.str1.3460805920169786119.1)
                  00004377    00000006     uart_cmd.o (.rodata.str1.840249729018285378.1)
                  0000437d    00000006     uart_cmd.o (.rodata.str1.9257292791547982817.1)
                  00004383    00000005     uart_cmd.o (.rodata.str1.3044072844558183483.1)
                  00004388    00000005     uart_cmd.o (.rodata.str1.5852106103808048319.1)
                  0000438d    00000005     uart_cmd.o (.rodata.str1.7517722674715864021.1)
                  00004392    00000005     uart_cmd.o (.rodata.str1.9423187404258085070.1)
                  00004397    00000004     uart_cmd.o (.rodata.str1.1327018440546922054.1)
                  0000439b    00000004     uart_cmd.o (.rodata.str1.15436932795843561489.1)
                  0000439f    00000004     uart_cmd.o (.rodata.str1.17920282215832191347.1)
                  000043a3    00000003     ti_msp_dl_config.o (.rodata.gSTEPPER_PWMClockConfig)
                  000043a6    00000003     uart_cmd.o (.rodata.str1.11466531589070145015.1)
                  000043a9    00000003     uart_cmd.o (.rodata.str1.4092367985313040374.1)
                  000043ac    00000003     uart_cmd.o (.rodata.str1.4234987772374414360.1)
                  000043af    00000003     uart_cmd.o (.rodata.str1.8540953112625378261.1)
                  000043b2    00000002     ti_msp_dl_config.o (.rodata.gI2C_ICM42688ClockConfig)
                  000043b4    00000002     ti_msp_dl_config.o (.rodata.gUART0ClockConfig)
                  000043b6    00000002     ti_msp_dl_config.o (.rodata.gUART_1ClockConfig)
                  000043b8    00000002     uart_cmd.o (.rodata.str1.12707298662019533641.1)
                  000043ba    00000002     uart_cmd.o (.rodata.str1.13905025852110864062.1)
                  000043bc    00000002     uart_cmd.o (.rodata.str1.7261196379038542568.1)
                  000043be    00000002     uart_cmd.o (.rodata.str1.8588377972619878686.1)

.init_array 
*          0    00000000    00000000     UNINITIALIZED

.binit     0    00000000    00000000     

.bss       0    20200000    00000306     UNINITIALIZED
                  20200000    000000bc     (.common:gSTEPPER_PWMBackup)
                  202000bc    000000a0     (.common:gPWMBackup)
                  2020015c    00000080     bluetooth.o (.bss.g_rxBuffer)
                  202001dc    00000080     uart_cmd.o (.bss.g_rxBuffer)
                  2020025c    00000050     uart_cmd.o (.bss.g_line)
                  202002ac    00000004     stepper.o (.bss.g_beamPidIntegralMmS)
                  202002b0    00000004     stepper.o (.bss.g_beamTargetDeg)
                  202002b4    00000004     stepper.o (.bss.g_frequencyHz)
                  202002b8    00000004     stepper.o (.bss.g_positionSteps)
                  202002bc    00000004     stepper.o (.bss.g_remainingSteps)
                  202002c0    00000004     stepper.o (.bss.g_speedCurrentHz)
                  202002c4    00000004     stepper.o (.bss.g_speedLimitHz)
                  202002c8    00000004     stepper.o (.bss.g_speedTargetHz)
                  202002cc    00000004     uart_cmd.o (.bss.g_visionData)
                  202002d0    00000004     uart_cmd.o (.bss.g_visionDataTimestampMs)
                  202002d4    00000004     uart_cmd.o (.bss.g_visionFrameStartMs)
                  202002d8    00000004     uart_cmd.o (.bss.g_visionLinkTimestampMs)
                  202002dc    00000004     uart_cmd.o (.bss.g_visionStatsWindowStartMs)
                  202002e0    00000002     uart_cmd.o (.bss.g_rxOverflowCount)
                  202002e2    00000002     uart_cmd.o (.bss.g_visionAcceptedFrameRateHz)
                  202002e4    00000002     uart_cmd.o (.bss.g_visionAcceptedFramesInWindow)
                  202002e6    00000002     uart_cmd.o (.bss.g_visionBadFrameRatioPermille)
                  202002e8    00000002     uart_cmd.o (.bss.g_visionBadFrames)
                  202002ea    00000002     uart_cmd.o (.bss.g_visionBadFramesInWindow)
                  202002ec    00000002     uart_cmd.o (.bss.g_visionBallFrameRateHz)
                  202002ee    00000002     uart_cmd.o (.bss.g_visionBallFramesInWindow)
                  202002f0    00000002     uart_cmd.o (.bss.g_visionGoodFrames)
                  202002f2    00000002     uart_cmd.o (.bss.g_visionPositionX10)
                  202002f4    00000002     uart_cmd.o (.bss.g_visionVelocityX10)
                  202002f6    00000001     stepper.o (.bss.g_continuous)
                  202002f7    00000001     stepper.o (.bss.g_directionHigh)
                  202002f8    00000001     stepper.o (.bss.g_emergencyInhibit)
                  202002f9    00000001     stepper.o (.bss.g_enabled)
                  202002fa    00000001     stepper.o (.bss.g_initialized)
                  202002fb    00000001     stepper.o (.bss.g_limitActive)
                  202002fc    00000001     stepper.o (.bss.g_running)
                  202002fd    00000001     stepper.o (.bss.g_stopPending)
                  202002fe    00000001     uart_cmd.o (.bss.g_visionChecksum)
                  202002ff    00000001     uart_cmd.o (.bss.g_visionCommand)
                  20200300    00000001     uart_cmd.o (.bss.g_visionDetectionValid)
                  20200301    00000001     uart_cmd.o (.bss.g_visionHasLink)
                  20200302    00000001     uart_cmd.o (.bss.g_visionHasPosition)
                  20200303    00000001     uart_cmd.o (.bss.g_visionIndex)
                  20200304    00000001     uart_cmd.o (.bss.g_visionLength)
                  20200305    00000001     uart_cmd.o (.bss.g_visionRxState)

.data      0    20200308    00000016     UNINITIALIZED
                  20200308    00000004     delay.o (.data.delay_ms_ticks)
                  2020030c    00000004     delay.o (.data.delay_times)
                  20200310    00000004     encoder.o (.data.g_encoderLeftCount)
                  20200314    00000004     encoder.o (.data.g_encoderRightCount)
                  20200318    00000001     uart_cmd.o (.data.g_lineIndex)
                  20200319    00000001     uart_cmd.o (.data.g_packetActive)
                  2020031a    00000001     bluetooth.o (.data.g_rxHead)
                  2020031b    00000001     uart_cmd.o (.data.g_rxHead)
                  2020031c    00000001     bluetooth.o (.data.g_rxTail)
                  2020031d    00000001     uart_cmd.o (.data.g_rxTail)

.stack     0    20207e00    00000200     UNINITIALIZED
                  20207e00    00000004     libc.a : boot_cortex_m.c.obj (.stack)
                  20207e04    000001fc     --HOLE--

__llvm_prf_cnts 
*          0    20200000    00000000     UNINITIALIZED

__llvm_prf_bits 
*          0    20200000    00000000     UNINITIALIZED

MODULE SUMMARY

       Module                         code    ro data   rw data
       ------                         ----    -------   -------
    .\
       ti_msp_dl_config.o             3082    88        348    
       startup_mspm0g350x_ticlang.o   8       192       0      
       empty.o                        22      0         0      
    +--+------------------------------+-------+---------+---------+
       Total:                         3112    280       348    
                                                               
    .\Src\
       uart_cmd.o                     5090    230       262    
       stepper.o                      3804    0         40     
       task2.o                        1486    9         0      
       encoder.o                      378     0         8      
       bluetooth.o                    170     0         130    
       vofa.o                         180     0         0      
       delay.o                        52      0         8      
    +--+------------------------------+-------+---------+---------+
       Total:                         11160   239       448    
                                                               
    C:/TI/mspm0_sdk_2_10_00_04/source/ti/driverlib/lib/ticlang/m0p/mspm0g1x0x_g3x0x/driverlib.a
       dl_timer.o                     356     0         0      
       dl_sysctl_mspm0g1x0x_g3x0x.o   316     0         0      
       dl_uart.o                      90      0         0      
       dl_i2c.o                       38      0         0      
       dl_common.o                    10      0         0      
    +--+------------------------------+-------+---------+---------+
       Total:                         810     0         0      
                                                               
    D:\ti\ccs2050\ccs\tools\compiler\ti-cgt-armllvm_4.0.4.LTS\lib\armv6m-ti-none-eabi/c/libc.a
       copy_decompress_lzss.c.obj     124     0         0      
       autoinit.c.obj                 60      0         0      
       boot_cortex_m.c.obj            56      0         0      
       copy_zero_init.c.obj           22      0         0      
       copy_decompress_none.c.obj     18      0         0      
       memcpy16.S.obj                 18      0         0      
       exit.c.obj                     6       0         0      
       pre_init.c.obj                 4       0         0      
    +--+------------------------------+-------+---------+---------+
       Total:                         308     0         0      
                                                               
    D:\ti\ccs2050\ccs\tools\compiler\ti-cgt-armllvm_4.0.4.LTS\lib\armv6m-ti-none-eabi/c/libsysbm.a
       hostexit.c.obj                 4       0         0      
    +--+------------------------------+-------+---------+---------+
       Total:                         4       0         0      
                                                               
    D:\ti\ccs2050\ccs\tools\compiler\ti-cgt-armllvm_4.0.4.LTS\lib\armv6m-ti-none-eabi/libclang_rt.builtins.a
       comparedf2.c.obj               220     0         0      
       addsf3.S.obj                   216     0         0      
       mulsf3.S.obj                   140     0         0      
       divsf3.S.obj                   130     0         0      
       comparesf2.S.obj               118     0         0      
       aeabi_dcmp.S.obj               98      0         0      
       aeabi_fcmp.S.obj               98      0         0      
       aeabi_uidivmod.S.obj           64      0         0      
       floatsisf.S.obj                60      0         0      
       muldsi3.S.obj                  58      0         0      
       fixsfsi.S.obj                  56      0         0      
       fixunssfsi.S.obj               50      0         0      
       floatunsisf.S.obj              40      0         0      
       floatunsidf.S.obj              36      0         0      
       aeabi_memcpy.S.obj             8       0         0      
       aeabi_div0.c.obj               2       0         0      
    +--+------------------------------+-------+---------+---------+
       Total:                         1394    0         0      
                                                               
       Stack:                         0       0         512    
       Linker Generated:              0       44        0      
    +--+------------------------------+-------+---------+---------+
       Grand Total:                   16788   563       1308   


LINKER GENERATED COPY TABLES

__TI_cinit_table @ 000043dc records: 2, size/record: 8, table size: 16
	.bss: load addr=000043cc, load size=00000008 bytes, run addr=20200000, run size=00000306 bytes, compression=zero_init
	.data: load addr=000043d4, load size=00000008 bytes, run addr=20200308, run size=00000016 bytes, compression=lzss


LINKER GENERATED HANDLER TABLE

__TI_handler_table @ 000043c0 records: 3, size/record: 4, table size: 12
	index: 0, handler: __TI_decompress_lzss
	index: 1, handler: __TI_decompress_none
	index: 2, handler: __TI_zero_init


FAR CALL TRAMPOLINES

callee name               trampoline name
   callee addr  tramp addr   call addr  call info
--------------  -----------  ---------  ----------------
_c_int00_noargs           $Tramp$TT$L$PI$$_c_int00_noargs
   00003775     00004264     0000425e   startup_mspm0g350x_ticlang.o (.text.Reset_Handler)

[1 trampolines]
[1 trampoline calls]


GLOBAL SYMBOLS: SORTED ALPHABETICALLY BY Name 

address   name                                 
-------   ----                                 
00004257  ADC0_IRQHandler                      
00004257  ADC1_IRQHandler                      
00004257  AES_IRQHandler                       
0000425a  C$$EXIT                              
00004257  CANFD0_IRQHandler                    
00004257  DAC0_IRQHandler                      
00004225  DL_Common_delayCycles                
000037c3  DL_I2C_setClockConfig                
00003a6d  DL_SYSCTL_configFCC                  
0000152d  DL_SYSCTL_configSYSPLL               
00002f29  DL_SYSCTL_switchMCLKfromSYSOSCtoHSCLK
00000f6d  DL_Timer_initFourCCPWMMode           
00003b15  DL_Timer_setCaptCompUpdateMethod     
00003dd5  DL_Timer_setCaptureCompareOutCtl     
00004105  DL_Timer_setCaptureCompareValue      
00003b31  DL_Timer_setClockConfig              
00002ee1  DL_UART_init                         
0000408b  DL_UART_setClockConfig               
00004257  DMA_IRQHandler                       
00004257  Default_Handler                      
00004257  GROUP0_IRQHandler                    
0000422f  GROUP1_IRQHandler                    
0000425b  HOSTexit                             
00004257  HardFault_Handler                    
00004257  I2C0_IRQHandler                      
00004257  I2C1_IRQHandler                      
00004257  NMI_Handler                          
00004257  PendSV_Handler                       
00004257  RTC_IRQHandler                       
0000425f  Reset_Handler                        
00004257  SPI0_IRQHandler                      
00004257  SPI1_IRQHandler                      
00004257  SVC_Handler                          
00000595  SYSCFG_DL_GPIO_init                  
000029b9  SYSCFG_DL_I2C_ICM42688_init          
00002079  SYSCFG_DL_PWM_init                   
000026f1  SYSCFG_DL_STEPPER_PWM_init           
00001355  SYSCFG_DL_SYSCTL_SYSPLL_init         
00002759  SYSCFG_DL_SYSCTL_init                
00004115  SYSCFG_DL_SYSTICK_init               
00002fb1  SYSCFG_DL_UART0_init                 
00002bc9  SYSCFG_DL_UART_1_init                
00002ff1  SYSCFG_DL_init                       
00002109  SYSCFG_DL_initPower                  
00004237  SysTick_Handler                      
00004257  TIMA0_IRQHandler                     
0000423f  TIMA1_IRQHandler                     
00004257  TIMG0_IRQHandler                     
00004257  TIMG12_IRQHandler                    
00004257  TIMG6_IRQHandler                     
00004257  TIMG7_IRQHandler                     
00004257  TIMG8_IRQHandler                     
000040af  TI_memcpy_small                      
00003ba1  UART0_IRQHandler                     
00002685  UART1_IRQHandler                     
00004257  UART2_IRQHandler                     
00004257  UART3_IRQHandler                     
20208000  __STACK_END                          
00000200  __STACK_SIZE                         
00000000  __TI_ATRegion0_region_sz             
00000000  __TI_ATRegion0_src_addr              
00000000  __TI_ATRegion0_trg_addr              
00000000  __TI_ATRegion1_region_sz             
00000000  __TI_ATRegion1_src_addr              
00000000  __TI_ATRegion1_trg_addr              
00000000  __TI_ATRegion2_region_sz             
00000000  __TI_ATRegion2_src_addr              
00000000  __TI_ATRegion2_trg_addr              
000043dc  __TI_CINIT_Base                      
000043ec  __TI_CINIT_Limit                     
000043ec  __TI_CINIT_Warm                      
000043c0  __TI_Handler_Table_Base              
000043cc  __TI_Handler_Table_Limit             
0000321d  __TI_auto_init_nobinit_nopinit       
000024a9  __TI_decompress_lzss                 
000040c1  __TI_decompress_none                 
ffffffff  __TI_pprof_out_hndl                  
ffffffff  __TI_prof_data_size                  
ffffffff  __TI_prof_data_start                 
00000000  __TI_static_base__                   
00003f63  __TI_zero_init_nomemset              
000016ef  __addsf3                             
00002891  __aeabi_dcmpeq                       
000028cd  __aeabi_dcmpge                       
000028e1  __aeabi_dcmpgt                       
000028b9  __aeabi_dcmple                       
000028a5  __aeabi_dcmplt                       
000032d1  __aeabi_f2iz                         
000034bd  __aeabi_f2uiz                        
000016ef  __aeabi_fadd                         
000028f5  __aeabi_fcmpeq                       
00002931  __aeabi_fcmpge                       
00002945  __aeabi_fcmpgt                       
0000291d  __aeabi_fcmple                       
00002909  __aeabi_fcmplt                       
0000232d  __aeabi_fdiv                         
00002195  __aeabi_fmul                         
000016e5  __aeabi_fsub                         
00003169  __aeabi_i2f                          
000016e3  __aeabi_idiv0                        
00004249  __aeabi_memcpy                       
00004249  __aeabi_memcpy4                      
00004249  __aeabi_memcpy8                      
00003811  __aeabi_ui2d                         
000036fd  __aeabi_ui2f                         
00003031  __aeabi_uidiv                        
00003031  __aeabi_uidivmod                     
ffffffff  __binit__                            
000027c1  __cmpdf2                             
00003259  __cmpsf2                             
0000232d  __divsf3                             
000027c1  __eqdf2                              
00003259  __eqsf2                              
000032d1  __fixsfsi                            
000034bd  __fixunssfsi                         
00003169  __floatsisf                          
00003811  __floatunsidf                        
000036fd  __floatunsisf                        
0000259d  __gedf2                              
000031a5  __gesf2                              
0000259d  __gtdf2                              
000031a5  __gtsf2                              
000027c1  __ledf2                              
00003259  __lesf2                              
000027c1  __ltdf2                              
00003259  __ltsf2                              
UNDEFED   __mpu_init                           
00003295  __muldsi3                            
00002195  __mulsf3                             
000027c1  __nedf2                              
00003259  __nesf2                              
20207e00  __stack                              
20200000  __start___llvm_prf_bits              
20200000  __start___llvm_prf_cnts              
20200000  __stop___llvm_prf_bits               
20200000  __stop___llvm_prf_cnts               
000016e5  __subsf3                             
00003775  _c_int00_noargs                      
UNDEFED   _system_post_cinit                   
00004275  _system_pre_init                     
00004251  abort                                
ffffffff  binit                                
000041dd  delay_get_ms                         
00003725  delay_tick                           
2020030c  delay_times                          
00002525  encoder_gpio_irq_handler             
202000bc  gPWMBackup                           
20200000  gSTEPPER_PWMBackup                   
00000000  interruptVectors                     
000041b5  main                                 
00003945  stepper_clear_emergency_inhibit      
00002e49  stepper_emergency_stop               
00002611  stepper_enable                       
000041e9  stepper_get_current_speed_hz         
00004125  stepper_get_direction                
000041f5  stepper_get_frequency_hz             
00003965  stepper_get_position_steps           
00004201  stepper_get_remaining_steps          
0000420d  stepper_get_speed_target_hz          
000017bd  stepper_init                         
00004135  stepper_is_busy                      
00004145  stepper_is_emergency_inhibited       
00004155  stepper_is_enabled                   
00004165  stepper_is_limit_active              
00004175  stepper_is_moving                    
00004219  stepper_reset_beam_pid               
00000b15  stepper_service                      
00001e11  stepper_set_speed_target             
00002d11  stepper_start                        
00001a19  stepper_start_continuous             
00001959  stepper_start_dir                    
000031e1  stepper_stop                         
00001f51  stepper_timer_irq_handler            
00001071  stepper_update_beam_pid              
000008bd  task2_ball_balance_run               
00002959  uart0_send_byte                      
000037e9  uart0_send_string                    
00001175  uart_cmd_get_vision_link_status      
00000c39  uart_cmd_get_vision_sample           
00000d4d  uart_cmd_init                        
0000242d  uart_cmd_irq_handler                 
00001cc9  uart_cmd_process                     


GLOBAL SYMBOLS: SORTED BY Symbol Address 

address   name                                 
-------   ----                                 
00000000  __TI_ATRegion0_region_sz             
00000000  __TI_ATRegion0_src_addr              
00000000  __TI_ATRegion0_trg_addr              
00000000  __TI_ATRegion1_region_sz             
00000000  __TI_ATRegion1_src_addr              
00000000  __TI_ATRegion1_trg_addr              
00000000  __TI_ATRegion2_region_sz             
00000000  __TI_ATRegion2_src_addr              
00000000  __TI_ATRegion2_trg_addr              
00000000  __TI_static_base__                   
00000000  interruptVectors                     
00000200  __STACK_SIZE                         
00000595  SYSCFG_DL_GPIO_init                  
000008bd  task2_ball_balance_run               
00000b15  stepper_service                      
00000c39  uart_cmd_get_vision_sample           
00000d4d  uart_cmd_init                        
00000f6d  DL_Timer_initFourCCPWMMode           
00001071  stepper_update_beam_pid              
00001175  uart_cmd_get_vision_link_status      
00001355  SYSCFG_DL_SYSCTL_SYSPLL_init         
0000152d  DL_SYSCTL_configSYSPLL               
000016e3  __aeabi_idiv0                        
000016e5  __aeabi_fsub                         
000016e5  __subsf3                             
000016ef  __addsf3                             
000016ef  __aeabi_fadd                         
000017bd  stepper_init                         
00001959  stepper_start_dir                    
00001a19  stepper_start_continuous             
00001cc9  uart_cmd_process                     
00001e11  stepper_set_speed_target             
00001f51  stepper_timer_irq_handler            
00002079  SYSCFG_DL_PWM_init                   
00002109  SYSCFG_DL_initPower                  
00002195  __aeabi_fmul                         
00002195  __mulsf3                             
0000232d  __aeabi_fdiv                         
0000232d  __divsf3                             
0000242d  uart_cmd_irq_handler                 
000024a9  __TI_decompress_lzss                 
00002525  encoder_gpio_irq_handler             
0000259d  __gedf2                              
0000259d  __gtdf2                              
00002611  stepper_enable                       
00002685  UART1_IRQHandler                     
000026f1  SYSCFG_DL_STEPPER_PWM_init           
00002759  SYSCFG_DL_SYSCTL_init                
000027c1  __cmpdf2                             
000027c1  __eqdf2                              
000027c1  __ledf2                              
000027c1  __ltdf2                              
000027c1  __nedf2                              
00002891  __aeabi_dcmpeq                       
000028a5  __aeabi_dcmplt                       
000028b9  __aeabi_dcmple                       
000028cd  __aeabi_dcmpge                       
000028e1  __aeabi_dcmpgt                       
000028f5  __aeabi_fcmpeq                       
00002909  __aeabi_fcmplt                       
0000291d  __aeabi_fcmple                       
00002931  __aeabi_fcmpge                       
00002945  __aeabi_fcmpgt                       
00002959  uart0_send_byte                      
000029b9  SYSCFG_DL_I2C_ICM42688_init          
00002bc9  SYSCFG_DL_UART_1_init                
00002d11  stepper_start                        
00002e49  stepper_emergency_stop               
00002ee1  DL_UART_init                         
00002f29  DL_SYSCTL_switchMCLKfromSYSOSCtoHSCLK
00002fb1  SYSCFG_DL_UART0_init                 
00002ff1  SYSCFG_DL_init                       
00003031  __aeabi_uidiv                        
00003031  __aeabi_uidivmod                     
00003169  __aeabi_i2f                          
00003169  __floatsisf                          
000031a5  __gesf2                              
000031a5  __gtsf2                              
000031e1  stepper_stop                         
0000321d  __TI_auto_init_nobinit_nopinit       
00003259  __cmpsf2                             
00003259  __eqsf2                              
00003259  __lesf2                              
00003259  __ltsf2                              
00003259  __nesf2                              
00003295  __muldsi3                            
000032d1  __aeabi_f2iz                         
000032d1  __fixsfsi                            
000034bd  __aeabi_f2uiz                        
000034bd  __fixunssfsi                         
000036fd  __aeabi_ui2f                         
000036fd  __floatunsisf                        
00003725  delay_tick                           
00003775  _c_int00_noargs                      
000037c3  DL_I2C_setClockConfig                
000037e9  uart0_send_string                    
00003811  __aeabi_ui2d                         
00003811  __floatunsidf                        
00003945  stepper_clear_emergency_inhibit      
00003965  stepper_get_position_steps           
00003a6d  DL_SYSCTL_configFCC                  
00003b15  DL_Timer_setCaptCompUpdateMethod     
00003b31  DL_Timer_setClockConfig              
00003ba1  UART0_IRQHandler                     
00003dd5  DL_Timer_setCaptureCompareOutCtl     
00003f63  __TI_zero_init_nomemset              
0000408b  DL_UART_setClockConfig               
000040af  TI_memcpy_small                      
000040c1  __TI_decompress_none                 
00004105  DL_Timer_setCaptureCompareValue      
00004115  SYSCFG_DL_SYSTICK_init               
00004125  stepper_get_direction                
00004135  stepper_is_busy                      
00004145  stepper_is_emergency_inhibited       
00004155  stepper_is_enabled                   
00004165  stepper_is_limit_active              
00004175  stepper_is_moving                    
000041b5  main                                 
000041dd  delay_get_ms                         
000041e9  stepper_get_current_speed_hz         
000041f5  stepper_get_frequency_hz             
00004201  stepper_get_remaining_steps          
0000420d  stepper_get_speed_target_hz          
00004219  stepper_reset_beam_pid               
00004225  DL_Common_delayCycles                
0000422f  GROUP1_IRQHandler                    
00004237  SysTick_Handler                      
0000423f  TIMA1_IRQHandler                     
00004249  __aeabi_memcpy                       
00004249  __aeabi_memcpy4                      
00004249  __aeabi_memcpy8                      
00004251  abort                                
00004257  ADC0_IRQHandler                      
00004257  ADC1_IRQHandler                      
00004257  AES_IRQHandler                       
00004257  CANFD0_IRQHandler                    
00004257  DAC0_IRQHandler                      
00004257  DMA_IRQHandler                       
00004257  Default_Handler                      
00004257  GROUP0_IRQHandler                    
00004257  HardFault_Handler                    
00004257  I2C0_IRQHandler                      
00004257  I2C1_IRQHandler                      
00004257  NMI_Handler                          
00004257  PendSV_Handler                       
00004257  RTC_IRQHandler                       
00004257  SPI0_IRQHandler                      
00004257  SPI1_IRQHandler                      
00004257  SVC_Handler                          
00004257  TIMA0_IRQHandler                     
00004257  TIMG0_IRQHandler                     
00004257  TIMG12_IRQHandler                    
00004257  TIMG6_IRQHandler                     
00004257  TIMG7_IRQHandler                     
00004257  TIMG8_IRQHandler                     
00004257  UART2_IRQHandler                     
00004257  UART3_IRQHandler                     
0000425a  C$$EXIT                              
0000425b  HOSTexit                             
0000425f  Reset_Handler                        
00004275  _system_pre_init                     
000043c0  __TI_Handler_Table_Base              
000043cc  __TI_Handler_Table_Limit             
000043dc  __TI_CINIT_Base                      
000043ec  __TI_CINIT_Limit                     
000043ec  __TI_CINIT_Warm                      
20200000  __start___llvm_prf_bits              
20200000  __start___llvm_prf_cnts              
20200000  __stop___llvm_prf_bits               
20200000  __stop___llvm_prf_cnts               
20200000  gSTEPPER_PWMBackup                   
202000bc  gPWMBackup                           
2020030c  delay_times                          
20207e00  __stack                              
20208000  __STACK_END                          
ffffffff  __TI_pprof_out_hndl                  
ffffffff  __TI_prof_data_size                  
ffffffff  __TI_prof_data_start                 
ffffffff  __binit__                            
ffffffff  binit                                
UNDEFED   __mpu_init                           
UNDEFED   _system_post_cinit                   

[182 symbols]
