******************************************************************************
            TI ARM Clang Linker PC v4.0.4                      
******************************************************************************
>> Linked Mon Jul 27 22:21:29 2026

OUTPUT FILE NAME:   <C07A.out>
ENTRY POINT SYMBOL: "_c_int00_noargs"  address: 00004f11


MEMORY CONFIGURATION

         name            origin    length      used     unused   attr    fill
----------------------  --------  ---------  --------  --------  ----  --------
  FLASH                 00000000   00020000  00005c68  0001a398  R  X
  SRAM                  20200000   00008000  00000419  00007be7  RW X
  BCR_CONFIG            41c00000   000000ff  00000000  000000ff  R   
  BSL_CONFIG            41c00100   00000080  00000000  00000080  R   


SEGMENT ALLOCATION MAP

run origin  load origin   length   init length attrs members
----------  ----------- ---------- ----------- ----- -------
00000000    00000000    00005c68   00005c68    r-x
  00000000    00000000    000000c0   000000c0    r-- .intvecs
  000000c0    000000c0    00005770   00005770    r-x .text
  00005830    00005830    00000400   00000400    r-- .rodata
  00005c30    00005c30    00000038   00000038    r-- .cinit
20200000    20200000    00000219   00000000    rw-
  20200000    20200000    00000198   00000000    rw- .bss
  20200198    20200198    00000081   00000000    rw- .data
20207e00    20207e00    00000200   00000000    rw-
  20207e00    20207e00    00000200   00000000    rw- .stack


SECTION ALLOCATION MAP

 output                                  attributes/
section   page    origin      length       input sections
--------  ----  ----------  ----------   ----------------
.intvecs   0    00000000    000000c0     
                  00000000    000000c0     startup_mspm0g350x_ticlang.o (.intvecs)

.text      0    000000c0    00005770     
                  000000c0    00000644     libc.a : k_rem_pio2.c.obj (.text.__kernel_rem_pio2)
                  00000704    00000628     attitude.o (.text.attitude_update_from_icm42688)
                  00000d2c    00000228     icm42688.o (.text.icm42688_i2c_read_regs)
                  00000f54    00000224     attitude.o (.text.attitude_calibrate_gyro)
                  00001178    00000214     empty.o (.text.main)
                  0000138c    000001d4     libc.a : s_cosf.c.obj (.text.cosf)
                  00001560    000001c8            : s_atanf.c.obj (.text.atanf)
                  00001728    000001c8            : s_sinf.c.obj (.text.sinf)
                  000018f0    000001b0            : s_tanf.c.obj (.text.tanf)
                  00001aa0    00000192     libclang_rt.builtins.a : adddf3.S.obj (.text.adddf3_subdf3)
                  00001c32    00000002                            : aeabi_div0.c.obj (.text.__aeabi_idiv0)
                  00001c34    00000188     ti_msp_dl_config.o (.text.SYSCFG_DL_GPIO_init)
                  00001dbc    00000144     libc.a : s_floor.c.obj (.text.floor)
                  00001f00    0000012c            : s_tanf.c.obj (.text.__kernel_tandf)
                  0000202c    00000124     icm42688.o (.text.icm42688_init)
                  00002150    00000120     icm42688.o (.text.icm42688_read_regs_safe)
                  00002270    00000118     libc.a : e_atan2f.c.obj (.text.atan2f)
                  00002388    0000010c     libclang_rt.builtins.a : divdf3.S.obj (.text.__divdf3)
                  00002494    00000108     empty.o (.text.menu_keys_update)
                  0000259c    00000104     driverlib.a : dl_timer.o (.text.DL_Timer_initFourCCPWMMode)
                  000026a0    00000100     icm42688.o (.text.icm42688_write_reg)
                  000027a0    000000ec     ti_msp_dl_config.o (.text.SYSCFG_DL_SYSCTL_SYSPLL_init)
                  0000288c    000000e4     libclang_rt.builtins.a : muldf3.S.obj (.text.__muldf3)
                  00002970    000000dc     driverlib.a : dl_sysctl_mspm0g1x0x_g3x0x.o (.text.DL_SYSCTL_configSYSPLL)
                  00002a4c    000000d8     libc.a : s_scalbn.c.obj (.text.scalbn)
                  00002b24    000000d8     libclang_rt.builtins.a : addsf3.S.obj (.text)
                  00002bfc    000000d0     icm42688.o (.text.icm42688_i2c_write)
                  00002ccc    000000ce     oled.o (.text.oled_init)
                  00002d9a    00000002     --HOLE-- [fill = 0]
                  00002d9c    000000c8     empty.o (.text.menu_render)
                  00002e64    000000bc     icm42688.o (.text.icm42688_select_address)
                  00002f20    000000bc     vofa.o (.text.uart0_send_float)
                  00002fdc    000000b4     uart_cmd.o (.text.uart_cmd_irq_handler)
                  00003090    000000ac     libc.a : s_cosf.c.obj (.text.__kernel_sindf)
                  0000313c    000000ac            : s_sinf.c.obj (.text.__kernel_sindf)
                  000031e8    000000a0            : e_sqrtf.c.obj (.text.sqrtf)
                  00003288    0000009c            : s_cosf.c.obj (.text.__kernel_cosdf)
                  00003324    0000009c            : s_sinf.c.obj (.text.__kernel_cosdf)
                  000033c0    00000098     icm42688.o (.text.icm42688_read_raw)
                  00003458    00000090     ti_msp_dl_config.o (.text.SYSCFG_DL_PWM_init)
                  000034e8    0000008c     libclang_rt.builtins.a : mulsf3.S.obj (.text.__mulsf3)
                  00003574    0000008c     oled.o (.text.oled_print_char)
                  00003600    0000008c     vofa.o (.text.vofa_send_six_float)
                  0000368c    00000088     attitude.o (.text.attitude_init)
                  00003714    00000084     ti_msp_dl_config.o (.text.__NVIC_SetPriority)
                  00003798    00000084     empty.o (.text.menu_handle_key)
                  0000381c    00000084     vofa.o (.text.uart0_send_int)
                  000038a0    00000082     libclang_rt.builtins.a : divsf3.S.obj (.text.__divsf3)
                  00003922    00000002     --HOLE-- [fill = 0]
                  00003924    00000080     icm42688.o (.text.icm42688_abort_transfer)
                  000039a4    0000007c     icm42688.o (.text.DL_I2C_startControllerTransferAdvanced)
                  00003a20    0000007c     ti_msp_dl_config.o (.text.SYSCFG_DL_initPower)
                  00003a9c    0000007c     libc.a : copy_decompress_lzss.c.obj (.text:decompress:lzss)
                  00003b18    00000078     attitude.o (.text.attitude_accel_to_euler)
                  00003b90    00000078     encoder.o (.text.encoder_gpio_irq_handler)
                  00003c08    00000074     libclang_rt.builtins.a : comparedf2.c.obj (.text.__gedf2)
                  00003c7c    00000004     startup_mspm0g350x_ticlang.o (.text.Default_Handler)
                  00003c80    00000074     libclang_rt.builtins.a : truncdfsf2.S.obj (.text.__truncdfsf2)
                  00003cf4    00000070     icm42688.o (.text.icm42688_wait_bus_released)
                  00003d64    0000006c     bluetooth.o (.text.UART1_IRQHandler)
                  00003dd0    0000006c     oled.o (.text.oled_set_cursor)
                  00003e3c    00000068     ti_msp_dl_config.o (.text.SYSCFG_DL_SYSCTL_init)
                  00003ea4    00000068     libclang_rt.builtins.a : comparedf2.c.obj (.text.__ledf2)
                  00003f0c    00000064     empty.o (.text.menu_keys_init)
                  00003f70    00000062     libclang_rt.builtins.a : aeabi_dcmp.S.obj (.text.__aeabi_dcmp)
                  00003fd2    00000002     --HOLE-- [fill = 0]
                  00003fd4    00000062                            : aeabi_fcmp.S.obj (.text.__aeabi_fcmp)
                  00004036    00000002     --HOLE-- [fill = 0]
                  00004038    00000060     vofa.o (.text.uart0_send_byte)
                  00004098    0000005e     driverlib.a : dl_i2c.o (.text.DL_I2C_fillControllerTXFIFO)
                  000040f6    0000005c     icm42688.o (.text.icm42688_probe_address)
                  00004152    00000002     --HOLE-- [fill = 0]
                  00004154    0000005c     icm42688.o (.text.icm42688_wait_controller_done)
                  000041b0    00000058     ti_msp_dl_config.o (.text.SYSCFG_DL_I2C_ICM42688_init)
                  00004208    00000056     libclang_rt.builtins.a : aeabi_idivmod.S.obj (.text.__aeabi_idivmod)
                  0000425e    00000002     --HOLE-- [fill = 0]
                  00004260    00000054     ti_msp_dl_config.o (.text.SYSCFG_DL_UART_1_init)
                  000042b4    00000054     attitude.o (.text.attitude_wrap_180)
                  00004308    00000050     ti_msp_dl_config.o (.text.DL_GPIO_initPeripheralInputFunctionFeatures)
                  00004358    00000050     icm42688.o (.text.DL_I2C_startControllerTransfer)
                  000043a8    00000050     ti_msp_dl_config.o (.text.SysTick_Config)
                  000043f8    00000050     oled.o (.text.oled_write_byte)
                  00004448    0000004e     libclang_rt.builtins.a : floatdisf.S.obj (.text.__floatdisf)
                  00004496    00000002     --HOLE-- [fill = 0]
                  00004498    0000004c     empty.o (.text.DL_GPIO_initDigitalInputFeatures)
                  000044e4    0000004c     ti_msp_dl_config.o (.text.DL_GPIO_initDigitalInputFeatures)
                  00004530    0000004c     ti_msp_dl_config.o (.text.DL_UART_setBaudRateDivisor)
                  0000457c    0000004a     libclang_rt.builtins.a : fixdfsi.S.obj (.text.__fixdfsi)
                  000045c6    00000002     --HOLE-- [fill = 0]
                  000045c8    00000048     driverlib.a : dl_uart.o (.text.DL_UART_init)
                  00004610    00000048     attitude.o (.text.attitude_reset_calibration_accumulator)
                  00004658    00000048     attitude.o (.text.attitude_set_zero_from_accel)
                  000046a0    00000048     icm42688.o (.text.icm42688_prepare_transfer)
                  000046e8    00000048     oled.o (.text.oled_clear_line)
                  00004730    00000044     driverlib.a : dl_sysctl_mspm0g1x0x_g3x0x.o (.text.DL_SYSCTL_switchMCLKfromSYSOSCtoHSCLK)
                  00004774    00000040     ti_msp_dl_config.o (.text.SYSCFG_DL_UART0_init)
                  000047b4    00000040     libclang_rt.builtins.a : aeabi_uidivmod.S.obj (.text.__aeabi_uidivmod)
                  000047f4    00000040                            : extendsfdf2.S.obj (.text.__extendsfdf2)
                  00004834    00000040     oled.o (.text.oled_reverse_bits)
                  00004874    0000003e     attitude.o (.text.attitude_clamp)
                  000048b2    0000003e     oled.o (.text.oled_print_string)
                  000048f0    0000003c     driverlib.a : dl_i2c.o (.text.DL_I2C_flushControllerTXFIFO)
                  0000492c    0000003c     ti_msp_dl_config.o (.text.DL_Timer_setCounterControl)
                  00004968    0000003c     libclang_rt.builtins.a : floatsisf.S.obj (.text.__floatsisf)
                  000049a4    0000003c                            : comparesf2.S.obj (.text.__gtsf2)
                  000049e0    0000003c     attitude.o (.text.attitude_apply_deadband)
                  00004a1c    0000003c     libc.a : autoinit.c.obj (.text:__TI_auto_init_nobinit_nopinit)
                  00004a58    0000003a     libclang_rt.builtins.a : comparesf2.S.obj (.text.__eqsf2)
                  00004a92    00000002     --HOLE-- [fill = 0]
                  00004a94    0000003a                            : muldsi3.S.obj (.text.__muldsi3)
                  00004ace    00000002     --HOLE-- [fill = 0]
                  00004ad0    00000038                            : fixsfsi.S.obj (.text.__fixsfsi)
                  00004b08    00000038     attitude.o (.text.attitude_get_euler)
                  00004b40    00000038     encoder.o (.text.encoder_update_left)
                  00004b78    00000038     encoder.o (.text.encoder_update_right)
                  00004bb0    00000036     oled.o (.text.oled_clear)
                  00004be6    00000002     --HOLE-- [fill = 0]
                  00004be8    00000034     oled.o (.text.oled_dc)
                  00004c1c    00000034     oled.o (.text.oled_rst)
                  00004c50    00000034     oled.o (.text.oled_scl)
                  00004c84    00000034     oled.o (.text.oled_sda)
                  00004cb8    00000030     driverlib.a : dl_i2c.o (.text.DL_I2C_flushControllerRXFIFO)
                  00004ce8    00000030     ti_msp_dl_config.o (.text.SYSCFG_DL_init)
                  00004d18    0000002e     empty.o (.text.menu_key_load_state)
                  00004d46    00000002     --HOLE-- [fill = 0]
                  00004d48    0000002c     libclang_rt.builtins.a : floatsidf.S.obj (.text.__floatsidf)
                  00004d74    0000002c     attitude.o (.text.attitude_raw_is_valid)
                  00004da0    0000002c     icm42688.o (.text.icm42688_clear_raw)
                  00004dcc    0000002c     icm42688.o (.text.icm42688_is_valid_address)
                  00004df8    00000028     icm42688.o (.text.DL_Common_updateReg)
                  00004e20    00000028     ti_msp_dl_config.o (.text.DL_Common_updateReg)
                  00004e48    00000028     ti_msp_dl_config.o (.text.DL_I2C_setControllerRXFIFOThreshold)
                  00004e70    00000028     ti_msp_dl_config.o (.text.DL_I2C_setControllerTXFIFOThreshold)
                  00004e98    00000028     libclang_rt.builtins.a : floatunsisf.S.obj (.text.__floatunsisf)
                  00004ec0    00000028     delay.o (.text.delay_tick)
                  00004ee8    00000028     icm42688.o (.text.icm42688_get_other_address)
                  00004f10    00000028     libc.a : boot_cortex_m.c.obj (.text:_c_int00_noargs)
                  00004f38    00000026     ti_msp_dl_config.o (.text.DL_I2C_setAnalogGlitchFilterPulseWidth)
                  00004f5e    00000026     driverlib.a : dl_i2c.o (.text.DL_I2C_setClockConfig)
                  00004f84    00000026     vofa.o (.text.uart0_send_string)
                  00004faa    00000002     --HOLE-- [fill = 0]
                  00004fac    00000024     libclang_rt.builtins.a : floatunsidf.S.obj (.text.__floatunsidf)
                  00004fd0    00000024     oled.o (.text.oled_physical_page)
                  00004ff4    00000020     ti_msp_dl_config.o (.text.DL_GPIO_initPeripheralInputFunction)
                  00005014    00000020     ti_msp_dl_config.o (.text.DL_SYSCTL_setFlashWaitState)
                  00005034    00000020     delay.o (.text.delay_ms)
                  00005054    00000020     encoder.o (.text.encoder_left_b_is_high)
                  00005074    00000020     encoder.o (.text.encoder_right_b_is_high)
                  00005094    0000001e     ti_msp_dl_config.o (.text.DL_UART_setOversampling)
                  000050b2    0000001e     icm42688.o (.text.icm42688_to_i16)
                  000050d0    0000001c     encoder.o (.text.DL_GPIO_clearInterruptStatus)
                  000050ec    0000001c     ti_msp_dl_config.o (.text.DL_GPIO_clearInterruptStatus)
                  00005108    0000001c     ti_msp_dl_config.o (.text.DL_GPIO_enableHiZ)
                  00005124    0000001c     ti_msp_dl_config.o (.text.DL_GPIO_enableInterrupt)
                  00005140    0000001c     ti_msp_dl_config.o (.text.DL_GPIO_initPeripheralOutputFunction)
                  0000515c    0000001c     icm42688.o (.text.DL_I2C_isControllerRXFIFOEmpty)
                  00005178    0000001c     driverlib.a : dl_sysctl_mspm0g1x0x_g3x0x.o (.text.DL_SYSCTL_configFCC)
                  00005194    0000001c     ti_msp_dl_config.o (.text.DL_SYSCTL_setFCCPeriods)
                  000051b0    0000001c     ti_msp_dl_config.o (.text.DL_SYSCTL_setSYSOSCFreq)
                  000051cc    0000001c     ti_msp_dl_config.o (.text.DL_SYSCTL_setULPCLKDivider)
                  000051e8    0000001c     driverlib.a : dl_timer.o (.text.DL_Timer_setCaptCompUpdateMethod)
                  00005204    0000001c                 : dl_timer.o (.text.DL_Timer_setClockConfig)
                  00005220    0000001c     ti_msp_dl_config.o (.text.DL_UART_enableInterrupt)
                  0000523c    0000001c     empty.o (.text.menu_key_is_pressed)
                  00005258    0000001c     oled.o (.text.oled_write_cmd)
                  00005274    0000001c     oled.o (.text.oled_write_data)
                  00005290    0000001a     icm42688.o (.text.icm42688_read_reg)
                  000052aa    00000002     --HOLE-- [fill = 0]
                  000052ac    00000018     ti_msp_dl_config.o (.text.DL_GPIO_enableOutput)
                  000052c4    00000018     ti_msp_dl_config.o (.text.DL_GPIO_enablePower)
                  000052dc    00000018     encoder.o (.text.DL_GPIO_getEnabledInterruptStatus)
                  000052f4    00000018     ti_msp_dl_config.o (.text.DL_GPIO_initDigitalOutput)
                  0000530c    00000018     ti_msp_dl_config.o (.text.DL_GPIO_reset)
                  00005324    00000018     oled.o (.text.DL_GPIO_setPins)
                  0000533c    00000018     ti_msp_dl_config.o (.text.DL_GPIO_setPins)
                  00005354    00000018     ti_msp_dl_config.o (.text.DL_GPIO_setUpperPinsPolarity)
                  0000536c    00000018     ti_msp_dl_config.o (.text.DL_I2C_enableAnalogGlitchFilter)
                  00005384    00000018     ti_msp_dl_config.o (.text.DL_I2C_enableController)
                  0000539c    00000018     ti_msp_dl_config.o (.text.DL_I2C_enableControllerClockStretching)
                  000053b4    00000018     ti_msp_dl_config.o (.text.DL_I2C_enablePower)
                  000053cc    00000018     ti_msp_dl_config.o (.text.DL_I2C_reset)
                  000053e4    00000018     ti_msp_dl_config.o (.text.DL_I2C_setTimerPeriod)
                  000053fc    00000018     ti_msp_dl_config.o (.text.DL_SYSCTL_setBORThreshold)
                  00005414    00000018     ti_msp_dl_config.o (.text.DL_Timer_enablePower)
                  0000542c    00000018     ti_msp_dl_config.o (.text.DL_Timer_reset)
                  00005444    00000018     driverlib.a : dl_timer.o (.text.DL_Timer_setCaptureCompareOutCtl)
                  0000545c    00000018     ti_msp_dl_config.o (.text.DL_UART_enablePower)
                  00005474    00000018     bluetooth.o (.text.DL_UART_isRXFIFOEmpty)
                  0000548c    00000018     uart_cmd.o (.text.DL_UART_isRXFIFOEmpty)
                  000054a4    00000018     vofa.o (.text.DL_UART_isTXFIFOFull)
                  000054bc    00000018     ti_msp_dl_config.o (.text.DL_UART_reset)
                  000054d4    00000016     empty.o (.text.DL_GPIO_readPins)
                  000054ea    00000016     encoder.o (.text.DL_GPIO_readPins)
                  00005500    00000016     ti_msp_dl_config.o (.text.DL_UART_enable)
                  00005516    00000016     vofa.o (.text.DL_UART_transmitData)
                  0000552c    00000016     libc.a : k_rem_pio2.c.obj (.text.OUTLINED_FUNCTION_0)
                  00005542    00000002     --HOLE-- [fill = 0]
                  00005544    00000010     libclang_rt.builtins.a : adddf3.S.obj (.tramp.__aeabi_dadd.1)
                  00005554    00000016     libc.a : copy_zero_init.c.obj (.text:decompress:ZI:__TI_zero_init_nomemset)
                  0000556a    00000014     oled.o (.text.DL_GPIO_clearPins)
                  0000557e    00000002     --HOLE-- [fill = 0]
                  00005580    00000014     icm42688.o (.text.DL_I2C_getControllerStatus)
                  00005594    00000014     icm42688.o (.text.DL_I2C_receiveControllerData)
                  000055a8    00000014     icm42688.o (.text.DL_I2C_resetControllerTransfer)
                  000055bc    00000014     ti_msp_dl_config.o (.text.DL_I2C_resetControllerTransfer)
                  000055d0    00000014     ti_msp_dl_config.o (.text.DL_SYSCTL_disableSYSPLL)
                  000055e4    00000014     ti_msp_dl_config.o (.text.DL_SYSCTL_enableSYSPLL)
                  000055f8    00000014     ti_msp_dl_config.o (.text.DL_Timer_enableClock)
                  0000560c    00000014     ti_msp_dl_config.o (.text.DL_Timer_setCCPDirection)
                  00005620    00000014     bluetooth.o (.text.DL_UART_receiveData)
                  00005634    00000014     uart_cmd.o (.text.DL_UART_receiveData)
                  00005648    00000014     empty.o (.text.menu_init)
                  0000565c    00000012     bluetooth.o (.text.DL_UART_getPendingInterrupt)
                  0000566e    00000012     uart_cmd.o (.text.DL_UART_getPendingInterrupt)
                  00005680    00000012     driverlib.a : dl_uart.o (.text.DL_UART_setClockConfig)
                  00005692    00000012     libc.a : memcpy16.S.obj (.text:TI_memcpy_small)
                  000056a4    00000012            : copy_decompress_none.c.obj (.text:decompress:none)
                  000056b6    00000002     --HOLE-- [fill = 0]
                  000056b8    00000010     ti_msp_dl_config.o (.text.DL_SYSCTL_disableHFXT)
                  000056c8    00000010     ti_msp_dl_config.o (.text.DL_SYSCTL_isFCCDone)
                  000056d8    00000010     ti_msp_dl_config.o (.text.DL_SYSCTL_startFCC)
                  000056e8    00000010     driverlib.a : dl_timer.o (.text.DL_Timer_setCaptureCompareValue)
                  000056f8    00000010     libc.a : k_rem_pio2.c.obj (.text.OUTLINED_FUNCTION_2)
                  00005708    00000010     ti_msp_dl_config.o (.text.SYSCFG_DL_SYSTICK_init)
                  00005718    0000000c     ti_msp_dl_config.o (.text.DL_SYSCTL_getClockStatus)
                  00005724    0000000c     ti_msp_dl_config.o (.text.DL_SYSCTL_readFCC)
                  00005730    0000000c     delay.o (.text.delay_get_ms)
                  0000573c    0000000a     driverlib.a : dl_common.o (.text.DL_Common_delayCycles)
                  00005746    0000000a     libc.a : s_tanf.c.obj (.text.OUTLINED_FUNCTION_0)
                  00005750    0000000a            : k_rem_pio2.c.obj (.text.OUTLINED_FUNCTION_1)
                  0000575a    0000000a            : s_cosf.c.obj (.text.OUTLINED_FUNCTION_3)
                  00005764    0000000a            : s_sinf.c.obj (.text.OUTLINED_FUNCTION_3)
                  0000576e    00000008     encoder.o (.text.GROUP1_IRQHandler)
                  00005776    00000008     empty.o (.text.SysTick_Handler)
                  0000577e    00000008     uart_cmd.o (.text.UART0_IRQHandler)
                  00005786    00000002     --HOLE-- [fill = 0]
                  00005788    00000008     libc.a : aeabi_portable.c.obj (.text.__aeabi_errno_addr)
                  00005790    00000008     libclang_rt.builtins.a : aeabi_memcpy.S.obj (.text.__aeabi_memcpy)
                  00005798    00000006     libc.a : s_atanf.c.obj (.text.OUTLINED_FUNCTION_0)
                  0000579e    00000002     --HOLE-- [fill = 0]
                  000057a0    00000010     libclang_rt.builtins.a : divsf3.S.obj (.tramp.__aeabi_fdiv.1)
                  000057b0    00000006     libc.a : s_cosf.c.obj (.text.OUTLINED_FUNCTION_0)
                  000057b6    00000002     --HOLE-- [fill = 0]
                  000057b8    00000010     libclang_rt.builtins.a : muldf3.S.obj (.tramp.__aeabi_dmul.1)
                  000057c8    00000006     libc.a : s_sinf.c.obj (.text.OUTLINED_FUNCTION_0)
                  000057ce    00000006            : s_cosf.c.obj (.text.OUTLINED_FUNCTION_1)
                  000057d4    00000006            : s_sinf.c.obj (.text.OUTLINED_FUNCTION_1)
                  000057da    00000006            : exit.c.obj (.text:abort)
                  000057e0    00000004     libsysbm.a : hostexit.c.obj (.text.HOSTexit)
                  000057e4    00000004     libc.a : s_atanf.c.obj (.text.OUTLINED_FUNCTION_1)
                  000057e8    00000010     libclang_rt.builtins.a : addsf3.S.obj (.tramp.__aeabi_fadd.1)
                  000057f8    00000004     libc.a : s_tanf.c.obj (.text.OUTLINED_FUNCTION_1)
                  000057fc    00000010     libclang_rt.builtins.a : extendsfdf2.S.obj (.tramp.__aeabi_f2d.1)
                  0000580c    00000004     libc.a : s_cosf.c.obj (.text.OUTLINED_FUNCTION_2)
                  00005810    00000004            : s_sinf.c.obj (.text.OUTLINED_FUNCTION_2)
                  00005814    00000004     startup_mspm0g350x_ticlang.o (.text.Reset_Handler)
                  00005818    00000010     libc.a : boot_cortex_m.c.obj (.tramp._c_int00_noargs.1)
                  00005828    00000004            : pre_init.c.obj (.text._system_pre_init)
                  0000582c    00000004     --HOLE-- [fill = 0]

.cinit     0    00005c30    00000038     
                  00005c30    0000000f     (.cinit..data.load) [load image, compression = lzss]
                  00005c3f    00000001     --HOLE-- [fill = 0]
                  00005c40    0000000c     (__TI_handler_table)
                  00005c4c    00000008     (.cinit..bss.load) [load image, compression = zero_init]
                  00005c54    00000010     (__TI_cinit_table)
                  00005c64    00000004     --HOLE-- [fill = 0]

.rodata    0    00005830    00000400     
                  00005830    000001e0     oled.o (.rodata.g_font5x7)
                  00005a10    00000108     libc.a : k_rem_pio2.c.obj (.rodata.ipio2)
                  00005b18    00000040            : k_rem_pio2.c.obj (.rodata.PIo2)
                  00005b58    00000028     ti_msp_dl_config.o (.rodata.gSYSPLLConfig)
                  00005b80    00000020     libc.a : s_atanf.c.obj (.rodata.cst16)
                  00005ba0    00000014     empty.o (.rodata.g_menuItems)
                  00005bb4    00000010     libc.a : k_rem_pio2.c.obj (.rodata.cst16)
                  00005bc4    0000000a     ti_msp_dl_config.o (.rodata.gUART0Config)
                  00005bce    0000000a     ti_msp_dl_config.o (.rodata.gUART_1Config)
                  00005bd8    00000009     empty.o (.rodata.str1.11898133897667081452.1)
                  00005be1    00000009     empty.o (.rodata.str1.150872071346279890.1)
                  00005bea    00000009     vofa.o (.rodata.str1.15592850640436249970.1)
                  00005bf3    00000009     empty.o (.rodata.str1.16704889451495720520.1)
                  00005bfc    00000009     empty.o (.rodata.str1.17669528882079347314.1)
                  00005c05    00000009     empty.o (.rodata.str1.7401042497206923953.1)
                  00005c0e    00000002     ti_msp_dl_config.o (.rodata.gI2C_ICM42688ClockConfig)
                  00005c10    00000008     ti_msp_dl_config.o (.rodata.gPWMConfig)
                  00005c18    00000005     empty.o (.rodata.str1.254342170260855183.1)
                  00005c1d    00000005     empty.o (.rodata.str1.9517790425240694019.1)
                  00005c22    00000003     ti_msp_dl_config.o (.rodata.gPWMClockConfig)
                  00005c25    00000003     empty.o (.rodata.str1.14685083708502177989.1)
                  00005c28    00000002     ti_msp_dl_config.o (.rodata.gUART0ClockConfig)
                  00005c2a    00000002     ti_msp_dl_config.o (.rodata.gUART_1ClockConfig)
                  00005c2c    00000004     --HOLE-- [fill = 0]

.init_array 
*          0    00000000    00000000     UNINITIALIZED

.binit     0    00000000    00000000     

.bss       0    20200000    00000198     UNINITIALIZED
                  20200000    000000a0     (.common:gPWMBackup)
                  202000a0    00000080     bluetooth.o (.bss.g_rxBuffer)
                  20200120    00000050     uart_cmd.o (.bss.g_uartCmdBuffer)
                  20200170    00000024     empty.o (.bss.g_menuKeys)
                  20200194    00000004     empty.o (.bss.g_menu)

.data      0    20200198    00000081     UNINITIALIZED
                  20200198    00000008     attitude.o (.data.g_accCalSumX)
                  202001a0    00000008     attitude.o (.data.g_accCalSumY)
                  202001a8    00000008     attitude.o (.data.g_accCalSumZ)
                  202001b0    00000008     attitude.o (.data.g_gyroCalSumX)
                  202001b8    00000008     attitude.o (.data.g_gyroCalSumY)
                  202001c0    00000008     attitude.o (.data.g_gyroCalSumZ)
                  202001c8    00000004     libc.a : aeabi_portable.c.obj (.data.__aeabi_errno)
                  202001cc    00000004     delay.o (.data.delay_ms_ticks)
                  202001d0    00000004     delay.o (.data.delay_times)
                  202001d4    00000004     attitude.o (.data.g_accFiltX)
                  202001d8    00000004     attitude.o (.data.g_accFiltY)
                  202001dc    00000004     attitude.o (.data.g_accFiltZ)
                  202001e0    00000004     encoder.o (.data.g_encoderLeftCount)
                  202001e4    00000004     encoder.o (.data.g_encoderRightCount)
                  202001e8    00000004     attitude.o (.data.g_gyroBiasX)
                  202001ec    00000004     attitude.o (.data.g_gyroBiasY)
                  202001f0    00000004     attitude.o (.data.g_gyroBiasZ)
                  202001f4    00000004     attitude.o (.data.g_gyroCalCount)
                  202001f8    00000004     attitude.o (.data.g_gyroZDps)
                  202001fc    00000004     attitude.o (.data.g_pitchDeg)
                  20200200    00000004     attitude.o (.data.g_pitchZeroDeg)
                  20200204    00000004     attitude.o (.data.g_rollDeg)
                  20200208    00000004     attitude.o (.data.g_rollZeroDeg)
                  2020020c    00000004     attitude.o (.data.g_yawDeg)
                  20200210    00000001     attitude.o (.data.g_accFilterReady)
                  20200211    00000001     oled.o (.data.g_cursorColumn)
                  20200212    00000001     oled.o (.data.g_cursorPage)
                  20200213    00000001     attitude.o (.data.g_gyroCalibrated)
                  20200214    00000001     icm42688.o (.data.g_icm42688Address)
                  20200215    00000001     bluetooth.o (.data.g_rxHead)
                  20200216    00000001     bluetooth.o (.data.g_rxTail)
                  20200217    00000001     uart_cmd.o (.data.g_uartCmdIndex)
                  20200218    00000001     uart_cmd.o (.data.g_uartCmdReady)

.stack     0    20207e00    00000200     UNINITIALIZED
                  20207e00    00000004     libc.a : boot_cortex_m.c.obj (.stack)
                  20207e04    000001fc     --HOLE--

__llvm_prf_cnts 
*          0    20200000    00000000     UNINITIALIZED

__llvm_prf_bits 
*          0    20200000    00000000     UNINITIALIZED

MODULE SUMMARY

       Module                         code    ro data   rw data
       ------                         ----    -------   -------
    .\
       ti_msp_dl_config.o             2882    77        160    
       empty.o                        1428    78        40     
       startup_mspm0g350x_ticlang.o   8       192       0      
    +--+------------------------------+-------+---------+---------+
       Total:                         4318    347       200    
                                                               
    .\Src\
       icm42688.o                     2948    0         1      
       attitude.o                     2830    0         102    
       oled.o                         1130    480       2      
       vofa.o                         640     9         0      
       encoder.o                      378     0         8      
       uart_cmd.o                     250     0         82     
       bluetooth.o                    170     0         130    
       delay.o                        84      0         8      
    +--+------------------------------+-------+---------+---------+
       Total:                         8430    489       333    
                                                               
    C:/TI/mspm0_sdk_2_10_00_04/source/ti/driverlib/lib/ticlang/m0p/mspm0g1x0x_g3x0x/driverlib.a
       dl_timer.o                     356     0         0      
       dl_sysctl_mspm0g1x0x_g3x0x.o   316     0         0      
       dl_i2c.o                       240     0         0      
       dl_uart.o                      90      0         0      
       dl_common.o                    10      0         0      
    +--+------------------------------+-------+---------+---------+
       Total:                         1012    0         0      
                                                               
    D:\ti\ccs2050\ccs\tools\compiler\ti-cgt-armllvm_4.0.4.LTS\lib\armv6m-ti-none-eabi/c/libc.a
       k_rem_pio2.c.obj               1652    344       0      
       s_cosf.c.obj                   822     0         0      
       s_sinf.c.obj                   810     0         0      
       s_tanf.c.obj                   746     0         0      
       s_atanf.c.obj                  466     32        0      
       s_floor.c.obj                  324     0         0      
       e_atan2f.c.obj                 280     0         0      
       s_scalbn.c.obj                 216     0         0      
       e_sqrtf.c.obj                  160     0         0      
       copy_decompress_lzss.c.obj     124     0         0      
       autoinit.c.obj                 60      0         0      
       boot_cortex_m.c.obj            56      0         0      
       copy_zero_init.c.obj           22      0         0      
       copy_decompress_none.c.obj     18      0         0      
       memcpy16.S.obj                 18      0         0      
       aeabi_portable.c.obj           8       0         4      
       exit.c.obj                     6       0         0      
       pre_init.c.obj                 4       0         0      
    +--+------------------------------+-------+---------+---------+
       Total:                         5792    376       4      
                                                               
    D:\ti\ccs2050\ccs\tools\compiler\ti-cgt-armllvm_4.0.4.LTS\lib\armv6m-ti-none-eabi/c/libsysbm.a
       hostexit.c.obj                 4       0         0      
    +--+------------------------------+-------+---------+---------+
       Total:                         4       0         0      
                                                               
    D:\ti\ccs2050\ccs\tools\compiler\ti-cgt-armllvm_4.0.4.LTS\lib\armv6m-ti-none-eabi/libclang_rt.builtins.a
       adddf3.S.obj                   418     0         0      
       divdf3.S.obj                   268     0         0      
       muldf3.S.obj                   244     0         0      
       addsf3.S.obj                   232     0         0      
       comparedf2.c.obj               220     0         0      
       divsf3.S.obj                   146     0         0      
       mulsf3.S.obj                   140     0         0      
       comparesf2.S.obj               118     0         0      
       truncdfsf2.S.obj               116     0         0      
       aeabi_dcmp.S.obj               98      0         0      
       aeabi_fcmp.S.obj               98      0         0      
       aeabi_idivmod.S.obj            86      0         0      
       extendsfdf2.S.obj              80      0         0      
       floatdisf.S.obj                78      0         0      
       fixdfsi.S.obj                  74      0         0      
       aeabi_uidivmod.S.obj           64      0         0      
       floatsisf.S.obj                60      0         0      
       muldsi3.S.obj                  58      0         0      
       fixsfsi.S.obj                  56      0         0      
       floatsidf.S.obj                44      0         0      
       floatunsisf.S.obj              40      0         0      
       floatunsidf.S.obj              36      0         0      
       aeabi_memcpy.S.obj             8       0         0      
       aeabi_div0.c.obj               2       0         0      
    +--+------------------------------+-------+---------+---------+
       Total:                         2784    0         0      
                                                               
       Stack:                         0       0         512    
       Linker Generated:              0       51        0      
    +--+------------------------------+-------+---------+---------+
       Grand Total:                   22340   1263      1049   


LINKER GENERATED COPY TABLES

__TI_cinit_table @ 00005c54 records: 2, size/record: 8, table size: 16
	.data: load addr=00005c30, load size=0000000f bytes, run addr=20200198, run size=00000081 bytes, compression=lzss
	.bss: load addr=00005c4c, load size=00000008 bytes, run addr=20200000, run size=00000198 bytes, compression=zero_init


LINKER GENERATED HANDLER TABLE

__TI_handler_table @ 00005c40 records: 3, size/record: 4, table size: 12
	index: 0, handler: __TI_decompress_lzss
	index: 1, handler: __TI_decompress_none
	index: 2, handler: __TI_zero_init


FAR CALL TRAMPOLINES

callee name               trampoline name
   callee addr  tramp addr   call addr  call info
--------------  -----------  ---------  ----------------
__aeabi_dadd              $Tramp$TT$L$PI$$__aeabi_dadd
   00001aab     00005544     00005540   libc.a : k_rem_pio2.c.obj (.text.OUTLINED_FUNCTION_0)
                             0000574e          : s_tanf.c.obj (.text.OUTLINED_FUNCTION_0)
                             00005758          : k_rem_pio2.c.obj (.text.OUTLINED_FUNCTION_1)
                             00005762          : s_cosf.c.obj (.text.OUTLINED_FUNCTION_3)
                             0000576c          : s_sinf.c.obj (.text.OUTLINED_FUNCTION_3)
__aeabi_fdiv              $Tramp$TT$L$PI$$__aeabi_fdiv
   000038a1     000057a0     0000579c   libc.a : s_atanf.c.obj (.text.OUTLINED_FUNCTION_0)
__aeabi_dmul              $Tramp$TT$L$PI$$__aeabi_dmul
   0000288d     000057b8     000057b4   libc.a : s_cosf.c.obj (.text.OUTLINED_FUNCTION_0)
                             000057cc          : s_sinf.c.obj (.text.OUTLINED_FUNCTION_0)
                             000057d2          : s_cosf.c.obj (.text.OUTLINED_FUNCTION_1)
                             000057d8          : s_sinf.c.obj (.text.OUTLINED_FUNCTION_1)
__aeabi_fadd              $Tramp$TT$L$PI$$__aeabi_fadd
   00002b2f     000057e8     000057e6   libc.a : s_atanf.c.obj (.text.OUTLINED_FUNCTION_1)
__aeabi_f2d               $Tramp$TT$L$PI$$__aeabi_f2d
   000047f5     000057fc     000057fa   libc.a : s_tanf.c.obj (.text.OUTLINED_FUNCTION_1)
                             0000580e          : s_cosf.c.obj (.text.OUTLINED_FUNCTION_2)
                             00005812          : s_sinf.c.obj (.text.OUTLINED_FUNCTION_2)
_c_int00_noargs           $Tramp$TT$L$PI$$_c_int00_noargs
   00004f11     00005818     00005814   startup_mspm0g350x_ticlang.o (.text.Reset_Handler)

[6 trampolines]
[15 trampoline calls]


GLOBAL SYMBOLS: SORTED ALPHABETICALLY BY Name 

address   name                                 
-------   ----                                 
00003c7d  ADC0_IRQHandler                      
00003c7d  ADC1_IRQHandler                      
00003c7d  AES_IRQHandler                       
000057e0  C$$EXIT                              
00003c7d  CANFD0_IRQHandler                    
00003c7d  DAC0_IRQHandler                      
0000573d  DL_Common_delayCycles                
00004099  DL_I2C_fillControllerTXFIFO          
00004cb9  DL_I2C_flushControllerRXFIFO         
000048f1  DL_I2C_flushControllerTXFIFO         
00004f5f  DL_I2C_setClockConfig                
00005179  DL_SYSCTL_configFCC                  
00002971  DL_SYSCTL_configSYSPLL               
00004731  DL_SYSCTL_switchMCLKfromSYSOSCtoHSCLK
0000259d  DL_Timer_initFourCCPWMMode           
000051e9  DL_Timer_setCaptCompUpdateMethod     
00005445  DL_Timer_setCaptureCompareOutCtl     
000056e9  DL_Timer_setCaptureCompareValue      
00005205  DL_Timer_setClockConfig              
000045c9  DL_UART_init                         
00005681  DL_UART_setClockConfig               
00003c7d  DMA_IRQHandler                       
00003c7d  Default_Handler                      
00003c7d  GROUP0_IRQHandler                    
0000576f  GROUP1_IRQHandler                    
000057e1  HOSTexit                             
00003c7d  HardFault_Handler                    
00003c7d  I2C0_IRQHandler                      
00003c7d  I2C1_IRQHandler                      
00003c7d  NMI_Handler                          
00003c7d  PendSV_Handler                       
00003c7d  RTC_IRQHandler                       
00005815  Reset_Handler                        
00003c7d  SPI0_IRQHandler                      
00003c7d  SPI1_IRQHandler                      
00003c7d  SVC_Handler                          
00001c35  SYSCFG_DL_GPIO_init                  
000041b1  SYSCFG_DL_I2C_ICM42688_init          
00003459  SYSCFG_DL_PWM_init                   
000027a1  SYSCFG_DL_SYSCTL_SYSPLL_init         
00003e3d  SYSCFG_DL_SYSCTL_init                
00005709  SYSCFG_DL_SYSTICK_init               
00004775  SYSCFG_DL_UART0_init                 
00004261  SYSCFG_DL_UART_1_init                
00004ce9  SYSCFG_DL_init                       
00003a21  SYSCFG_DL_initPower                  
00005777  SysTick_Handler                      
00003c7d  TIMA0_IRQHandler                     
00003c7d  TIMA1_IRQHandler                     
00003c7d  TIMG0_IRQHandler                     
00003c7d  TIMG12_IRQHandler                    
00003c7d  TIMG6_IRQHandler                     
00003c7d  TIMG7_IRQHandler                     
00003c7d  TIMG8_IRQHandler                     
00005693  TI_memcpy_small                      
0000577f  UART0_IRQHandler                     
00003d65  UART1_IRQHandler                     
00003c7d  UART2_IRQHandler                     
00003c7d  UART3_IRQHandler                     
20208000  __STACK_END                          
00000200  __STACK_SIZE                         
00000000  __TI_ATRegion0_region_sz             
00000000  __TI_ATRegion0_src_addr              
00000000  __TI_ATRegion0_trg_addr              
00000000  __TI_ATRegion1_region_sz             
00000000  __TI_ATRegion1_src_addr              
00000000  __TI_ATRegion1_trg_addr              
00000000  __TI_ATRegion2_region_sz             
00000000  __TI_ATRegion2_src_addr              
00000000  __TI_ATRegion2_trg_addr              
00005c54  __TI_CINIT_Base                      
00005c64  __TI_CINIT_Limit                     
00005c64  __TI_CINIT_Warm                      
00005c40  __TI_Handler_Table_Base              
00005c4c  __TI_Handler_Table_Limit             
00004a1d  __TI_auto_init_nobinit_nopinit       
00003a9d  __TI_decompress_lzss                 
000056a5  __TI_decompress_none                 
ffffffff  __TI_pprof_out_hndl                  
ffffffff  __TI_prof_data_size                  
ffffffff  __TI_prof_data_start                 
00000000  __TI_static_base__                   
00005555  __TI_zero_init_nomemset              
00001aab  __adddf3                             
00002b2f  __addsf3                             
00003c81  __aeabi_d2f                          
0000457d  __aeabi_d2iz                         
00001aab  __aeabi_dadd                         
00003f71  __aeabi_dcmpeq                       
00003fad  __aeabi_dcmpge                       
00003fc1  __aeabi_dcmpgt                       
00003f99  __aeabi_dcmple                       
00003f85  __aeabi_dcmplt                       
00002389  __aeabi_ddiv                         
0000288d  __aeabi_dmul                         
00001aa1  __aeabi_dsub                         
202001c8  __aeabi_errno                        
00005789  __aeabi_errno_addr                   
000047f5  __aeabi_f2d                          
00004ad1  __aeabi_f2iz                         
00002b2f  __aeabi_fadd                         
00003fd5  __aeabi_fcmpeq                       
00004011  __aeabi_fcmpge                       
00004025  __aeabi_fcmpgt                       
00003ffd  __aeabi_fcmple                       
00003fe9  __aeabi_fcmplt                       
000038a1  __aeabi_fdiv                         
000034e9  __aeabi_fmul                         
00002b25  __aeabi_fsub                         
00004d49  __aeabi_i2d                          
00004969  __aeabi_i2f                          
00004209  __aeabi_idiv                         
00001c33  __aeabi_idiv0                        
00004209  __aeabi_idivmod                      
00004449  __aeabi_l2f                          
00005791  __aeabi_memcpy                       
00005791  __aeabi_memcpy4                      
00005791  __aeabi_memcpy8                      
00004fad  __aeabi_ui2d                         
00004e99  __aeabi_ui2f                         
000047b5  __aeabi_uidiv                        
000047b5  __aeabi_uidivmod                     
ffffffff  __binit__                            
00003ea5  __cmpdf2                             
00004a59  __cmpsf2                             
00002389  __divdf3                             
000038a1  __divsf3                             
00003ea5  __eqdf2                              
00004a59  __eqsf2                              
000047f5  __extendsfdf2                        
0000457d  __fixdfsi                            
00004ad1  __fixsfsi                            
00004449  __floatdisf                          
00004d49  __floatsidf                          
00004969  __floatsisf                          
00004fad  __floatunsidf                        
00004e99  __floatunsisf                        
00003c09  __gedf2                              
000049a5  __gesf2                              
00003c09  __gtdf2                              
000049a5  __gtsf2                              
000000c1  __kernel_rem_pio2                    
00003ea5  __ledf2                              
00004a59  __lesf2                              
00003ea5  __ltdf2                              
00004a59  __ltsf2                              
UNDEFED   __mpu_init                           
0000288d  __muldf3                             
00004a95  __muldsi3                            
000034e9  __mulsf3                             
00003ea5  __nedf2                              
00004a59  __nesf2                              
20207e00  __stack                              
20200000  __start___llvm_prf_bits              
20200000  __start___llvm_prf_cnts              
20200000  __stop___llvm_prf_bits               
20200000  __stop___llvm_prf_cnts               
00001aa1  __subdf3                             
00002b25  __subsf3                             
00003c81  __truncdfsf2                         
00004f11  _c_int00_noargs                      
UNDEFED   _system_post_cinit                   
00005829  _system_pre_init                     
000057db  abort                                
00002271  atan2f                               
00001561  atanf                                
00000f55  attitude_calibrate_gyro              
00004b09  attitude_get_euler                   
0000368d  attitude_init                        
00000705  attitude_update_from_icm42688        
ffffffff  binit                                
0000138d  cosf                                 
00005731  delay_get_ms                         
00005035  delay_ms                             
00004ec1  delay_tick                           
202001d0  delay_times                          
00003b91  encoder_gpio_irq_handler             
00001dbd  floor                                
00001dbd  floorl                               
20200000  gPWMBackup                           
0000202d  icm42688_init                        
000033c1  icm42688_read_raw                    
00000000  interruptVectors                     
00002a4d  ldexp                                
00002a4d  ldexpl                               
00001179  main                                 
00004bb1  oled_clear                           
000046e9  oled_clear_line                      
00002ccd  oled_init                            
00003575  oled_print_char                      
000048b3  oled_print_string                    
00003dd1  oled_set_cursor                      
00002a4d  scalbn                               
00002a4d  scalbnl                              
00001729  sinf                                 
000031e9  sqrtf                                
000018f1  tanf                                 
00004039  uart0_send_byte                      
00002f21  uart0_send_float                     
0000381d  uart0_send_int                       
00004f85  uart0_send_string                    
00002fdd  uart_cmd_irq_handler                 
00003601  vofa_send_six_float                  


GLOBAL SYMBOLS: SORTED BY Symbol Address 

address   name                                 
-------   ----                                 
00000000  __TI_ATRegion0_region_sz             
00000000  __TI_ATRegion0_src_addr              
00000000  __TI_ATRegion0_trg_addr              
00000000  __TI_ATRegion1_region_sz             
00000000  __TI_ATRegion1_src_addr              
00000000  __TI_ATRegion1_trg_addr              
00000000  __TI_ATRegion2_region_sz             
00000000  __TI_ATRegion2_src_addr              
00000000  __TI_ATRegion2_trg_addr              
00000000  __TI_static_base__                   
00000000  interruptVectors                     
000000c1  __kernel_rem_pio2                    
00000200  __STACK_SIZE                         
00000705  attitude_update_from_icm42688        
00000f55  attitude_calibrate_gyro              
00001179  main                                 
0000138d  cosf                                 
00001561  atanf                                
00001729  sinf                                 
000018f1  tanf                                 
00001aa1  __aeabi_dsub                         
00001aa1  __subdf3                             
00001aab  __adddf3                             
00001aab  __aeabi_dadd                         
00001c33  __aeabi_idiv0                        
00001c35  SYSCFG_DL_GPIO_init                  
00001dbd  floor                                
00001dbd  floorl                               
0000202d  icm42688_init                        
00002271  atan2f                               
00002389  __aeabi_ddiv                         
00002389  __divdf3                             
0000259d  DL_Timer_initFourCCPWMMode           
000027a1  SYSCFG_DL_SYSCTL_SYSPLL_init         
0000288d  __aeabi_dmul                         
0000288d  __muldf3                             
00002971  DL_SYSCTL_configSYSPLL               
00002a4d  ldexp                                
00002a4d  ldexpl                               
00002a4d  scalbn                               
00002a4d  scalbnl                              
00002b25  __aeabi_fsub                         
00002b25  __subsf3                             
00002b2f  __addsf3                             
00002b2f  __aeabi_fadd                         
00002ccd  oled_init                            
00002f21  uart0_send_float                     
00002fdd  uart_cmd_irq_handler                 
000031e9  sqrtf                                
000033c1  icm42688_read_raw                    
00003459  SYSCFG_DL_PWM_init                   
000034e9  __aeabi_fmul                         
000034e9  __mulsf3                             
00003575  oled_print_char                      
00003601  vofa_send_six_float                  
0000368d  attitude_init                        
0000381d  uart0_send_int                       
000038a1  __aeabi_fdiv                         
000038a1  __divsf3                             
00003a21  SYSCFG_DL_initPower                  
00003a9d  __TI_decompress_lzss                 
00003b91  encoder_gpio_irq_handler             
00003c09  __gedf2                              
00003c09  __gtdf2                              
00003c7d  ADC0_IRQHandler                      
00003c7d  ADC1_IRQHandler                      
00003c7d  AES_IRQHandler                       
00003c7d  CANFD0_IRQHandler                    
00003c7d  DAC0_IRQHandler                      
00003c7d  DMA_IRQHandler                       
00003c7d  Default_Handler                      
00003c7d  GROUP0_IRQHandler                    
00003c7d  HardFault_Handler                    
00003c7d  I2C0_IRQHandler                      
00003c7d  I2C1_IRQHandler                      
00003c7d  NMI_Handler                          
00003c7d  PendSV_Handler                       
00003c7d  RTC_IRQHandler                       
00003c7d  SPI0_IRQHandler                      
00003c7d  SPI1_IRQHandler                      
00003c7d  SVC_Handler                          
00003c7d  TIMA0_IRQHandler                     
00003c7d  TIMA1_IRQHandler                     
00003c7d  TIMG0_IRQHandler                     
00003c7d  TIMG12_IRQHandler                    
00003c7d  TIMG6_IRQHandler                     
00003c7d  TIMG7_IRQHandler                     
00003c7d  TIMG8_IRQHandler                     
00003c7d  UART2_IRQHandler                     
00003c7d  UART3_IRQHandler                     
00003c81  __aeabi_d2f                          
00003c81  __truncdfsf2                         
00003d65  UART1_IRQHandler                     
00003dd1  oled_set_cursor                      
00003e3d  SYSCFG_DL_SYSCTL_init                
00003ea5  __cmpdf2                             
00003ea5  __eqdf2                              
00003ea5  __ledf2                              
00003ea5  __ltdf2                              
00003ea5  __nedf2                              
00003f71  __aeabi_dcmpeq                       
00003f85  __aeabi_dcmplt                       
00003f99  __aeabi_dcmple                       
00003fad  __aeabi_dcmpge                       
00003fc1  __aeabi_dcmpgt                       
00003fd5  __aeabi_fcmpeq                       
00003fe9  __aeabi_fcmplt                       
00003ffd  __aeabi_fcmple                       
00004011  __aeabi_fcmpge                       
00004025  __aeabi_fcmpgt                       
00004039  uart0_send_byte                      
00004099  DL_I2C_fillControllerTXFIFO          
000041b1  SYSCFG_DL_I2C_ICM42688_init          
00004209  __aeabi_idiv                         
00004209  __aeabi_idivmod                      
00004261  SYSCFG_DL_UART_1_init                
00004449  __aeabi_l2f                          
00004449  __floatdisf                          
0000457d  __aeabi_d2iz                         
0000457d  __fixdfsi                            
000045c9  DL_UART_init                         
000046e9  oled_clear_line                      
00004731  DL_SYSCTL_switchMCLKfromSYSOSCtoHSCLK
00004775  SYSCFG_DL_UART0_init                 
000047b5  __aeabi_uidiv                        
000047b5  __aeabi_uidivmod                     
000047f5  __aeabi_f2d                          
000047f5  __extendsfdf2                        
000048b3  oled_print_string                    
000048f1  DL_I2C_flushControllerTXFIFO         
00004969  __aeabi_i2f                          
00004969  __floatsisf                          
000049a5  __gesf2                              
000049a5  __gtsf2                              
00004a1d  __TI_auto_init_nobinit_nopinit       
00004a59  __cmpsf2                             
00004a59  __eqsf2                              
00004a59  __lesf2                              
00004a59  __ltsf2                              
00004a59  __nesf2                              
00004a95  __muldsi3                            
00004ad1  __aeabi_f2iz                         
00004ad1  __fixsfsi                            
00004b09  attitude_get_euler                   
00004bb1  oled_clear                           
00004cb9  DL_I2C_flushControllerRXFIFO         
00004ce9  SYSCFG_DL_init                       
00004d49  __aeabi_i2d                          
00004d49  __floatsidf                          
00004e99  __aeabi_ui2f                         
00004e99  __floatunsisf                        
00004ec1  delay_tick                           
00004f11  _c_int00_noargs                      
00004f5f  DL_I2C_setClockConfig                
00004f85  uart0_send_string                    
00004fad  __aeabi_ui2d                         
00004fad  __floatunsidf                        
00005035  delay_ms                             
00005179  DL_SYSCTL_configFCC                  
000051e9  DL_Timer_setCaptCompUpdateMethod     
00005205  DL_Timer_setClockConfig              
00005445  DL_Timer_setCaptureCompareOutCtl     
00005555  __TI_zero_init_nomemset              
00005681  DL_UART_setClockConfig               
00005693  TI_memcpy_small                      
000056a5  __TI_decompress_none                 
000056e9  DL_Timer_setCaptureCompareValue      
00005709  SYSCFG_DL_SYSTICK_init               
00005731  delay_get_ms                         
0000573d  DL_Common_delayCycles                
0000576f  GROUP1_IRQHandler                    
00005777  SysTick_Handler                      
0000577f  UART0_IRQHandler                     
00005789  __aeabi_errno_addr                   
00005791  __aeabi_memcpy                       
00005791  __aeabi_memcpy4                      
00005791  __aeabi_memcpy8                      
000057db  abort                                
000057e0  C$$EXIT                              
000057e1  HOSTexit                             
00005815  Reset_Handler                        
00005829  _system_pre_init                     
00005c40  __TI_Handler_Table_Base              
00005c4c  __TI_Handler_Table_Limit             
00005c54  __TI_CINIT_Base                      
00005c64  __TI_CINIT_Limit                     
00005c64  __TI_CINIT_Warm                      
20200000  __start___llvm_prf_bits              
20200000  __start___llvm_prf_cnts              
20200000  __stop___llvm_prf_bits               
20200000  __stop___llvm_prf_cnts               
20200000  gPWMBackup                           
202001c8  __aeabi_errno                        
202001d0  delay_times                          
20207e00  __stack                              
20208000  __STACK_END                          
ffffffff  __TI_pprof_out_hndl                  
ffffffff  __TI_prof_data_size                  
ffffffff  __TI_prof_data_start                 
ffffffff  __binit__                            
ffffffff  binit                                
UNDEFED   __mpu_init                           
UNDEFED   _system_post_cinit                   

[203 symbols]
