******************************************************************************
            TI ARM Clang Linker PC v4.0.4                      
******************************************************************************
>> Linked Sat Aug  1 06:46:56 2026

OUTPUT FILE NAME:   <C07A.out>
ENTRY POINT SYMBOL: "_c_int00_noargs"  address: 0000437d


MEMORY CONFIGURATION

         name            origin    length      used     unused   attr    fill
----------------------  --------  ---------  --------  --------  ----  --------
  FLASH                 00000000   00020000  000050e0  0001af20  R  X
  SRAM                  20200000   00008000  0000068e  00007972  RW X
  BCR_CONFIG            41c00000   000000ff  00000000  000000ff  R   
  BSL_CONFIG            41c00100   00000080  00000000  00000080  R   


SEGMENT ALLOCATION MAP

run origin  load origin   length   init length attrs members
----------  ----------- ---------- ----------- ----- -------
00000000    00000000    000050e0   000050e0    r-x
  00000000    00000000    000000c0   000000c0    r-- .intvecs
  000000c0    000000c0    00004e70   00004e70    r-x .text
  00004f30    00004f30    00000180   00000180    r-- .rodata
  000050b0    000050b0    00000030   00000030    r-- .cinit
20200000    20200000    00000490   00000000    rw-
  20200000    20200000    0000047a   00000000    rw- .bss
  2020047c    2020047c    00000014   00000000    rw- .data
20207e00    20207e00    00000200   00000000    rw-
  20207e00    20207e00    00000200   00000000    rw- .stack


SECTION ALLOCATION MAP

 output                                  attributes/
section   page    origin      length       input sections
--------  ----  ----------  ----------   ----------------
.intvecs   0    00000000    000000c0     
                  00000000    000000c0     startup_mspm0g350x_ticlang.o (.intvecs)

.text      0    000000c0    00004e70     
                  000000c0    000002a0     uart_cmd.o (.text.uart_cmd_parse_line)
                  00000360    00000260     task3.o (.text.task3_build_line)
                  000005c0    00000258     task3.o (.text.task3_run)
                  00000818    000001e0     stepper.o (.text.stepper_update_beam_pid)
                  000009f8    00000198     uart_cmd.o (.text.uart_cmd_parse_scaled_x10)
                  00000b90    0000018c     ti_msp_dl_config.o (.text.SYSCFG_DL_GPIO_init)
                  00000d1c    00000174     uart_cmd.o (.text.uart_cmd_vision_process_byte)
                  00000e90    0000012c     uart_cmd.o (.text.uart_cmd_init)
                  00000fbc    00000128     stepper.o (.text.stepper_apply_speed)
                  000010e4    00000124     stepper.o (.text.stepper_service)
                  00001208    00000118     encoder_pwm_angle.o (.text.encoder_pwm_angle_irq_handler)
                  00001320    00000114     uart_cmd.o (.text.uart_cmd_get_vision_sample)
                  00001434    0000010c     stepper.o (.text.stepper_init)
                  00001540    0000010c     uart_cmd.o (.text.uart_cmd_parse_int32)
                  0000164c    00000108     stepper.o (.text.stepper_update_beam_encoder_position_loop)
                  00001754    00000104     driverlib.a : dl_timer.o (.text.DL_Timer_initFourCCPWMMode)
                  00001858    00000104     encoder_pwm_angle.o (.text.encoder_pwm_angle_get_sample)
                  0000195c    000000f0     uart_cmd.o (.text.uart_cmd_push_line_char)
                  00001a4c    000000ec     ti_msp_dl_config.o (.text.SYSCFG_DL_SYSCTL_SYSPLL_init)
                  00001b38    000000e0     driverlib.a : dl_timer.o (.text.DL_Timer_initCaptureCombinedMode)
                  00001c18    000000dc                 : dl_sysctl_mspm0g1x0x_g3x0x.o (.text.DL_SYSCTL_configSYSPLL)
                  00001cf4    000000da     task3.o (.text.task3_append_int32)
                  00001dce    00000002     libclang_rt.builtins.a : aeabi_div0.c.obj (.text.__aeabi_idiv0)
                  00001dd0    000000d8     uart_cmd.o (.text.uart_cmd_parse_vision_text_frame)
                  00001ea8    000000d8     libclang_rt.builtins.a : addsf3.S.obj (.text)
                  00001f80    000000d0     uart_cmd.o (.text.uart_cmd_vision_publish_values)
                  00002050    000000cc     stepper.o (.text.stepper_start_timer_locked)
                  0000211c    000000c0     stepper.o (.text.stepper_start_dir)
                  000021dc    000000b8     encoder_pwm_angle.o (.text.encoder_pwm_angle_init)
                  00002294    000000b4     stepper.o (.text.stepper_start_continuous)
                  00002348    000000ac     uart_cmd.o (.text.uart_cmd_process)
                  000023f4    000000ac     uart_cmd.o (.text.uart_cmd_vision_update_statistics)
                  000024a0    000000aa     uart_cmd.o (.text.uart_cmd_read_word)
                  0000254a    00000002     libclang_rt.builtins.a : aeabi_div0.c.obj (.text.__aeabi_ldiv0)
                  0000254c    000000a4     stepper.o (.text.stepper_can_start_locked)
                  000025f0    000000a4     uart_cmd.o (.text.uart_cmd_vision_execute_frame)
                  00002694    000000a2     libclang_rt.builtins.a : udivmoddi4.S.obj (.text)
                  00002736    00000002     --HOLE-- [fill = 0]
                  00002738    000000a0     stepper.o (.text.stepper_set_speed_target)
                  000027d8    000000a0     uart_cmd.o (.text.uart_cmd_send_status)
                  00002878    00000098     stepper.o (.text.stepper_sync_position_from_beam_angle_x10)
                  00002910    00000094     stepper.o (.text.stepper_timer_irq_handler)
                  000029a4    00000092     uart_cmd.o (.text.uart_cmd_send_uint32)
                  00002a36    00000002     --HOLE-- [fill = 0]
                  00002a38    00000090     ti_msp_dl_config.o (.text.SYSCFG_DL_PWM_init)
                  00002ac8    0000008c     ti_msp_dl_config.o (.text.SYSCFG_DL_initPower)
                  00002b54    0000008c     libclang_rt.builtins.a : mulsf3.S.obj (.text.__mulsf3)
                  00002be0    00000088     stepper.o (.text.stepper_count_accepted_pulse)
                  00002c68    00000084     ti_msp_dl_config.o (.text.__NVIC_SetPriority)
                  00002cec    00000084     uart_cmd.o (.text.uart_cmd_irq_handler)
                  00002d70    00000082     libclang_rt.builtins.a : divsf3.S.obj (.text.__divsf3)
                  00002df2    0000007e     uart_cmd.o (.text.uart_cmd_word_equals)
                  00002e70    0000007c     libc.a : copy_decompress_lzss.c.obj (.text:decompress:lzss)
                  00002eec    00000078     encoder.o (.text.encoder_gpio_irq_handler)
                  00002f64    00000074     libclang_rt.builtins.a : comparedf2.c.obj (.text.__gedf2)
                  00002fd8    00000074     stepper.o (.text.stepper_enable)
                  0000304c    00000068     ti_msp_dl_config.o (.text.SYSCFG_DL_STEPPER_PWM_init)
                  000030b4    00000068     ti_msp_dl_config.o (.text.SYSCFG_DL_SYSCTL_init)
                  0000311c    00000068     libclang_rt.builtins.a : comparedf2.c.obj (.text.__ledf2)
                  00003184    00000066     uart_cmd.o (.text.uart_cmd_vision_has_expected_length)
                  000031ea    00000002     --HOLE-- [fill = 0]
                  000031ec    00000064     uart_cmd.o (.text.uart_cmd_mirror_uart0_rx_byte)
                  00003250    00000064     uart_cmd.o (.text.uart_cmd_mirror_uart1_flush_unlocked)
                  000032b4    00000062     libclang_rt.builtins.a : aeabi_dcmp.S.obj (.text.__aeabi_dcmp)
                  00003316    00000002     --HOLE-- [fill = 0]
                  00003318    00000062                            : aeabi_fcmp.S.obj (.text.__aeabi_fcmp)
                  0000337a    00000002     --HOLE-- [fill = 0]
                  0000337c    0000005c     stepper.o (.text.stepper_set_beam_pid_target_mm)
                  000033d8    00000058     encoder_pwm_angle.o (.text.encoder_pwm_angle_duty_to_deg_x10)
                  00003430    00000058     stepper.o (.text.stepper_stop_timer_locked)
                  00003488    00000058     task3.o (.text.task3_uart1_monitor_send_pending)
                  000034e0    00000058     uart_cmd.o (.text.uart_cmd_vision_apply_position_calibration)
                  00003538    00000058     uart_cmd.o (.text.uart_cmd_vision_rate_from_count)
                  00003590    00000056     libclang_rt.builtins.a : aeabi_idivmod.S.obj (.text.__aeabi_idivmod)
                  000035e6    00000056     uart_cmd.o (.text.uart_cmd_is_separator)
                  0000363c    00000054     ti_msp_dl_config.o (.text.SYSCFG_DL_UART_1_init)
                  00003690    00000054     stepper.o (.text.stepper_write_direction)
                  000036e4    00000050     ti_msp_dl_config.o (.text.SysTick_Config)
                  00003734    00000050     stepper.o (.text.stepper_is_finite_float)
                  00003784    00000050     stepper.o (.text.stepper_start)
                  000037d4    00000050     task3.o (.text.task3_float_to_x10)
                  00003824    00000050     uart_cmd.o (.text.uart_cmd_vision_apply_direction)
                  00003874    0000004c     ti_msp_dl_config.o (.text.DL_GPIO_initDigitalInputFeatures)
                  000038c0    0000004c     ti_msp_dl_config.o (.text.DL_UART_setBaudRateDivisor)
                  0000390c    0000004c     stepper.o (.text.stepper_emergency_stop)
                  00003958    0000004a     uart_cmd.o (.text.uart_cmd_parse_bool)
                  000039a2    00000002     --HOLE-- [fill = 0]
                  000039a4    00000048     driverlib.a : dl_uart.o (.text.DL_UART_init)
                  000039ec    00000048     ti_msp_dl_config.o (.text.SYSCFG_DL_init)
                  00003a34    00000046     task3.o (.text.task3_append_string)
                  00003a7a    00000002     --HOLE-- [fill = 0]
                  00003a7c    00000044     driverlib.a : dl_sysctl_mspm0g1x0x_g3x0x.o (.text.DL_SYSCTL_switchMCLKfromSYSOSCtoHSCLK)
                  00003ac0    00000044     encoder_pwm_angle.o (.text.encoder_pwm_angle_normalize_relative_deg_x10)
                  00003b04    00000044     stepper.o (.text.stepper_write_enable)
                  00003b48    00000040     ti_msp_dl_config.o (.text.SYSCFG_DL_UART0_init)
                  00003b88    00000040     libclang_rt.builtins.a : aeabi_uidivmod.S.obj (.text.__aeabi_uidivmod)
                  00003bc8    00000040     uart_cmd.o (.text.uart_cmd_vision_record_good)
                  00003c08    0000003e     stepper.o (.text.stepper_clamp)
                  00003c46    0000003e     task3.o (.text.task3_append_char)
                  00003c84    0000003c     ti_msp_dl_config.o (.text.DL_Timer_setCounterControl)
                  00003cc0    0000003c     libclang_rt.builtins.a : floatsisf.S.obj (.text.__floatsisf)
                  00003cfc    0000003c                            : comparesf2.S.obj (.text.__gtsf2)
                  00003d38    0000003c     stepper.o (.text.stepper_stop)
                  00003d74    0000003c     uart_cmd.o (.text.uart_cmd_vision_publish_ball_state)
                  00003db0    0000003c     libc.a : autoinit.c.obj (.text:__TI_auto_init_nobinit_nopinit)
                  00003dec    0000003a     libclang_rt.builtins.a : comparesf2.S.obj (.text.__eqsf2)
                  00003e26    00000002     --HOLE-- [fill = 0]
                  00003e28    0000003a                            : muldsi3.S.obj (.text.__muldsi3)
                  00003e62    00000002     --HOLE-- [fill = 0]
                  00003e64    00000038                            : fixsfsi.S.obj (.text.__fixsfsi)
                  00003e9c    00000038     encoder.o (.text.encoder_update_left)
                  00003ed4    00000038     encoder.o (.text.encoder_update_right)
                  00003f0c    00000038     stepper.o (.text.stepper_limit_frequency)
                  00003f44    00000038     uart_cmd.o (.text.uart_cmd_is_digit)
                  00003f7c    00000038     uart_cmd.o (.text.uart_cmd_vision_check_timeout)
                  00003fb4    00000036     encoder_pwm_angle.o (.text.encoder_pwm_angle_relative_is_safe)
                  00003fea    00000002     --HOLE-- [fill = 0]
                  00003fec    00000034     ti_msp_dl_config.o (.text.SYSCFG_DL_BEAM_ENCODER_PWM_init)
                  00004020    00000034     task3.o (.text.__NVIC_DisableIRQ)
                  00004054    00000034     stepper.o (.text.stepper_request_stop_locked)
                  00004088    00000034     uart_cmd.o (.text.uart_cmd_to_upper)
                  000040bc    00000032     libclang_rt.builtins.a : fixunssfsi.S.obj (.text.__fixunssfsi)
                  000040ee    00000002     --HOLE-- [fill = 0]
                  000040f0    00000030     uart_cmd.o (.text.uart_cmd_send_int32)
                  00004120    0000002e     uart_cmd.o (.text.uart_cmd_abs_i16)
                  0000414e    00000002     --HOLE-- [fill = 0]
                  00004150    0000002c     encoder_pwm_angle.o (.text.__NVIC_ClearPendingIRQ)
                  0000417c    0000002c     stepper.o (.text.__NVIC_ClearPendingIRQ)
                  000041a8    0000002c     task3.o (.text.__NVIC_ClearPendingIRQ)
                  000041d4    0000002c     uart_cmd.o (.text.__NVIC_ClearPendingIRQ)
                  00004200    0000002c     encoder_pwm_angle.o (.text.__NVIC_EnableIRQ)
                  0000422c    0000002c     stepper.o (.text.__NVIC_EnableIRQ)
                  00004258    0000002c     uart_cmd.o (.text.__NVIC_EnableIRQ)
                  00004284    0000002c     stepper.o (.text.stepper_abs)
                  000042b0    0000002c     uart_cmd.o (.text.uart_cmd_vision_reset_receiver)
                  000042dc    00000028     ti_msp_dl_config.o (.text.DL_Common_updateReg)
                  00004304    00000028     libclang_rt.builtins.a : floatunsisf.S.obj (.text.__floatunsisf)
                  0000432c    00000028     delay.o (.text.delay_tick)
                  00004354    00000028     stepper.o (.text.stepper_force_step_low)
                  0000437c    00000028     libc.a : boot_cortex_m.c.obj (.text:_c_int00_noargs)
                  000043a4    00000024     libclang_rt.builtins.a : floatunsidf.S.obj (.text.__floatunsidf)
                  000043c8    00000024                            : muldi3.S.obj (.text.__muldi3)
                  000043ec    00000024     stepper.o (.text.stepper_set_beam_target_deg)
                  00004410    00000024     task3.o (.text.task3_uart1_monitor_init)
                  00004434    00000024     uart_cmd.o (.text.uart_cmd_skip_separators)
                  00004458    00000024     uart_cmd.o (.text.uart_cmd_vision_increment)
                  0000447c    00000024     uart_cmd.o (.text.uart_cmd_vision_record_bad)
                  000044a0    00000022     uart_cmd.o (.text.uart_cmd_mirror_uart1_flush)
                  000044c2    00000002     --HOLE-- [fill = 0]
                  000044c4    00000020     ti_msp_dl_config.o (.text.DL_GPIO_initPeripheralInputFunction)
                  000044e4    00000020     ti_msp_dl_config.o (.text.DL_SYSCTL_setFlashWaitState)
                  00004504    00000020     encoder.o (.text.encoder_left_b_is_high)
                  00004524    00000020     encoder.o (.text.encoder_right_b_is_high)
                  00004544    00000020     stepper.o (.text.stepper_clear_emergency_inhibit)
                  00004564    00000020     stepper.o (.text.stepper_get_position_steps)
                  00004584    00000020     uart_cmd.o (.text.uart_cmd_abs_to_u32)
                  000045a4    0000001e     ti_msp_dl_config.o (.text.DL_UART_setOversampling)
                  000045c2    00000002     --HOLE-- [fill = 0]
                  000045c4    0000001e     libclang_rt.builtins.a : ashldi3.S.obj (.text.__ashldi3)
                  000045e2    00000002     --HOLE-- [fill = 0]
                  000045e4    0000001c     encoder.o (.text.DL_GPIO_clearInterruptStatus)
                  00004600    0000001c     ti_msp_dl_config.o (.text.DL_GPIO_clearInterruptStatus)
                  0000461c    0000001c     ti_msp_dl_config.o (.text.DL_GPIO_enableInterrupt)
                  00004638    0000001c     stepper.o (.text.DL_GPIO_initPeripheralOutputFunction)
                  00004654    0000001c     ti_msp_dl_config.o (.text.DL_GPIO_initPeripheralOutputFunction)
                  00004670    0000001c     driverlib.a : dl_sysctl_mspm0g1x0x_g3x0x.o (.text.DL_SYSCTL_configFCC)
                  0000468c    0000001c     ti_msp_dl_config.o (.text.DL_SYSCTL_setFCCPeriods)
                  000046a8    0000001c     ti_msp_dl_config.o (.text.DL_SYSCTL_setSYSOSCFreq)
                  000046c4    0000001c     ti_msp_dl_config.o (.text.DL_SYSCTL_setULPCLKDivider)
                  000046e0    0000001c     stepper.o (.text.DL_Timer_disableInterrupt)
                  000046fc    0000001c     stepper.o (.text.DL_Timer_enableInterrupt)
                  00004718    0000001c     ti_msp_dl_config.o (.text.DL_Timer_enableInterrupt)
                  00004734    0000001c     driverlib.a : dl_timer.o (.text.DL_Timer_setCaptCompUpdateMethod)
                  00004750    0000001c                 : dl_timer.o (.text.DL_Timer_setClockConfig)
                  0000476c    0000001c     encoder_pwm_angle.o (.text.DL_Timer_setCoreHaltBehavior)
                  00004788    0000001c     task3.o (.text.DL_UART_disableInterrupt)
                  000047a4    0000001c     ti_msp_dl_config.o (.text.DL_UART_enableInterrupt)
                  000047c0    0000001c     uart_cmd.o (.text.DL_UART_enableInterrupt)
                  000047dc    0000001c     uart_cmd.o (.text.UART0_IRQHandler)
                  000047f8    0000001c     stepper.o (.text.stepper_connect_step_to_timer)
                  00004814    0000001a     uart_cmd.o (.text.uart_cmd_read_i16_be)
                  0000482e    00000002     --HOLE-- [fill = 0]
                  00004830    00000018     stepper.o (.text.DL_GPIO_enableOutput)
                  00004848    00000018     ti_msp_dl_config.o (.text.DL_GPIO_enableOutput)
                  00004860    00000018     ti_msp_dl_config.o (.text.DL_GPIO_enablePower)
                  00004878    00000018     encoder.o (.text.DL_GPIO_getEnabledInterruptStatus)
                  00004890    00000018     stepper.o (.text.DL_GPIO_initDigitalOutput)
                  000048a8    00000018     ti_msp_dl_config.o (.text.DL_GPIO_initDigitalOutput)
                  000048c0    00000018     ti_msp_dl_config.o (.text.DL_GPIO_reset)
                  000048d8    00000018     stepper.o (.text.DL_GPIO_setPins)
                  000048f0    00000018     ti_msp_dl_config.o (.text.DL_GPIO_setPins)
                  00004908    00000018     ti_msp_dl_config.o (.text.DL_GPIO_setUpperPinsPolarity)
                  00004920    00000018     ti_msp_dl_config.o (.text.DL_SYSCTL_setBORThreshold)
                  00004938    00000018     encoder_pwm_angle.o (.text.DL_Timer_clearInterruptStatus)
                  00004950    00000018     stepper.o (.text.DL_Timer_clearInterruptStatus)
                  00004968    00000018     ti_msp_dl_config.o (.text.DL_Timer_enablePower)
                  00004980    00000018     ti_msp_dl_config.o (.text.DL_Timer_reset)
                  00004998    00000018     driverlib.a : dl_timer.o (.text.DL_Timer_setCaptureCompareOutCtl)
                  000049b0    00000018     stepper.o (.text.DL_Timer_setLoadValue)
                  000049c8    00000018     encoder_pwm_angle.o (.text.DL_Timer_startCounter)
                  000049e0    00000018     stepper.o (.text.DL_Timer_startCounter)
                  000049f8    00000018     encoder_pwm_angle.o (.text.DL_Timer_stopCounter)
                  00004a10    00000018     stepper.o (.text.DL_Timer_stopCounter)
                  00004a28    00000018     uart_cmd.o (.text.DL_UART_clearInterruptStatus)
                  00004a40    00000018     ti_msp_dl_config.o (.text.DL_UART_enablePower)
                  00004a58    00000018     uart_cmd.o (.text.DL_UART_isRXFIFOEmpty)
                  00004a70    00000018     task3.o (.text.DL_UART_isTXFIFOFull)
                  00004a88    00000018     uart_cmd.o (.text.DL_UART_isTXFIFOFull)
                  00004aa0    00000018     ti_msp_dl_config.o (.text.DL_UART_reset)
                  00004ab8    00000018     encoder_pwm_angle.o (.text.encoder_pwm_angle_exit_critical)
                  00004ad0    00000018     encoder_pwm_angle.o (.text.encoder_pwm_angle_raw_to_relative_deg_x10)
                  00004ae8    00000018     stepper.o (.text.stepper_step_is_high)
                  00004b00    00000016     encoder.o (.text.DL_GPIO_readPins)
                  00004b16    00000016     stepper.o (.text.DL_GPIO_readPins)
                  00004b2c    00000016     ti_msp_dl_config.o (.text.DL_UART_enable)
                  00004b42    00000016     task3.o (.text.DL_UART_transmitData)
                  00004b58    00000016     uart_cmd.o (.text.DL_UART_transmitData)
                  00004b6e    00000002     --HOLE-- [fill = 0]
                  00004b70    00000016     libclang_rt.builtins.a : comparesf2.S.obj (.text.__unordsf2)
                  00004b86    00000016     uart_cmd.o (.text.uart_cmd_has_no_more)
                  00004b9c    00000014     stepper.o (.text.DL_GPIO_clearPins)
                  00004bb0    00000014     ti_msp_dl_config.o (.text.DL_GPIO_clearPins)
                  00004bc4    00000014     ti_msp_dl_config.o (.text.DL_SYSCTL_disableSYSPLL)
                  00004bd8    00000014     ti_msp_dl_config.o (.text.DL_SYSCTL_enableSYSPLL)
                  00004bec    00000014     ti_msp_dl_config.o (.text.DL_Timer_enableClock)
                  00004c00    00000014     encoder_pwm_angle.o (.text.DL_Timer_getLoadValue)
                  00004c14    00000014     ti_msp_dl_config.o (.text.DL_Timer_setCCPDirection)
                  00004c28    00000014     encoder_pwm_angle.o (.text.DL_Timer_setTimerCount)
                  00004c3c    00000014     stepper.o (.text.DL_Timer_setTimerCount)
                  00004c50    00000014     uart_cmd.o (.text.DL_UART_receiveData)
                  00004c64    00000014     libclang_rt.builtins.a : aeabi_uldivmod.S.obj (.text.__aeabi_uldivmod)
                  00004c78    00000014     encoder_pwm_angle.o (.text.encoder_pwm_angle_enter_critical)
                  00004c8c    00000014     stepper.o (.text.stepper_enter_critical)
                  00004ca0    00000014     stepper.o (.text.stepper_reset_beam_pid)
                  00004cb4    00000012     encoder_pwm_angle.o (.text.DL_Timer_getPendingInterrupt)
                  00004cc6    00000012     stepper.o (.text.DL_Timer_getPendingInterrupt)
                  00004cd8    00000012     uart_cmd.o (.text.DL_UART_getPendingInterrupt)
                  00004cea    00000012     driverlib.a : dl_uart.o (.text.DL_UART_setClockConfig)
                  00004cfc    00000012     stepper.o (.text.stepper_exit_critical)
                  00004d0e    00000012     libc.a : memcpy16.S.obj (.text:TI_memcpy_small)
                  00004d20    00000012            : copy_decompress_none.c.obj (.text:decompress:none)
                  00004d32    00000002     --HOLE-- [fill = 0]
                  00004d34    00000010     ti_msp_dl_config.o (.text.DL_SYSCTL_disableHFXT)
                  00004d44    00000010     ti_msp_dl_config.o (.text.DL_SYSCTL_isFCCDone)
                  00004d54    00000010     ti_msp_dl_config.o (.text.DL_SYSCTL_startFCC)
                  00004d64    00000010     driverlib.a : dl_timer.o (.text.DL_Timer_getCaptureCompareValue)
                  00004d74    00000010                 : dl_timer.o (.text.DL_Timer_setCaptureCompareValue)
                  00004d84    00000010     ti_msp_dl_config.o (.text.SYSCFG_DL_SYSTICK_init)
                  00004d94    00000010     stepper.o (.text.stepper_get_direction)
                  00004da4    00000010     stepper.o (.text.stepper_is_busy)
                  00004db4    00000010     stepper.o (.text.stepper_is_emergency_inhibited)
                  00004dc4    00000010     stepper.o (.text.stepper_is_enabled)
                  00004dd4    00000010     stepper.o (.text.stepper_is_limit_active)
                  00004de4    00000010     stepper.o (.text.stepper_is_moving)
                  00004df4    00000010     uart_cmd.o (.text.uart_cmd_send_error)
                  00004e04    00000010     uart_cmd.o (.text.uart_cmd_send_help)
                  00004e14    00000010     uart_cmd.o (.text.uart_cmd_send_ok)
                  00004e24    00000010     libc.a : copy_zero_init.c.obj (.text:decompress:ZI)
                  00004e34    0000000e     empty.o (.text.main)
                  00004e42    0000000e     libc.a : memset16.S.obj (.text:TI_memset_small)
                  00004e50    0000000c     ti_msp_dl_config.o (.text.DL_SYSCTL_getClockStatus)
                  00004e5c    0000000c     ti_msp_dl_config.o (.text.DL_SYSCTL_readFCC)
                  00004e68    0000000c     libclang_rt.builtins.a : aeabi_memset.S.obj (.text.__aeabi_memclr)
                  00004e74    0000000c     delay.o (.text.delay_get_ms)
                  00004e80    0000000c     stepper.o (.text.stepper_get_beam_pid_target_mm)
                  00004e8c    0000000c     stepper.o (.text.stepper_get_beam_target_deg)
                  00004e98    0000000c     stepper.o (.text.stepper_get_current_speed_hz)
                  00004ea4    0000000c     stepper.o (.text.stepper_get_frequency_hz)
                  00004eb0    0000000c     stepper.o (.text.stepper_get_remaining_steps)
                  00004ebc    0000000c     stepper.o (.text.stepper_get_speed_target_hz)
                  00004ec8    0000000a     driverlib.a : dl_common.o (.text.DL_Common_delayCycles)
                  00004ed2    00000008     encoder.o (.text.GROUP1_IRQHandler)
                  00004eda    00000008     empty.o (.text.SysTick_Handler)
                  00004ee2    00000008     encoder_pwm_angle.o (.text.TIMA0_IRQHandler)
                  00004eea    00000008     stepper.o (.text.TIMA1_IRQHandler)
                  00004ef2    00000002     --HOLE-- [fill = 0]
                  00004ef4    00000008     libclang_rt.builtins.a : aeabi_memcpy.S.obj (.text.__aeabi_memcpy)
                  00004efc    00000008     uart_cmd.o (.text.uart_cmd_send_string)
                  00004f04    00000006     libc.a : exit.c.obj (.text:abort)
                  00004f0a    00000004     startup_mspm0g350x_ticlang.o (.text.Default_Handler)
                  00004f0e    00000004     libsysbm.a : hostexit.c.obj (.text.HOSTexit)
                  00004f12    00000004     startup_mspm0g350x_ticlang.o (.text.Reset_Handler)
                  00004f16    00000002     --HOLE-- [fill = 0]
                  00004f18    00000010     libc.a : boot_cortex_m.c.obj (.tramp._c_int00_noargs.1)
                  00004f28    00000004            : pre_init.c.obj (.text._system_pre_init)
                  00004f2c    00000004     --HOLE-- [fill = 0]

.cinit     0    000050b0    00000030     
                  000050b0    0000000c     (__TI_handler_table)
                  000050bc    00000008     (.cinit..bss.load) [load image, compression = zero_init]
                  000050c4    00000008     (.cinit..data.load) [load image, compression = lzss]
                  000050cc    00000010     (__TI_cinit_table)
                  000050dc    00000004     --HOLE-- [fill = 0]

.rodata    0    00004f30    00000180     
                  00004f30    0000005d     uart_cmd.o (.rodata.str1.840249729018285378.1)
                  00004f8d    00000003     ti_msp_dl_config.o (.rodata.gBEAM_ENCODER_PWMClockConfig)
                  00004f90    00000028     ti_msp_dl_config.o (.rodata.gSYSPLLConfig)
                  00004fb8    00000010     ti_msp_dl_config.o (.rodata.gBEAM_ENCODER_PWMCaptureConfig)
                  00004fc8    0000000d     uart_cmd.o (.rodata.str1.6277650787150843725.1)
                  00004fd5    00000003     ti_msp_dl_config.o (.rodata.gPWMClockConfig)
                  00004fd8    0000000c     driverlib.a : dl_timer.o (.rodata..Lswitch.table.DL_Timer_initCaptureCombinedMode.1)
                  00004fe4    0000000c                 : dl_timer.o (.rodata..Lswitch.table.DL_Timer_initCompareMode)
                  00004ff0    0000000a     ti_msp_dl_config.o (.rodata.gUART0Config)
                  00004ffa    0000000a     ti_msp_dl_config.o (.rodata.gUART_1Config)
                  00005004    00000009     task3.o (.rodata.str1.12216839978602168404.1)
                  0000500d    00000009     uart_cmd.o (.rodata.str1.3460805920169786119.1)
                  00005016    00000002     ti_msp_dl_config.o (.rodata.gUART0ClockConfig)
                  00005018    00000008     ti_msp_dl_config.o (.rodata.gPWMConfig)
                  00005020    00000008     ti_msp_dl_config.o (.rodata.gSTEPPER_PWMConfig)
                  00005028    00000007     uart_cmd.o (.rodata.str1.11218698011615936392.1)
                  0000502f    00000007     uart_cmd.o (.rodata.str1.12707298662019533641.1)
                  00005036    00000007     uart_cmd.o (.rodata.str1.17920282215832191347.1)
                  0000503d    00000007     uart_cmd.o (.rodata.str1.7517722674715864021.1)
                  00005044    00000006     uart_cmd.o (.rodata.str1.13905025852110864062.1)
                  0000504a    00000006     uart_cmd.o (.rodata.str1.2511651689747361614.1)
                  00005050    00000006     uart_cmd.o (.rodata.str1.4092367985313040374.1)
                  00005056    00000006     uart_cmd.o (.rodata.str1.4234987772374414360.1)
                  0000505c    00000006     uart_cmd.o (.rodata.str1.8588377972619878686.1)
                  00005062    00000006     uart_cmd.o (.rodata.str1.8762729705417149107.1)
                  00005068    00000006     uart_cmd.o (.rodata.str1.9257292791547982817.1)
                  0000506e    00000005     uart_cmd.o (.rodata.str1.11466531589070145015.1)
                  00005073    00000005     uart_cmd.o (.rodata.str1.11477833326989684832.1)
                  00005078    00000005     uart_cmd.o (.rodata.str1.12267827134117714350.1)
                  0000507d    00000005     uart_cmd.o (.rodata.str1.8540953112625378261.1)
                  00005082    00000004     uart_cmd.o (.rodata.str1.11119734733588663232.1)
                  00005086    00000004     uart_cmd.o (.rodata.str1.2369543017385929624.1)
                  0000508a    00000004     uart_cmd.o (.rodata.str1.6811838705501227079.1)
                  0000508e    00000003     ti_msp_dl_config.o (.rodata.gSTEPPER_PWMClockConfig)
                  00005091    00000003     uart_cmd.o (.rodata.str1.1028318311211003142.1)
                  00005094    00000003     uart_cmd.o (.rodata.str1.1217499487293683049.1)
                  00005097    00000003     uart_cmd.o (.rodata.str1.15498057389316061030.1)
                  0000509a    00000003     uart_cmd.o (.rodata.str1.9423187404258085070.1)
                  0000509d    00000002     ti_msp_dl_config.o (.rodata.gUART_1ClockConfig)
                  0000509f    00000002     uart_cmd.o (.rodata.str1.1327018440546922054.1)
                  000050a1    00000002     uart_cmd.o (.rodata.str1.15436932795843561489.1)
                  000050a3    00000002     uart_cmd.o (.rodata.str1.3044072844558183483.1)
                  000050a5    00000002     uart_cmd.o (.rodata.str1.5852106103808048319.1)
                  000050a7    00000002     uart_cmd.o (.rodata.str1.7261196379038542568.1)
                  000050a9    00000007     --HOLE-- [fill = 0]

.init_array 
*          0    00000000    00000000     UNINITIALIZED

.binit     0    00000000    00000000     

.bss       0    20200000    0000047a     UNINITIALIZED
                  20200000    00000100     uart_cmd.o (.bss.g_uart1MirrorBuffer)
                  20200100    000000bc     (.common:gBEAM_ENCODER_PWMBackup)
                  202001bc    000000bc     (.common:gSTEPPER_PWMBackup)
                  20200278    000000a0     (.common:gPWMBackup)
                  20200318    00000080     uart_cmd.o (.bss.g_rxBuffer)
                  20200398    00000050     uart_cmd.o (.bss.g_line)
                  202003e8    00000004     encoder_pwm_angle.o (.bss.g_angleDegX10)
                  202003ec    00000004     stepper.o (.bss.g_beamPidIntegralMmS)
                  202003f0    00000004     stepper.o (.bss.g_beamPidKdDegSPerMm)
                  202003f4    00000004     stepper.o (.bss.g_beamPidKiDegPerMmS)
                  202003f8    00000004     stepper.o (.bss.g_beamPidKpDegPerMm)
                  202003fc    00000004     stepper.o (.bss.g_beamPidOutputDeg)
                  20200400    00000004     stepper.o (.bss.g_beamPidTargetMm)
                  20200404    00000004     stepper.o (.bss.g_beamTargetDeg)
                  20200408    00000004     encoder_pwm_angle.o (.bss.g_captureCount)
                  2020040c    00000004     stepper.o (.bss.g_frequencyHz)
                  20200410    00000004     encoder_pwm_angle.o (.bss.g_highTicks)
                  20200414    00000004     encoder_pwm_angle.o (.bss.g_loadValue)
                  20200418    00000004     encoder_pwm_angle.o (.bss.g_periodTicks)
                  2020041c    00000004     stepper.o (.bss.g_positionSteps)
                  20200420    00000004     stepper.o (.bss.g_remainingSteps)
                  20200424    00000004     stepper.o (.bss.g_speedCurrentHz)
                  20200428    00000004     stepper.o (.bss.g_speedLimitHz)
                  2020042c    00000004     stepper.o (.bss.g_speedTargetHz)
                  20200430    00000004     encoder_pwm_angle.o (.bss.g_timeoutCount)
                  20200434    00000004     encoder_pwm_angle.o (.bss.g_timestampMs)
                  20200438    00000004     uart_cmd.o (.bss.g_visionData)
                  2020043c    00000004     uart_cmd.o (.bss.g_visionDataTimestampMs)
                  20200440    00000004     uart_cmd.o (.bss.g_visionFrameStartMs)
                  20200444    00000004     uart_cmd.o (.bss.g_visionLinkTimestampMs)
                  20200448    00000004     uart_cmd.o (.bss.g_visionStatsWindowStartMs)
                  2020044c    00000002     uart_cmd.o (.bss.g_rxOverflowCount)
                  2020044e    00000002     uart_cmd.o (.bss.g_uart1MirrorDropCount)
                  20200450    00000002     uart_cmd.o (.bss.g_uart1MirrorHead)
                  20200452    00000002     uart_cmd.o (.bss.g_uart1MirrorTail)
                  20200454    00000002     uart_cmd.o (.bss.g_visionAcceptedFrameRateHz)
                  20200456    00000002     uart_cmd.o (.bss.g_visionAcceptedFramesInWindow)
                  20200458    00000002     uart_cmd.o (.bss.g_visionBadFrameRatioPermille)
                  2020045a    00000002     uart_cmd.o (.bss.g_visionBadFrames)
                  2020045c    00000002     uart_cmd.o (.bss.g_visionBadFramesInWindow)
                  2020045e    00000002     uart_cmd.o (.bss.g_visionBallFrameRateHz)
                  20200460    00000002     uart_cmd.o (.bss.g_visionBallFramesInWindow)
                  20200462    00000002     uart_cmd.o (.bss.g_visionGoodFrames)
                  20200464    00000002     uart_cmd.o (.bss.g_visionPositionX10)
                  20200466    00000002     uart_cmd.o (.bss.g_visionVelocityX10)
                  20200468    00000001     stepper.o (.bss.g_continuous)
                  20200469    00000001     stepper.o (.bss.g_directionHigh)
                  2020046a    00000001     stepper.o (.bss.g_emergencyInhibit)
                  2020046b    00000001     stepper.o (.bss.g_enabled)
                  2020046c    00000001     stepper.o (.bss.g_initialized)
                  2020046d    00000001     stepper.o (.bss.g_limitActive)
                  2020046e    00000001     stepper.o (.bss.g_running)
                  2020046f    00000001     stepper.o (.bss.g_stopPending)
                  20200470    00000001     encoder_pwm_angle.o (.bss.g_synced)
                  20200471    00000001     encoder_pwm_angle.o (.bss.g_valid)
                  20200472    00000001     uart_cmd.o (.bss.g_visionChecksum)
                  20200473    00000001     uart_cmd.o (.bss.g_visionCommand)
                  20200474    00000001     uart_cmd.o (.bss.g_visionDetectionValid)
                  20200475    00000001     uart_cmd.o (.bss.g_visionHasLink)
                  20200476    00000001     uart_cmd.o (.bss.g_visionHasPosition)
                  20200477    00000001     uart_cmd.o (.bss.g_visionIndex)
                  20200478    00000001     uart_cmd.o (.bss.g_visionLength)
                  20200479    00000001     uart_cmd.o (.bss.g_visionRxState)

.data      0    2020047c    00000014     UNINITIALIZED
                  2020047c    00000004     delay.o (.data.delay_ms_ticks)
                  20200480    00000004     delay.o (.data.delay_times)
                  20200484    00000004     encoder.o (.data.g_encoderLeftCount)
                  20200488    00000004     encoder.o (.data.g_encoderRightCount)
                  2020048c    00000001     uart_cmd.o (.data.g_lineIndex)
                  2020048d    00000001     uart_cmd.o (.data.g_packetActive)
                  2020048e    00000001     uart_cmd.o (.data.g_rxHead)
                  2020048f    00000001     uart_cmd.o (.data.g_rxTail)

.stack     0    20207e00    00000200     UNINITIALIZED
                  20207e00    00000004     libc.a : boot_cortex_m.c.obj (.stack)
                  20207e04    000001fc     --HOLE--

__llvm_prf_cnts 
*          0    20200000    00000000     UNINITIALIZED

__llvm_prf_bits 
*          0    20200000    00000000     UNINITIALIZED

MODULE SUMMARY

       Module                         code    ro data   rw data
       ------                         ----    -------   -------
    .\
       ti_msp_dl_config.o             2652    105       536    
       startup_mspm0g350x_ticlang.o   8       192       0      
       empty.o                        22      0         0      
    +--+------------------------------+-------+---------+---------+
       Total:                         2682    297       536    
                                                               
    .\Src\
       uart_cmd.o                     5900    239       524    
       stepper.o                      4740    0         60     
       task3.o                        1932    9         0      
       encoder_pwm_angle.o            1256    0         30     
       encoder.o                      378     0         8      
       delay.o                        52      0         8      
    +--+------------------------------+-------+---------+---------+
       Total:                         14258   248       630    
                                                               
    C:/TI/mspm0_sdk_2_10_00_04/source/ti/driverlib/lib/ticlang/m0p/mspm0g1x0x_g3x0x/driverlib.a
       dl_timer.o                     596     24        0      
       dl_sysctl_mspm0g1x0x_g3x0x.o   316     0         0      
       dl_uart.o                      90      0         0      
       dl_common.o                    10      0         0      
    +--+------------------------------+-------+---------+---------+
       Total:                         1012    24        0      
                                                               
    D:\ti\ccs2050\ccs\tools\compiler\ti-cgt-armllvm_4.0.4.LTS\lib\armv6m-ti-none-eabi/c/libc.a
       copy_decompress_lzss.c.obj     124     0         0      
       autoinit.c.obj                 60      0         0      
       boot_cortex_m.c.obj            56      0         0      
       copy_decompress_none.c.obj     18      0         0      
       memcpy16.S.obj                 18      0         0      
       copy_zero_init.c.obj           16      0         0      
       memset16.S.obj                 14      0         0      
       exit.c.obj                     6       0         0      
       pre_init.c.obj                 4       0         0      
    +--+------------------------------+-------+---------+---------+
       Total:                         316     0         0      
                                                               
    D:\ti\ccs2050\ccs\tools\compiler\ti-cgt-armllvm_4.0.4.LTS\lib\armv6m-ti-none-eabi/c/libsysbm.a
       hostexit.c.obj                 4       0         0      
    +--+------------------------------+-------+---------+---------+
       Total:                         4       0         0      
                                                               
    D:\ti\ccs2050\ccs\tools\compiler\ti-cgt-armllvm_4.0.4.LTS\lib\armv6m-ti-none-eabi/libclang_rt.builtins.a
       comparedf2.c.obj               220     0         0      
       addsf3.S.obj                   216     0         0      
       udivmoddi4.S.obj               162     0         0      
       comparesf2.S.obj               140     0         0      
       mulsf3.S.obj                   140     0         0      
       divsf3.S.obj                   130     0         0      
       aeabi_dcmp.S.obj               98      0         0      
       aeabi_fcmp.S.obj               98      0         0      
       aeabi_idivmod.S.obj            86      0         0      
       aeabi_uidivmod.S.obj           64      0         0      
       floatsisf.S.obj                60      0         0      
       muldsi3.S.obj                  58      0         0      
       fixsfsi.S.obj                  56      0         0      
       fixunssfsi.S.obj               50      0         0      
       floatunsisf.S.obj              40      0         0      
       floatunsidf.S.obj              36      0         0      
       muldi3.S.obj                   36      0         0      
       ashldi3.S.obj                  30      0         0      
       aeabi_uldivmod.S.obj           20      0         0      
       aeabi_memset.S.obj             12      0         0      
       aeabi_memcpy.S.obj             8       0         0      
       aeabi_div0.c.obj               4       0         0      
    +--+------------------------------+-------+---------+---------+
       Total:                         1764    0         0      
                                                               
       Stack:                         0       0         512    
       Linker Generated:              0       44        0      
    +--+------------------------------+-------+---------+---------+
       Grand Total:                   20036   613       1678   


LINKER GENERATED COPY TABLES

__TI_cinit_table @ 000050cc records: 2, size/record: 8, table size: 16
	.bss: load addr=000050bc, load size=00000008 bytes, run addr=20200000, run size=0000047a bytes, compression=zero_init
	.data: load addr=000050c4, load size=00000008 bytes, run addr=2020047c, run size=00000014 bytes, compression=lzss


LINKER GENERATED HANDLER TABLE

__TI_handler_table @ 000050b0 records: 3, size/record: 4, table size: 12
	index: 0, handler: __TI_decompress_lzss
	index: 1, handler: __TI_decompress_none
	index: 2, handler: __TI_zero_init


FAR CALL TRAMPOLINES

callee name               trampoline name
   callee addr  tramp addr   call addr  call info
--------------  -----------  ---------  ----------------
_c_int00_noargs           $Tramp$TT$L$PI$$_c_int00_noargs
   0000437d     00004f18     00004f12   startup_mspm0g350x_ticlang.o (.text.Reset_Handler)

[1 trampolines]
[1 trampoline calls]


GLOBAL SYMBOLS: SORTED ALPHABETICALLY BY Name 

address   name                                     
-------   ----                                     
00004f0b  ADC0_IRQHandler                          
00004f0b  ADC1_IRQHandler                          
00004f0b  AES_IRQHandler                           
00004f0e  C$$EXIT                                  
00004f0b  CANFD0_IRQHandler                        
00004f0b  DAC0_IRQHandler                          
00004ec9  DL_Common_delayCycles                    
00004671  DL_SYSCTL_configFCC                      
00001c19  DL_SYSCTL_configSYSPLL                   
00003a7d  DL_SYSCTL_switchMCLKfromSYSOSCtoHSCLK    
00004d65  DL_Timer_getCaptureCompareValue          
00001b39  DL_Timer_initCaptureCombinedMode         
00001755  DL_Timer_initFourCCPWMMode               
00004735  DL_Timer_setCaptCompUpdateMethod         
00004999  DL_Timer_setCaptureCompareOutCtl         
00004d75  DL_Timer_setCaptureCompareValue          
00004751  DL_Timer_setClockConfig                  
000039a5  DL_UART_init                             
00004ceb  DL_UART_setClockConfig                   
00004f0b  DMA_IRQHandler                           
00004f0b  Default_Handler                          
00004f0b  GROUP0_IRQHandler                        
00004ed3  GROUP1_IRQHandler                        
00004f0f  HOSTexit                                 
00004f0b  HardFault_Handler                        
00004f0b  I2C0_IRQHandler                          
00004f0b  I2C1_IRQHandler                          
00004f0b  NMI_Handler                              
00004f0b  PendSV_Handler                           
00004f0b  RTC_IRQHandler                           
00004f13  Reset_Handler                            
00004f0b  SPI0_IRQHandler                          
00004f0b  SPI1_IRQHandler                          
00004f0b  SVC_Handler                              
00003fed  SYSCFG_DL_BEAM_ENCODER_PWM_init          
00000b91  SYSCFG_DL_GPIO_init                      
00002a39  SYSCFG_DL_PWM_init                       
0000304d  SYSCFG_DL_STEPPER_PWM_init               
00001a4d  SYSCFG_DL_SYSCTL_SYSPLL_init             
000030b5  SYSCFG_DL_SYSCTL_init                    
00004d85  SYSCFG_DL_SYSTICK_init                   
00003b49  SYSCFG_DL_UART0_init                     
0000363d  SYSCFG_DL_UART_1_init                    
000039ed  SYSCFG_DL_init                           
00002ac9  SYSCFG_DL_initPower                      
00004edb  SysTick_Handler                          
00004ee3  TIMA0_IRQHandler                         
00004eeb  TIMA1_IRQHandler                         
00004f0b  TIMG0_IRQHandler                         
00004f0b  TIMG12_IRQHandler                        
00004f0b  TIMG6_IRQHandler                         
00004f0b  TIMG7_IRQHandler                         
00004f0b  TIMG8_IRQHandler                         
00004d0f  TI_memcpy_small                          
00004e43  TI_memset_small                          
000047dd  UART0_IRQHandler                         
00004f0b  UART1_IRQHandler                         
00004f0b  UART2_IRQHandler                         
00004f0b  UART3_IRQHandler                         
20208000  __STACK_END                              
00000200  __STACK_SIZE                             
00000000  __TI_ATRegion0_region_sz                 
00000000  __TI_ATRegion0_src_addr                  
00000000  __TI_ATRegion0_trg_addr                  
00000000  __TI_ATRegion1_region_sz                 
00000000  __TI_ATRegion1_src_addr                  
00000000  __TI_ATRegion1_trg_addr                  
00000000  __TI_ATRegion2_region_sz                 
00000000  __TI_ATRegion2_src_addr                  
00000000  __TI_ATRegion2_trg_addr                  
000050cc  __TI_CINIT_Base                          
000050dc  __TI_CINIT_Limit                         
000050dc  __TI_CINIT_Warm                          
000050b0  __TI_Handler_Table_Base                  
000050bc  __TI_Handler_Table_Limit                 
00003db1  __TI_auto_init_nobinit_nopinit           
00002e71  __TI_decompress_lzss                     
00004d21  __TI_decompress_none                     
ffffffff  __TI_pprof_out_hndl                      
ffffffff  __TI_prof_data_size                      
ffffffff  __TI_prof_data_start                     
00000000  __TI_static_base__                       
00004e25  __TI_zero_init                           
00001eb3  __addsf3                                 
000032b5  __aeabi_dcmpeq                           
000032f1  __aeabi_dcmpge                           
00003305  __aeabi_dcmpgt                           
000032dd  __aeabi_dcmple                           
000032c9  __aeabi_dcmplt                           
00003e65  __aeabi_f2iz                             
000040bd  __aeabi_f2uiz                            
00001eb3  __aeabi_fadd                             
00003319  __aeabi_fcmpeq                           
00003355  __aeabi_fcmpge                           
00003369  __aeabi_fcmpgt                           
00003341  __aeabi_fcmple                           
0000332d  __aeabi_fcmplt                           
00004b71  __aeabi_fcmpun                           
00002d71  __aeabi_fdiv                             
00002b55  __aeabi_fmul                             
00001ea9  __aeabi_fsub                             
00003cc1  __aeabi_i2f                              
00003591  __aeabi_idiv                             
00001dcf  __aeabi_idiv0                            
00003591  __aeabi_idivmod                          
0000254b  __aeabi_ldiv0                            
000045c5  __aeabi_llsl                             
000043c9  __aeabi_lmul                             
00004e69  __aeabi_memclr                           
00004e69  __aeabi_memclr4                          
00004e69  __aeabi_memclr8                          
00004ef5  __aeabi_memcpy                           
00004ef5  __aeabi_memcpy4                          
00004ef5  __aeabi_memcpy8                          
000043a5  __aeabi_ui2d                             
00004305  __aeabi_ui2f                             
00003b89  __aeabi_uidiv                            
00003b89  __aeabi_uidivmod                         
00004c65  __aeabi_uldivmod                         
000045c5  __ashldi3                                
ffffffff  __binit__                                
0000311d  __cmpdf2                                 
00003ded  __cmpsf2                                 
00002d71  __divsf3                                 
0000311d  __eqdf2                                  
00003ded  __eqsf2                                  
00003e65  __fixsfsi                                
000040bd  __fixunssfsi                             
00003cc1  __floatsisf                              
000043a5  __floatunsidf                            
00004305  __floatunsisf                            
00002f65  __gedf2                                  
00003cfd  __gesf2                                  
00002f65  __gtdf2                                  
00003cfd  __gtsf2                                  
0000311d  __ledf2                                  
00003ded  __lesf2                                  
0000311d  __ltdf2                                  
00003ded  __ltsf2                                  
UNDEFED   __mpu_init                               
000043c9  __muldi3                                 
00003e29  __muldsi3                                
00002b55  __mulsf3                                 
0000311d  __nedf2                                  
00003ded  __nesf2                                  
20207e00  __stack                                  
20200000  __start___llvm_prf_bits                  
20200000  __start___llvm_prf_cnts                  
20200000  __stop___llvm_prf_bits                   
20200000  __stop___llvm_prf_cnts                   
00001ea9  __subsf3                                 
00002695  __udivmoddi4                             
00004b71  __unordsf2                               
0000437d  _c_int00_noargs                          
UNDEFED   _system_post_cinit                       
00004f29  _system_pre_init                         
00004f05  abort                                    
ffffffff  binit                                    
00004e75  delay_get_ms                             
0000432d  delay_tick                               
20200480  delay_times                              
00002eed  encoder_gpio_irq_handler                 
00001859  encoder_pwm_angle_get_sample             
000021dd  encoder_pwm_angle_init                   
00001209  encoder_pwm_angle_irq_handler            
00004ad1  encoder_pwm_angle_raw_to_relative_deg_x10
00003fb5  encoder_pwm_angle_relative_is_safe       
20200100  gBEAM_ENCODER_PWMBackup                  
20200278  gPWMBackup                               
202001bc  gSTEPPER_PWMBackup                       
00000000  interruptVectors                         
00004e35  main                                     
00004545  stepper_clear_emergency_inhibit          
0000390d  stepper_emergency_stop                   
00002fd9  stepper_enable                           
00004e81  stepper_get_beam_pid_target_mm           
00004e8d  stepper_get_beam_target_deg              
00004e99  stepper_get_current_speed_hz             
00004d95  stepper_get_direction                    
00004ea5  stepper_get_frequency_hz                 
00004565  stepper_get_position_steps               
00004eb1  stepper_get_remaining_steps              
00004ebd  stepper_get_speed_target_hz              
00001435  stepper_init                             
00004da5  stepper_is_busy                          
00004db5  stepper_is_emergency_inhibited           
00004dc5  stepper_is_enabled                       
00004dd5  stepper_is_limit_active                  
00004de5  stepper_is_moving                        
00004ca1  stepper_reset_beam_pid                   
000010e5  stepper_service                          
0000337d  stepper_set_beam_pid_target_mm           
000043ed  stepper_set_beam_target_deg              
00002739  stepper_set_speed_target                 
00003785  stepper_start                            
00002295  stepper_start_continuous                 
0000211d  stepper_start_dir                        
00003d39  stepper_stop                             
00002879  stepper_sync_position_from_beam_angle_x10
00002911  stepper_timer_irq_handler                
0000164d  stepper_update_beam_encoder_position_loop
00000819  stepper_update_beam_pid                  
000005c1  task3_run                                
00001321  uart_cmd_get_vision_sample               
00000e91  uart_cmd_init                            
00002ced  uart_cmd_irq_handler                     
00002349  uart_cmd_process                         


GLOBAL SYMBOLS: SORTED BY Symbol Address 

address   name                                     
-------   ----                                     
00000000  __TI_ATRegion0_region_sz                 
00000000  __TI_ATRegion0_src_addr                  
00000000  __TI_ATRegion0_trg_addr                  
00000000  __TI_ATRegion1_region_sz                 
00000000  __TI_ATRegion1_src_addr                  
00000000  __TI_ATRegion1_trg_addr                  
00000000  __TI_ATRegion2_region_sz                 
00000000  __TI_ATRegion2_src_addr                  
00000000  __TI_ATRegion2_trg_addr                  
00000000  __TI_static_base__                       
00000000  interruptVectors                         
00000200  __STACK_SIZE                             
000005c1  task3_run                                
00000819  stepper_update_beam_pid                  
00000b91  SYSCFG_DL_GPIO_init                      
00000e91  uart_cmd_init                            
000010e5  stepper_service                          
00001209  encoder_pwm_angle_irq_handler            
00001321  uart_cmd_get_vision_sample               
00001435  stepper_init                             
0000164d  stepper_update_beam_encoder_position_loop
00001755  DL_Timer_initFourCCPWMMode               
00001859  encoder_pwm_angle_get_sample             
00001a4d  SYSCFG_DL_SYSCTL_SYSPLL_init             
00001b39  DL_Timer_initCaptureCombinedMode         
00001c19  DL_SYSCTL_configSYSPLL                   
00001dcf  __aeabi_idiv0                            
00001ea9  __aeabi_fsub                             
00001ea9  __subsf3                                 
00001eb3  __addsf3                                 
00001eb3  __aeabi_fadd                             
0000211d  stepper_start_dir                        
000021dd  encoder_pwm_angle_init                   
00002295  stepper_start_continuous                 
00002349  uart_cmd_process                         
0000254b  __aeabi_ldiv0                            
00002695  __udivmoddi4                             
00002739  stepper_set_speed_target                 
00002879  stepper_sync_position_from_beam_angle_x10
00002911  stepper_timer_irq_handler                
00002a39  SYSCFG_DL_PWM_init                       
00002ac9  SYSCFG_DL_initPower                      
00002b55  __aeabi_fmul                             
00002b55  __mulsf3                                 
00002ced  uart_cmd_irq_handler                     
00002d71  __aeabi_fdiv                             
00002d71  __divsf3                                 
00002e71  __TI_decompress_lzss                     
00002eed  encoder_gpio_irq_handler                 
00002f65  __gedf2                                  
00002f65  __gtdf2                                  
00002fd9  stepper_enable                           
0000304d  SYSCFG_DL_STEPPER_PWM_init               
000030b5  SYSCFG_DL_SYSCTL_init                    
0000311d  __cmpdf2                                 
0000311d  __eqdf2                                  
0000311d  __ledf2                                  
0000311d  __ltdf2                                  
0000311d  __nedf2                                  
000032b5  __aeabi_dcmpeq                           
000032c9  __aeabi_dcmplt                           
000032dd  __aeabi_dcmple                           
000032f1  __aeabi_dcmpge                           
00003305  __aeabi_dcmpgt                           
00003319  __aeabi_fcmpeq                           
0000332d  __aeabi_fcmplt                           
00003341  __aeabi_fcmple                           
00003355  __aeabi_fcmpge                           
00003369  __aeabi_fcmpgt                           
0000337d  stepper_set_beam_pid_target_mm           
00003591  __aeabi_idiv                             
00003591  __aeabi_idivmod                          
0000363d  SYSCFG_DL_UART_1_init                    
00003785  stepper_start                            
0000390d  stepper_emergency_stop                   
000039a5  DL_UART_init                             
000039ed  SYSCFG_DL_init                           
00003a7d  DL_SYSCTL_switchMCLKfromSYSOSCtoHSCLK    
00003b49  SYSCFG_DL_UART0_init                     
00003b89  __aeabi_uidiv                            
00003b89  __aeabi_uidivmod                         
00003cc1  __aeabi_i2f                              
00003cc1  __floatsisf                              
00003cfd  __gesf2                                  
00003cfd  __gtsf2                                  
00003d39  stepper_stop                             
00003db1  __TI_auto_init_nobinit_nopinit           
00003ded  __cmpsf2                                 
00003ded  __eqsf2                                  
00003ded  __lesf2                                  
00003ded  __ltsf2                                  
00003ded  __nesf2                                  
00003e29  __muldsi3                                
00003e65  __aeabi_f2iz                             
00003e65  __fixsfsi                                
00003fb5  encoder_pwm_angle_relative_is_safe       
00003fed  SYSCFG_DL_BEAM_ENCODER_PWM_init          
000040bd  __aeabi_f2uiz                            
000040bd  __fixunssfsi                             
00004305  __aeabi_ui2f                             
00004305  __floatunsisf                            
0000432d  delay_tick                               
0000437d  _c_int00_noargs                          
000043a5  __aeabi_ui2d                             
000043a5  __floatunsidf                            
000043c9  __aeabi_lmul                             
000043c9  __muldi3                                 
000043ed  stepper_set_beam_target_deg              
00004545  stepper_clear_emergency_inhibit          
00004565  stepper_get_position_steps               
000045c5  __aeabi_llsl                             
000045c5  __ashldi3                                
00004671  DL_SYSCTL_configFCC                      
00004735  DL_Timer_setCaptCompUpdateMethod         
00004751  DL_Timer_setClockConfig                  
000047dd  UART0_IRQHandler                         
00004999  DL_Timer_setCaptureCompareOutCtl         
00004ad1  encoder_pwm_angle_raw_to_relative_deg_x10
00004b71  __aeabi_fcmpun                           
00004b71  __unordsf2                               
00004c65  __aeabi_uldivmod                         
00004ca1  stepper_reset_beam_pid                   
00004ceb  DL_UART_setClockConfig                   
00004d0f  TI_memcpy_small                          
00004d21  __TI_decompress_none                     
00004d65  DL_Timer_getCaptureCompareValue          
00004d75  DL_Timer_setCaptureCompareValue          
00004d85  SYSCFG_DL_SYSTICK_init                   
00004d95  stepper_get_direction                    
00004da5  stepper_is_busy                          
00004db5  stepper_is_emergency_inhibited           
00004dc5  stepper_is_enabled                       
00004dd5  stepper_is_limit_active                  
00004de5  stepper_is_moving                        
00004e25  __TI_zero_init                           
00004e35  main                                     
00004e43  TI_memset_small                          
00004e69  __aeabi_memclr                           
00004e69  __aeabi_memclr4                          
00004e69  __aeabi_memclr8                          
00004e75  delay_get_ms                             
00004e81  stepper_get_beam_pid_target_mm           
00004e8d  stepper_get_beam_target_deg              
00004e99  stepper_get_current_speed_hz             
00004ea5  stepper_get_frequency_hz                 
00004eb1  stepper_get_remaining_steps              
00004ebd  stepper_get_speed_target_hz              
00004ec9  DL_Common_delayCycles                    
00004ed3  GROUP1_IRQHandler                        
00004edb  SysTick_Handler                          
00004ee3  TIMA0_IRQHandler                         
00004eeb  TIMA1_IRQHandler                         
00004ef5  __aeabi_memcpy                           
00004ef5  __aeabi_memcpy4                          
00004ef5  __aeabi_memcpy8                          
00004f05  abort                                    
00004f0b  ADC0_IRQHandler                          
00004f0b  ADC1_IRQHandler                          
00004f0b  AES_IRQHandler                           
00004f0b  CANFD0_IRQHandler                        
00004f0b  DAC0_IRQHandler                          
00004f0b  DMA_IRQHandler                           
00004f0b  Default_Handler                          
00004f0b  GROUP0_IRQHandler                        
00004f0b  HardFault_Handler                        
00004f0b  I2C0_IRQHandler                          
00004f0b  I2C1_IRQHandler                          
00004f0b  NMI_Handler                              
00004f0b  PendSV_Handler                           
00004f0b  RTC_IRQHandler                           
00004f0b  SPI0_IRQHandler                          
00004f0b  SPI1_IRQHandler                          
00004f0b  SVC_Handler                              
00004f0b  TIMG0_IRQHandler                         
00004f0b  TIMG12_IRQHandler                        
00004f0b  TIMG6_IRQHandler                         
00004f0b  TIMG7_IRQHandler                         
00004f0b  TIMG8_IRQHandler                         
00004f0b  UART1_IRQHandler                         
00004f0b  UART2_IRQHandler                         
00004f0b  UART3_IRQHandler                         
00004f0e  C$$EXIT                                  
00004f0f  HOSTexit                                 
00004f13  Reset_Handler                            
00004f29  _system_pre_init                         
000050b0  __TI_Handler_Table_Base                  
000050bc  __TI_Handler_Table_Limit                 
000050cc  __TI_CINIT_Base                          
000050dc  __TI_CINIT_Limit                         
000050dc  __TI_CINIT_Warm                          
20200000  __start___llvm_prf_bits                  
20200000  __start___llvm_prf_cnts                  
20200000  __stop___llvm_prf_bits                   
20200000  __stop___llvm_prf_cnts                   
20200100  gBEAM_ENCODER_PWMBackup                  
202001bc  gSTEPPER_PWMBackup                       
20200278  gPWMBackup                               
20200480  delay_times                              
20207e00  __stack                                  
20208000  __STACK_END                              
ffffffff  __TI_pprof_out_hndl                      
ffffffff  __TI_prof_data_size                      
ffffffff  __TI_prof_data_start                     
ffffffff  __binit__                                
ffffffff  binit                                    
UNDEFED   __mpu_init                               
UNDEFED   _system_post_cinit                       

[207 symbols]
