<?xml version="1.0" encoding="ISO-8859-1" ?>
<link_info>
   <banner>TI ARM Clang Linker PC v4.0.4.LTS</banner>
   <copyright>Copyright (c) 1996-2018 Texas Instruments Incorporated</copyright>
   <command_line>D:\ti\ccs2050\ccs\tools\compiler\ti-cgt-armllvm_4.0.4.LTS\bin\tiarmlnk -ID:\ti\ccs2050\ccs\tools\compiler\ti-cgt-armllvm_4.0.4.LTS\lib -o C07A.out -mC07A.map -iC:/TI/mspm0_sdk_2_10_00_04/source -iC:/Users/gaofu/workspace_ccstheia/C07A -iC:/Users/gaofu/workspace_ccstheia/C07A/Debug/syscfg -iD:/ti/ccs2050/ccs/tools/compiler/ti-cgt-armllvm_4.0.4.LTS/lib --diag_wrap=off --display_error_number --warn_sections --xml_link_info=C07A_linkInfo.xml --rom_model ./empty.o ./ti_msp_dl_config.o ./startup_mspm0g350x_ticlang.o ./Src/bluetooth.o ./Src/delay.o ./Src/encoder.o ./Src/encoder_pwm_angle.o ./Src/gray_serial.o ./Src/line_track.o ./Src/motor.o ./Src/oled.o ./Src/pid.o ./Src/stepper.o ./Src/task2.o ./Src/task3.o ./Src/task4.o ./Src/task5.o ./Src/uart_cmd.o ./Src/ultrasonic.o ./Src/vofa.o -l./device_linker.cmd -ldevice.cmd.genlibs -llibc.a --start-group -llibc++.a -llibc++abi.a -llibc.a -llibsys.a -llibsysbm.a -llibclang_rt.builtins.a -llibclang_rt.profile.a --end-group --cg_opt_level=0</command_line>
   <link_time>0x6a6d9e6b</link_time>
   <link_errors>0x0</link_errors>
   <output_file>C:\Users\gaofu\workspace_ccstheia\C07A\Debug\C07A.out</output_file>
   <entry_point>
      <name>_c_int00_noargs</name>
      <address>0x4549</address>
   </entry_point>
   <input_file_list>
      <input_file id="fl-1">
         <path>C:\Users\gaofu\workspace_ccstheia\C07A\Debug\.\</path>
         <kind>object</kind>
         <file>empty.o</file>
         <name>empty.o</name>
      </input_file>
      <input_file id="fl-2">
         <path>C:\Users\gaofu\workspace_ccstheia\C07A\Debug\.\</path>
         <kind>object</kind>
         <file>ti_msp_dl_config.o</file>
         <name>ti_msp_dl_config.o</name>
      </input_file>
      <input_file id="fl-3">
         <path>C:\Users\gaofu\workspace_ccstheia\C07A\Debug\.\</path>
         <kind>object</kind>
         <file>startup_mspm0g350x_ticlang.o</file>
         <name>startup_mspm0g350x_ticlang.o</name>
      </input_file>
      <input_file id="fl-4">
         <path>C:\Users\gaofu\workspace_ccstheia\C07A\Debug\.\Src\</path>
         <kind>object</kind>
         <file>bluetooth.o</file>
         <name>bluetooth.o</name>
      </input_file>
      <input_file id="fl-5">
         <path>C:\Users\gaofu\workspace_ccstheia\C07A\Debug\.\Src\</path>
         <kind>object</kind>
         <file>delay.o</file>
         <name>delay.o</name>
      </input_file>
      <input_file id="fl-6">
         <path>C:\Users\gaofu\workspace_ccstheia\C07A\Debug\.\Src\</path>
         <kind>object</kind>
         <file>encoder.o</file>
         <name>encoder.o</name>
      </input_file>
      <input_file id="fl-7">
         <path>C:\Users\gaofu\workspace_ccstheia\C07A\Debug\.\Src\</path>
         <kind>object</kind>
         <file>encoder_pwm_angle.o</file>
         <name>encoder_pwm_angle.o</name>
      </input_file>
      <input_file id="fl-8">
         <path>C:\Users\gaofu\workspace_ccstheia\C07A\Debug\.\Src\</path>
         <kind>object</kind>
         <file>gray_serial.o</file>
         <name>gray_serial.o</name>
      </input_file>
      <input_file id="fl-9">
         <path>C:\Users\gaofu\workspace_ccstheia\C07A\Debug\.\Src\</path>
         <kind>object</kind>
         <file>line_track.o</file>
         <name>line_track.o</name>
      </input_file>
      <input_file id="fl-a">
         <path>C:\Users\gaofu\workspace_ccstheia\C07A\Debug\.\Src\</path>
         <kind>object</kind>
         <file>motor.o</file>
         <name>motor.o</name>
      </input_file>
      <input_file id="fl-b">
         <path>C:\Users\gaofu\workspace_ccstheia\C07A\Debug\.\Src\</path>
         <kind>object</kind>
         <file>oled.o</file>
         <name>oled.o</name>
      </input_file>
      <input_file id="fl-c">
         <path>C:\Users\gaofu\workspace_ccstheia\C07A\Debug\.\Src\</path>
         <kind>object</kind>
         <file>pid.o</file>
         <name>pid.o</name>
      </input_file>
      <input_file id="fl-d">
         <path>C:\Users\gaofu\workspace_ccstheia\C07A\Debug\.\Src\</path>
         <kind>object</kind>
         <file>stepper.o</file>
         <name>stepper.o</name>
      </input_file>
      <input_file id="fl-e">
         <path>C:\Users\gaofu\workspace_ccstheia\C07A\Debug\.\Src\</path>
         <kind>object</kind>
         <file>task2.o</file>
         <name>task2.o</name>
      </input_file>
      <input_file id="fl-f">
         <path>C:\Users\gaofu\workspace_ccstheia\C07A\Debug\.\Src\</path>
         <kind>object</kind>
         <file>task3.o</file>
         <name>task3.o</name>
      </input_file>
      <input_file id="fl-10">
         <path>C:\Users\gaofu\workspace_ccstheia\C07A\Debug\.\Src\</path>
         <kind>object</kind>
         <file>task4.o</file>
         <name>task4.o</name>
      </input_file>
      <input_file id="fl-11">
         <path>C:\Users\gaofu\workspace_ccstheia\C07A\Debug\.\Src\</path>
         <kind>object</kind>
         <file>task5.o</file>
         <name>task5.o</name>
      </input_file>
      <input_file id="fl-12">
         <path>C:\Users\gaofu\workspace_ccstheia\C07A\Debug\.\Src\</path>
         <kind>object</kind>
         <file>uart_cmd.o</file>
         <name>uart_cmd.o</name>
      </input_file>
      <input_file id="fl-13">
         <path>C:\Users\gaofu\workspace_ccstheia\C07A\Debug\.\Src\</path>
         <kind>object</kind>
         <file>ultrasonic.o</file>
         <name>ultrasonic.o</name>
      </input_file>
      <input_file id="fl-14">
         <path>C:\Users\gaofu\workspace_ccstheia\C07A\Debug\.\Src\</path>
         <kind>object</kind>
         <file>vofa.o</file>
         <name>vofa.o</name>
      </input_file>
      <input_file id="fl-21">
         <path>C:\Users\gaofu\workspace_ccstheia\C07A\Debug\</path>
         <kind>object</kind>
         <file>&lt;internal&gt;</file>
         <name>&lt;internal&gt;</name>
      </input_file>
      <input_file id="fl-22">
         <path>C:\TI\mspm0_sdk_2_10_00_04\source\ti\driverlib\lib\ticlang\m0p\mspm0g1x0x_g3x0x\</path>
         <kind>archive</kind>
         <file>driverlib.a</file>
         <name>dl_common.o</name>
      </input_file>
      <input_file id="fl-23">
         <path>C:\TI\mspm0_sdk_2_10_00_04\source\ti\driverlib\lib\ticlang\m0p\mspm0g1x0x_g3x0x\</path>
         <kind>archive</kind>
         <file>driverlib.a</file>
         <name>dl_timer.o</name>
      </input_file>
      <input_file id="fl-24">
         <path>C:\TI\mspm0_sdk_2_10_00_04\source\ti\driverlib\lib\ticlang\m0p\mspm0g1x0x_g3x0x\</path>
         <kind>archive</kind>
         <file>driverlib.a</file>
         <name>dl_uart.o</name>
      </input_file>
      <input_file id="fl-25">
         <path>C:\TI\mspm0_sdk_2_10_00_04\source\ti\driverlib\lib\ticlang\m0p\mspm0g1x0x_g3x0x\</path>
         <kind>archive</kind>
         <file>driverlib.a</file>
         <name>dl_sysctl_mspm0g1x0x_g3x0x.o</name>
      </input_file>
      <input_file id="fl-3c">
         <path>D:\ti\ccs2050\ccs\tools\compiler\ti-cgt-armllvm_4.0.4.LTS\lib\armv6m-ti-none-eabi\c\</path>
         <kind>archive</kind>
         <file>libc.a</file>
         <name>boot_cortex_m.c.obj</name>
      </input_file>
      <input_file id="fl-3d">
         <path>D:\ti\ccs2050\ccs\tools\compiler\ti-cgt-armllvm_4.0.4.LTS\lib\armv6m-ti-none-eabi\c\</path>
         <kind>archive</kind>
         <file>libc.a</file>
         <name>mathacl_init.c.obj</name>
      </input_file>
      <input_file id="fl-3e">
         <path>D:\ti\ccs2050\ccs\tools\compiler\ti-cgt-armllvm_4.0.4.LTS\lib\armv6m-ti-none-eabi\c\</path>
         <kind>archive</kind>
         <file>libc.a</file>
         <name>autoinit.c.obj</name>
      </input_file>
      <input_file id="fl-3f">
         <path>D:\ti\ccs2050\ccs\tools\compiler\ti-cgt-armllvm_4.0.4.LTS\lib\armv6m-ti-none-eabi\c\</path>
         <kind>archive</kind>
         <file>libc.a</file>
         <name>pre_init.c.obj</name>
      </input_file>
      <input_file id="fl-40">
         <path>D:\ti\ccs2050\ccs\tools\compiler\ti-cgt-armllvm_4.0.4.LTS\lib\armv6m-ti-none-eabi\c\</path>
         <kind>archive</kind>
         <file>libc.a</file>
         <name>cpy_tbl.c.obj</name>
      </input_file>
      <input_file id="fl-41">
         <path>D:\ti\ccs2050\ccs\tools\compiler\ti-cgt-armllvm_4.0.4.LTS\lib\armv6m-ti-none-eabi\c\</path>
         <kind>archive</kind>
         <file>libc.a</file>
         <name>copy_zero_init.c.obj</name>
      </input_file>
      <input_file id="fl-42">
         <path>D:\ti\ccs2050\ccs\tools\compiler\ti-cgt-armllvm_4.0.4.LTS\lib\armv6m-ti-none-eabi\c\</path>
         <kind>archive</kind>
         <file>libc.a</file>
         <name>copy_decompress_none.c.obj</name>
      </input_file>
      <input_file id="fl-43">
         <path>D:\ti\ccs2050\ccs\tools\compiler\ti-cgt-armllvm_4.0.4.LTS\lib\armv6m-ti-none-eabi\c\</path>
         <kind>archive</kind>
         <file>libc.a</file>
         <name>copy_decompress_lzss.c.obj</name>
      </input_file>
      <input_file id="fl-44">
         <path>D:\ti\ccs2050\ccs\tools\compiler\ti-cgt-armllvm_4.0.4.LTS\lib\armv6m-ti-none-eabi\c\</path>
         <kind>archive</kind>
         <file>libc.a</file>
         <name>exit.c.obj</name>
      </input_file>
      <input_file id="fl-45">
         <path>D:\ti\ccs2050\ccs\tools\compiler\ti-cgt-armllvm_4.0.4.LTS\lib\armv6m-ti-none-eabi\c\</path>
         <kind>archive</kind>
         <file>libc.a</file>
         <name>_lock.c.obj</name>
      </input_file>
      <input_file id="fl-46">
         <path>D:\ti\ccs2050\ccs\tools\compiler\ti-cgt-armllvm_4.0.4.LTS\lib\armv6m-ti-none-eabi\c\</path>
         <kind>archive</kind>
         <file>libc.a</file>
         <name>args_main.c.obj</name>
      </input_file>
      <input_file id="fl-e6">
         <path>D:\ti\ccs2050\ccs\tools\compiler\ti-cgt-armllvm_4.0.4.LTS\lib\armv6m-ti-none-eabi\c\</path>
         <kind>archive</kind>
         <file>libsysbm.a</file>
         <name>hostexit.c.obj</name>
      </input_file>
      <input_file id="fl-e7">
         <path>D:\ti\ccs2050\ccs\tools\compiler\ti-cgt-armllvm_4.0.4.LTS\lib\armv6m-ti-none-eabi\</path>
         <kind>archive</kind>
         <file>libclang_rt.builtins.a</file>
         <name>comparesf2.S.obj</name>
      </input_file>
      <input_file id="fl-e8">
         <path>D:\ti\ccs2050\ccs\tools\compiler\ti-cgt-armllvm_4.0.4.LTS\lib\armv6m-ti-none-eabi\</path>
         <kind>archive</kind>
         <file>libclang_rt.builtins.a</file>
         <name>addsf3.S.obj</name>
      </input_file>
      <input_file id="fl-e9">
         <path>D:\ti\ccs2050\ccs\tools\compiler\ti-cgt-armllvm_4.0.4.LTS\lib\armv6m-ti-none-eabi\</path>
         <kind>archive</kind>
         <file>libclang_rt.builtins.a</file>
         <name>mulsf3.S.obj</name>
      </input_file>
      <input_file id="fl-ea">
         <path>D:\ti\ccs2050\ccs\tools\compiler\ti-cgt-armllvm_4.0.4.LTS\lib\armv6m-ti-none-eabi\</path>
         <kind>archive</kind>
         <file>libclang_rt.builtins.a</file>
         <name>divsf3.S.obj</name>
      </input_file>
      <input_file id="fl-eb">
         <path>D:\ti\ccs2050\ccs\tools\compiler\ti-cgt-armllvm_4.0.4.LTS\lib\armv6m-ti-none-eabi\</path>
         <kind>archive</kind>
         <file>libclang_rt.builtins.a</file>
         <name>fixsfsi.S.obj</name>
      </input_file>
      <input_file id="fl-ec">
         <path>D:\ti\ccs2050\ccs\tools\compiler\ti-cgt-armllvm_4.0.4.LTS\lib\armv6m-ti-none-eabi\</path>
         <kind>archive</kind>
         <file>libclang_rt.builtins.a</file>
         <name>fixunssfsi.S.obj</name>
      </input_file>
      <input_file id="fl-ed">
         <path>D:\ti\ccs2050\ccs\tools\compiler\ti-cgt-armllvm_4.0.4.LTS\lib\armv6m-ti-none-eabi\</path>
         <kind>archive</kind>
         <file>libclang_rt.builtins.a</file>
         <name>floatsisf.S.obj</name>
      </input_file>
      <input_file id="fl-ee">
         <path>D:\ti\ccs2050\ccs\tools\compiler\ti-cgt-armllvm_4.0.4.LTS\lib\armv6m-ti-none-eabi\</path>
         <kind>archive</kind>
         <file>libclang_rt.builtins.a</file>
         <name>floatunsidf.S.obj</name>
      </input_file>
      <input_file id="fl-ef">
         <path>D:\ti\ccs2050\ccs\tools\compiler\ti-cgt-armllvm_4.0.4.LTS\lib\armv6m-ti-none-eabi\</path>
         <kind>archive</kind>
         <file>libclang_rt.builtins.a</file>
         <name>floatunsisf.S.obj</name>
      </input_file>
      <input_file id="fl-f0">
         <path>D:\ti\ccs2050\ccs\tools\compiler\ti-cgt-armllvm_4.0.4.LTS\lib\armv6m-ti-none-eabi\</path>
         <kind>archive</kind>
         <file>libclang_rt.builtins.a</file>
         <name>muldi3.S.obj</name>
      </input_file>
      <input_file id="fl-f1">
         <path>D:\ti\ccs2050\ccs\tools\compiler\ti-cgt-armllvm_4.0.4.LTS\lib\armv6m-ti-none-eabi\</path>
         <kind>archive</kind>
         <file>libclang_rt.builtins.a</file>
         <name>aeabi_dcmp.S.obj</name>
      </input_file>
      <input_file id="fl-f2">
         <path>D:\ti\ccs2050\ccs\tools\compiler\ti-cgt-armllvm_4.0.4.LTS\lib\armv6m-ti-none-eabi\</path>
         <kind>archive</kind>
         <file>libclang_rt.builtins.a</file>
         <name>aeabi_fcmp.S.obj</name>
      </input_file>
      <input_file id="fl-f3">
         <path>D:\ti\ccs2050\ccs\tools\compiler\ti-cgt-armllvm_4.0.4.LTS\lib\armv6m-ti-none-eabi\</path>
         <kind>archive</kind>
         <file>libclang_rt.builtins.a</file>
         <name>aeabi_idivmod.S.obj</name>
      </input_file>
      <input_file id="fl-f4">
         <path>D:\ti\ccs2050\ccs\tools\compiler\ti-cgt-armllvm_4.0.4.LTS\lib\armv6m-ti-none-eabi\</path>
         <kind>archive</kind>
         <file>libclang_rt.builtins.a</file>
         <name>aeabi_ldivmod.S.obj</name>
      </input_file>
      <input_file id="fl-f5">
         <path>D:\ti\ccs2050\ccs\tools\compiler\ti-cgt-armllvm_4.0.4.LTS\lib\armv6m-ti-none-eabi\</path>
         <kind>archive</kind>
         <file>libclang_rt.builtins.a</file>
         <name>aeabi_memcpy.S.obj</name>
      </input_file>
      <input_file id="fl-f6">
         <path>D:\ti\ccs2050\ccs\tools\compiler\ti-cgt-armllvm_4.0.4.LTS\lib\armv6m-ti-none-eabi\</path>
         <kind>archive</kind>
         <file>libclang_rt.builtins.a</file>
         <name>aeabi_memset.S.obj</name>
      </input_file>
      <input_file id="fl-f7">
         <path>D:\ti\ccs2050\ccs\tools\compiler\ti-cgt-armllvm_4.0.4.LTS\lib\armv6m-ti-none-eabi\</path>
         <kind>archive</kind>
         <file>libclang_rt.builtins.a</file>
         <name>aeabi_uidivmod.S.obj</name>
      </input_file>
      <input_file id="fl-f8">
         <path>D:\ti\ccs2050\ccs\tools\compiler\ti-cgt-armllvm_4.0.4.LTS\lib\armv6m-ti-none-eabi\</path>
         <kind>archive</kind>
         <file>libclang_rt.builtins.a</file>
         <name>aeabi_uldivmod.S.obj</name>
      </input_file>
      <input_file id="fl-f9">
         <path>D:\ti\ccs2050\ccs\tools\compiler\ti-cgt-armllvm_4.0.4.LTS\lib\armv6m-ti-none-eabi\</path>
         <kind>archive</kind>
         <file>libclang_rt.builtins.a</file>
         <name>udivmoddi4.S.obj</name>
      </input_file>
      <input_file id="fl-fa">
         <path>D:\ti\ccs2050\ccs\tools\compiler\ti-cgt-armllvm_4.0.4.LTS\lib\armv6m-ti-none-eabi\</path>
         <kind>archive</kind>
         <file>libclang_rt.builtins.a</file>
         <name>muldsi3.S.obj</name>
      </input_file>
      <input_file id="fl-fb">
         <path>D:\ti\ccs2050\ccs\tools\compiler\ti-cgt-armllvm_4.0.4.LTS\lib\armv6m-ti-none-eabi\</path>
         <kind>archive</kind>
         <file>libclang_rt.builtins.a</file>
         <name>ashldi3.S.obj</name>
      </input_file>
      <input_file id="fl-fc">
         <path>D:\ti\ccs2050\ccs\tools\compiler\ti-cgt-armllvm_4.0.4.LTS\lib\armv6m-ti-none-eabi\</path>
         <kind>archive</kind>
         <file>libclang_rt.builtins.a</file>
         <name>comparedf2.c.obj</name>
      </input_file>
      <input_file id="fl-fd">
         <path>D:\ti\ccs2050\ccs\tools\compiler\ti-cgt-armllvm_4.0.4.LTS\lib\armv6m-ti-none-eabi\</path>
         <kind>archive</kind>
         <file>libclang_rt.builtins.a</file>
         <name>divmoddi4.c.obj</name>
      </input_file>
      <input_file id="fl-fe">
         <path>D:\ti\ccs2050\ccs\tools\compiler\ti-cgt-armllvm_4.0.4.LTS\lib\armv6m-ti-none-eabi\</path>
         <kind>archive</kind>
         <file>libclang_rt.builtins.a</file>
         <name>aeabi_div0.c.obj</name>
      </input_file>
      <input_file id="fl-ff">
         <path>D:\ti\ccs2050\ccs\tools\compiler\ti-cgt-armllvm_4.0.4.LTS\lib\armv6m-ti-none-eabi\c\</path>
         <kind>archive</kind>
         <file>libc.a</file>
         <name>memcpy16.S.obj</name>
      </input_file>
      <input_file id="fl-100">
         <path>D:\ti\ccs2050\ccs\tools\compiler\ti-cgt-armllvm_4.0.4.LTS\lib\armv6m-ti-none-eabi\c\</path>
         <kind>archive</kind>
         <file>libc.a</file>
         <name>memset16.S.obj</name>
      </input_file>
   </input_file_list>
   <object_component_list>
      <object_component id="oc-18">
         <name>.intvecs</name>
         <load_address>0x0</load_address>
         <readonly>true</readonly>
         <run_address>0x0</run_address>
         <size>0xc0</size>
         <alignment>0x4</alignment>
         <input_file_ref idref="fl-3"/>
      </object_component>
      <object_component id="oc-273">
         <name>.text.uart_cmd_parse_line</name>
         <load_address>0xc0</load_address>
         <readonly>true</readonly>
         <executable>true</executable>
         <run_address>0xc0</run_address>
         <size>0x2a0</size>
         <alignment>0x4</alignment>
         <input_file_ref idref="fl-12"/>
      </object_component>
      <object_component id="oc-159">
         <name>.text.task3_build_line</name>
         <load_address>0x360</load_address>
         <readonly>true</readonly>
         <executable>true</executable>
         <run_address>0x360</run_address>
         <size>0x260</size>
         <alignment>0x4</alignment>
         <input_file_ref idref="fl-f"/>
      </object_component>
      <object_component id="oc-e5">
         <name>.text.task3_run</name>
         <load_address>0x5c0</load_address>
         <readonly>true</readonly>
         <executable>true</executable>
         <run_address>0x5c0</run_address>
         <size>0x254</size>
         <alignment>0x4</alignment>
         <input_file_ref idref="fl-f"/>
      </object_component>
      <object_component id="oc-156">
         <name>.text.stepper_update_beam_pid</name>
         <load_address>0x814</load_address>
         <readonly>true</readonly>
         <executable>true</executable>
         <run_address>0x814</run_address>
         <size>0x1e0</size>
         <alignment>0x4</alignment>
         <input_file_ref idref="fl-d"/>
      </object_component>
      <object_component id="oc-12d">
         <name>.text.SYSCFG_DL_GPIO_init</name>
         <load_address>0x9f4</load_address>
         <readonly>true</readonly>
         <executable>true</executable>
         <run_address>0x9f4</run_address>
         <size>0x1b0</size>
         <alignment>0x4</alignment>
         <input_file_ref idref="fl-2"/>
      </object_component>
      <object_component id="oc-2c2">
         <name>.text.uart_cmd_parse_scaled_x10</name>
         <load_address>0xba4</load_address>
         <readonly>true</readonly>
         <executable>true</executable>
         <run_address>0xba4</run_address>
         <size>0x198</size>
         <alignment>0x4</alignment>
         <input_file_ref idref="fl-12"/>
      </object_component>
      <object_component id="oc-202">
         <name>.text.uart_cmd_vision_process_byte</name>
         <load_address>0xd3c</load_address>
         <readonly>true</readonly>
         <executable>true</executable>
         <run_address>0xd3c</run_address>
         <size>0x174</size>
         <alignment>0x4</alignment>
         <input_file_ref idref="fl-12"/>
      </object_component>
      <object_component id="oc-13d">
         <name>.text.uart_cmd_init</name>
         <load_address>0xeb0</load_address>
         <readonly>true</readonly>
         <executable>true</executable>
         <run_address>0xeb0</run_address>
         <size>0x12c</size>
         <alignment>0x4</alignment>
         <input_file_ref idref="fl-12"/>
      </object_component>
      <object_component id="oc-219">
         <name>.text.stepper_apply_speed</name>
         <load_address>0xfdc</load_address>
         <readonly>true</readonly>
         <executable>true</executable>
         <run_address>0xfdc</run_address>
         <size>0x128</size>
         <alignment>0x4</alignment>
         <input_file_ref idref="fl-d"/>
      </object_component>
      <object_component id="oc-158">
         <name>.text.stepper_service</name>
         <load_address>0x1104</load_address>
         <readonly>true</readonly>
         <executable>true</executable>
         <run_address>0x1104</run_address>
         <size>0x124</size>
         <alignment>0x4</alignment>
         <input_file_ref idref="fl-d"/>
      </object_component>
      <object_component id="oc-8b">
         <name>.text.encoder_pwm_angle_irq_handler</name>
         <load_address>0x1228</load_address>
         <readonly>true</readonly>
         <executable>true</executable>
         <run_address>0x1228</run_address>
         <size>0x118</size>
         <alignment>0x4</alignment>
         <input_file_ref idref="fl-7"/>
      </object_component>
      <object_component id="oc-144">
         <name>.text.uart_cmd_get_vision_sample</name>
         <load_address>0x1340</load_address>
         <readonly>true</readonly>
         <executable>true</executable>
         <run_address>0x1340</run_address>
         <size>0x114</size>
         <alignment>0x4</alignment>
         <input_file_ref idref="fl-12"/>
      </object_component>
      <object_component id="oc-13a">
         <name>.text.stepper_init</name>
         <load_address>0x1454</load_address>
         <readonly>true</readonly>
         <executable>true</executable>
         <run_address>0x1454</run_address>
         <size>0x10c</size>
         <alignment>0x4</alignment>
         <input_file_ref idref="fl-d"/>
      </object_component>
      <object_component id="oc-29f">
         <name>.text.uart_cmd_parse_int32</name>
         <load_address>0x1560</load_address>
         <readonly>true</readonly>
         <executable>true</executable>
         <run_address>0x1560</run_address>
         <size>0x10c</size>
         <alignment>0x4</alignment>
         <input_file_ref idref="fl-12"/>
      </object_component>
      <object_component id="oc-157">
         <name>.text.stepper_update_beam_encoder_position_loop</name>
         <load_address>0x166c</load_address>
         <readonly>true</readonly>
         <executable>true</executable>
         <run_address>0x166c</run_address>
         <size>0x108</size>
         <alignment>0x4</alignment>
         <input_file_ref idref="fl-d"/>
      </object_component>
      <object_component id="oc-1a7">
         <name>.text.DL_Timer_initFourCCPWMMode</name>
         <load_address>0x1774</load_address>
         <readonly>true</readonly>
         <executable>true</executable>
         <run_address>0x1774</run_address>
         <size>0x104</size>
         <alignment>0x4</alignment>
         <input_file_ref idref="fl-23"/>
      </object_component>
      <object_component id="oc-142">
         <name>.text.encoder_pwm_angle_get_sample</name>
         <load_address>0x1878</load_address>
         <readonly>true</readonly>
         <executable>true</executable>
         <run_address>0x1878</run_address>
         <size>0x104</size>
         <alignment>0x4</alignment>
         <input_file_ref idref="fl-7"/>
      </object_component>
      <object_component id="oc-203">
         <name>.text.uart_cmd_push_line_char</name>
         <load_address>0x197c</load_address>
         <readonly>true</readonly>
         <executable>true</executable>
         <run_address>0x197c</run_address>
         <size>0xf0</size>
         <alignment>0x4</alignment>
         <input_file_ref idref="fl-12"/>
      </object_component>
      <object_component id="oc-1a0">
         <name>.text.SYSCFG_DL_SYSCTL_SYSPLL_init</name>
         <load_address>0x1a6c</load_address>
         <readonly>true</readonly>
         <executable>true</executable>
         <run_address>0x1a6c</run_address>
         <size>0xec</size>
         <alignment>0x4</alignment>
         <input_file_ref idref="fl-2"/>
      </object_component>
      <object_component id="oc-1b1">
         <name>.text.DL_Timer_initCaptureCombinedMode</name>
         <load_address>0x1b58</load_address>
         <readonly>true</readonly>
         <executable>true</executable>
         <run_address>0x1b58</run_address>
         <size>0xe0</size>
         <alignment>0x4</alignment>
         <input_file_ref idref="fl-23"/>
      </object_component>
      <object_component id="oc-19a">
         <name>.text.DL_SYSCTL_configSYSPLL</name>
         <load_address>0x1c38</load_address>
         <readonly>true</readonly>
         <executable>true</executable>
         <run_address>0x1c38</run_address>
         <size>0xdc</size>
         <alignment>0x4</alignment>
         <input_file_ref idref="fl-25"/>
      </object_component>
      <object_component id="oc-21e">
         <name>.text.task3_append_int32</name>
         <load_address>0x1d14</load_address>
         <readonly>true</readonly>
         <executable>true</executable>
         <run_address>0x1d14</run_address>
         <size>0xda</size>
         <alignment>0x2</alignment>
         <input_file_ref idref="fl-f"/>
      </object_component>
      <object_component id="oc-287">
         <name>.text.__aeabi_idiv0</name>
         <load_address>0x1dee</load_address>
         <readonly>true</readonly>
         <executable>true</executable>
         <run_address>0x1dee</run_address>
         <size>0x2</size>
         <alignment>0x2</alignment>
         <input_file_ref idref="fl-fe"/>
      </object_component>
      <object_component id="oc-298">
         <name>.text.uart_cmd_parse_vision_text_frame</name>
         <load_address>0x1df0</load_address>
         <readonly>true</readonly>
         <executable>true</executable>
         <run_address>0x1df0</run_address>
         <size>0xd8</size>
         <alignment>0x4</alignment>
         <input_file_ref idref="fl-12"/>
      </object_component>
      <object_component id="oc-211">
         <name>.text</name>
         <load_address>0x1ec8</load_address>
         <readonly>true</readonly>
         <executable>true</executable>
         <run_address>0x1ec8</run_address>
         <size>0xd8</size>
         <alignment>0x4</alignment>
         <input_file_ref idref="fl-e8"/>
      </object_component>
      <object_component id="oc-2be">
         <name>.text.uart_cmd_vision_publish_values</name>
         <load_address>0x1fa0</load_address>
         <readonly>true</readonly>
         <executable>true</executable>
         <run_address>0x1fa0</run_address>
         <size>0xd0</size>
         <alignment>0x4</alignment>
         <input_file_ref idref="fl-12"/>
      </object_component>
      <object_component id="oc-27f">
         <name>.text.stepper_start_timer_locked</name>
         <load_address>0x2070</load_address>
         <readonly>true</readonly>
         <executable>true</executable>
         <run_address>0x2070</run_address>
         <size>0xcc</size>
         <alignment>0x4</alignment>
         <input_file_ref idref="fl-d"/>
      </object_component>
      <object_component id="oc-2a2">
         <name>.text.stepper_start_dir</name>
         <load_address>0x213c</load_address>
         <readonly>true</readonly>
         <executable>true</executable>
         <run_address>0x213c</run_address>
         <size>0xc0</size>
         <alignment>0x4</alignment>
         <input_file_ref idref="fl-d"/>
      </object_component>
      <object_component id="oc-13c">
         <name>.text.encoder_pwm_angle_init</name>
         <load_address>0x21fc</load_address>
         <readonly>true</readonly>
         <executable>true</executable>
         <run_address>0x21fc</run_address>
         <size>0xb8</size>
         <alignment>0x4</alignment>
         <input_file_ref idref="fl-7"/>
      </object_component>
      <object_component id="oc-2a3">
         <name>.text.stepper_start_continuous</name>
         <load_address>0x22b4</load_address>
         <readonly>true</readonly>
         <executable>true</executable>
         <run_address>0x22b4</run_address>
         <size>0xb4</size>
         <alignment>0x4</alignment>
         <input_file_ref idref="fl-d"/>
      </object_component>
      <object_component id="oc-140">
         <name>.text.uart_cmd_process</name>
         <load_address>0x2368</load_address>
         <readonly>true</readonly>
         <executable>true</executable>
         <run_address>0x2368</run_address>
         <size>0xac</size>
         <alignment>0x4</alignment>
         <input_file_ref idref="fl-12"/>
      </object_component>
      <object_component id="oc-205">
         <name>.text.uart_cmd_vision_update_statistics</name>
         <load_address>0x2414</load_address>
         <readonly>true</readonly>
         <executable>true</executable>
         <run_address>0x2414</run_address>
         <size>0xac</size>
         <alignment>0x4</alignment>
         <input_file_ref idref="fl-12"/>
      </object_component>
      <object_component id="oc-296">
         <name>.text.uart_cmd_read_word</name>
         <load_address>0x24c0</load_address>
         <readonly>true</readonly>
         <executable>true</executable>
         <run_address>0x24c0</run_address>
         <size>0xaa</size>
         <alignment>0x2</alignment>
         <input_file_ref idref="fl-12"/>
      </object_component>
      <object_component id="oc-23b">
         <name>.text.__aeabi_ldiv0</name>
         <load_address>0x256a</load_address>
         <readonly>true</readonly>
         <executable>true</executable>
         <run_address>0x256a</run_address>
         <size>0x2</size>
         <alignment>0x2</alignment>
         <input_file_ref idref="fl-fe"/>
      </object_component>
      <object_component id="oc-2d8">
         <name>.text.stepper_can_start_locked</name>
         <load_address>0x256c</load_address>
         <readonly>true</readonly>
         <executable>true</executable>
         <run_address>0x256c</run_address>
         <size>0xa4</size>
         <alignment>0x4</alignment>
         <input_file_ref idref="fl-d"/>
      </object_component>
      <object_component id="oc-271">
         <name>.text.uart_cmd_vision_execute_frame</name>
         <load_address>0x2610</load_address>
         <readonly>true</readonly>
         <executable>true</executable>
         <run_address>0x2610</run_address>
         <size>0xa4</size>
         <alignment>0x4</alignment>
         <input_file_ref idref="fl-12"/>
      </object_component>
      <object_component id="oc-178">
         <name>.text</name>
         <load_address>0x26b4</load_address>
         <readonly>true</readonly>
         <executable>true</executable>
         <run_address>0x26b4</run_address>
         <size>0xa2</size>
         <alignment>0x4</alignment>
         <input_file_ref idref="fl-f9"/>
      </object_component>
      <object_component id="oc-210">
         <name>.text.stepper_set_speed_target</name>
         <load_address>0x2758</load_address>
         <readonly>true</readonly>
         <executable>true</executable>
         <run_address>0x2758</run_address>
         <size>0xa0</size>
         <alignment>0x4</alignment>
         <input_file_ref idref="fl-d"/>
      </object_component>
      <object_component id="oc-299">
         <name>.text.uart_cmd_send_status</name>
         <load_address>0x27f8</load_address>
         <readonly>true</readonly>
         <executable>true</executable>
         <run_address>0x27f8</run_address>
         <size>0xa0</size>
         <alignment>0x4</alignment>
         <input_file_ref idref="fl-12"/>
      </object_component>
      <object_component id="oc-217">
         <name>.text.stepper_sync_position_from_beam_angle_x10</name>
         <load_address>0x2898</load_address>
         <readonly>true</readonly>
         <executable>true</executable>
         <run_address>0x2898</run_address>
         <size>0x98</size>
         <alignment>0x4</alignment>
         <input_file_ref idref="fl-d"/>
      </object_component>
      <object_component id="oc-8e">
         <name>.text.stepper_timer_irq_handler</name>
         <load_address>0x2930</load_address>
         <readonly>true</readonly>
         <executable>true</executable>
         <run_address>0x2930</run_address>
         <size>0x94</size>
         <alignment>0x4</alignment>
         <input_file_ref idref="fl-d"/>
      </object_component>
      <object_component id="oc-2c8">
         <name>.text.uart_cmd_send_uint32</name>
         <load_address>0x29c4</load_address>
         <readonly>true</readonly>
         <executable>true</executable>
         <run_address>0x29c4</run_address>
         <size>0x92</size>
         <alignment>0x2</alignment>
         <input_file_ref idref="fl-12"/>
      </object_component>
      <object_component id="oc-12f">
         <name>.text.SYSCFG_DL_PWM_init</name>
         <load_address>0x2a58</load_address>
         <readonly>true</readonly>
         <executable>true</executable>
         <run_address>0x2a58</run_address>
         <size>0x90</size>
         <alignment>0x4</alignment>
         <input_file_ref idref="fl-2"/>
      </object_component>
      <object_component id="oc-12c">
         <name>.text.SYSCFG_DL_initPower</name>
         <load_address>0x2ae8</load_address>
         <readonly>true</readonly>
         <executable>true</executable>
         <run_address>0x2ae8</run_address>
         <size>0x8c</size>
         <alignment>0x4</alignment>
         <input_file_ref idref="fl-2"/>
      </object_component>
      <object_component id="oc-152">
         <name>.text.__mulsf3</name>
         <load_address>0x2b74</load_address>
         <readonly>true</readonly>
         <executable>true</executable>
         <run_address>0x2b74</run_address>
         <size>0x8c</size>
         <alignment>0x4</alignment>
         <input_file_ref idref="fl-e9"/>
      </object_component>
      <object_component id="oc-103">
         <name>.text.encoder_delta_to_speed_mm_s</name>
         <load_address>0x2c00</load_address>
         <readonly>true</readonly>
         <executable>true</executable>
         <run_address>0x2c00</run_address>
         <size>0x8c</size>
         <alignment>0x4</alignment>
         <input_file_ref idref="fl-6"/>
      </object_component>
      <object_component id="oc-ce">
         <name>.text.stepper_count_accepted_pulse</name>
         <load_address>0x2c8c</load_address>
         <readonly>true</readonly>
         <executable>true</executable>
         <run_address>0x2c8c</run_address>
         <size>0x88</size>
         <alignment>0x4</alignment>
         <input_file_ref idref="fl-d"/>
      </object_component>
      <object_component id="oc-1c2">
         <name>.text.__NVIC_SetPriority</name>
         <load_address>0x2d14</load_address>
         <readonly>true</readonly>
         <executable>true</executable>
         <run_address>0x2d14</run_address>
         <size>0x84</size>
         <alignment>0x4</alignment>
         <input_file_ref idref="fl-2"/>
      </object_component>
      <object_component id="oc-88">
         <name>.text.uart_cmd_irq_handler</name>
         <load_address>0x2d98</load_address>
         <readonly>true</readonly>
         <executable>true</executable>
         <run_address>0x2d98</run_address>
         <size>0x84</size>
         <alignment>0x4</alignment>
         <input_file_ref idref="fl-12"/>
      </object_component>
      <object_component id="oc-149">
         <name>.text.__divsf3</name>
         <load_address>0x2e1c</load_address>
         <readonly>true</readonly>
         <executable>true</executable>
         <run_address>0x2e1c</run_address>
         <size>0x82</size>
         <alignment>0x4</alignment>
         <input_file_ref idref="fl-ea"/>
      </object_component>
      <object_component id="oc-297">
         <name>.text.uart_cmd_word_equals</name>
         <load_address>0x2e9e</load_address>
         <readonly>true</readonly>
         <executable>true</executable>
         <run_address>0x2e9e</run_address>
         <size>0x7e</size>
         <alignment>0x2</alignment>
         <input_file_ref idref="fl-12"/>
      </object_component>
      <object_component id="oc-1c">
         <name>.text:decompress:lzss</name>
         <load_address>0x2f1c</load_address>
         <readonly>true</readonly>
         <executable>true</executable>
         <run_address>0x2f1c</run_address>
         <size>0x7c</size>
         <alignment>0x4</alignment>
         <input_file_ref idref="fl-43"/>
      </object_component>
      <object_component id="oc-7c">
         <name>.text.encoder_gpio_irq_handler</name>
         <load_address>0x2f98</load_address>
         <readonly>true</readonly>
         <executable>true</executable>
         <run_address>0x2f98</run_address>
         <size>0x78</size>
         <alignment>0x4</alignment>
         <input_file_ref idref="fl-6"/>
      </object_component>
      <object_component id="oc-290">
         <name>.text.__gedf2</name>
         <load_address>0x3010</load_address>
         <readonly>true</readonly>
         <executable>true</executable>
         <run_address>0x3010</run_address>
         <size>0x74</size>
         <alignment>0x4</alignment>
         <input_file_ref idref="fl-fc"/>
      </object_component>
      <object_component id="oc-ad">
         <name>.text.encoder_update_speed</name>
         <load_address>0x3084</load_address>
         <readonly>true</readonly>
         <executable>true</executable>
         <run_address>0x3084</run_address>
         <size>0x74</size>
         <alignment>0x4</alignment>
         <input_file_ref idref="fl-6"/>
      </object_component>
      <object_component id="oc-13f">
         <name>.text.stepper_enable</name>
         <load_address>0x30f8</load_address>
         <readonly>true</readonly>
         <executable>true</executable>
         <run_address>0x30f8</run_address>
         <size>0x74</size>
         <alignment>0x4</alignment>
         <input_file_ref idref="fl-d"/>
      </object_component>
      <object_component id="oc-3e">
         <name>.text.UART1_IRQHandler</name>
         <load_address>0x316c</load_address>
         <readonly>true</readonly>
         <executable>true</executable>
         <run_address>0x316c</run_address>
         <size>0x6c</size>
         <alignment>0x4</alignment>
         <input_file_ref idref="fl-4"/>
      </object_component>
      <object_component id="oc-130">
         <name>.text.SYSCFG_DL_STEPPER_PWM_init</name>
         <load_address>0x31d8</load_address>
         <readonly>true</readonly>
         <executable>true</executable>
         <run_address>0x31d8</run_address>
         <size>0x68</size>
         <alignment>0x4</alignment>
         <input_file_ref idref="fl-2"/>
      </object_component>
      <object_component id="oc-12e">
         <name>.text.SYSCFG_DL_SYSCTL_init</name>
         <load_address>0x3240</load_address>
         <readonly>true</readonly>
         <executable>true</executable>
         <run_address>0x3240</run_address>
         <size>0x68</size>
         <alignment>0x4</alignment>
         <input_file_ref idref="fl-2"/>
      </object_component>
      <object_component id="oc-28a">
         <name>.text.__ledf2</name>
         <load_address>0x32a8</load_address>
         <readonly>true</readonly>
         <executable>true</executable>
         <run_address>0x32a8</run_address>
         <size>0x68</size>
         <alignment>0x4</alignment>
         <input_file_ref idref="fl-fc"/>
      </object_component>
      <object_component id="oc-26f">
         <name>.text.uart_cmd_vision_has_expected_length</name>
         <load_address>0x3310</load_address>
         <readonly>true</readonly>
         <executable>true</executable>
         <run_address>0x3310</run_address>
         <size>0x66</size>
         <alignment>0x2</alignment>
         <input_file_ref idref="fl-12"/>
      </object_component>
      <object_component id="oc-b5">
         <name>.text.uart_cmd_mirror_uart0_rx_byte</name>
         <load_address>0x3378</load_address>
         <readonly>true</readonly>
         <executable>true</executable>
         <run_address>0x3378</run_address>
         <size>0x64</size>
         <alignment>0x4</alignment>
         <input_file_ref idref="fl-12"/>
      </object_component>
      <object_component id="oc-10c">
         <name>.text.uart_cmd_mirror_uart1_flush_unlocked</name>
         <load_address>0x33dc</load_address>
         <readonly>true</readonly>
         <executable>true</executable>
         <run_address>0x33dc</run_address>
         <size>0x64</size>
         <alignment>0x4</alignment>
         <input_file_ref idref="fl-12"/>
      </object_component>
      <object_component id="oc-259">
         <name>.text.__aeabi_dcmp</name>
         <load_address>0x3440</load_address>
         <readonly>true</readonly>
         <executable>true</executable>
         <run_address>0x3440</run_address>
         <size>0x62</size>
         <alignment>0x4</alignment>
         <input_file_ref idref="fl-f1"/>
      </object_component>
      <object_component id="oc-1fd">
         <name>.text.__aeabi_fcmp</name>
         <load_address>0x34a4</load_address>
         <readonly>true</readonly>
         <executable>true</executable>
         <run_address>0x34a4</run_address>
         <size>0x62</size>
         <alignment>0x4</alignment>
         <input_file_ref idref="fl-f2"/>
      </object_component>
      <object_component id="oc-13e">
         <name>.text.stepper_set_beam_pid_target_mm</name>
         <load_address>0x3508</load_address>
         <readonly>true</readonly>
         <executable>true</executable>
         <run_address>0x3508</run_address>
         <size>0x5c</size>
         <alignment>0x4</alignment>
         <input_file_ref idref="fl-d"/>
      </object_component>
      <object_component id="oc-c1">
         <name>.text.encoder_pwm_angle_duty_to_deg_x10</name>
         <load_address>0x3564</load_address>
         <readonly>true</readonly>
         <executable>true</executable>
         <run_address>0x3564</run_address>
         <size>0x58</size>
         <alignment>0x4</alignment>
         <input_file_ref idref="fl-7"/>
      </object_component>
      <object_component id="oc-cf">
         <name>.text.stepper_stop_timer_locked</name>
         <load_address>0x35bc</load_address>
         <readonly>true</readonly>
         <executable>true</executable>
         <run_address>0x35bc</run_address>
         <size>0x58</size>
         <alignment>0x4</alignment>
         <input_file_ref idref="fl-d"/>
      </object_component>
      <object_component id="oc-141">
         <name>.text.task3_uart1_monitor_send_pending</name>
         <load_address>0x3614</load_address>
         <readonly>true</readonly>
         <executable>true</executable>
         <run_address>0x3614</run_address>
         <size>0x58</size>
         <alignment>0x4</alignment>
         <input_file_ref idref="fl-f"/>
      </object_component>
      <object_component id="oc-2db">
         <name>.text.uart_cmd_vision_apply_position_calibration</name>
         <load_address>0x366c</load_address>
         <readonly>true</readonly>
         <executable>true</executable>
         <run_address>0x366c</run_address>
         <size>0x58</size>
         <alignment>0x4</alignment>
         <input_file_ref idref="fl-12"/>
      </object_component>
      <object_component id="oc-276">
         <name>.text.uart_cmd_vision_rate_from_count</name>
         <load_address>0x36c4</load_address>
         <readonly>true</readonly>
         <executable>true</executable>
         <run_address>0x36c4</run_address>
         <size>0x58</size>
         <alignment>0x4</alignment>
         <input_file_ref idref="fl-12"/>
      </object_component>
      <object_component id="oc-2dd">
         <name>.text.__aeabi_idivmod</name>
         <load_address>0x371c</load_address>
         <readonly>true</readonly>
         <executable>true</executable>
         <run_address>0x371c</run_address>
         <size>0x56</size>
         <alignment>0x4</alignment>
         <input_file_ref idref="fl-f3"/>
      </object_component>
      <object_component id="oc-2c0">
         <name>.text.uart_cmd_is_separator</name>
         <load_address>0x3772</load_address>
         <readonly>true</readonly>
         <executable>true</executable>
         <run_address>0x3772</run_address>
         <size>0x56</size>
         <alignment>0x2</alignment>
         <input_file_ref idref="fl-12"/>
      </object_component>
      <object_component id="oc-133">
         <name>.text.SYSCFG_DL_UART_1_init</name>
         <load_address>0x37c8</load_address>
         <readonly>true</readonly>
         <executable>true</executable>
         <run_address>0x37c8</run_address>
         <size>0x54</size>
         <alignment>0x4</alignment>
         <input_file_ref idref="fl-2"/>
      </object_component>
      <object_component id="oc-1c7">
         <name>.text.stepper_write_direction</name>
         <load_address>0x381c</load_address>
         <readonly>true</readonly>
         <executable>true</executable>
         <run_address>0x381c</run_address>
         <size>0x54</size>
         <alignment>0x4</alignment>
         <input_file_ref idref="fl-d"/>
      </object_component>
      <object_component id="oc-1c5">
         <name>.text.SysTick_Config</name>
         <load_address>0x3870</load_address>
         <readonly>true</readonly>
         <executable>true</executable>
         <run_address>0x3870</run_address>
         <size>0x50</size>
         <alignment>0x4</alignment>
         <input_file_ref idref="fl-2"/>
      </object_component>
      <object_component id="oc-1fc">
         <name>.text.stepper_is_finite_float</name>
         <load_address>0x38c0</load_address>
         <readonly>true</readonly>
         <executable>true</executable>
         <run_address>0x38c0</run_address>
         <size>0x50</size>
         <alignment>0x4</alignment>
         <input_file_ref idref="fl-d"/>
      </object_component>
      <object_component id="oc-2a1">
         <name>.text.stepper_start</name>
         <load_address>0x3910</load_address>
         <readonly>true</readonly>
         <executable>true</executable>
         <run_address>0x3910</run_address>
         <size>0x50</size>
         <alignment>0x2</alignment>
         <input_file_ref idref="fl-d"/>
      </object_component>
      <object_component id="oc-221">
         <name>.text.task3_float_to_x10</name>
         <load_address>0x3960</load_address>
         <readonly>true</readonly>
         <executable>true</executable>
         <run_address>0x3960</run_address>
         <size>0x50</size>
         <alignment>0x4</alignment>
         <input_file_ref idref="fl-f"/>
      </object_component>
      <object_component id="oc-2dc">
         <name>.text.uart_cmd_vision_apply_direction</name>
         <load_address>0x39b0</load_address>
         <readonly>true</readonly>
         <executable>true</executable>
         <run_address>0x39b0</run_address>
         <size>0x50</size>
         <alignment>0x4</alignment>
         <input_file_ref idref="fl-12"/>
      </object_component>
      <object_component id="oc-18f">
         <name>.text.DL_GPIO_initDigitalInputFeatures</name>
         <load_address>0x3a00</load_address>
         <readonly>true</readonly>
         <executable>true</executable>
         <run_address>0x3a00</run_address>
         <size>0x4c</size>
         <alignment>0x4</alignment>
         <input_file_ref idref="fl-2"/>
      </object_component>
      <object_component id="oc-1bd">
         <name>.text.DL_UART_setBaudRateDivisor</name>
         <load_address>0x3a4c</load_address>
         <readonly>true</readonly>
         <executable>true</executable>
         <run_address>0x3a4c</run_address>
         <size>0x4c</size>
         <alignment>0x4</alignment>
         <input_file_ref idref="fl-2"/>
      </object_component>
      <object_component id="oc-29c">
         <name>.text.stepper_emergency_stop</name>
         <load_address>0x3a98</load_address>
         <readonly>true</readonly>
         <executable>true</executable>
         <run_address>0x3a98</run_address>
         <size>0x4c</size>
         <alignment>0x4</alignment>
         <input_file_ref idref="fl-d"/>
      </object_component>
      <object_component id="oc-29e">
         <name>.text.uart_cmd_parse_bool</name>
         <load_address>0x3ae4</load_address>
         <readonly>true</readonly>
         <executable>true</executable>
         <run_address>0x3ae4</run_address>
         <size>0x4a</size>
         <alignment>0x2</alignment>
         <input_file_ref idref="fl-12"/>
      </object_component>
      <object_component id="oc-1bb">
         <name>.text.DL_UART_init</name>
         <load_address>0x3b30</load_address>
         <readonly>true</readonly>
         <executable>true</executable>
         <run_address>0x3b30</run_address>
         <size>0x48</size>
         <alignment>0x4</alignment>
         <input_file_ref idref="fl-24"/>
      </object_component>
      <object_component id="oc-e0">
         <name>.text.SYSCFG_DL_init</name>
         <load_address>0x3b78</load_address>
         <readonly>true</readonly>
         <executable>true</executable>
         <run_address>0x3b78</run_address>
         <size>0x48</size>
         <alignment>0x4</alignment>
         <input_file_ref idref="fl-2"/>
      </object_component>
      <object_component id="oc-21d">
         <name>.text.task3_append_string</name>
         <load_address>0x3bc0</load_address>
         <readonly>true</readonly>
         <executable>true</executable>
         <run_address>0x3bc0</run_address>
         <size>0x46</size>
         <alignment>0x2</alignment>
         <input_file_ref idref="fl-f"/>
      </object_component>
      <object_component id="oc-1a4">
         <name>.text.DL_SYSCTL_switchMCLKfromSYSOSCtoHSCLK</name>
         <load_address>0x3c08</load_address>
         <readonly>true</readonly>
         <executable>true</executable>
         <run_address>0x3c08</run_address>
         <size>0x44</size>
         <alignment>0x4</alignment>
         <input_file_ref idref="fl-25"/>
      </object_component>
      <object_component id="oc-277">
         <name>.text.encoder_pwm_angle_normalize_relative_deg_x10</name>
         <load_address>0x3c4c</load_address>
         <readonly>true</readonly>
         <executable>true</executable>
         <run_address>0x3c4c</run_address>
         <size>0x44</size>
         <alignment>0x4</alignment>
         <input_file_ref idref="fl-7"/>
      </object_component>
      <object_component id="oc-1c8">
         <name>.text.stepper_write_enable</name>
         <load_address>0x3c90</load_address>
         <readonly>true</readonly>
         <executable>true</executable>
         <run_address>0x3c90</run_address>
         <size>0x44</size>
         <alignment>0x4</alignment>
         <input_file_ref idref="fl-d"/>
      </object_component>
      <object_component id="oc-132">
         <name>.text.SYSCFG_DL_UART0_init</name>
         <load_address>0x3cd4</load_address>
         <readonly>true</readonly>
         <executable>true</executable>
         <run_address>0x3cd4</run_address>
         <size>0x40</size>
         <alignment>0x4</alignment>
         <input_file_ref idref="fl-2"/>
      </object_component>
      <object_component id="oc-251">
         <name>.text.__aeabi_uidivmod</name>
         <load_address>0x3d14</load_address>
         <readonly>true</readonly>
         <executable>true</executable>
         <run_address>0x3d14</run_address>
         <size>0x40</size>
         <alignment>0x4</alignment>
         <input_file_ref idref="fl-f7"/>
      </object_component>
      <object_component id="oc-295">
         <name>.text.uart_cmd_vision_record_good</name>
         <load_address>0x3d54</load_address>
         <readonly>true</readonly>
         <executable>true</executable>
         <run_address>0x3d54</run_address>
         <size>0x40</size>
         <alignment>0x4</alignment>
         <input_file_ref idref="fl-12"/>
      </object_component>
      <object_component id="oc-235">
         <name>.text.__divmoddi4</name>
         <load_address>0x3d94</load_address>
         <readonly>true</readonly>
         <executable>true</executable>
         <run_address>0x3d94</run_address>
         <size>0x3e</size>
         <alignment>0x2</alignment>
         <input_file_ref idref="fl-fd"/>
      </object_component>
      <object_component id="oc-215">
         <name>.text.stepper_clamp</name>
         <load_address>0x3dd2</load_address>
         <readonly>true</readonly>
         <executable>true</executable>
         <run_address>0x3dd2</run_address>
         <size>0x3e</size>
         <alignment>0x2</alignment>
         <input_file_ref idref="fl-d"/>
      </object_component>
      <object_component id="oc-21f">
         <name>.text.task3_append_char</name>
         <load_address>0x3e10</load_address>
         <readonly>true</readonly>
         <executable>true</executable>
         <run_address>0x3e10</run_address>
         <size>0x3e</size>
         <alignment>0x2</alignment>
         <input_file_ref idref="fl-f"/>
      </object_component>
      <object_component id="oc-1a8">
         <name>.text.DL_Timer_setCounterControl</name>
         <load_address>0x3e50</load_address>
         <readonly>true</readonly>
         <executable>true</executable>
         <run_address>0x3e50</run_address>
         <size>0x3c</size>
         <alignment>0x4</alignment>
         <input_file_ref idref="fl-2"/>
      </object_component>
      <object_component id="oc-14e">
         <name>.text.__floatsisf</name>
         <load_address>0x3e8c</load_address>
         <readonly>true</readonly>
         <executable>true</executable>
         <run_address>0x3e8c</run_address>
         <size>0x3c</size>
         <alignment>0x4</alignment>
         <input_file_ref idref="fl-ed"/>
      </object_component>
      <object_component id="oc-26d">
         <name>.text.__gtsf2</name>
         <load_address>0x3ec8</load_address>
         <readonly>true</readonly>
         <executable>true</executable>
         <run_address>0x3ec8</run_address>
         <size>0x3c</size>
         <alignment>0x4</alignment>
         <input_file_ref idref="fl-e7"/>
      </object_component>
      <object_component id="oc-14d">
         <name>.text.stepper_stop</name>
         <load_address>0x3f04</load_address>
         <readonly>true</readonly>
         <executable>true</executable>
         <run_address>0x3f04</run_address>
         <size>0x3c</size>
         <alignment>0x4</alignment>
         <input_file_ref idref="fl-d"/>
      </object_component>
      <object_component id="oc-294">
         <name>.text.uart_cmd_vision_publish_ball_state</name>
         <load_address>0x3f40</load_address>
         <readonly>true</readonly>
         <executable>true</executable>
         <run_address>0x3f40</run_address>
         <size>0x3c</size>
         <alignment>0x4</alignment>
         <input_file_ref idref="fl-12"/>
      </object_component>
      <object_component id="oc-f1">
         <name>.text:__TI_auto_init_nobinit_nopinit</name>
         <load_address>0x3f7c</load_address>
         <readonly>true</readonly>
         <executable>true</executable>
         <run_address>0x3f7c</run_address>
         <size>0x3c</size>
         <alignment>0x4</alignment>
         <input_file_ref idref="fl-3e"/>
      </object_component>
      <object_component id="oc-26c">
         <name>.text.__eqsf2</name>
         <load_address>0x3fb8</load_address>
         <readonly>true</readonly>
         <executable>true</executable>
         <run_address>0x3fb8</run_address>
         <size>0x3a</size>
         <alignment>0x4</alignment>
         <input_file_ref idref="fl-e7"/>
      </object_component>
      <object_component id="oc-173">
         <name>.text.__muldsi3</name>
         <load_address>0x3ff4</load_address>
         <readonly>true</readonly>
         <executable>true</executable>
         <run_address>0x3ff4</run_address>
         <size>0x3a</size>
         <alignment>0x4</alignment>
         <input_file_ref idref="fl-fa"/>
      </object_component>
      <object_component id="oc-224">
         <name>.text.__fixsfsi</name>
         <load_address>0x4030</load_address>
         <readonly>true</readonly>
         <executable>true</executable>
         <run_address>0x4030</run_address>
         <size>0x38</size>
         <alignment>0x4</alignment>
         <input_file_ref idref="fl-eb"/>
      </object_component>
      <object_component id="oc-b1">
         <name>.text.encoder_update_left</name>
         <load_address>0x4068</load_address>
         <readonly>true</readonly>
         <executable>true</executable>
         <run_address>0x4068</run_address>
         <size>0x38</size>
         <alignment>0x4</alignment>
         <input_file_ref idref="fl-6"/>
      </object_component>
      <object_component id="oc-b2">
         <name>.text.encoder_update_right</name>
         <load_address>0x40a0</load_address>
         <readonly>true</readonly>
         <executable>true</executable>
         <run_address>0x40a0</run_address>
         <size>0x38</size>
         <alignment>0x4</alignment>
         <input_file_ref idref="fl-6"/>
      </object_component>
      <object_component id="oc-27e">
         <name>.text.stepper_limit_frequency</name>
         <load_address>0x40d8</load_address>
         <readonly>true</readonly>
         <executable>true</executable>
         <run_address>0x40d8</run_address>
         <size>0x38</size>
         <alignment>0x4</alignment>
         <input_file_ref idref="fl-d"/>
      </object_component>
      <object_component id="oc-2d7">
         <name>.text.uart_cmd_is_digit</name>
         <load_address>0x4110</load_address>
         <readonly>true</readonly>
         <executable>true</executable>
         <run_address>0x4110</run_address>
         <size>0x38</size>
         <alignment>0x2</alignment>
         <input_file_ref idref="fl-12"/>
      </object_component>
      <object_component id="oc-204">
         <name>.text.uart_cmd_vision_check_timeout</name>
         <load_address>0x4148</load_address>
         <readonly>true</readonly>
         <executable>true</executable>
         <run_address>0x4148</run_address>
         <size>0x38</size>
         <alignment>0x4</alignment>
         <input_file_ref idref="fl-12"/>
      </object_component>
      <object_component id="oc-209">
         <name>.text.encoder_pwm_angle_relative_is_safe</name>
         <load_address>0x4180</load_address>
         <readonly>true</readonly>
         <executable>true</executable>
         <run_address>0x4180</run_address>
         <size>0x36</size>
         <alignment>0x2</alignment>
         <input_file_ref idref="fl-7"/>
      </object_component>
      <object_component id="oc-131">
         <name>.text.SYSCFG_DL_BEAM_ENCODER_PWM_init</name>
         <load_address>0x41b8</load_address>
         <readonly>true</readonly>
         <executable>true</executable>
         <run_address>0x41b8</run_address>
         <size>0x34</size>
         <alignment>0x4</alignment>
         <input_file_ref idref="fl-2"/>
      </object_component>
      <object_component id="oc-1d8">
         <name>.text.__NVIC_DisableIRQ</name>
         <load_address>0x41ec</load_address>
         <readonly>true</readonly>
         <executable>true</executable>
         <run_address>0x41ec</run_address>
         <size>0x34</size>
         <alignment>0x4</alignment>
         <input_file_ref idref="fl-f"/>
      </object_component>
      <object_component id="oc-20c">
         <name>.text.stepper_request_stop_locked</name>
         <load_address>0x4220</load_address>
         <readonly>true</readonly>
         <executable>true</executable>
         <run_address>0x4220</run_address>
         <size>0x34</size>
         <alignment>0x4</alignment>
         <input_file_ref idref="fl-d"/>
      </object_component>
      <object_component id="oc-2c1">
         <name>.text.uart_cmd_to_upper</name>
         <load_address>0x4254</load_address>
         <readonly>true</readonly>
         <executable>true</executable>
         <run_address>0x4254</run_address>
         <size>0x34</size>
         <alignment>0x2</alignment>
         <input_file_ref idref="fl-12"/>
      </object_component>
      <object_component id="oc-27a">
         <name>.text.__fixunssfsi</name>
         <load_address>0x4288</load_address>
         <readonly>true</readonly>
         <executable>true</executable>
         <run_address>0x4288</run_address>
         <size>0x32</size>
         <alignment>0x4</alignment>
         <input_file_ref idref="fl-ec"/>
      </object_component>
      <object_component id="oc-2c4">
         <name>.text.uart_cmd_send_int32</name>
         <load_address>0x42bc</load_address>
         <readonly>true</readonly>
         <executable>true</executable>
         <run_address>0x42bc</run_address>
         <size>0x30</size>
         <alignment>0x4</alignment>
         <input_file_ref idref="fl-12"/>
      </object_component>
      <object_component id="oc-2da">
         <name>.text.uart_cmd_abs_i16</name>
         <load_address>0x42ec</load_address>
         <readonly>true</readonly>
         <executable>true</executable>
         <run_address>0x42ec</run_address>
         <size>0x2e</size>
         <alignment>0x2</alignment>
         <input_file_ref idref="fl-12"/>
      </object_component>
      <object_component id="oc-1de">
         <name>.text.__NVIC_ClearPendingIRQ</name>
         <load_address>0x431c</load_address>
         <readonly>true</readonly>
         <executable>true</executable>
         <run_address>0x431c</run_address>
         <size>0x2c</size>
         <alignment>0x4</alignment>
         <input_file_ref idref="fl-7"/>
      </object_component>
      <object_component id="oc-1c9">
         <name>.text.__NVIC_ClearPendingIRQ</name>
         <load_address>0x4348</load_address>
         <readonly>true</readonly>
         <executable>true</executable>
         <run_address>0x4348</run_address>
         <size>0x2c</size>
         <alignment>0x4</alignment>
         <input_file_ref idref="fl-d"/>
      </object_component>
      <object_component id="oc-1d7">
         <name>.text.__NVIC_ClearPendingIRQ</name>
         <load_address>0x4374</load_address>
         <readonly>true</readonly>
         <executable>true</executable>
         <run_address>0x4374</run_address>
         <size>0x2c</size>
         <alignment>0x4</alignment>
         <input_file_ref idref="fl-f"/>
      </object_component>
      <object_component id="oc-1e5">
         <name>.text.__NVIC_ClearPendingIRQ</name>
         <load_address>0x43a0</load_address>
         <readonly>true</readonly>
         <executable>true</executable>
         <run_address>0x43a0</run_address>
         <size>0x2c</size>
         <alignment>0x4</alignment>
         <input_file_ref idref="fl-12"/>
      </object_component>
      <object_component id="oc-1df">
         <name>.text.__NVIC_EnableIRQ</name>
         <load_address>0x43cc</load_address>
         <readonly>true</readonly>
         <executable>true</executable>
         <run_address>0x43cc</run_address>
         <size>0x2c</size>
         <alignment>0x4</alignment>
         <input_file_ref idref="fl-7"/>
      </object_component>
      <object_component id="oc-1ca">
         <name>.text.__NVIC_EnableIRQ</name>
         <load_address>0x43f8</load_address>
         <readonly>true</readonly>
         <executable>true</executable>
         <run_address>0x43f8</run_address>
         <size>0x2c</size>
         <alignment>0x4</alignment>
         <input_file_ref idref="fl-d"/>
      </object_component>
      <object_component id="oc-1e6">
         <name>.text.__NVIC_EnableIRQ</name>
         <load_address>0x4424</load_address>
         <readonly>true</readonly>
         <executable>true</executable>
         <run_address>0x4424</run_address>
         <size>0x2c</size>
         <alignment>0x4</alignment>
         <input_file_ref idref="fl-12"/>
      </object_component>
      <object_component id="oc-218">
         <name>.text.stepper_abs</name>
         <load_address>0x4450</load_address>
         <readonly>true</readonly>
         <executable>true</executable>
         <run_address>0x4450</run_address>
         <size>0x2c</size>
         <alignment>0x2</alignment>
         <input_file_ref idref="fl-d"/>
      </object_component>
      <object_component id="oc-1e2">
         <name>.text.uart_cmd_vision_reset_receiver</name>
         <load_address>0x447c</load_address>
         <readonly>true</readonly>
         <executable>true</executable>
         <run_address>0x447c</run_address>
         <size>0x2c</size>
         <alignment>0x4</alignment>
         <input_file_ref idref="fl-12"/>
      </object_component>
      <object_component id="oc-249">
         <name>.text.DL_Common_updateReg</name>
         <load_address>0x44a8</load_address>
         <readonly>true</readonly>
         <executable>true</executable>
         <run_address>0x44a8</run_address>
         <size>0x28</size>
         <alignment>0x2</alignment>
         <input_file_ref idref="fl-2"/>
      </object_component>
      <object_component id="oc-145">
         <name>.text.__floatunsisf</name>
         <load_address>0x44d0</load_address>
         <readonly>true</readonly>
         <executable>true</executable>
         <run_address>0x44d0</run_address>
         <size>0x28</size>
         <alignment>0x4</alignment>
         <input_file_ref idref="fl-ef"/>
      </object_component>
      <object_component id="oc-74">
         <name>.text.delay_tick</name>
         <load_address>0x44f8</load_address>
         <readonly>true</readonly>
         <executable>true</executable>
         <run_address>0x44f8</run_address>
         <size>0x28</size>
         <alignment>0x4</alignment>
         <input_file_ref idref="fl-5"/>
      </object_component>
      <object_component id="oc-123">
         <name>.text.stepper_force_step_low</name>
         <load_address>0x4520</load_address>
         <readonly>true</readonly>
         <executable>true</executable>
         <run_address>0x4520</run_address>
         <size>0x28</size>
         <alignment>0x4</alignment>
         <input_file_ref idref="fl-d"/>
      </object_component>
      <object_component id="oc-6d">
         <name>.text:_c_int00_noargs</name>
         <load_address>0x4548</load_address>
         <readonly>true</readonly>
         <executable>true</executable>
         <run_address>0x4548</run_address>
         <size>0x28</size>
         <alignment>0x4</alignment>
         <input_file_ref idref="fl-3c"/>
      </object_component>
      <object_component id="oc-255">
         <name>.text.__floatunsidf</name>
         <load_address>0x4570</load_address>
         <readonly>true</readonly>
         <executable>true</executable>
         <run_address>0x4570</run_address>
         <size>0x24</size>
         <alignment>0x4</alignment>
         <input_file_ref idref="fl-ee"/>
      </object_component>
      <object_component id="oc-113">
         <name>.text.__muldi3</name>
         <load_address>0x4594</load_address>
         <readonly>true</readonly>
         <executable>true</executable>
         <run_address>0x4594</run_address>
         <size>0x24</size>
         <alignment>0x4</alignment>
         <input_file_ref idref="fl-f0"/>
      </object_component>
      <object_component id="oc-79">
         <name>.text.encoder_tick_1ms</name>
         <load_address>0x45b8</load_address>
         <readonly>true</readonly>
         <executable>true</executable>
         <run_address>0x45b8</run_address>
         <size>0x24</size>
         <alignment>0x4</alignment>
         <input_file_ref idref="fl-6"/>
      </object_component>
      <object_component id="oc-20f">
         <name>.text.stepper_set_beam_target_deg</name>
         <load_address>0x45dc</load_address>
         <readonly>true</readonly>
         <executable>true</executable>
         <run_address>0x45dc</run_address>
         <size>0x24</size>
         <alignment>0x4</alignment>
         <input_file_ref idref="fl-d"/>
      </object_component>
      <object_component id="oc-13b">
         <name>.text.task3_uart1_monitor_init</name>
         <load_address>0x4600</load_address>
         <readonly>true</readonly>
         <executable>true</executable>
         <run_address>0x4600</run_address>
         <size>0x24</size>
         <alignment>0x4</alignment>
         <input_file_ref idref="fl-f"/>
      </object_component>
      <object_component id="oc-2bf">
         <name>.text.uart_cmd_skip_separators</name>
         <load_address>0x4624</load_address>
         <readonly>true</readonly>
         <executable>true</executable>
         <run_address>0x4624</run_address>
         <size>0x24</size>
         <alignment>0x2</alignment>
         <input_file_ref idref="fl-12"/>
      </object_component>
      <object_component id="oc-293">
         <name>.text.uart_cmd_vision_increment</name>
         <load_address>0x4648</load_address>
         <readonly>true</readonly>
         <executable>true</executable>
         <run_address>0x4648</run_address>
         <size>0x24</size>
         <alignment>0x4</alignment>
         <input_file_ref idref="fl-12"/>
      </object_component>
      <object_component id="oc-270">
         <name>.text.uart_cmd_vision_record_bad</name>
         <load_address>0x466c</load_address>
         <readonly>true</readonly>
         <executable>true</executable>
         <run_address>0x466c</run_address>
         <size>0x24</size>
         <alignment>0x4</alignment>
         <input_file_ref idref="fl-12"/>
      </object_component>
      <object_component id="oc-201">
         <name>.text.uart_cmd_mirror_uart1_flush</name>
         <load_address>0x4690</load_address>
         <readonly>true</readonly>
         <executable>true</executable>
         <run_address>0x4690</run_address>
         <size>0x22</size>
         <alignment>0x2</alignment>
         <input_file_ref idref="fl-12"/>
      </object_component>
      <object_component id="oc-18d">
         <name>.text.DL_GPIO_initPeripheralInputFunction</name>
         <load_address>0x46b4</load_address>
         <readonly>true</readonly>
         <executable>true</executable>
         <run_address>0x46b4</run_address>
         <size>0x20</size>
         <alignment>0x4</alignment>
         <input_file_ref idref="fl-2"/>
      </object_component>
      <object_component id="oc-196">
         <name>.text.DL_SYSCTL_setFlashWaitState</name>
         <load_address>0x46d4</load_address>
         <readonly>true</readonly>
         <executable>true</executable>
         <run_address>0x46d4</run_address>
         <size>0x20</size>
         <alignment>0x4</alignment>
         <input_file_ref idref="fl-2"/>
      </object_component>
      <object_component id="oc-10a">
         <name>.text.encoder_left_b_is_high</name>
         <load_address>0x46f4</load_address>
         <readonly>true</readonly>
         <executable>true</executable>
         <run_address>0x46f4</run_address>
         <size>0x20</size>
         <alignment>0x4</alignment>
         <input_file_ref idref="fl-6"/>
      </object_component>
      <object_component id="oc-10b">
         <name>.text.encoder_right_b_is_high</name>
         <load_address>0x4714</load_address>
         <readonly>true</readonly>
         <executable>true</executable>
         <run_address>0x4714</run_address>
         <size>0x20</size>
         <alignment>0x4</alignment>
         <input_file_ref idref="fl-6"/>
      </object_component>
      <object_component id="oc-29d">
         <name>.text.stepper_clear_emergency_inhibit</name>
         <load_address>0x4734</load_address>
         <readonly>true</readonly>
         <executable>true</executable>
         <run_address>0x4734</run_address>
         <size>0x20</size>
         <alignment>0x4</alignment>
         <input_file_ref idref="fl-d"/>
      </object_component>
      <object_component id="oc-2cb">
         <name>.text.stepper_get_position_steps</name>
         <load_address>0x4754</load_address>
         <readonly>true</readonly>
         <executable>true</executable>
         <run_address>0x4754</run_address>
         <size>0x20</size>
         <alignment>0x4</alignment>
         <input_file_ref idref="fl-d"/>
      </object_component>
      <object_component id="oc-2a0">
         <name>.text.uart_cmd_abs_to_u32</name>
         <load_address>0x4774</load_address>
         <readonly>true</readonly>
         <executable>true</executable>
         <run_address>0x4774</run_address>
         <size>0x20</size>
         <alignment>0x2</alignment>
         <input_file_ref idref="fl-12"/>
      </object_component>
      <object_component id="oc-1bc">
         <name>.text.DL_UART_setOversampling</name>
         <load_address>0x4794</load_address>
         <readonly>true</readonly>
         <executable>true</executable>
         <run_address>0x4794</run_address>
         <size>0x1e</size>
         <alignment>0x2</alignment>
         <input_file_ref idref="fl-2"/>
      </object_component>
      <object_component id="oc-241">
         <name>.text.__ashldi3</name>
         <load_address>0x47b4</load_address>
         <readonly>true</readonly>
         <executable>true</executable>
         <run_address>0x47b4</run_address>
         <size>0x1e</size>
         <alignment>0x4</alignment>
         <input_file_ref idref="fl-fb"/>
      </object_component>
      <object_component id="oc-b0">
         <name>.text.DL_GPIO_clearInterruptStatus</name>
         <load_address>0x47d4</load_address>
         <readonly>true</readonly>
         <executable>true</executable>
         <run_address>0x47d4</run_address>
         <size>0x1c</size>
         <alignment>0x4</alignment>
         <input_file_ref idref="fl-6"/>
      </object_component>
      <object_component id="oc-193">
         <name>.text.DL_GPIO_clearInterruptStatus</name>
         <load_address>0x47f0</load_address>
         <readonly>true</readonly>
         <executable>true</executable>
         <run_address>0x47f0</run_address>
         <size>0x1c</size>
         <alignment>0x4</alignment>
         <input_file_ref idref="fl-2"/>
      </object_component>
      <object_component id="oc-194">
         <name>.text.DL_GPIO_enableInterrupt</name>
         <load_address>0x480c</load_address>
         <readonly>true</readonly>
         <executable>true</executable>
         <run_address>0x480c</run_address>
         <size>0x1c</size>
         <alignment>0x4</alignment>
         <input_file_ref idref="fl-2"/>
      </object_component>
      <object_component id="oc-2d9">
         <name>.text.DL_GPIO_initPeripheralOutputFunction</name>
         <load_address>0x4828</load_address>
         <readonly>true</readonly>
         <executable>true</executable>
         <run_address>0x4828</run_address>
         <size>0x1c</size>
         <alignment>0x4</alignment>
         <input_file_ref idref="fl-d"/>
      </object_component>
      <object_component id="oc-18b">
         <name>.text.DL_GPIO_initPeripheralOutputFunction</name>
         <load_address>0x4844</load_address>
         <readonly>true</readonly>
         <executable>true</executable>
         <run_address>0x4844</run_address>
         <size>0x1c</size>
         <alignment>0x4</alignment>
         <input_file_ref idref="fl-2"/>
      </object_component>
      <object_component id="oc-24d">
         <name>.text.DL_SYSCTL_configFCC</name>
         <load_address>0x4860</load_address>
         <readonly>true</readonly>
         <executable>true</executable>
         <run_address>0x4860</run_address>
         <size>0x1c</size>
         <alignment>0x4</alignment>
         <input_file_ref idref="fl-25"/>
      </object_component>
      <object_component id="oc-24c">
         <name>.text.DL_SYSCTL_setFCCPeriods</name>
         <load_address>0x487c</load_address>
         <readonly>true</readonly>
         <executable>true</executable>
         <run_address>0x487c</run_address>
         <size>0x1c</size>
         <alignment>0x4</alignment>
         <input_file_ref idref="fl-2"/>
      </object_component>
      <object_component id="oc-197">
         <name>.text.DL_SYSCTL_setSYSOSCFreq</name>
         <load_address>0x4898</load_address>
         <readonly>true</readonly>
         <executable>true</executable>
         <run_address>0x4898</run_address>
         <size>0x1c</size>
         <alignment>0x4</alignment>
         <input_file_ref idref="fl-2"/>
      </object_component>
      <object_component id="oc-1a3">
         <name>.text.DL_SYSCTL_setULPCLKDivider</name>
         <load_address>0x48b4</load_address>
         <readonly>true</readonly>
         <executable>true</executable>
         <run_address>0x48b4</run_address>
         <size>0x1c</size>
         <alignment>0x4</alignment>
         <input_file_ref idref="fl-2"/>
      </object_component>
      <object_component id="oc-11f">
         <name>.text.DL_Timer_disableInterrupt</name>
         <load_address>0x48d0</load_address>
         <readonly>true</readonly>
         <executable>true</executable>
         <run_address>0x48d0</run_address>
         <size>0x1c</size>
         <alignment>0x4</alignment>
         <input_file_ref idref="fl-d"/>
      </object_component>
      <object_component id="oc-2b9">
         <name>.text.DL_Timer_enableInterrupt</name>
         <load_address>0x48ec</load_address>
         <readonly>true</readonly>
         <executable>true</executable>
         <run_address>0x48ec</run_address>
         <size>0x1c</size>
         <alignment>0x4</alignment>
         <input_file_ref idref="fl-d"/>
      </object_component>
      <object_component id="oc-1b2">
         <name>.text.DL_Timer_enableInterrupt</name>
         <load_address>0x4908</load_address>
         <readonly>true</readonly>
         <executable>true</executable>
         <run_address>0x4908</run_address>
         <size>0x1c</size>
         <alignment>0x4</alignment>
         <input_file_ref idref="fl-2"/>
      </object_component>
      <object_component id="oc-1aa">
         <name>.text.DL_Timer_setCaptCompUpdateMethod</name>
         <load_address>0x4924</load_address>
         <readonly>true</readonly>
         <executable>true</executable>
         <run_address>0x4924</run_address>
         <size>0x1c</size>
         <alignment>0x4</alignment>
         <input_file_ref idref="fl-23"/>
      </object_component>
      <object_component id="oc-1a6">
         <name>.text.DL_Timer_setClockConfig</name>
         <load_address>0x4940</load_address>
         <readonly>true</readonly>
         <executable>true</executable>
         <run_address>0x4940</run_address>
         <size>0x1c</size>
         <alignment>0x4</alignment>
         <input_file_ref idref="fl-23"/>
      </object_component>
      <object_component id="oc-1dc">
         <name>.text.DL_Timer_setCoreHaltBehavior</name>
         <load_address>0x495c</load_address>
         <readonly>true</readonly>
         <executable>true</executable>
         <run_address>0x495c</run_address>
         <size>0x1c</size>
         <alignment>0x4</alignment>
         <input_file_ref idref="fl-7"/>
[...]
         <value>0x5039</value>
         <object_component_ref idref="oc-21c"/>
      </symbol>
      <symbol id="sm-327">
         <name>stepper_is_limit_active</name>
         <value>0x5029</value>
         <object_component_ref idref="oc-2ca"/>
      </symbol>
      <symbol id="sm-328">
         <name>stepper_get_current_speed_hz</name>
         <value>0x50ed</value>
         <object_component_ref idref="oc-228"/>
      </symbol>
      <symbol id="sm-329">
         <name>stepper_set_beam_target_deg</name>
         <value>0x45dd</value>
         <object_component_ref idref="oc-20f"/>
      </symbol>
      <symbol id="sm-32a">
         <name>stepper_get_beam_target_deg</name>
         <value>0x50e1</value>
         <object_component_ref idref="oc-222"/>
      </symbol>
      <symbol id="sm-32b">
         <name>stepper_reset_beam_pid</name>
         <value>0x4ee5</value>
         <object_component_ref idref="oc-143"/>
      </symbol>
      <symbol id="sm-32c">
         <name>stepper_set_beam_pid_target_mm</name>
         <value>0x3509</value>
         <object_component_ref idref="oc-13e"/>
      </symbol>
      <symbol id="sm-32d">
         <name>stepper_get_beam_pid_target_mm</name>
         <value>0x50d5</value>
         <object_component_ref idref="oc-220"/>
      </symbol>
      <symbol id="sm-32e">
         <name>stepper_update_beam_pid</name>
         <value>0x815</value>
         <object_component_ref idref="oc-156"/>
      </symbol>
      <symbol id="sm-32f">
         <name>stepper_update_beam_encoder_position_loop</name>
         <value>0x166d</value>
         <object_component_ref idref="oc-157"/>
      </symbol>
      <symbol id="sm-330">
         <name>stepper_start</name>
         <value>0x3911</value>
         <object_component_ref idref="oc-2a1"/>
      </symbol>
      <symbol id="sm-331">
         <name>stepper_start_dir</name>
         <value>0x213d</value>
         <object_component_ref idref="oc-2a2"/>
      </symbol>
      <symbol id="sm-332">
         <name>stepper_start_continuous</name>
         <value>0x22b5</value>
         <object_component_ref idref="oc-2a3"/>
      </symbol>
      <symbol id="sm-333">
         <name>stepper_stop</name>
         <value>0x3f05</value>
         <object_component_ref idref="oc-14d"/>
      </symbol>
      <symbol id="sm-334">
         <name>stepper_is_busy</name>
         <value>0x4ff9</value>
         <object_component_ref idref="oc-2c5"/>
      </symbol>
      <symbol id="sm-335">
         <name>stepper_get_direction</name>
         <value>0x4fe9</value>
         <object_component_ref idref="oc-2c6"/>
      </symbol>
      <symbol id="sm-336">
         <name>stepper_get_frequency_hz</name>
         <value>0x50f9</value>
         <object_component_ref idref="oc-2c7"/>
      </symbol>
      <symbol id="sm-337">
         <name>stepper_get_remaining_steps</name>
         <value>0x5105</value>
         <object_component_ref idref="oc-2c9"/>
      </symbol>
      <symbol id="sm-338">
         <name>stepper_timer_irq_handler</name>
         <value>0x2931</value>
         <object_component_ref idref="oc-8e"/>
      </symbol>
      <symbol id="sm-339">
         <name>TIMA1_IRQHandler</name>
         <value>0x5137</value>
         <object_component_ref idref="oc-4d"/>
      </symbol>
      <symbol id="sm-371">
         <name>task3_run</name>
         <value>0x5c1</value>
         <object_component_ref idref="oc-e5"/>
      </symbol>
      <symbol id="sm-4a0">
         <name>uart_cmd_init</name>
         <value>0xeb1</value>
         <object_component_ref idref="oc-13d"/>
      </symbol>
      <symbol id="sm-4a1">
         <name>uart_cmd_process</name>
         <value>0x2369</value>
         <object_component_ref idref="oc-140"/>
      </symbol>
      <symbol id="sm-4a2">
         <name>uart_cmd_get_vision_sample</name>
         <value>0x1341</value>
         <object_component_ref idref="oc-144"/>
      </symbol>
      <symbol id="sm-4a3">
         <name>uart_cmd_irq_handler</name>
         <value>0x2d99</value>
         <object_component_ref idref="oc-88"/>
      </symbol>
      <symbol id="sm-4a4">
         <name>UART0_IRQHandler</name>
         <value>0x49cd</value>
         <object_component_ref idref="oc-43"/>
      </symbol>
      <symbol id="sm-4a7">
         <name>__TI_ATRegion0_src_addr</name>
         <value>0x0</value>
      </symbol>
      <symbol id="sm-4a8">
         <name>__TI_ATRegion0_trg_addr</name>
         <value>0x0</value>
      </symbol>
      <symbol id="sm-4a9">
         <name>__TI_ATRegion0_region_sz</name>
         <value>0x0</value>
      </symbol>
      <symbol id="sm-4aa">
         <name>__TI_ATRegion1_src_addr</name>
         <value>0x0</value>
      </symbol>
      <symbol id="sm-4ab">
         <name>__TI_ATRegion1_trg_addr</name>
         <value>0x0</value>
      </symbol>
      <symbol id="sm-4ac">
         <name>__TI_ATRegion1_region_sz</name>
         <value>0x0</value>
      </symbol>
      <symbol id="sm-4ad">
         <name>__TI_ATRegion2_src_addr</name>
         <value>0x0</value>
      </symbol>
      <symbol id="sm-4ae">
         <name>__TI_ATRegion2_trg_addr</name>
         <value>0x0</value>
      </symbol>
      <symbol id="sm-4af">
         <name>__TI_ATRegion2_region_sz</name>
         <value>0x0</value>
      </symbol>
      <symbol id="sm-4b8">
         <name>DL_Common_delayCycles</name>
         <value>0x511d</value>
         <object_component_ref idref="oc-187"/>
      </symbol>
      <symbol id="sm-4d7">
         <name>DL_Timer_setClockConfig</name>
         <value>0x4941</value>
         <object_component_ref idref="oc-1a6"/>
      </symbol>
      <symbol id="sm-4d8">
         <name>DL_Timer_setCaptureCompareValue</name>
         <value>0x4fc9</value>
         <object_component_ref idref="oc-122"/>
      </symbol>
      <symbol id="sm-4d9">
         <name>DL_Timer_initCaptureCombinedMode</name>
         <value>0x1b59</value>
         <object_component_ref idref="oc-1b1"/>
      </symbol>
      <symbol id="sm-4da">
         <name>DL_Timer_getCaptureCompareValue</name>
         <value>0x4fb9</value>
         <object_component_ref idref="oc-bb"/>
      </symbol>
      <symbol id="sm-4db">
         <name>DL_Timer_setCaptCompUpdateMethod</name>
         <value>0x4925</value>
         <object_component_ref idref="oc-1aa"/>
      </symbol>
      <symbol id="sm-4dc">
         <name>DL_Timer_setCaptureCompareOutCtl</name>
         <value>0x4b89</value>
         <object_component_ref idref="oc-1a9"/>
      </symbol>
      <symbol id="sm-4dd">
         <name>DL_Timer_initFourCCPWMMode</name>
         <value>0x1775</value>
         <object_component_ref idref="oc-1a7"/>
      </symbol>
      <symbol id="sm-4ea">
         <name>DL_UART_init</name>
         <value>0x3b31</value>
         <object_component_ref idref="oc-1bb"/>
      </symbol>
      <symbol id="sm-4eb">
         <name>DL_UART_setClockConfig</name>
         <value>0x4f41</value>
         <object_component_ref idref="oc-1b5"/>
      </symbol>
      <symbol id="sm-4fc">
         <name>DL_SYSCTL_configSYSPLL</name>
         <value>0x1c39</value>
         <object_component_ref idref="oc-19a"/>
      </symbol>
      <symbol id="sm-4fd">
         <name>DL_SYSCTL_switchMCLKfromSYSOSCtoHSCLK</name>
         <value>0x3c09</value>
         <object_component_ref idref="oc-1a4"/>
      </symbol>
      <symbol id="sm-4fe">
         <name>DL_SYSCTL_configFCC</name>
         <value>0x4861</value>
         <object_component_ref idref="oc-24d"/>
      </symbol>
      <symbol id="sm-509">
         <name>_c_int00_noargs</name>
         <value>0x4549</value>
         <object_component_ref idref="oc-6d"/>
      </symbol>
      <symbol id="sm-50a">
         <name>__stack</name>
         <value>0x20207e00</value>
         <object_component_ref idref="oc-1a"/>
      </symbol>
      <symbol id="sm-519">
         <name>__TI_auto_init_nobinit_nopinit</name>
         <value>0x3f7d</value>
         <object_component_ref idref="oc-f1"/>
      </symbol>
      <symbol id="sm-521">
         <name>_system_pre_init</name>
         <value>0x5175</value>
         <object_component_ref idref="oc-9a"/>
      </symbol>
      <symbol id="sm-52c">
         <name>__TI_zero_init</name>
         <value>0x5079</value>
         <object_component_ref idref="oc-6a"/>
      </symbol>
      <symbol id="sm-535">
         <name>__TI_decompress_none</name>
         <value>0x4f77</value>
         <object_component_ref idref="oc-20"/>
      </symbol>
      <symbol id="sm-540">
         <name>__TI_decompress_lzss</name>
         <value>0x2f1d</value>
         <object_component_ref idref="oc-1c"/>
      </symbol>
      <symbol id="sm-54a">
         <name>abort</name>
         <value>0x5151</value>
         <object_component_ref idref="oc-ea"/>
      </symbol>
      <symbol id="sm-554">
         <name>HOSTexit</name>
         <value>0x515b</value>
         <object_component_ref idref="oc-15c"/>
      </symbol>
      <symbol id="sm-555">
         <name>C$$EXIT</name>
         <value>0x515a</value>
         <object_component_ref idref="oc-15c"/>
      </symbol>
      <symbol id="sm-560">
         <name>__eqsf2</name>
         <value>0x3fb9</value>
         <object_component_ref idref="oc-26c"/>
      </symbol>
      <symbol id="sm-561">
         <name>__lesf2</name>
         <value>0x3fb9</value>
         <object_component_ref idref="oc-26c"/>
      </symbol>
      <symbol id="sm-562">
         <name>__ltsf2</name>
         <value>0x3fb9</value>
         <object_component_ref idref="oc-26c"/>
      </symbol>
      <symbol id="sm-563">
         <name>__nesf2</name>
         <value>0x3fb9</value>
         <object_component_ref idref="oc-26c"/>
      </symbol>
      <symbol id="sm-564">
         <name>__cmpsf2</name>
         <value>0x3fb9</value>
         <object_component_ref idref="oc-26c"/>
      </symbol>
      <symbol id="sm-565">
         <name>__gtsf2</name>
         <value>0x3ec9</value>
         <object_component_ref idref="oc-26d"/>
      </symbol>
      <symbol id="sm-566">
         <name>__gesf2</name>
         <value>0x3ec9</value>
         <object_component_ref idref="oc-26d"/>
      </symbol>
      <symbol id="sm-567">
         <name>__unordsf2</name>
         <value>0x4d79</value>
         <object_component_ref idref="oc-267"/>
      </symbol>
      <symbol id="sm-568">
         <name>__aeabi_fcmpun</name>
         <value>0x4d79</value>
         <object_component_ref idref="oc-267"/>
      </symbol>
      <symbol id="sm-56e">
         <name>__aeabi_fadd</name>
         <value>0x1ed3</value>
         <object_component_ref idref="oc-211"/>
      </symbol>
      <symbol id="sm-56f">
         <name>__addsf3</name>
         <value>0x1ed3</value>
         <object_component_ref idref="oc-211"/>
      </symbol>
      <symbol id="sm-570">
         <name>__aeabi_fsub</name>
         <value>0x1ec9</value>
         <object_component_ref idref="oc-211"/>
      </symbol>
      <symbol id="sm-571">
         <name>__subsf3</name>
         <value>0x1ec9</value>
         <object_component_ref idref="oc-211"/>
      </symbol>
      <symbol id="sm-577">
         <name>__aeabi_fmul</name>
         <value>0x2b75</value>
         <object_component_ref idref="oc-152"/>
      </symbol>
      <symbol id="sm-578">
         <name>__mulsf3</name>
         <value>0x2b75</value>
         <object_component_ref idref="oc-152"/>
      </symbol>
      <symbol id="sm-57e">
         <name>__aeabi_fdiv</name>
         <value>0x2e1d</value>
         <object_component_ref idref="oc-149"/>
      </symbol>
      <symbol id="sm-57f">
         <name>__divsf3</name>
         <value>0x2e1d</value>
         <object_component_ref idref="oc-149"/>
      </symbol>
      <symbol id="sm-585">
         <name>__aeabi_f2iz</name>
         <value>0x4031</value>
         <object_component_ref idref="oc-224"/>
      </symbol>
      <symbol id="sm-586">
         <name>__fixsfsi</name>
         <value>0x4031</value>
         <object_component_ref idref="oc-224"/>
      </symbol>
      <symbol id="sm-58c">
         <name>__aeabi_f2uiz</name>
         <value>0x4289</value>
         <object_component_ref idref="oc-27a"/>
      </symbol>
      <symbol id="sm-58d">
         <name>__fixunssfsi</name>
         <value>0x4289</value>
         <object_component_ref idref="oc-27a"/>
      </symbol>
      <symbol id="sm-593">
         <name>__aeabi_i2f</name>
         <value>0x3e8d</value>
         <object_component_ref idref="oc-14e"/>
      </symbol>
      <symbol id="sm-594">
         <name>__floatsisf</name>
         <value>0x3e8d</value>
         <object_component_ref idref="oc-14e"/>
      </symbol>
      <symbol id="sm-59a">
         <name>__aeabi_ui2d</name>
         <value>0x4571</value>
         <object_component_ref idref="oc-255"/>
      </symbol>
      <symbol id="sm-59b">
         <name>__floatunsidf</name>
         <value>0x4571</value>
         <object_component_ref idref="oc-255"/>
      </symbol>
      <symbol id="sm-5a1">
         <name>__aeabi_ui2f</name>
         <value>0x44d1</value>
         <object_component_ref idref="oc-145"/>
      </symbol>
      <symbol id="sm-5a2">
         <name>__floatunsisf</name>
         <value>0x44d1</value>
         <object_component_ref idref="oc-145"/>
      </symbol>
      <symbol id="sm-5a8">
         <name>__aeabi_lmul</name>
         <value>0x4595</value>
         <object_component_ref idref="oc-113"/>
      </symbol>
      <symbol id="sm-5a9">
         <name>__muldi3</name>
         <value>0x4595</value>
         <object_component_ref idref="oc-113"/>
      </symbol>
      <symbol id="sm-5af">
         <name>__aeabi_dcmpeq</name>
         <value>0x3441</value>
         <object_component_ref idref="oc-259"/>
      </symbol>
      <symbol id="sm-5b0">
         <name>__aeabi_dcmplt</name>
         <value>0x3455</value>
         <object_component_ref idref="oc-259"/>
      </symbol>
      <symbol id="sm-5b1">
         <name>__aeabi_dcmple</name>
         <value>0x3469</value>
         <object_component_ref idref="oc-259"/>
      </symbol>
      <symbol id="sm-5b2">
         <name>__aeabi_dcmpge</name>
         <value>0x347d</value>
         <object_component_ref idref="oc-259"/>
      </symbol>
      <symbol id="sm-5b3">
         <name>__aeabi_dcmpgt</name>
         <value>0x3491</value>
         <object_component_ref idref="oc-259"/>
      </symbol>
      <symbol id="sm-5b9">
         <name>__aeabi_fcmpeq</name>
         <value>0x34a5</value>
         <object_component_ref idref="oc-1fd"/>
      </symbol>
      <symbol id="sm-5ba">
         <name>__aeabi_fcmplt</name>
         <value>0x34b9</value>
         <object_component_ref idref="oc-1fd"/>
      </symbol>
      <symbol id="sm-5bb">
         <name>__aeabi_fcmple</name>
         <value>0x34cd</value>
         <object_component_ref idref="oc-1fd"/>
      </symbol>
      <symbol id="sm-5bc">
         <name>__aeabi_fcmpge</name>
         <value>0x34e1</value>
         <object_component_ref idref="oc-1fd"/>
      </symbol>
      <symbol id="sm-5bd">
         <name>__aeabi_fcmpgt</name>
         <value>0x34f5</value>
         <object_component_ref idref="oc-1fd"/>
      </symbol>
      <symbol id="sm-5c3">
         <name>__aeabi_idiv</name>
         <value>0x371d</value>
         <object_component_ref idref="oc-2dd"/>
      </symbol>
      <symbol id="sm-5c4">
         <name>__aeabi_idivmod</name>
         <value>0x371d</value>
         <object_component_ref idref="oc-2dd"/>
      </symbol>
      <symbol id="sm-5ca">
         <name>__aeabi_ldivmod</name>
         <value>0x4e81</value>
         <object_component_ref idref="oc-16c"/>
      </symbol>
      <symbol id="sm-5d0">
         <name>__aeabi_memcpy</name>
         <value>0x5141</value>
         <object_component_ref idref="oc-5d"/>
      </symbol>
      <symbol id="sm-5d1">
         <name>__aeabi_memcpy4</name>
         <value>0x5141</value>
         <object_component_ref idref="oc-5d"/>
      </symbol>
      <symbol id="sm-5d2">
         <name>__aeabi_memcpy8</name>
         <value>0x5141</value>
         <object_component_ref idref="oc-5d"/>
      </symbol>
      <symbol id="sm-5d9">
         <name>__aeabi_memclr</name>
         <value>0x50bd</value>
         <object_component_ref idref="oc-95"/>
      </symbol>
      <symbol id="sm-5da">
         <name>__aeabi_memclr4</name>
         <value>0x50bd</value>
         <object_component_ref idref="oc-95"/>
      </symbol>
      <symbol id="sm-5db">
         <name>__aeabi_memclr8</name>
         <value>0x50bd</value>
         <object_component_ref idref="oc-95"/>
      </symbol>
      <symbol id="sm-5e1">
         <name>__aeabi_uidiv</name>
         <value>0x3d15</value>
         <object_component_ref idref="oc-251"/>
      </symbol>
      <symbol id="sm-5e2">
         <name>__aeabi_uidivmod</name>
         <value>0x3d15</value>
         <object_component_ref idref="oc-251"/>
      </symbol>
      <symbol id="sm-5e8">
         <name>__aeabi_uldivmod</name>
         <value>0x4e95</value>
         <object_component_ref idref="oc-117"/>
      </symbol>
      <symbol id="sm-5ee">
         <name>__udivmoddi4</name>
         <value>0x26b5</value>
         <object_component_ref idref="oc-178"/>
      </symbol>
      <symbol id="sm-5f4">
         <name>__muldsi3</name>
         <value>0x3ff5</value>
         <object_component_ref idref="oc-173"/>
      </symbol>
      <symbol id="sm-5fa">
         <name>__aeabi_llsl</name>
         <value>0x47b5</value>
         <object_component_ref idref="oc-241"/>
      </symbol>
      <symbol id="sm-5fb">
         <name>__ashldi3</name>
         <value>0x47b5</value>
         <object_component_ref idref="oc-241"/>
      </symbol>
      <symbol id="sm-609">
         <name>__ledf2</name>
         <value>0x32a9</value>
         <object_component_ref idref="oc-28a"/>
      </symbol>
      <symbol id="sm-60a">
         <name>__gedf2</name>
         <value>0x3011</value>
         <object_component_ref idref="oc-290"/>
      </symbol>
      <symbol id="sm-60b">
         <name>__cmpdf2</name>
         <value>0x32a9</value>
         <object_component_ref idref="oc-28a"/>
      </symbol>
      <symbol id="sm-60c">
         <name>__eqdf2</name>
         <value>0x32a9</value>
         <object_component_ref idref="oc-28a"/>
      </symbol>
      <symbol id="sm-60d">
         <name>__ltdf2</name>
         <value>0x32a9</value>
         <object_component_ref idref="oc-28a"/>
      </symbol>
      <symbol id="sm-60e">
         <name>__nedf2</name>
         <value>0x32a9</value>
         <object_component_ref idref="oc-28a"/>
      </symbol>
      <symbol id="sm-60f">
         <name>__gtdf2</name>
         <value>0x3011</value>
         <object_component_ref idref="oc-290"/>
      </symbol>
      <symbol id="sm-618">
         <name>__divmoddi4</name>
         <value>0x3d95</value>
         <object_component_ref idref="oc-235"/>
      </symbol>
      <symbol id="sm-624">
         <name>__aeabi_idiv0</name>
         <value>0x1def</value>
         <object_component_ref idref="oc-287"/>
      </symbol>
      <symbol id="sm-625">
         <name>__aeabi_ldiv0</name>
         <value>0x256b</value>
         <object_component_ref idref="oc-23b"/>
      </symbol>
      <symbol id="sm-62e">
         <name>TI_memcpy_small</name>
         <value>0x4f65</value>
         <object_component_ref idref="oc-d6"/>
      </symbol>
      <symbol id="sm-637">
         <name>TI_memset_small</name>
         <value>0x5089</value>
         <object_component_ref idref="oc-126"/>
      </symbol>
      <symbol id="sm-638">
         <name>__TI_static_base__</name>
         <value>0x0</value>
      </symbol>
      <symbol id="sm-63c">
         <name>__mpu_init</name>
         <value>0x0</value>
      </symbol>
      <symbol id="sm-63d">
         <name>_system_post_cinit</name>
         <value>0x0</value>
      </symbol>
   </symbol_table>
   <title>Link successful</title>
</link_info>
