******************************************************************************
            TI ARM Clang Linker PC v4.0.4                      
******************************************************************************
>> Linked Mon Jul 27 10:32:08 2026

OUTPUT FILE NAME:   <C07A.out>
ENTRY POINT SYMBOL: "_c_int00_noargs"  address: 00001729


MEMORY CONFIGURATION

         name            origin    length      used     unused   attr    fill
----------------------  --------  ---------  --------  --------  ----  --------
  FLASH                 00000000   00020000  00002170  0001de90  R  X
  SRAM                  20200000   00008000  00000386  00007c7a  RW X
  BCR_CONFIG            41c00000   000000ff  00000000  000000ff  R   
  BSL_CONFIG            41c00100   00000080  00000000  00000080  R   


SEGMENT ALLOCATION MAP

run origin  load origin   length   init length attrs members
----------  ----------- ---------- ----------- ----- -------
00000000    00000000    00002170   00002170    r-x
  00000000    00000000    000000c0   000000c0    r-- .intvecs
  000000c0    000000c0    00001e20   00001e20    r-x .text
  00001ee0    00001ee0    00000260   00000260    r-- .rodata
  00002140    00002140    00000030   00000030    r-- .cinit
20200000    20200000    00000186   00000000    rw-
  20200000    20200000    00000170   00000000    rw- .bss
  20200170    20200170    00000016   00000000    rw- .data
20207e00    20207e00    00000200   00000000    rw-
  20207e00    20207e00    00000200   00000000    rw- .stack


SECTION ALLOCATION MAP

 output                                  attributes/
section   page    origin      length       input sections
--------  ----  ----------  ----------   ----------------
.intvecs   0    00000000    000000c0     
                  00000000    000000c0     startup_mspm0g350x_ticlang.o (.intvecs)

.text      0    000000c0    00001e20     
                  000000c0    00000194     ti_msp_dl_config.o (.text.SYSCFG_DL_GPIO_init)
                  00000254    00000104     driverlib.a : dl_timer.o (.text.DL_Timer_initFourCCPWMMode)
                  00000358    00000100     motor.o (.text.motor_set_pwm)
                  00000458    000000ec     ti_msp_dl_config.o (.text.SYSCFG_DL_SYSCTL_SYSPLL_init)
                  00000544    000000dc     driverlib.a : dl_sysctl_mspm0g1x0x_g3x0x.o (.text.DL_SYSCTL_configSYSPLL)
                  00000620    000000ce     oled.o (.text.oled_init)
                  000006ee    00000002     libclang_rt.builtins.a : aeabi_div0.c.obj (.text.__aeabi_idiv0)
                  000006f0    000000b4     uart_cmd.o (.text.uart_cmd_irq_handler)
                  000007a4    000000a6     oled.o (.text.oled_print_int)
                  0000084a    00000002     --HOLE-- [fill = 0]
                  0000084c    00000090     ti_msp_dl_config.o (.text.SYSCFG_DL_PWM_init)
                  000008dc    0000008c     oled.o (.text.oled_print_char)
                  00000968    00000084     ti_msp_dl_config.o (.text.__NVIC_SetPriority)
                  000009ec    00000084     empty.o (.text.main)
                  00000a70    0000007c     ti_msp_dl_config.o (.text.SYSCFG_DL_initPower)
                  00000aec    0000007c     gray_serial.o (.text.gray_serial_read)
                  00000b68    0000007c     libc.a : copy_decompress_lzss.c.obj (.text:decompress:lzss)
                  00000be4    00000078     encoder.o (.text.encoder_gpio_irq_handler)
                  00000c5c    00000074     libclang_rt.builtins.a : comparedf2.c.obj (.text.__gedf2)
                  00000cd0    0000006c     bluetooth.o (.text.UART1_IRQHandler)
                  00000d3c    0000006c     oled.o (.text.oled_set_cursor)
                  00000da8    0000006a     empty.o (.text.oled_print_gray_four)
                  00000e12    00000002     --HOLE-- [fill = 0]
                  00000e14    00000068     ti_msp_dl_config.o (.text.SYSCFG_DL_SYSCTL_init)
                  00000e7c    00000068     libclang_rt.builtins.a : comparedf2.c.obj (.text.__ledf2)
                  00000ee4    00000062                            : aeabi_dcmp.S.obj (.text.__aeabi_dcmp)
                  00000f46    00000002     --HOLE-- [fill = 0]
                  00000f48    0000005c     empty.o (.text.gray_oled_display)
                  00000fa4    00000058     ti_msp_dl_config.o (.text.SYSCFG_DL_I2C_ICM42688_init)
                  00000ffc    00000054     ti_msp_dl_config.o (.text.SYSCFG_DL_UART_1_init)
                  00001050    00000050     ti_msp_dl_config.o (.text.DL_GPIO_initPeripheralInputFunctionFeatures)
                  000010a0    00000050     ti_msp_dl_config.o (.text.SysTick_Config)
                  000010f0    00000050     oled.o (.text.oled_write_byte)
                  00001140    0000004c     ti_msp_dl_config.o (.text.DL_GPIO_initDigitalInputFeatures)
                  0000118c    0000004c     ti_msp_dl_config.o (.text.DL_UART_setBaudRateDivisor)
                  000011d8    00000048     driverlib.a : dl_uart.o (.text.DL_UART_init)
                  00001220    00000048     oled.o (.text.oled_clear_line)
                  00001268    00000044     driverlib.a : dl_sysctl_mspm0g1x0x_g3x0x.o (.text.DL_SYSCTL_switchMCLKfromSYSOSCtoHSCLK)
                  000012ac    00000040     ti_msp_dl_config.o (.text.SYSCFG_DL_UART0_init)
                  000012ec    00000040     libclang_rt.builtins.a : aeabi_uidivmod.S.obj (.text.__aeabi_uidivmod)
                  0000132c    00000040     empty.o (.text.gray_channel_left_to_right)
                  0000136c    00000040     motor.o (.text.motor_limit_pwm)
                  000013ac    00000040     oled.o (.text.oled_reverse_bits)
                  000013ec    0000003e     oled.o (.text.oled_print_string)
                  0000142a    00000002     --HOLE-- [fill = 0]
                  0000142c    0000003c     ti_msp_dl_config.o (.text.DL_Timer_setCounterControl)
                  00001468    0000003c     oled.o (.text.oled_print_hex_u8)
                  000014a4    0000003c     libc.a : autoinit.c.obj (.text:__TI_auto_init_nobinit_nopinit)
                  000014e0    00000038     encoder.o (.text.encoder_update_left)
                  00001518    00000038     encoder.o (.text.encoder_update_right)
                  00001550    00000036     oled.o (.text.oled_clear)
                  00001586    00000002     --HOLE-- [fill = 0]
                  00001588    00000034     oled.o (.text.oled_dc)
                  000015bc    00000034     oled.o (.text.oled_rst)
                  000015f0    00000034     oled.o (.text.oled_scl)
                  00001624    00000034     oled.o (.text.oled_sda)
                  00001658    00000030     ti_msp_dl_config.o (.text.SYSCFG_DL_init)
                  00001688    00000028     ti_msp_dl_config.o (.text.DL_Common_updateReg)
                  000016b0    00000028     ti_msp_dl_config.o (.text.DL_I2C_setControllerRXFIFOThreshold)
                  000016d8    00000028     ti_msp_dl_config.o (.text.DL_I2C_setControllerTXFIFOThreshold)
                  00001700    00000028     delay.o (.text.delay_tick)
                  00001728    00000028     libc.a : boot_cortex_m.c.obj (.text:_c_int00_noargs)
                  00001750    00000026     ti_msp_dl_config.o (.text.DL_I2C_setAnalogGlitchFilterPulseWidth)
                  00001776    00000026     driverlib.a : dl_i2c.o (.text.DL_I2C_setClockConfig)
                  0000179c    00000024     libclang_rt.builtins.a : floatunsidf.S.obj (.text.__floatunsidf)
                  000017c0    00000024     oled.o (.text.oled_physical_page)
                  000017e4    00000020     ti_msp_dl_config.o (.text.DL_GPIO_initPeripheralInputFunction)
                  00001804    00000020     ti_msp_dl_config.o (.text.DL_SYSCTL_setFlashWaitState)
                  00001824    00000020     delay.o (.text.delay_ms)
                  00001844    00000020     encoder.o (.text.encoder_left_b_is_high)
                  00001864    00000020     encoder.o (.text.encoder_right_b_is_high)
                  00001884    0000001e     ti_msp_dl_config.o (.text.DL_UART_setOversampling)
                  000018a2    00000002     --HOLE-- [fill = 0]
                  000018a4    0000001c     encoder.o (.text.DL_GPIO_clearInterruptStatus)
                  000018c0    0000001c     ti_msp_dl_config.o (.text.DL_GPIO_clearInterruptStatus)
                  000018dc    0000001c     ti_msp_dl_config.o (.text.DL_GPIO_enableHiZ)
                  000018f8    0000001c     ti_msp_dl_config.o (.text.DL_GPIO_enableInterrupt)
                  00001914    0000001c     ti_msp_dl_config.o (.text.DL_GPIO_initPeripheralOutputFunction)
                  00001930    0000001c     driverlib.a : dl_sysctl_mspm0g1x0x_g3x0x.o (.text.DL_SYSCTL_configFCC)
                  0000194c    0000001c     ti_msp_dl_config.o (.text.DL_SYSCTL_setFCCPeriods)
                  00001968    0000001c     ti_msp_dl_config.o (.text.DL_SYSCTL_setSYSOSCFreq)
                  00001984    0000001c     ti_msp_dl_config.o (.text.DL_SYSCTL_setULPCLKDivider)
                  000019a0    0000001c     driverlib.a : dl_timer.o (.text.DL_Timer_setCaptCompUpdateMethod)
                  000019bc    0000001c                 : dl_timer.o (.text.DL_Timer_setClockConfig)
                  000019d8    0000001c     ti_msp_dl_config.o (.text.DL_UART_enableInterrupt)
                  000019f4    0000001c     oled.o (.text.oled_write_cmd)
                  00001a10    0000001c     oled.o (.text.oled_write_data)
                  00001a2c    00000018     ti_msp_dl_config.o (.text.DL_GPIO_enableOutput)
                  00001a44    00000018     ti_msp_dl_config.o (.text.DL_GPIO_enablePower)
                  00001a5c    00000018     encoder.o (.text.DL_GPIO_getEnabledInterruptStatus)
                  00001a74    00000018     ti_msp_dl_config.o (.text.DL_GPIO_initDigitalOutput)
                  00001a8c    00000018     ti_msp_dl_config.o (.text.DL_GPIO_reset)
                  00001aa4    00000018     gray_serial.o (.text.DL_GPIO_setPins)
                  00001abc    00000018     motor.o (.text.DL_GPIO_setPins)
                  00001ad4    00000018     oled.o (.text.DL_GPIO_setPins)
                  00001aec    00000018     ti_msp_dl_config.o (.text.DL_GPIO_setPins)
                  00001b04    00000018     ti_msp_dl_config.o (.text.DL_GPIO_setUpperPinsPolarity)
                  00001b1c    00000018     ti_msp_dl_config.o (.text.DL_I2C_enableAnalogGlitchFilter)
                  00001b34    00000018     ti_msp_dl_config.o (.text.DL_I2C_enableController)
                  00001b4c    00000018     ti_msp_dl_config.o (.text.DL_I2C_enableControllerClockStretching)
                  00001b64    00000018     ti_msp_dl_config.o (.text.DL_I2C_enablePower)
                  00001b7c    00000018     ti_msp_dl_config.o (.text.DL_I2C_reset)
                  00001b94    00000018     ti_msp_dl_config.o (.text.DL_I2C_setTimerPeriod)
                  00001bac    00000018     ti_msp_dl_config.o (.text.DL_SYSCTL_setBORThreshold)
                  00001bc4    00000018     ti_msp_dl_config.o (.text.DL_Timer_enablePower)
                  00001bdc    00000018     ti_msp_dl_config.o (.text.DL_Timer_reset)
                  00001bf4    00000018     driverlib.a : dl_timer.o (.text.DL_Timer_setCaptureCompareOutCtl)
                  00001c0c    00000018     ti_msp_dl_config.o (.text.DL_UART_enablePower)
                  00001c24    00000018     bluetooth.o (.text.DL_UART_isRXFIFOEmpty)
                  00001c3c    00000018     uart_cmd.o (.text.DL_UART_isRXFIFOEmpty)
                  00001c54    00000018     ti_msp_dl_config.o (.text.DL_UART_reset)
                  00001c6c    00000016     encoder.o (.text.DL_GPIO_readPins)
                  00001c82    00000016     gray_serial.o (.text.DL_GPIO_readPins)
                  00001c98    00000016     ti_msp_dl_config.o (.text.DL_UART_enable)
                  00001cae    00000016     libc.a : copy_zero_init.c.obj (.text:decompress:ZI:__TI_zero_init_nomemset)
                  00001cc4    00000014     gray_serial.o (.text.DL_GPIO_clearPins)
                  00001cd8    00000014     motor.o (.text.DL_GPIO_clearPins)
                  00001cec    00000014     oled.o (.text.DL_GPIO_clearPins)
                  00001d00    00000014     ti_msp_dl_config.o (.text.DL_GPIO_clearPins)
                  00001d14    00000014     ti_msp_dl_config.o (.text.DL_I2C_resetControllerTransfer)
                  00001d28    00000014     ti_msp_dl_config.o (.text.DL_SYSCTL_disableSYSPLL)
                  00001d3c    00000014     ti_msp_dl_config.o (.text.DL_SYSCTL_enableSYSPLL)
                  00001d50    00000014     ti_msp_dl_config.o (.text.DL_Timer_enableClock)
                  00001d64    00000014     ti_msp_dl_config.o (.text.DL_Timer_setCCPDirection)
                  00001d78    00000014     bluetooth.o (.text.DL_UART_receiveData)
                  00001d8c    00000014     uart_cmd.o (.text.DL_UART_receiveData)
                  00001da0    00000014     gray_serial.o (.text.gray_serial_delay_us)
                  00001db4    00000014     gray_serial.o (.text.gray_serial_init)
                  00001dc8    00000012     bluetooth.o (.text.DL_UART_getPendingInterrupt)
                  00001dda    00000012     uart_cmd.o (.text.DL_UART_getPendingInterrupt)
                  00001dec    00000012     driverlib.a : dl_uart.o (.text.DL_UART_setClockConfig)
                  00001dfe    00000012     libc.a : memcpy16.S.obj (.text:TI_memcpy_small)
                  00001e10    00000012            : copy_decompress_none.c.obj (.text:decompress:none)
                  00001e22    00000002     --HOLE-- [fill = 0]
                  00001e24    00000010     ti_msp_dl_config.o (.text.DL_SYSCTL_disableHFXT)
                  00001e34    00000010     ti_msp_dl_config.o (.text.DL_SYSCTL_isFCCDone)
                  00001e44    00000010     ti_msp_dl_config.o (.text.DL_SYSCTL_startFCC)
                  00001e54    00000010     driverlib.a : dl_timer.o (.text.DL_Timer_setCaptureCompareValue)
                  00001e64    00000010     ti_msp_dl_config.o (.text.SYSCFG_DL_SYSTICK_init)
                  00001e74    0000000c     ti_msp_dl_config.o (.text.DL_SYSCTL_getClockStatus)
                  00001e80    0000000c     ti_msp_dl_config.o (.text.DL_SYSCTL_readFCC)
                  00001e8c    0000000c     delay.o (.text.delay_get_ms)
                  00001e98    0000000a     driverlib.a : dl_common.o (.text.DL_Common_delayCycles)
                  00001ea2    00000008     encoder.o (.text.GROUP1_IRQHandler)
                  00001eaa    00000008     empty.o (.text.SysTick_Handler)
                  00001eb2    00000008     uart_cmd.o (.text.UART0_IRQHandler)
                  00001eba    00000002     --HOLE-- [fill = 0]
                  00001ebc    00000008     libclang_rt.builtins.a : aeabi_memcpy.S.obj (.text.__aeabi_memcpy)
                  00001ec4    00000006     libc.a : exit.c.obj (.text:abort)
                  00001eca    00000004     startup_mspm0g350x_ticlang.o (.text.Default_Handler)
                  00001ece    00000004     libsysbm.a : hostexit.c.obj (.text.HOSTexit)
                  00001ed2    00000004     startup_mspm0g350x_ticlang.o (.text.Reset_Handler)
                  00001ed6    00000004     libc.a : pre_init.c.obj (.text._system_pre_init)
                  00001eda    00000006     --HOLE-- [fill = 0]

.cinit     0    00002140    00000030     
                  00002140    0000000c     (__TI_handler_table)
                  0000214c    00000008     (.cinit..bss.load) [load image, compression = zero_init]
                  00002154    00000008     (.cinit..data.load) [load image, compression = lzss]
                  0000215c    00000010     (__TI_cinit_table)
                  0000216c    00000004     --HOLE-- [fill = 0]

.rodata    0    00001ee0    00000260     
                  00001ee0    000001e0     oled.o (.rodata.g_font5x7)
                  000020c0    00000028     ti_msp_dl_config.o (.rodata.gSYSPLLConfig)
                  000020e8    00000011     oled.o (.rodata.oled_print_hex_u8.hex)
                  000020f9    0000000f     empty.o (.rodata.str1.9517790425240694019.1)
                  00002108    0000000a     ti_msp_dl_config.o (.rodata.gUART0Config)
                  00002112    0000000a     ti_msp_dl_config.o (.rodata.gUART_1Config)
                  0000211c    00000008     ti_msp_dl_config.o (.rodata.gPWMConfig)
                  00002124    00000008     empty.o (.rodata.gray_channel_left_to_right.channelBitMap)
                  0000212c    00000005     empty.o (.rodata.str1.254342170260855183.1)
                  00002131    00000003     ti_msp_dl_config.o (.rodata.gPWMClockConfig)
                  00002134    00000003     oled.o (.rodata.str1.10612175213412870912.1)
                  00002137    00000002     ti_msp_dl_config.o (.rodata.gI2C_ICM42688ClockConfig)
                  00002139    00000002     ti_msp_dl_config.o (.rodata.gUART0ClockConfig)
                  0000213b    00000002     ti_msp_dl_config.o (.rodata.gUART_1ClockConfig)
                  0000213d    00000003     --HOLE-- [fill = 0]

.init_array 
*          0    00000000    00000000     UNINITIALIZED

.binit     0    00000000    00000000     

.bss       0    20200000    00000170     UNINITIALIZED
                  20200000    000000a0     (.common:gPWMBackup)
                  202000a0    00000080     bluetooth.o (.bss.g_rxBuffer)
                  20200120    00000050     uart_cmd.o (.bss.g_uartCmdBuffer)

.data      0    20200170    00000016     UNINITIALIZED
                  20200170    00000004     delay.o (.data.delay_ms_ticks)
                  20200174    00000004     delay.o (.data.delay_times)
                  20200178    00000004     encoder.o (.data.g_encoderLeftCount)
                  2020017c    00000004     encoder.o (.data.g_encoderRightCount)
                  20200180    00000001     oled.o (.data.g_cursorColumn)
                  20200181    00000001     oled.o (.data.g_cursorPage)
                  20200182    00000001     bluetooth.o (.data.g_rxHead)
                  20200183    00000001     bluetooth.o (.data.g_rxTail)
                  20200184    00000001     uart_cmd.o (.data.g_uartCmdIndex)
                  20200185    00000001     uart_cmd.o (.data.g_uartCmdReady)

.stack     0    20207e00    00000200     UNINITIALIZED
                  20207e00    00000004     libc.a : boot_cortex_m.c.obj (.stack)
                  20207e04    000001fc     --HOLE--

__llvm_prf_cnts 
*          0    20200000    00000000     UNINITIALIZED

__llvm_prf_bits 
*          0    20200000    00000000     UNINITIALIZED

MODULE SUMMARY

       Module                         code   ro data   rw data
       ------                         ----   -------   -------
    .\
       ti_msp_dl_config.o             2914   77        160    
       empty.o                        402    28        0      
       startup_mspm0g350x_ticlang.o   8      192       0      
    +--+------------------------------+------+---------+---------+
       Total:                         3324   297       160    
                                                              
    .\Src\
       oled.o                         1356   500       2      
       encoder.o                      378    0         8      
       motor.o                        364    0         0      
       uart_cmd.o                     250    0         82     
       bluetooth.o                    170    0         130    
       gray_serial.o                  230    0         0      
       delay.o                        84     0         8      
    +--+------------------------------+------+---------+---------+
       Total:                         2832   500       230    
                                                              
    C:/TI/mspm0_sdk_2_10_00_04/source/ti/driverlib/lib/ticlang/m0p/mspm0g1x0x_g3x0x/driverlib.a
       dl_timer.o                     356    0         0      
       dl_sysctl_mspm0g1x0x_g3x0x.o   316    0         0      
       dl_uart.o                      90     0         0      
       dl_i2c.o                       38     0         0      
       dl_common.o                    10     0         0      
    +--+------------------------------+------+---------+---------+
       Total:                         810    0         0      
                                                              
    D:\ti\ccs2050\ccs\tools\compiler\ti-cgt-armllvm_4.0.4.LTS\lib\armv6m-ti-none-eabi/c/libc.a
       copy_decompress_lzss.c.obj     124    0         0      
       autoinit.c.obj                 60     0         0      
       boot_cortex_m.c.obj            40     0         0      
       copy_zero_init.c.obj           22     0         0      
       copy_decompress_none.c.obj     18     0         0      
       memcpy16.S.obj                 18     0         0      
       exit.c.obj                     6      0         0      
       pre_init.c.obj                 4      0         0      
    +--+------------------------------+------+---------+---------+
       Total:                         292    0         0      
                                                              
    D:\ti\ccs2050\ccs\tools\compiler\ti-cgt-armllvm_4.0.4.LTS\lib\armv6m-ti-none-eabi/c/libsysbm.a
       hostexit.c.obj                 4      0         0      
    +--+------------------------------+------+---------+---------+
       Total:                         4      0         0      
                                                              
    D:\ti\ccs2050\ccs\tools\compiler\ti-cgt-armllvm_4.0.4.LTS\lib\armv6m-ti-none-eabi/libclang_rt.builtins.a
       comparedf2.c.obj               220    0         0      
       aeabi_dcmp.S.obj               98     0         0      
       aeabi_uidivmod.S.obj           64     0         0      
       floatunsidf.S.obj              36     0         0      
       aeabi_memcpy.S.obj             8      0         0      
       aeabi_div0.c.obj               2      0         0      
    +--+------------------------------+------+---------+---------+
       Total:                         428    0         0      
                                                              
       Stack:                         0      0         512    
       Linker Generated:              0      44        0      
    +--+------------------------------+------+---------+---------+
       Grand Total:                   7690   841       902    


LINKER GENERATED COPY TABLES

__TI_cinit_table @ 0000215c records: 2, size/record: 8, table size: 16
	.bss: load addr=0000214c, load size=00000008 bytes, run addr=20200000, run size=00000170 bytes, compression=zero_init
	.data: load addr=00002154, load size=00000008 bytes, run addr=20200170, run size=00000016 bytes, compression=lzss


LINKER GENERATED HANDLER TABLE

__TI_handler_table @ 00002140 records: 3, size/record: 4, table size: 12
	index: 0, handler: __TI_decompress_lzss
	index: 1, handler: __TI_decompress_none
	index: 2, handler: __TI_zero_init


GLOBAL SYMBOLS: SORTED ALPHABETICALLY BY Name 

address   name                                 
-------   ----                                 
00001ecb  ADC0_IRQHandler                      
00001ecb  ADC1_IRQHandler                      
00001ecb  AES_IRQHandler                       
00001ece  C$$EXIT                              
00001ecb  CANFD0_IRQHandler                    
00001ecb  DAC0_IRQHandler                      
00001e99  DL_Common_delayCycles                
00001777  DL_I2C_setClockConfig                
00001931  DL_SYSCTL_configFCC                  
00000545  DL_SYSCTL_configSYSPLL               
00001269  DL_SYSCTL_switchMCLKfromSYSOSCtoHSCLK
00000255  DL_Timer_initFourCCPWMMode           
000019a1  DL_Timer_setCaptCompUpdateMethod     
00001bf5  DL_Timer_setCaptureCompareOutCtl     
00001e55  DL_Timer_setCaptureCompareValue      
000019bd  DL_Timer_setClockConfig              
000011d9  DL_UART_init                         
00001ded  DL_UART_setClockConfig               
00001ecb  DMA_IRQHandler                       
00001ecb  Default_Handler                      
00001ecb  GROUP0_IRQHandler                    
00001ea3  GROUP1_IRQHandler                    
00001ecf  HOSTexit                             
00001ecb  HardFault_Handler                    
00001ecb  I2C0_IRQHandler                      
00001ecb  I2C1_IRQHandler                      
00001ecb  NMI_Handler                          
00001ecb  PendSV_Handler                       
00001ecb  RTC_IRQHandler                       
00001ed3  Reset_Handler                        
00001ecb  SPI0_IRQHandler                      
00001ecb  SPI1_IRQHandler                      
00001ecb  SVC_Handler                          
000000c1  SYSCFG_DL_GPIO_init                  
00000fa5  SYSCFG_DL_I2C_ICM42688_init          
0000084d  SYSCFG_DL_PWM_init                   
00000459  SYSCFG_DL_SYSCTL_SYSPLL_init         
00000e15  SYSCFG_DL_SYSCTL_init                
00001e65  SYSCFG_DL_SYSTICK_init               
000012ad  SYSCFG_DL_UART0_init                 
00000ffd  SYSCFG_DL_UART_1_init                
00001659  SYSCFG_DL_init                       
00000a71  SYSCFG_DL_initPower                  
00001eab  SysTick_Handler                      
00001ecb  TIMA0_IRQHandler                     
00001ecb  TIMA1_IRQHandler                     
00001ecb  TIMG0_IRQHandler                     
00001ecb  TIMG12_IRQHandler                    
00001ecb  TIMG6_IRQHandler                     
00001ecb  TIMG7_IRQHandler                     
00001ecb  TIMG8_IRQHandler                     
00001dff  TI_memcpy_small                      
00001eb3  UART0_IRQHandler                     
00000cd1  UART1_IRQHandler                     
00001ecb  UART2_IRQHandler                     
00001ecb  UART3_IRQHandler                     
20208000  __STACK_END                          
00000200  __STACK_SIZE                         
00000000  __TI_ATRegion0_region_sz             
00000000  __TI_ATRegion0_src_addr              
00000000  __TI_ATRegion0_trg_addr              
00000000  __TI_ATRegion1_region_sz             
00000000  __TI_ATRegion1_src_addr              
00000000  __TI_ATRegion1_trg_addr              
00000000  __TI_ATRegion2_region_sz             
00000000  __TI_ATRegion2_src_addr              
00000000  __TI_ATRegion2_trg_addr              
0000215c  __TI_CINIT_Base                      
0000216c  __TI_CINIT_Limit                     
0000216c  __TI_CINIT_Warm                      
00002140  __TI_Handler_Table_Base              
0000214c  __TI_Handler_Table_Limit             
000014a5  __TI_auto_init_nobinit_nopinit       
00000b69  __TI_decompress_lzss                 
00001e11  __TI_decompress_none                 
ffffffff  __TI_pprof_out_hndl                  
ffffffff  __TI_prof_data_size                  
ffffffff  __TI_prof_data_start                 
00000000  __TI_static_base__                   
00001caf  __TI_zero_init_nomemset              
00000ee5  __aeabi_dcmpeq                       
00000f21  __aeabi_dcmpge                       
00000f35  __aeabi_dcmpgt                       
00000f0d  __aeabi_dcmple                       
00000ef9  __aeabi_dcmplt                       
000006ef  __aeabi_idiv0                        
00001ebd  __aeabi_memcpy                       
00001ebd  __aeabi_memcpy4                      
00001ebd  __aeabi_memcpy8                      
0000179d  __aeabi_ui2d                         
000012ed  __aeabi_uidiv                        
000012ed  __aeabi_uidivmod                     
ffffffff  __binit__                            
00000e7d  __cmpdf2                             
00000e7d  __eqdf2                              
0000179d  __floatunsidf                        
00000c5d  __gedf2                              
00000c5d  __gtdf2                              
00000e7d  __ledf2                              
00000e7d  __ltdf2                              
UNDEFED   __mpu_init                           
00000e7d  __nedf2                              
20207e00  __stack                              
20200000  __start___llvm_prf_bits              
20200000  __start___llvm_prf_cnts              
20200000  __stop___llvm_prf_bits               
20200000  __stop___llvm_prf_cnts               
00001729  _c_int00_noargs                      
UNDEFED   _system_post_cinit                   
00001ed7  _system_pre_init                     
00001ec5  abort                                
ffffffff  binit                                
00001e8d  delay_get_ms                         
00001825  delay_ms                             
00001701  delay_tick                           
20200174  delay_times                          
00000be5  encoder_gpio_irq_handler             
20200000  gPWMBackup                           
00001db5  gray_serial_init                     
00000aed  gray_serial_read                     
00000000  interruptVectors                     
000009ed  main                                 
00000359  motor_set_pwm                        
00001551  oled_clear                           
00001221  oled_clear_line                      
00000621  oled_init                            
000008dd  oled_print_char                      
00001469  oled_print_hex_u8                    
000007a5  oled_print_int                       
000013ed  oled_print_string                    
00000d3d  oled_set_cursor                      
000006f1  uart_cmd_irq_handler                 


GLOBAL SYMBOLS: SORTED BY Symbol Address 

address   name                                 
-------   ----                                 
00000000  __TI_ATRegion0_region_sz             
00000000  __TI_ATRegion0_src_addr              
00000000  __TI_ATRegion0_trg_addr              
00000000  __TI_ATRegion1_region_sz             
00000000  __TI_ATRegion1_src_addr              
00000000  __TI_ATRegion1_trg_addr              
00000000  __TI_ATRegion2_region_sz             
00000000  __TI_ATRegion2_src_addr              
00000000  __TI_ATRegion2_trg_addr              
00000000  __TI_static_base__                   
00000000  interruptVectors                     
000000c1  SYSCFG_DL_GPIO_init                  
00000200  __STACK_SIZE                         
00000255  DL_Timer_initFourCCPWMMode           
00000359  motor_set_pwm                        
00000459  SYSCFG_DL_SYSCTL_SYSPLL_init         
00000545  DL_SYSCTL_configSYSPLL               
00000621  oled_init                            
000006ef  __aeabi_idiv0                        
000006f1  uart_cmd_irq_handler                 
000007a5  oled_print_int                       
0000084d  SYSCFG_DL_PWM_init                   
000008dd  oled_print_char                      
000009ed  main                                 
00000a71  SYSCFG_DL_initPower                  
00000aed  gray_serial_read                     
00000b69  __TI_decompress_lzss                 
00000be5  encoder_gpio_irq_handler             
00000c5d  __gedf2                              
00000c5d  __gtdf2                              
00000cd1  UART1_IRQHandler                     
00000d3d  oled_set_cursor                      
00000e15  SYSCFG_DL_SYSCTL_init                
00000e7d  __cmpdf2                             
00000e7d  __eqdf2                              
00000e7d  __ledf2                              
00000e7d  __ltdf2                              
00000e7d  __nedf2                              
00000ee5  __aeabi_dcmpeq                       
00000ef9  __aeabi_dcmplt                       
00000f0d  __aeabi_dcmple                       
00000f21  __aeabi_dcmpge                       
00000f35  __aeabi_dcmpgt                       
00000fa5  SYSCFG_DL_I2C_ICM42688_init          
00000ffd  SYSCFG_DL_UART_1_init                
000011d9  DL_UART_init                         
00001221  oled_clear_line                      
00001269  DL_SYSCTL_switchMCLKfromSYSOSCtoHSCLK
000012ad  SYSCFG_DL_UART0_init                 
000012ed  __aeabi_uidiv                        
000012ed  __aeabi_uidivmod                     
000013ed  oled_print_string                    
00001469  oled_print_hex_u8                    
000014a5  __TI_auto_init_nobinit_nopinit       
00001551  oled_clear                           
00001659  SYSCFG_DL_init                       
00001701  delay_tick                           
00001729  _c_int00_noargs                      
00001777  DL_I2C_setClockConfig                
0000179d  __aeabi_ui2d                         
0000179d  __floatunsidf                        
00001825  delay_ms                             
00001931  DL_SYSCTL_configFCC                  
000019a1  DL_Timer_setCaptCompUpdateMethod     
000019bd  DL_Timer_setClockConfig              
00001bf5  DL_Timer_setCaptureCompareOutCtl     
00001caf  __TI_zero_init_nomemset              
00001db5  gray_serial_init                     
00001ded  DL_UART_setClockConfig               
00001dff  TI_memcpy_small                      
00001e11  __TI_decompress_none                 
00001e55  DL_Timer_setCaptureCompareValue      
00001e65  SYSCFG_DL_SYSTICK_init               
00001e8d  delay_get_ms                         
00001e99  DL_Common_delayCycles                
00001ea3  GROUP1_IRQHandler                    
00001eab  SysTick_Handler                      
00001eb3  UART0_IRQHandler                     
00001ebd  __aeabi_memcpy                       
00001ebd  __aeabi_memcpy4                      
00001ebd  __aeabi_memcpy8                      
00001ec5  abort                                
00001ecb  ADC0_IRQHandler                      
00001ecb  ADC1_IRQHandler                      
00001ecb  AES_IRQHandler                       
00001ecb  CANFD0_IRQHandler                    
00001ecb  DAC0_IRQHandler                      
00001ecb  DMA_IRQHandler                       
00001ecb  Default_Handler                      
00001ecb  GROUP0_IRQHandler                    
00001ecb  HardFault_Handler                    
00001ecb  I2C0_IRQHandler                      
00001ecb  I2C1_IRQHandler                      
00001ecb  NMI_Handler                          
00001ecb  PendSV_Handler                       
00001ecb  RTC_IRQHandler                       
00001ecb  SPI0_IRQHandler                      
00001ecb  SPI1_IRQHandler                      
00001ecb  SVC_Handler                          
00001ecb  TIMA0_IRQHandler                     
00001ecb  TIMA1_IRQHandler                     
00001ecb  TIMG0_IRQHandler                     
00001ecb  TIMG12_IRQHandler                    
00001ecb  TIMG6_IRQHandler                     
00001ecb  TIMG7_IRQHandler                     
00001ecb  TIMG8_IRQHandler                     
00001ecb  UART2_IRQHandler                     
00001ecb  UART3_IRQHandler                     
00001ece  C$$EXIT                              
00001ecf  HOSTexit                             
00001ed3  Reset_Handler                        
00001ed7  _system_pre_init                     
00002140  __TI_Handler_Table_Base              
0000214c  __TI_Handler_Table_Limit             
0000215c  __TI_CINIT_Base                      
0000216c  __TI_CINIT_Limit                     
0000216c  __TI_CINIT_Warm                      
20200000  __start___llvm_prf_bits              
20200000  __start___llvm_prf_cnts              
20200000  __stop___llvm_prf_bits               
20200000  __stop___llvm_prf_cnts               
20200000  gPWMBackup                           
20200174  delay_times                          
20207e00  __stack                              
20208000  __STACK_END                          
ffffffff  __TI_pprof_out_hndl                  
ffffffff  __TI_prof_data_size                  
ffffffff  __TI_prof_data_start                 
ffffffff  __binit__                            
ffffffff  binit                                
UNDEFED   __mpu_init                           
UNDEFED   _system_post_cinit                   

[132 symbols]
