******************************************************************************
            TI ARM Clang Linker PC v4.0.4                      
******************************************************************************
>> Linked Mon Jul 27 11:58:02 2026

OUTPUT FILE NAME:   <C07A.out>
ENTRY POINT SYMBOL: "_c_int00_noargs"  address: 000044bd


MEMORY CONFIGURATION

         name            origin    length      used     unused   attr    fill
----------------------  --------  ---------  --------  --------  ----  --------
  FLASH                 00000000   00020000  00004f28  0001b0d8  R  X
  SRAM                  20200000   00008000  000003ef  00007c11  RW X
  BCR_CONFIG            41c00000   000000ff  00000000  000000ff  R   
  BSL_CONFIG            41c00100   00000080  00000000  00000080  R   


SEGMENT ALLOCATION MAP

run origin  load origin   length   init length attrs members
----------  ----------- ---------- ----------- ----- -------
00000000    00000000    00004f28   00004f28    r-x
  00000000    00000000    000000c0   000000c0    r-- .intvecs
  000000c0    000000c0    00004c60   00004c60    r-x .text
  00004d20    00004d20    000001d0   000001d0    r-- .rodata
  00004ef0    00004ef0    00000038   00000038    r-- .cinit
20200000    20200000    000001ef   00000000    rw-
  20200000    20200000    00000170   00000000    rw- .bss
  20200170    20200170    0000007f   00000000    rw- .data
20207e00    20207e00    00000200   00000000    rw-
  20207e00    20207e00    00000200   00000000    rw- .stack


SECTION ALLOCATION MAP

 output                                  attributes/
section   page    origin      length       input sections
--------  ----  ----------  ----------   ----------------
.intvecs   0    00000000    000000c0     
                  00000000    000000c0     startup_mspm0g350x_ticlang.o (.intvecs)

.text      0    000000c0    00004c60     
                  000000c0    00000644     libc.a : k_rem_pio2.c.obj (.text.__kernel_rem_pio2)
                  00000704    0000063c     attitude.o (.text.attitude_update_from_icm42688)
                  00000d40    00000228     icm42688.o (.text.icm42688_i2c_read_regs)
                  00000f68    00000224     attitude.o (.text.attitude_calibrate_gyro)
                  0000118c    000001d4     libc.a : s_cosf.c.obj (.text.cosf)
                  00001360    000001c8            : s_atanf.c.obj (.text.atanf)
                  00001528    000001c8            : s_sinf.c.obj (.text.sinf)
                  000016f0    000001c0     empty.o (.text.main)
                  000018b0    000001b0     libc.a : s_tanf.c.obj (.text.tanf)
                  00001a60    00000194     ti_msp_dl_config.o (.text.SYSCFG_DL_GPIO_init)
                  00001bf4    00000192     libclang_rt.builtins.a : adddf3.S.obj (.text.adddf3_subdf3)
                  00001d86    00000002                            : aeabi_div0.c.obj (.text.__aeabi_idiv0)
                  00001d88    00000144     libc.a : s_floor.c.obj (.text.floor)
                  00001ecc    00000138     icm42688.o (.text.icm42688_init)
                  00002004    0000012c     libc.a : s_tanf.c.obj (.text.__kernel_tandf)
                  00002130    00000118            : e_atan2f.c.obj (.text.atan2f)
                  00002248    0000010c     libclang_rt.builtins.a : divdf3.S.obj (.text.__divdf3)
                  00002354    00000104     driverlib.a : dl_timer.o (.text.DL_Timer_initFourCCPWMMode)
                  00002458    000000ec     ti_msp_dl_config.o (.text.SYSCFG_DL_SYSCTL_SYSPLL_init)
                  00002544    000000e4     libclang_rt.builtins.a : muldf3.S.obj (.text.__muldf3)
                  00002628    000000dc     driverlib.a : dl_sysctl_mspm0g1x0x_g3x0x.o (.text.DL_SYSCTL_configSYSPLL)
                  00002704    000000d8     libc.a : s_scalbn.c.obj (.text.scalbn)
                  000027dc    000000d8     libclang_rt.builtins.a : addsf3.S.obj (.text)
                  000028b4    000000d0     icm42688.o (.text.icm42688_i2c_write)
                  00002984    000000bc     vofa.o (.text.uart0_send_float)
                  00002a40    000000b4     uart_cmd.o (.text.uart_cmd_irq_handler)
                  00002af4    000000ac     libc.a : s_cosf.c.obj (.text.__kernel_sindf)
                  00002ba0    000000ac            : s_sinf.c.obj (.text.__kernel_sindf)
                  00002c4c    000000ac     icm42688.o (.text.icm42688_read_raw)
                  00002cf8    000000a0     libc.a : e_sqrtf.c.obj (.text.sqrtf)
                  00002d98    0000009c            : s_cosf.c.obj (.text.__kernel_cosdf)
                  00002e34    0000009c            : s_sinf.c.obj (.text.__kernel_cosdf)
                  00002ed0    00000090     ti_msp_dl_config.o (.text.SYSCFG_DL_PWM_init)
                  00002f60    0000008c     libclang_rt.builtins.a : mulsf3.S.obj (.text.__mulsf3)
                  00002fec    0000008c     vofa.o (.text.vofa_send_six_float)
                  00003078    00000088     attitude.o (.text.attitude_init)
                  00003100    00000084     ti_msp_dl_config.o (.text.__NVIC_SetPriority)
                  00003184    00000084     vofa.o (.text.uart0_send_int)
                  00003208    00000082     libclang_rt.builtins.a : divsf3.S.obj (.text.__divsf3)
                  0000328a    00000002     --HOLE-- [fill = 0]
                  0000328c    0000007c     icm42688.o (.text.DL_I2C_startControllerTransferAdvanced)
                  00003308    0000007c     ti_msp_dl_config.o (.text.SYSCFG_DL_initPower)
                  00003384    0000007c     libc.a : copy_decompress_lzss.c.obj (.text:decompress:lzss)
                  00003400    00000078     attitude.o (.text.attitude_accel_to_euler)
                  00003478    00000078     encoder.o (.text.encoder_gpio_irq_handler)
                  000034f0    00000074     libclang_rt.builtins.a : comparedf2.c.obj (.text.__gedf2)
                  00003564    0000000c     ti_msp_dl_config.o (.text.DL_SYSCTL_getClockStatus)
                  00003570    00000074     libclang_rt.builtins.a : truncdfsf2.S.obj (.text.__truncdfsf2)
                  000035e4    00000070     icm42688.o (.text.icm42688_wait_bus_released)
                  00003654    0000006c     bluetooth.o (.text.UART1_IRQHandler)
                  000036c0    00000068     ti_msp_dl_config.o (.text.SYSCFG_DL_SYSCTL_init)
                  00003728    00000068     libclang_rt.builtins.a : comparedf2.c.obj (.text.__ledf2)
                  00003790    00000062                            : aeabi_dcmp.S.obj (.text.__aeabi_dcmp)
                  000037f2    00000002     --HOLE-- [fill = 0]
                  000037f4    00000062                            : aeabi_fcmp.S.obj (.text.__aeabi_fcmp)
                  00003856    00000002     --HOLE-- [fill = 0]
                  00003858    00000060     vofa.o (.text.uart0_send_byte)
                  000038b8    0000005e     driverlib.a : dl_i2c.o (.text.DL_I2C_fillControllerTXFIFO)
                  00003916    00000002     --HOLE-- [fill = 0]
                  00003918    0000005c     icm42688.o (.text.icm42688_wait_controller_done)
                  00003974    00000058     ti_msp_dl_config.o (.text.SYSCFG_DL_I2C_ICM42688_init)
                  000039cc    00000056     libclang_rt.builtins.a : aeabi_idivmod.S.obj (.text.__aeabi_idivmod)
                  00003a22    00000002     --HOLE-- [fill = 0]
                  00003a24    00000054     ti_msp_dl_config.o (.text.SYSCFG_DL_UART_1_init)
                  00003a78    00000054     attitude.o (.text.attitude_wrap_180)
                  00003acc    00000050     ti_msp_dl_config.o (.text.DL_GPIO_initPeripheralInputFunctionFeatures)
                  00003b1c    00000050     icm42688.o (.text.DL_I2C_startControllerTransfer)
                  00003b6c    00000050     ti_msp_dl_config.o (.text.SysTick_Config)
                  00003bbc    0000004e     libclang_rt.builtins.a : floatdisf.S.obj (.text.__floatdisf)
                  00003c0a    00000002     --HOLE-- [fill = 0]
                  00003c0c    0000004c     ti_msp_dl_config.o (.text.DL_GPIO_initDigitalInputFeatures)
                  00003c58    0000004c     ti_msp_dl_config.o (.text.DL_UART_setBaudRateDivisor)
                  00003ca4    0000004a     libclang_rt.builtins.a : fixdfsi.S.obj (.text.__fixdfsi)
                  00003cee    00000002     --HOLE-- [fill = 0]
                  00003cf0    00000048     driverlib.a : dl_uart.o (.text.DL_UART_init)
                  00003d38    00000048     attitude.o (.text.attitude_reset_calibration_accumulator)
                  00003d80    00000048     attitude.o (.text.attitude_set_zero_from_accel)
                  00003dc8    00000048     icm42688.o (.text.icm42688_get_who_am_i)
                  00003e10    00000048     icm42688.o (.text.icm42688_prepare_transfer)
                  00003e58    00000048     icm42688.o (.text.icm42688_read_reg)
                  00003ea0    00000044     driverlib.a : dl_sysctl_mspm0g1x0x_g3x0x.o (.text.DL_SYSCTL_switchMCLKfromSYSOSCtoHSCLK)
                  00003ee4    00000044     icm42688.o (.text.icm42688_write_reg)
                  00003f28    00000040     ti_msp_dl_config.o (.text.SYSCFG_DL_UART0_init)
                  00003f68    00000040     libclang_rt.builtins.a : aeabi_uidivmod.S.obj (.text.__aeabi_uidivmod)
                  00003fa8    00000040                            : extendsfdf2.S.obj (.text.__extendsfdf2)
                  00003fe8    0000003e     attitude.o (.text.attitude_clamp)
                  00004026    00000002     --HOLE-- [fill = 0]
                  00004028    0000003c     driverlib.a : dl_i2c.o (.text.DL_I2C_flushControllerTXFIFO)
                  00004064    0000003c     ti_msp_dl_config.o (.text.DL_Timer_setCounterControl)
                  000040a0    0000003c     libclang_rt.builtins.a : floatsisf.S.obj (.text.__floatsisf)
                  000040dc    0000003c                            : comparesf2.S.obj (.text.__gtsf2)
                  00004118    0000003c     attitude.o (.text.attitude_apply_deadband)
                  00004154    0000003c     libc.a : autoinit.c.obj (.text:__TI_auto_init_nobinit_nopinit)
                  00004190    0000003a     libclang_rt.builtins.a : comparesf2.S.obj (.text.__eqsf2)
                  000041ca    00000002     --HOLE-- [fill = 0]
                  000041cc    0000003a                            : muldsi3.S.obj (.text.__muldsi3)
                  00004206    00000002     --HOLE-- [fill = 0]
                  00004208    00000038                            : fixsfsi.S.obj (.text.__fixsfsi)
                  00004240    00000038     attitude.o (.text.attitude_get_euler)
                  00004278    00000038     encoder.o (.text.encoder_update_left)
                  000042b0    00000038     encoder.o (.text.encoder_update_right)
                  000042e8    00000030     driverlib.a : dl_i2c.o (.text.DL_I2C_flushControllerRXFIFO)
                  00004318    00000030     ti_msp_dl_config.o (.text.SYSCFG_DL_init)
                  00004348    0000002c     libclang_rt.builtins.a : floatsidf.S.obj (.text.__floatsidf)
                  00004374    0000002c     attitude.o (.text.attitude_raw_is_valid)
                  000043a0    0000002c     icm42688.o (.text.icm42688_clear_raw)
                  000043cc    00000028     icm42688.o (.text.DL_Common_updateReg)
                  000043f4    00000028     ti_msp_dl_config.o (.text.DL_Common_updateReg)
                  0000441c    00000028     ti_msp_dl_config.o (.text.DL_I2C_setControllerRXFIFOThreshold)
                  00004444    00000028     ti_msp_dl_config.o (.text.DL_I2C_setControllerTXFIFOThreshold)
                  0000446c    00000028     libclang_rt.builtins.a : floatunsisf.S.obj (.text.__floatunsisf)
                  00004494    00000028     delay.o (.text.delay_tick)
                  000044bc    00000028     libc.a : boot_cortex_m.c.obj (.text:_c_int00_noargs)
                  000044e4    00000026     ti_msp_dl_config.o (.text.DL_I2C_setAnalogGlitchFilterPulseWidth)
                  0000450a    00000026     driverlib.a : dl_i2c.o (.text.DL_I2C_setClockConfig)
                  00004530    00000026     vofa.o (.text.uart0_send_string)
                  00004556    00000002     --HOLE-- [fill = 0]
                  00004558    00000024     libclang_rt.builtins.a : floatunsidf.S.obj (.text.__floatunsidf)
                  0000457c    00000020     ti_msp_dl_config.o (.text.DL_GPIO_initPeripheralInputFunction)
                  0000459c    00000020     ti_msp_dl_config.o (.text.DL_SYSCTL_setFlashWaitState)
                  000045bc    00000020     delay.o (.text.delay_ms)
                  000045dc    00000020     encoder.o (.text.encoder_left_b_is_high)
                  000045fc    00000020     encoder.o (.text.encoder_right_b_is_high)
                  0000461c    00000020     icm42688.o (.text.icm42688_abort_transfer)
                  0000463c    0000001e     ti_msp_dl_config.o (.text.DL_UART_setOversampling)
                  0000465a    0000001e     icm42688.o (.text.icm42688_to_i16)
                  00004678    0000001c     encoder.o (.text.DL_GPIO_clearInterruptStatus)
                  00004694    0000001c     ti_msp_dl_config.o (.text.DL_GPIO_clearInterruptStatus)
                  000046b0    0000001c     ti_msp_dl_config.o (.text.DL_GPIO_enableHiZ)
                  000046cc    0000001c     ti_msp_dl_config.o (.text.DL_GPIO_enableInterrupt)
                  000046e8    0000001c     ti_msp_dl_config.o (.text.DL_GPIO_initPeripheralOutputFunction)
                  00004704    0000001c     icm42688.o (.text.DL_I2C_isControllerRXFIFOEmpty)
                  00004720    0000001c     driverlib.a : dl_sysctl_mspm0g1x0x_g3x0x.o (.text.DL_SYSCTL_configFCC)
                  0000473c    0000001c     ti_msp_dl_config.o (.text.DL_SYSCTL_setFCCPeriods)
                  00004758    0000001c     ti_msp_dl_config.o (.text.DL_SYSCTL_setSYSOSCFreq)
                  00004774    0000001c     ti_msp_dl_config.o (.text.DL_SYSCTL_setULPCLKDivider)
                  00004790    0000001c     driverlib.a : dl_timer.o (.text.DL_Timer_setCaptCompUpdateMethod)
                  000047ac    0000001c                 : dl_timer.o (.text.DL_Timer_setClockConfig)
                  000047c8    0000001c     ti_msp_dl_config.o (.text.DL_UART_enableInterrupt)
                  000047e4    00000018     ti_msp_dl_config.o (.text.DL_GPIO_enableOutput)
                  000047fc    00000018     ti_msp_dl_config.o (.text.DL_GPIO_enablePower)
                  00004814    00000018     encoder.o (.text.DL_GPIO_getEnabledInterruptStatus)
                  0000482c    00000018     ti_msp_dl_config.o (.text.DL_GPIO_initDigitalOutput)
                  00004844    00000018     ti_msp_dl_config.o (.text.DL_GPIO_reset)
                  0000485c    00000018     ti_msp_dl_config.o (.text.DL_GPIO_setPins)
                  00004874    00000018     ti_msp_dl_config.o (.text.DL_GPIO_setUpperPinsPolarity)
                  0000488c    00000018     ti_msp_dl_config.o (.text.DL_I2C_enableAnalogGlitchFilter)
                  000048a4    00000018     ti_msp_dl_config.o (.text.DL_I2C_enableController)
                  000048bc    00000018     ti_msp_dl_config.o (.text.DL_I2C_enableControllerClockStretching)
                  000048d4    00000018     ti_msp_dl_config.o (.text.DL_I2C_enablePower)
                  000048ec    00000018     ti_msp_dl_config.o (.text.DL_I2C_reset)
                  00004904    00000018     ti_msp_dl_config.o (.text.DL_I2C_setTimerPeriod)
                  0000491c    00000018     ti_msp_dl_config.o (.text.DL_SYSCTL_setBORThreshold)
                  00004934    00000018     ti_msp_dl_config.o (.text.DL_Timer_enablePower)
                  0000494c    00000018     ti_msp_dl_config.o (.text.DL_Timer_reset)
                  00004964    00000018     driverlib.a : dl_timer.o (.text.DL_Timer_setCaptureCompareOutCtl)
                  0000497c    00000018     ti_msp_dl_config.o (.text.DL_UART_enablePower)
                  00004994    00000018     bluetooth.o (.text.DL_UART_isRXFIFOEmpty)
                  000049ac    00000018     uart_cmd.o (.text.DL_UART_isRXFIFOEmpty)
                  000049c4    00000018     vofa.o (.text.DL_UART_isTXFIFOFull)
                  000049dc    00000018     ti_msp_dl_config.o (.text.DL_UART_reset)
                  000049f4    00000016     encoder.o (.text.DL_GPIO_readPins)
                  00004a0a    00000016     ti_msp_dl_config.o (.text.DL_UART_enable)
                  00004a20    00000016     vofa.o (.text.DL_UART_transmitData)
                  00004a36    00000016     libc.a : k_rem_pio2.c.obj (.text.OUTLINED_FUNCTION_0)
                  00004a4c    00000010     libclang_rt.builtins.a : adddf3.S.obj (.tramp.__aeabi_dadd.1)
                  00004a5c    00000016     libc.a : copy_zero_init.c.obj (.text:decompress:ZI:__TI_zero_init_nomemset)
                  00004a72    00000014     ti_msp_dl_config.o (.text.DL_GPIO_clearPins)
                  00004a86    00000002     --HOLE-- [fill = 0]
                  00004a88    00000014     icm42688.o (.text.DL_I2C_getControllerStatus)
                  00004a9c    00000014     icm42688.o (.text.DL_I2C_receiveControllerData)
                  00004ab0    00000014     icm42688.o (.text.DL_I2C_resetControllerTransfer)
                  00004ac4    00000014     ti_msp_dl_config.o (.text.DL_I2C_resetControllerTransfer)
                  00004ad8    00000014     ti_msp_dl_config.o (.text.DL_SYSCTL_disableSYSPLL)
                  00004aec    00000014     ti_msp_dl_config.o (.text.DL_SYSCTL_enableSYSPLL)
                  00004b00    00000014     ti_msp_dl_config.o (.text.DL_Timer_enableClock)
                  00004b14    00000014     ti_msp_dl_config.o (.text.DL_Timer_setCCPDirection)
                  00004b28    00000014     bluetooth.o (.text.DL_UART_receiveData)
                  00004b3c    00000014     uart_cmd.o (.text.DL_UART_receiveData)
                  00004b50    00000012     bluetooth.o (.text.DL_UART_getPendingInterrupt)
                  00004b62    00000012     uart_cmd.o (.text.DL_UART_getPendingInterrupt)
                  00004b74    00000012     driverlib.a : dl_uart.o (.text.DL_UART_setClockConfig)
                  00004b86    00000012     libc.a : memcpy16.S.obj (.text:TI_memcpy_small)
                  00004b98    00000012            : copy_decompress_none.c.obj (.text:decompress:none)
                  00004baa    00000002     --HOLE-- [fill = 0]
                  00004bac    00000010     ti_msp_dl_config.o (.text.DL_SYSCTL_disableHFXT)
                  00004bbc    00000010     ti_msp_dl_config.o (.text.DL_SYSCTL_isFCCDone)
                  00004bcc    00000010     ti_msp_dl_config.o (.text.DL_SYSCTL_startFCC)
                  00004bdc    00000010     driverlib.a : dl_timer.o (.text.DL_Timer_setCaptureCompareValue)
                  00004bec    00000010     libc.a : k_rem_pio2.c.obj (.text.OUTLINED_FUNCTION_2)
                  00004bfc    00000010     ti_msp_dl_config.o (.text.SYSCFG_DL_SYSTICK_init)
                  00004c0c    0000000c     ti_msp_dl_config.o (.text.DL_SYSCTL_readFCC)
                  00004c18    0000000c     delay.o (.text.delay_get_ms)
                  00004c24    0000000a     driverlib.a : dl_common.o (.text.DL_Common_delayCycles)
                  00004c2e    0000000a     libc.a : s_tanf.c.obj (.text.OUTLINED_FUNCTION_0)
                  00004c38    0000000a            : k_rem_pio2.c.obj (.text.OUTLINED_FUNCTION_1)
                  00004c42    0000000a            : s_cosf.c.obj (.text.OUTLINED_FUNCTION_3)
                  00004c4c    0000000a            : s_sinf.c.obj (.text.OUTLINED_FUNCTION_3)
                  00004c56    00000008     encoder.o (.text.GROUP1_IRQHandler)
                  00004c5e    00000008     empty.o (.text.SysTick_Handler)
                  00004c66    00000008     uart_cmd.o (.text.UART0_IRQHandler)
                  00004c6e    00000002     --HOLE-- [fill = 0]
                  00004c70    00000008     libc.a : aeabi_portable.c.obj (.text.__aeabi_errno_addr)
                  00004c78    00000008     libclang_rt.builtins.a : aeabi_memcpy.S.obj (.text.__aeabi_memcpy)
                  00004c80    00000006     libc.a : s_atanf.c.obj (.text.OUTLINED_FUNCTION_0)
                  00004c86    00000002     --HOLE-- [fill = 0]
                  00004c88    00000010     libclang_rt.builtins.a : divsf3.S.obj (.tramp.__aeabi_fdiv.1)
                  00004c98    00000006     libc.a : s_cosf.c.obj (.text.OUTLINED_FUNCTION_0)
                  00004c9e    00000002     --HOLE-- [fill = 0]
                  00004ca0    00000010     libclang_rt.builtins.a : muldf3.S.obj (.tramp.__aeabi_dmul.1)
                  00004cb0    00000006     libc.a : s_sinf.c.obj (.text.OUTLINED_FUNCTION_0)
                  00004cb6    00000006            : s_cosf.c.obj (.text.OUTLINED_FUNCTION_1)
                  00004cbc    00000006            : s_sinf.c.obj (.text.OUTLINED_FUNCTION_1)
                  00004cc2    00000006            : exit.c.obj (.text:abort)
                  00004cc8    00000004     startup_mspm0g350x_ticlang.o (.text.Default_Handler)
                  00004ccc    00000004     libsysbm.a : hostexit.c.obj (.text.HOSTexit)
                  00004cd0    00000004     libc.a : s_atanf.c.obj (.text.OUTLINED_FUNCTION_1)
                  00004cd4    00000010     libclang_rt.builtins.a : addsf3.S.obj (.tramp.__aeabi_fadd.1)
                  00004ce4    00000004     libc.a : s_tanf.c.obj (.text.OUTLINED_FUNCTION_1)
                  00004ce8    00000010     libclang_rt.builtins.a : extendsfdf2.S.obj (.tramp.__aeabi_f2d.1)
                  00004cf8    00000004     libc.a : s_cosf.c.obj (.text.OUTLINED_FUNCTION_2)
                  00004cfc    00000004            : s_sinf.c.obj (.text.OUTLINED_FUNCTION_2)
                  00004d00    00000004     startup_mspm0g350x_ticlang.o (.text.Reset_Handler)
                  00004d04    00000010     libc.a : boot_cortex_m.c.obj (.tramp._c_int00_noargs.1)
                  00004d14    00000004            : pre_init.c.obj (.text._system_pre_init)
                  00004d18    00000008     --HOLE-- [fill = 0]

.cinit     0    00004ef0    00000038     
                  00004ef0    0000000f     (.cinit..data.load) [load image, compression = lzss]
                  00004eff    00000001     --HOLE-- [fill = 0]
                  00004f00    0000000c     (__TI_handler_table)
                  00004f0c    00000008     (.cinit..bss.load) [load image, compression = zero_init]
                  00004f14    00000010     (__TI_cinit_table)
                  00004f24    00000004     --HOLE-- [fill = 0]

.rodata    0    00004d20    000001d0     
                  00004d20    00000108     libc.a : k_rem_pio2.c.obj (.rodata.ipio2)
                  00004e28    00000040            : k_rem_pio2.c.obj (.rodata.PIo2)
                  00004e68    00000028     ti_msp_dl_config.o (.rodata.gSYSPLLConfig)
                  00004e90    00000020     libc.a : s_atanf.c.obj (.rodata.cst16)
                  00004eb0    00000010            : k_rem_pio2.c.obj (.rodata.cst16)
                  00004ec0    0000000a     ti_msp_dl_config.o (.rodata.gUART0Config)
                  00004eca    0000000a     ti_msp_dl_config.o (.rodata.gUART_1Config)
                  00004ed4    00000009     vofa.o (.rodata.str1.15592850640436249970.1)
                  00004edd    00000003     ti_msp_dl_config.o (.rodata.gPWMClockConfig)
                  00004ee0    00000008     ti_msp_dl_config.o (.rodata.gPWMConfig)
                  00004ee8    00000002     ti_msp_dl_config.o (.rodata.gI2C_ICM42688ClockConfig)
                  00004eea    00000002     ti_msp_dl_config.o (.rodata.gUART0ClockConfig)
                  00004eec    00000002     ti_msp_dl_config.o (.rodata.gUART_1ClockConfig)
                  00004eee    00000002     --HOLE-- [fill = 0]

.init_array 
*          0    00000000    00000000     UNINITIALIZED

.binit     0    00000000    00000000     

.bss       0    20200000    00000170     UNINITIALIZED
                  20200000    000000a0     (.common:gPWMBackup)
                  202000a0    00000080     bluetooth.o (.bss.g_rxBuffer)
                  20200120    00000050     uart_cmd.o (.bss.g_uartCmdBuffer)

.data      0    20200170    0000007f     UNINITIALIZED
                  20200170    00000008     attitude.o (.data.g_accCalSumX)
                  20200178    00000008     attitude.o (.data.g_accCalSumY)
                  20200180    00000008     attitude.o (.data.g_accCalSumZ)
                  20200188    00000008     attitude.o (.data.g_gyroCalSumX)
                  20200190    00000008     attitude.o (.data.g_gyroCalSumY)
                  20200198    00000008     attitude.o (.data.g_gyroCalSumZ)
                  202001a0    00000004     libc.a : aeabi_portable.c.obj (.data.__aeabi_errno)
                  202001a4    00000004     delay.o (.data.delay_ms_ticks)
                  202001a8    00000004     delay.o (.data.delay_times)
                  202001ac    00000004     attitude.o (.data.g_accFiltX)
                  202001b0    00000004     attitude.o (.data.g_accFiltY)
                  202001b4    00000004     attitude.o (.data.g_accFiltZ)
                  202001b8    00000004     encoder.o (.data.g_encoderLeftCount)
                  202001bc    00000004     encoder.o (.data.g_encoderRightCount)
                  202001c0    00000004     attitude.o (.data.g_gyroBiasX)
                  202001c4    00000004     attitude.o (.data.g_gyroBiasY)
                  202001c8    00000004     attitude.o (.data.g_gyroBiasZ)
                  202001cc    00000004     attitude.o (.data.g_gyroCalCount)
                  202001d0    00000004     attitude.o (.data.g_gyroZDps)
                  202001d4    00000004     attitude.o (.data.g_pitchDeg)
                  202001d8    00000004     attitude.o (.data.g_pitchZeroDeg)
                  202001dc    00000004     attitude.o (.data.g_rollDeg)
                  202001e0    00000004     attitude.o (.data.g_rollZeroDeg)
                  202001e4    00000004     attitude.o (.data.g_yawDeg)
                  202001e8    00000001     attitude.o (.data.g_accFilterReady)
                  202001e9    00000001     attitude.o (.data.g_gyroCalibrated)
                  202001ea    00000001     icm42688.o (.data.g_icm42688Address)
                  202001eb    00000001     bluetooth.o (.data.g_rxHead)
                  202001ec    00000001     bluetooth.o (.data.g_rxTail)
                  202001ed    00000001     uart_cmd.o (.data.g_uartCmdIndex)
                  202001ee    00000001     uart_cmd.o (.data.g_uartCmdReady)

.stack     0    20207e00    00000200     UNINITIALIZED
                  20207e00    00000004     libc.a : boot_cortex_m.c.obj (.stack)
                  20207e04    000001fc     --HOLE--

__llvm_prf_cnts 
*          0    20200000    00000000     UNINITIALIZED

__llvm_prf_bits 
*          0    20200000    00000000     UNINITIALIZED

MODULE SUMMARY

       Module                         code    ro data   rw data
       ------                         ----    -------   -------
    .\
       ti_msp_dl_config.o             2914    77        160    
       empty.o                        456     0         0      
       startup_mspm0g350x_ticlang.o   8       192       0      
    +--+------------------------------+-------+---------+---------+
       Total:                         3378    269       160    
                                                               
    .\Src\
       attitude.o                     2850    0         102    
       icm42688.o                     2170    0         1      
       vofa.o                         640     9         0      
       encoder.o                      378     0         8      
       uart_cmd.o                     250     0         82     
       bluetooth.o                    170     0         130    
       delay.o                        84      0         8      
    +--+------------------------------+-------+---------+---------+
       Total:                         6542    9         331    
                                                               
    C:/TI/mspm0_sdk_2_10_00_04/source/ti/driverlib/lib/ticlang/m0p/mspm0g1x0x_g3x0x/driverlib.a
       dl_timer.o                     356     0         0      
       dl_sysctl_mspm0g1x0x_g3x0x.o   316     0         0      
       dl_i2c.o                       240     0         0      
       dl_uart.o                      90      0         0      
       dl_common.o                    10      0         0      
    +--+------------------------------+-------+---------+---------+
       Total:                         1012    0         0      
                                                               
    D:\ti\ccs2050\ccs\tools\compiler\ti-cgt-armllvm_4.0.4.LTS\lib\armv6m-ti-none-eabi/c/libc.a
       k_rem_pio2.c.obj               1652    344       0      
       s_cosf.c.obj                   822     0         0      
       s_sinf.c.obj                   810     0         0      
       s_tanf.c.obj                   746     0         0      
       s_atanf.c.obj                  466     32        0      
       s_floor.c.obj                  324     0         0      
       e_atan2f.c.obj                 280     0         0      
       s_scalbn.c.obj                 216     0         0      
       e_sqrtf.c.obj                  160     0         0      
       copy_decompress_lzss.c.obj     124     0         0      
       autoinit.c.obj                 60      0         0      
       boot_cortex_m.c.obj            56      0         0      
       copy_zero_init.c.obj           22      0         0      
       copy_decompress_none.c.obj     18      0         0      
       memcpy16.S.obj                 18      0         0      
       aeabi_portable.c.obj           8       0         4      
       exit.c.obj                     6       0         0      
       pre_init.c.obj                 4       0         0      
    +--+------------------------------+-------+---------+---------+
       Total:                         5792    376       4      
                                                               
    D:\ti\ccs2050\ccs\tools\compiler\ti-cgt-armllvm_4.0.4.LTS\lib\armv6m-ti-none-eabi/c/libsysbm.a
       hostexit.c.obj                 4       0         0      
    +--+------------------------------+-------+---------+---------+
       Total:                         4       0         0      
                                                               
    D:\ti\ccs2050\ccs\tools\compiler\ti-cgt-armllvm_4.0.4.LTS\lib\armv6m-ti-none-eabi/libclang_rt.builtins.a
       adddf3.S.obj                   418     0         0      
       divdf3.S.obj                   268     0         0      
       muldf3.S.obj                   244     0         0      
       addsf3.S.obj                   232     0         0      
       comparedf2.c.obj               220     0         0      
       divsf3.S.obj                   146     0         0      
       mulsf3.S.obj                   140     0         0      
       comparesf2.S.obj               118     0         0      
       truncdfsf2.S.obj               116     0         0      
       aeabi_dcmp.S.obj               98      0         0      
       aeabi_fcmp.S.obj               98      0         0      
       aeabi_idivmod.S.obj            86      0         0      
       extendsfdf2.S.obj              80      0         0      
       floatdisf.S.obj                78      0         0      
       fixdfsi.S.obj                  74      0         0      
       aeabi_uidivmod.S.obj           64      0         0      
       floatsisf.S.obj                60      0         0      
       muldsi3.S.obj                  58      0         0      
       fixsfsi.S.obj                  56      0         0      
       floatsidf.S.obj                44      0         0      
       floatunsisf.S.obj              40      0         0      
       floatunsidf.S.obj              36      0         0      
       aeabi_memcpy.S.obj             8       0         0      
       aeabi_div0.c.obj               2       0         0      
    +--+------------------------------+-------+---------+---------+
       Total:                         2784    0         0      
                                                               
       Stack:                         0       0         512    
       Linker Generated:              0       51        0      
    +--+------------------------------+-------+---------+---------+
       Grand Total:                   19512   705       1007   


LINKER GENERATED COPY TABLES

__TI_cinit_table @ 00004f14 records: 2, size/record: 8, table size: 16
	.data: load addr=00004ef0, load size=0000000f bytes, run addr=20200170, run size=0000007f bytes, compression=lzss
	.bss: load addr=00004f0c, load size=00000008 bytes, run addr=20200000, run size=00000170 bytes, compression=zero_init


LINKER GENERATED HANDLER TABLE

__TI_handler_table @ 00004f00 records: 3, size/record: 4, table size: 12
	index: 0, handler: __TI_decompress_lzss
	index: 1, handler: __TI_decompress_none
	index: 2, handler: __TI_zero_init


FAR CALL TRAMPOLINES

callee name               trampoline name
   callee addr  tramp addr   call addr  call info
--------------  -----------  ---------  ----------------
__aeabi_dadd              $Tramp$TT$L$PI$$__aeabi_dadd
   00001bff     00004a4c     00004a4a   libc.a : k_rem_pio2.c.obj (.text.OUTLINED_FUNCTION_0)
                             00004c36          : s_tanf.c.obj (.text.OUTLINED_FUNCTION_0)
                             00004c40          : k_rem_pio2.c.obj (.text.OUTLINED_FUNCTION_1)
                             00004c4a          : s_cosf.c.obj (.text.OUTLINED_FUNCTION_3)
                             00004c54          : s_sinf.c.obj (.text.OUTLINED_FUNCTION_3)
__aeabi_fdiv              $Tramp$TT$L$PI$$__aeabi_fdiv
   00003209     00004c88     00004c84   libc.a : s_atanf.c.obj (.text.OUTLINED_FUNCTION_0)
__aeabi_dmul              $Tramp$TT$L$PI$$__aeabi_dmul
   00002545     00004ca0     00004c9c   libc.a : s_cosf.c.obj (.text.OUTLINED_FUNCTION_0)
                             00004cb4          : s_sinf.c.obj (.text.OUTLINED_FUNCTION_0)
                             00004cba          : s_cosf.c.obj (.text.OUTLINED_FUNCTION_1)
                             00004cc0          : s_sinf.c.obj (.text.OUTLINED_FUNCTION_1)
__aeabi_fadd              $Tramp$TT$L$PI$$__aeabi_fadd
   000027e7     00004cd4     00004cd2   libc.a : s_atanf.c.obj (.text.OUTLINED_FUNCTION_1)
__aeabi_f2d               $Tramp$TT$L$PI$$__aeabi_f2d
   00003fa9     00004ce8     00004ce6   libc.a : s_tanf.c.obj (.text.OUTLINED_FUNCTION_1)
                             00004cfa          : s_cosf.c.obj (.text.OUTLINED_FUNCTION_2)
                             00004cfe          : s_sinf.c.obj (.text.OUTLINED_FUNCTION_2)
_c_int00_noargs           $Tramp$TT$L$PI$$_c_int00_noargs
   000044bd     00004d04     00004d00   startup_mspm0g350x_ticlang.o (.text.Reset_Handler)

[6 trampolines]
[15 trampoline calls]


GLOBAL SYMBOLS: SORTED ALPHABETICALLY BY Name 

address   name                                 
-------   ----                                 
00004cc9  ADC0_IRQHandler                      
00004cc9  ADC1_IRQHandler                      
00004cc9  AES_IRQHandler                       
00004ccc  C$$EXIT                              
00004cc9  CANFD0_IRQHandler                    
00004cc9  DAC0_IRQHandler                      
00004c25  DL_Common_delayCycles                
000038b9  DL_I2C_fillControllerTXFIFO          
000042e9  DL_I2C_flushControllerRXFIFO         
00004029  DL_I2C_flushControllerTXFIFO         
0000450b  DL_I2C_setClockConfig                
00004721  DL_SYSCTL_configFCC                  
00002629  DL_SYSCTL_configSYSPLL               
00003ea1  DL_SYSCTL_switchMCLKfromSYSOSCtoHSCLK
00002355  DL_Timer_initFourCCPWMMode           
00004791  DL_Timer_setCaptCompUpdateMethod     
00004965  DL_Timer_setCaptureCompareOutCtl     
00004bdd  DL_Timer_setCaptureCompareValue      
000047ad  DL_Timer_setClockConfig              
00003cf1  DL_UART_init                         
00004b75  DL_UART_setClockConfig               
00004cc9  DMA_IRQHandler                       
00004cc9  Default_Handler                      
00004cc9  GROUP0_IRQHandler                    
00004c57  GROUP1_IRQHandler                    
00004ccd  HOSTexit                             
00004cc9  HardFault_Handler                    
00004cc9  I2C0_IRQHandler                      
00004cc9  I2C1_IRQHandler                      
00004cc9  NMI_Handler                          
00004cc9  PendSV_Handler                       
00004cc9  RTC_IRQHandler                       
00004d01  Reset_Handler                        
00004cc9  SPI0_IRQHandler                      
00004cc9  SPI1_IRQHandler                      
00004cc9  SVC_Handler                          
00001a61  SYSCFG_DL_GPIO_init                  
00003975  SYSCFG_DL_I2C_ICM42688_init          
00002ed1  SYSCFG_DL_PWM_init                   
00002459  SYSCFG_DL_SYSCTL_SYSPLL_init         
000036c1  SYSCFG_DL_SYSCTL_init                
00004bfd  SYSCFG_DL_SYSTICK_init               
00003f29  SYSCFG_DL_UART0_init                 
00003a25  SYSCFG_DL_UART_1_init                
00004319  SYSCFG_DL_init                       
00003309  SYSCFG_DL_initPower                  
00004c5f  SysTick_Handler                      
00004cc9  TIMA0_IRQHandler                     
00004cc9  TIMA1_IRQHandler                     
00004cc9  TIMG0_IRQHandler                     
00004cc9  TIMG12_IRQHandler                    
00004cc9  TIMG6_IRQHandler                     
00004cc9  TIMG7_IRQHandler                     
00004cc9  TIMG8_IRQHandler                     
00004b87  TI_memcpy_small                      
00004c67  UART0_IRQHandler                     
00003655  UART1_IRQHandler                     
00004cc9  UART2_IRQHandler                     
00004cc9  UART3_IRQHandler                     
20208000  __STACK_END                          
00000200  __STACK_SIZE                         
00000000  __TI_ATRegion0_region_sz             
00000000  __TI_ATRegion0_src_addr              
00000000  __TI_ATRegion0_trg_addr              
00000000  __TI_ATRegion1_region_sz             
00000000  __TI_ATRegion1_src_addr              
00000000  __TI_ATRegion1_trg_addr              
00000000  __TI_ATRegion2_region_sz             
00000000  __TI_ATRegion2_src_addr              
00000000  __TI_ATRegion2_trg_addr              
00004f14  __TI_CINIT_Base                      
00004f24  __TI_CINIT_Limit                     
00004f24  __TI_CINIT_Warm                      
00004f00  __TI_Handler_Table_Base              
00004f0c  __TI_Handler_Table_Limit             
00004155  __TI_auto_init_nobinit_nopinit       
00003385  __TI_decompress_lzss                 
00004b99  __TI_decompress_none                 
ffffffff  __TI_pprof_out_hndl                  
ffffffff  __TI_prof_data_size                  
ffffffff  __TI_prof_data_start                 
00000000  __TI_static_base__                   
00004a5d  __TI_zero_init_nomemset              
00001bff  __adddf3                             
000027e7  __addsf3                             
00003571  __aeabi_d2f                          
00003ca5  __aeabi_d2iz                         
00001bff  __aeabi_dadd                         
00003791  __aeabi_dcmpeq                       
000037cd  __aeabi_dcmpge                       
000037e1  __aeabi_dcmpgt                       
000037b9  __aeabi_dcmple                       
000037a5  __aeabi_dcmplt                       
00002249  __aeabi_ddiv                         
00002545  __aeabi_dmul                         
00001bf5  __aeabi_dsub                         
202001a0  __aeabi_errno                        
00004c71  __aeabi_errno_addr                   
00003fa9  __aeabi_f2d                          
00004209  __aeabi_f2iz                         
000027e7  __aeabi_fadd                         
000037f5  __aeabi_fcmpeq                       
00003831  __aeabi_fcmpge                       
00003845  __aeabi_fcmpgt                       
0000381d  __aeabi_fcmple                       
00003809  __aeabi_fcmplt                       
00003209  __aeabi_fdiv                         
00002f61  __aeabi_fmul                         
000027dd  __aeabi_fsub                         
00004349  __aeabi_i2d                          
000040a1  __aeabi_i2f                          
000039cd  __aeabi_idiv                         
00001d87  __aeabi_idiv0                        
000039cd  __aeabi_idivmod                      
00003bbd  __aeabi_l2f                          
00004c79  __aeabi_memcpy                       
00004c79  __aeabi_memcpy4                      
00004c79  __aeabi_memcpy8                      
00004559  __aeabi_ui2d                         
0000446d  __aeabi_ui2f                         
00003f69  __aeabi_uidiv                        
00003f69  __aeabi_uidivmod                     
ffffffff  __binit__                            
00003729  __cmpdf2                             
00004191  __cmpsf2                             
00002249  __divdf3                             
00003209  __divsf3                             
00003729  __eqdf2                              
00004191  __eqsf2                              
00003fa9  __extendsfdf2                        
00003ca5  __fixdfsi                            
00004209  __fixsfsi                            
00003bbd  __floatdisf                          
00004349  __floatsidf                          
000040a1  __floatsisf                          
00004559  __floatunsidf                        
0000446d  __floatunsisf                        
000034f1  __gedf2                              
000040dd  __gesf2                              
000034f1  __gtdf2                              
000040dd  __gtsf2                              
000000c1  __kernel_rem_pio2                    
00003729  __ledf2                              
00004191  __lesf2                              
00003729  __ltdf2                              
00004191  __ltsf2                              
UNDEFED   __mpu_init                           
00002545  __muldf3                             
000041cd  __muldsi3                            
00002f61  __mulsf3                             
00003729  __nedf2                              
00004191  __nesf2                              
20207e00  __stack                              
20200000  __start___llvm_prf_bits              
20200000  __start___llvm_prf_cnts              
20200000  __stop___llvm_prf_bits               
20200000  __stop___llvm_prf_cnts               
00001bf5  __subdf3                             
000027dd  __subsf3                             
00003571  __truncdfsf2                         
000044bd  _c_int00_noargs                      
UNDEFED   _system_post_cinit                   
00004d15  _system_pre_init                     
00004cc3  abort                                
00002131  atan2f                               
00001361  atanf                                
00000f69  attitude_calibrate_gyro              
00004241  attitude_get_euler                   
00003079  attitude_init                        
00000705  attitude_update_from_icm42688        
ffffffff  binit                                
0000118d  cosf                                 
00004c19  delay_get_ms                         
000045bd  delay_ms                             
00004495  delay_tick                           
202001a8  delay_times                          
00003479  encoder_gpio_irq_handler             
00001d89  floor                                
00001d89  floorl                               
20200000  gPWMBackup                           
00003dc9  icm42688_get_who_am_i                
00001ecd  icm42688_init                        
00002c4d  icm42688_read_raw                    
00000000  interruptVectors                     
00002705  ldexp                                
00002705  ldexpl                               
000016f1  main                                 
00002705  scalbn                               
00002705  scalbnl                              
00001529  sinf                                 
00002cf9  sqrtf                                
000018b1  tanf                                 
00003859  uart0_send_byte                      
00002985  uart0_send_float                     
00003185  uart0_send_int                       
00004531  uart0_send_string                    
00002a41  uart_cmd_irq_handler                 
00002fed  vofa_send_six_float                  


GLOBAL SYMBOLS: SORTED BY Symbol Address 

address   name                                 
-------   ----                                 
00000000  __TI_ATRegion0_region_sz             
00000000  __TI_ATRegion0_src_addr              
00000000  __TI_ATRegion0_trg_addr              
00000000  __TI_ATRegion1_region_sz             
00000000  __TI_ATRegion1_src_addr              
00000000  __TI_ATRegion1_trg_addr              
00000000  __TI_ATRegion2_region_sz             
00000000  __TI_ATRegion2_src_addr              
00000000  __TI_ATRegion2_trg_addr              
00000000  __TI_static_base__                   
00000000  interruptVectors                     
000000c1  __kernel_rem_pio2                    
00000200  __STACK_SIZE                         
00000705  attitude_update_from_icm42688        
00000f69  attitude_calibrate_gyro              
0000118d  cosf                                 
00001361  atanf                                
00001529  sinf                                 
000016f1  main                                 
000018b1  tanf                                 
00001a61  SYSCFG_DL_GPIO_init                  
00001bf5  __aeabi_dsub                         
00001bf5  __subdf3                             
00001bff  __adddf3                             
00001bff  __aeabi_dadd                         
00001d87  __aeabi_idiv0                        
00001d89  floor                                
00001d89  floorl                               
00001ecd  icm42688_init                        
00002131  atan2f                               
00002249  __aeabi_ddiv                         
00002249  __divdf3                             
00002355  DL_Timer_initFourCCPWMMode           
00002459  SYSCFG_DL_SYSCTL_SYSPLL_init         
00002545  __aeabi_dmul                         
00002545  __muldf3                             
00002629  DL_SYSCTL_configSYSPLL               
00002705  ldexp                                
00002705  ldexpl                               
00002705  scalbn                               
00002705  scalbnl                              
000027dd  __aeabi_fsub                         
000027dd  __subsf3                             
000027e7  __addsf3                             
000027e7  __aeabi_fadd                         
00002985  uart0_send_float                     
00002a41  uart_cmd_irq_handler                 
00002c4d  icm42688_read_raw                    
00002cf9  sqrtf                                
00002ed1  SYSCFG_DL_PWM_init                   
00002f61  __aeabi_fmul                         
00002f61  __mulsf3                             
00002fed  vofa_send_six_float                  
00003079  attitude_init                        
00003185  uart0_send_int                       
00003209  __aeabi_fdiv                         
00003209  __divsf3                             
00003309  SYSCFG_DL_initPower                  
00003385  __TI_decompress_lzss                 
00003479  encoder_gpio_irq_handler             
000034f1  __gedf2                              
000034f1  __gtdf2                              
00003571  __aeabi_d2f                          
00003571  __truncdfsf2                         
00003655  UART1_IRQHandler                     
000036c1  SYSCFG_DL_SYSCTL_init                
00003729  __cmpdf2                             
00003729  __eqdf2                              
00003729  __ledf2                              
00003729  __ltdf2                              
00003729  __nedf2                              
00003791  __aeabi_dcmpeq                       
000037a5  __aeabi_dcmplt                       
000037b9  __aeabi_dcmple                       
000037cd  __aeabi_dcmpge                       
000037e1  __aeabi_dcmpgt                       
000037f5  __aeabi_fcmpeq                       
00003809  __aeabi_fcmplt                       
0000381d  __aeabi_fcmple                       
00003831  __aeabi_fcmpge                       
00003845  __aeabi_fcmpgt                       
00003859  uart0_send_byte                      
000038b9  DL_I2C_fillControllerTXFIFO          
00003975  SYSCFG_DL_I2C_ICM42688_init          
000039cd  __aeabi_idiv                         
000039cd  __aeabi_idivmod                      
00003a25  SYSCFG_DL_UART_1_init                
00003bbd  __aeabi_l2f                          
00003bbd  __floatdisf                          
00003ca5  __aeabi_d2iz                         
00003ca5  __fixdfsi                            
00003cf1  DL_UART_init                         
00003dc9  icm42688_get_who_am_i                
00003ea1  DL_SYSCTL_switchMCLKfromSYSOSCtoHSCLK
00003f29  SYSCFG_DL_UART0_init                 
00003f69  __aeabi_uidiv                        
00003f69  __aeabi_uidivmod                     
00003fa9  __aeabi_f2d                          
00003fa9  __extendsfdf2                        
00004029  DL_I2C_flushControllerTXFIFO         
000040a1  __aeabi_i2f                          
000040a1  __floatsisf                          
000040dd  __gesf2                              
000040dd  __gtsf2                              
00004155  __TI_auto_init_nobinit_nopinit       
00004191  __cmpsf2                             
00004191  __eqsf2                              
00004191  __lesf2                              
00004191  __ltsf2                              
00004191  __nesf2                              
000041cd  __muldsi3                            
00004209  __aeabi_f2iz                         
00004209  __fixsfsi                            
00004241  attitude_get_euler                   
000042e9  DL_I2C_flushControllerRXFIFO         
00004319  SYSCFG_DL_init                       
00004349  __aeabi_i2d                          
00004349  __floatsidf                          
0000446d  __aeabi_ui2f                         
0000446d  __floatunsisf                        
00004495  delay_tick                           
000044bd  _c_int00_noargs                      
0000450b  DL_I2C_setClockConfig                
00004531  uart0_send_string                    
00004559  __aeabi_ui2d                         
00004559  __floatunsidf                        
000045bd  delay_ms                             
00004721  DL_SYSCTL_configFCC                  
00004791  DL_Timer_setCaptCompUpdateMethod     
000047ad  DL_Timer_setClockConfig              
00004965  DL_Timer_setCaptureCompareOutCtl     
00004a5d  __TI_zero_init_nomemset              
00004b75  DL_UART_setClockConfig               
00004b87  TI_memcpy_small                      
00004b99  __TI_decompress_none                 
00004bdd  DL_Timer_setCaptureCompareValue      
00004bfd  SYSCFG_DL_SYSTICK_init               
00004c19  delay_get_ms                         
00004c25  DL_Common_delayCycles                
00004c57  GROUP1_IRQHandler                    
00004c5f  SysTick_Handler                      
00004c67  UART0_IRQHandler                     
00004c71  __aeabi_errno_addr                   
00004c79  __aeabi_memcpy                       
00004c79  __aeabi_memcpy4                      
00004c79  __aeabi_memcpy8                      
00004cc3  abort                                
00004cc9  ADC0_IRQHandler                      
00004cc9  ADC1_IRQHandler                      
00004cc9  AES_IRQHandler                       
00004cc9  CANFD0_IRQHandler                    
00004cc9  DAC0_IRQHandler                      
00004cc9  DMA_IRQHandler                       
00004cc9  Default_Handler                      
00004cc9  GROUP0_IRQHandler                    
00004cc9  HardFault_Handler                    
00004cc9  I2C0_IRQHandler                      
00004cc9  I2C1_IRQHandler                      
00004cc9  NMI_Handler                          
00004cc9  PendSV_Handler                       
00004cc9  RTC_IRQHandler                       
00004cc9  SPI0_IRQHandler                      
00004cc9  SPI1_IRQHandler                      
00004cc9  SVC_Handler                          
00004cc9  TIMA0_IRQHandler                     
00004cc9  TIMA1_IRQHandler                     
00004cc9  TIMG0_IRQHandler                     
00004cc9  TIMG12_IRQHandler                    
00004cc9  TIMG6_IRQHandler                     
00004cc9  TIMG7_IRQHandler                     
00004cc9  TIMG8_IRQHandler                     
00004cc9  UART2_IRQHandler                     
00004cc9  UART3_IRQHandler                     
00004ccc  C$$EXIT                              
00004ccd  HOSTexit                             
00004d01  Reset_Handler                        
00004d15  _system_pre_init                     
00004f00  __TI_Handler_Table_Base              
00004f0c  __TI_Handler_Table_Limit             
00004f14  __TI_CINIT_Base                      
00004f24  __TI_CINIT_Limit                     
00004f24  __TI_CINIT_Warm                      
20200000  __start___llvm_prf_bits              
20200000  __start___llvm_prf_cnts              
20200000  __stop___llvm_prf_bits               
20200000  __stop___llvm_prf_cnts               
20200000  gPWMBackup                           
202001a0  __aeabi_errno                        
202001a8  delay_times                          
20207e00  __stack                              
20208000  __STACK_END                          
ffffffff  __TI_pprof_out_hndl                  
ffffffff  __TI_prof_data_size                  
ffffffff  __TI_prof_data_start                 
ffffffff  __binit__                            
ffffffff  binit                                
UNDEFED   __mpu_init                           
UNDEFED   _system_post_cinit                   

[198 symbols]
