******************************************************************************
            TI ARM Clang Linker PC v4.0.4                      
******************************************************************************
>> Linked Mon Jul 27 11:10:33 2026

OUTPUT FILE NAME:   <C07A.out>
ENTRY POINT SYMBOL: "_c_int00_noargs"  address: 000026cd


MEMORY CONFIGURATION

         name            origin    length      used     unused   attr    fill
----------------------  --------  ---------  --------  --------  ----  --------
  FLASH                 00000000   00020000  00003438  0001cbc8  R  X
  SRAM                  20200000   00008000  00000427  00007bd9  RW X
  BCR_CONFIG            41c00000   000000ff  00000000  000000ff  R   
  BSL_CONFIG            41c00100   00000080  00000000  00000080  R   


SEGMENT ALLOCATION MAP

run origin  load origin   length   init length attrs members
----------  ----------- ---------- ----------- ----- -------
00000000    00000000    00003438   00003438    r-x
  00000000    00000000    000000c0   000000c0    r-- .intvecs
  000000c0    000000c0    00003078   00003078    r-x .text
  00003138    00003138    000002c0   000002c0    r-- .rodata
  000033f8    000033f8    00000040   00000040    r-- .cinit
20200000    20200000    00000227   00000000    rw-
  20200000    20200000    000001d0   00000000    rw- .bss
  202001d0    202001d0    00000057   00000000    rw- .data
20207e00    20207e00    00000200   00000000    rw-
  20207e00    20207e00    00000200   00000000    rw- .stack


SECTION ALLOCATION MAP

 output                                  attributes/
section   page    origin      length       input sections
--------  ----  ----------  ----------   ----------------
.intvecs   0    00000000    000000c0     
                  00000000    000000c0     startup_mspm0g350x_ticlang.o (.intvecs)

.text      0    000000c0    00003078     
                  000000c0    000001a8     line_track.o (.text.line_track_update_with_raw_impl)
                  00000268    00000194     ti_msp_dl_config.o (.text.SYSCFG_DL_GPIO_init)
                  000003fc    00000108     encoder.o (.text.encoder_init)
                  00000504    00000108     pid.o (.text.speed_pid_control_update)
                  0000060c    00000104     driverlib.a : dl_timer.o (.text.DL_Timer_initFourCCPWMMode)
                  00000710    00000100     motor.o (.text.motor_set_pwm)
                  00000810    000000fc     empty.o (.text.square_main_update_oled)
                  0000090c    000000f8     square_track.o (.text.square_track_update)
                  00000a04    000000ec     ti_msp_dl_config.o (.text.SYSCFG_DL_SYSCTL_SYSPLL_init)
                  00000af0    000000dc     driverlib.a : dl_sysctl_mspm0g1x0x_g3x0x.o (.text.DL_SYSCTL_configSYSPLL)
                  00000bcc    000000ce     oled.o (.text.oled_init)
                  00000c9a    00000002     libclang_rt.builtins.a : aeabi_div0.c.obj (.text.__aeabi_idiv0)
                  00000c9c    000000b4     uart_cmd.o (.text.uart_cmd_irq_handler)
                  00000d50    000000aa     pid.o (.text.pid_calculate)
                  00000dfa    000000a6     oled.o (.text.oled_print_int)
                  00000ea0    000000a2     libclang_rt.builtins.a : udivmoddi4.S.obj (.text)
                  00000f42    00000002                            : aeabi_div0.c.obj (.text.__aeabi_ldiv0)
                  00000f44    00000094     line_track.o (.text.line_track_calculate_error)
                  00000fd8    00000090     ti_msp_dl_config.o (.text.SYSCFG_DL_PWM_init)
                  00001068    0000008c     encoder.o (.text.encoder_delta_to_speed_mm_s)
                  000010f4    0000008c     oled.o (.text.oled_print_char)
                  00001180    00000084     ti_msp_dl_config.o (.text.__NVIC_SetPriority)
                  00001204    00000084     pid.o (.text.speed_pid_init)
                  00001288    00000084     vofa.o (.text.uart0_send_int)
                  0000130c    0000007c     ti_msp_dl_config.o (.text.SYSCFG_DL_initPower)
                  00001388    0000007c     gray_serial.o (.text.gray_serial_read)
                  00001404    0000007c     libc.a : copy_decompress_lzss.c.obj (.text:decompress:lzss)
                  00001480    00000078     encoder.o (.text.encoder_gpio_irq_handler)
                  000014f8    00000074     libclang_rt.builtins.a : comparedf2.c.obj (.text.__gedf2)
                  0000156c    00000074     encoder.o (.text.encoder_update_speed)
                  000015e0    00000070     encoder.o (.text.encoder_reset_count)
                  00001650    0000006c     bluetooth.o (.text.UART1_IRQHandler)
                  000016bc    0000006c     oled.o (.text.oled_set_cursor)
                  00001728    00000068     ti_msp_dl_config.o (.text.SYSCFG_DL_SYSCTL_init)
                  00001790    00000068     libclang_rt.builtins.a : comparedf2.c.obj (.text.__ledf2)
                  000017f8    00000068     vofa.o (.text.vofa_send_six_int)
                  00001860    00000066     pid.o (.text.pid_apply_min_start_pwm)
                  000018c6    00000002     --HOLE-- [fill = 0]
                  000018c8    00000062     libclang_rt.builtins.a : aeabi_dcmp.S.obj (.text.__aeabi_dcmp)
                  0000192a    00000002     --HOLE-- [fill = 0]
                  0000192c    00000060     vofa.o (.text.uart0_send_byte)
                  0000198c    00000058     ti_msp_dl_config.o (.text.SYSCFG_DL_I2C_ICM42688_init)
                  000019e4    00000056     libclang_rt.builtins.a : aeabi_idivmod.S.obj (.text.__aeabi_idivmod)
                  00001a3a    00000002     --HOLE-- [fill = 0]
                  00001a3c    00000054     ti_msp_dl_config.o (.text.SYSCFG_DL_UART_1_init)
                  00001a90    00000054     empty.o (.text.main)
                  00001ae4    00000054     square_track.o (.text.square_track_counts_to_mm)
                  00001b38    00000050     ti_msp_dl_config.o (.text.DL_GPIO_initPeripheralInputFunctionFeatures)
                  00001b88    00000050     ti_msp_dl_config.o (.text.SysTick_Config)
                  00001bd8    00000050     oled.o (.text.oled_write_byte)
                  00001c28    0000004e     square_track.o (.text.square_track_count_active)
                  00001c76    00000002     --HOLE-- [fill = 0]
                  00001c78    0000004c     ti_msp_dl_config.o (.text.DL_GPIO_initDigitalInputFeatures)
                  00001cc4    0000004c     ti_msp_dl_config.o (.text.DL_UART_setBaudRateDivisor)
                  00001d10    00000048     driverlib.a : dl_uart.o (.text.DL_UART_init)
                  00001d58    00000048     oled.o (.text.oled_clear_line)
                  00001da0    00000048     pid.o (.text.speed_pid_stop)
                  00001de8    00000044     driverlib.a : dl_sysctl_mspm0g1x0x_g3x0x.o (.text.DL_SYSCTL_switchMCLKfromSYSOSCtoHSCLK)
                  00001e2c    00000044     line_track.o (.text.line_track_init)
                  00001e70    00000044     pid.o (.text.pid_limit)
                  00001eb4    00000040     ti_msp_dl_config.o (.text.SYSCFG_DL_UART0_init)
                  00001ef4    00000040     libclang_rt.builtins.a : aeabi_uidivmod.S.obj (.text.__aeabi_uidivmod)
                  00001f34    00000040     motor.o (.text.motor_limit_pwm)
                  00001f74    00000040     oled.o (.text.oled_reverse_bits)
                  00001fb4    0000003e     libclang_rt.builtins.a : divmoddi4.c.obj (.text.__divmoddi4)
                  00001ff2    0000003e     encoder.o (.text.encoder_read_left_state)
                  00002030    0000003e     encoder.o (.text.encoder_read_right_state)
                  0000206e    0000003e     oled.o (.text.oled_print_string)
                  000020ac    0000003c     ti_msp_dl_config.o (.text.DL_Timer_setCounterControl)
                  000020e8    0000003c     oled.o (.text.oled_print_hex_u8)
                  00002124    0000003c     pid.o (.text.pid_init)
                  00002160    0000003c     square_track.o (.text.square_track_start_next_segment)
                  0000219c    0000003c     libc.a : autoinit.c.obj (.text:__TI_auto_init_nobinit_nopinit)
                  000021d8    0000003a     libclang_rt.builtins.a : muldsi3.S.obj (.text.__muldsi3)
                  00002212    00000002     --HOLE-- [fill = 0]
                  00002214    00000038     encoder.o (.text.encoder_update_left)
                  0000224c    00000038     encoder.o (.text.encoder_update_right)
                  00002284    00000036     line_track.o (.text.line_track_limit)
                  000022ba    00000036     oled.o (.text.oled_clear)
                  000022f0    00000036     square_track.o (.text.square_track_center_detected)
                  00002326    00000002     --HOLE-- [fill = 0]
                  00002328    00000034     oled.o (.text.oled_dc)
                  0000235c    00000034     oled.o (.text.oled_rst)
                  00002390    00000034     oled.o (.text.oled_scl)
                  000023c4    00000034     oled.o (.text.oled_sda)
                  000023f8    00000034     pid.o (.text.speed_pid_should_send_vofa)
                  0000242c    00000034     square_track.o (.text.square_track_channel_active)
                  00002460    00000030     ti_msp_dl_config.o (.text.SYSCFG_DL_init)
                  00002490    0000002c     encoder.o (.text.__NVIC_ClearPendingIRQ)
                  000024bc    0000002c     encoder.o (.text.__NVIC_EnableIRQ)
                  000024e8    0000002c     square_track.o (.text.square_track_init)
                  00002514    00000028     ti_msp_dl_config.o (.text.DL_Common_updateReg)
                  0000253c    00000028     ti_msp_dl_config.o (.text.DL_I2C_setControllerRXFIFOThreshold)
                  00002564    00000028     ti_msp_dl_config.o (.text.DL_I2C_setControllerTXFIFOThreshold)
                  0000258c    00000028     delay.o (.text.delay_tick)
                  000025b4    00000028     encoder.o (.text.encoder_get_left_count)
                  000025dc    00000028     encoder.o (.text.encoder_get_left_speed_mm_s)
                  00002604    00000028     encoder.o (.text.encoder_get_right_count)
                  0000262c    00000028     encoder.o (.text.encoder_get_right_speed_mm_s)
                  00002654    00000028     line_track.o (.text.line_track_get_status)
                  0000267c    00000028     square_track.o (.text.square_track_forward_distance_mm)
                  000026a4    00000028     square_track.o (.text.square_track_get_status)
                  000026cc    00000028     libc.a : boot_cortex_m.c.obj (.text:_c_int00_noargs)
                  000026f4    00000026     ti_msp_dl_config.o (.text.DL_I2C_setAnalogGlitchFilterPulseWidth)
                  0000271a    00000026     driverlib.a : dl_i2c.o (.text.DL_I2C_setClockConfig)
                  00002740    00000026     vofa.o (.text.uart0_send_string)
                  00002766    00000002     --HOLE-- [fill = 0]
                  00002768    00000024     libclang_rt.builtins.a : floatunsidf.S.obj (.text.__floatunsidf)
                  0000278c    00000024                            : muldi3.S.obj (.text.__muldi3)
                  000027b0    00000024     encoder.o (.text.encoder_tick_1ms)
                  000027d4    00000024     line_track.o (.text.line_track_is_active)
                  000027f8    00000024     oled.o (.text.oled_physical_page)
                  0000281c    00000024     square_track.o (.text.square_track_set_targets)
                  00002840    00000020     ti_msp_dl_config.o (.text.DL_GPIO_initPeripheralInputFunction)
                  00002860    00000020     ti_msp_dl_config.o (.text.DL_SYSCTL_setFlashWaitState)
                  00002880    00000020     delay.o (.text.delay_ms)
                  000028a0    00000020     encoder.o (.text.encoder_left_a_is_high)
                  000028c0    00000020     encoder.o (.text.encoder_left_b_is_high)
                  000028e0    00000020     encoder.o (.text.encoder_right_a_is_high)
                  00002900    00000020     encoder.o (.text.encoder_right_b_is_high)
                  00002920    00000020     pid.o (.text.speed_pid_set_target)
                  00002940    00000020     square_track.o (.text.square_track_abs_i32)
                  00002960    00000020     square_track.o (.text.square_track_start_advance)
                  00002980    0000001e     ti_msp_dl_config.o (.text.DL_UART_setOversampling)
                  0000299e    00000002     --HOLE-- [fill = 0]
                  000029a0    0000001e     libclang_rt.builtins.a : ashldi3.S.obj (.text.__ashldi3)
                  000029be    00000002     --HOLE-- [fill = 0]
                  000029c0    0000001c     encoder.o (.text.DL_GPIO_clearInterruptStatus)
                  000029dc    0000001c     ti_msp_dl_config.o (.text.DL_GPIO_clearInterruptStatus)
                  000029f8    0000001c     encoder.o (.text.DL_GPIO_disableInterrupt)
                  00002a14    0000001c     ti_msp_dl_config.o (.text.DL_GPIO_enableHiZ)
                  00002a30    0000001c     encoder.o (.text.DL_GPIO_enableInterrupt)
                  00002a4c    0000001c     ti_msp_dl_config.o (.text.DL_GPIO_enableInterrupt)
                  00002a68    0000001c     ti_msp_dl_config.o (.text.DL_GPIO_initPeripheralOutputFunction)
                  00002a84    0000001c     driverlib.a : dl_sysctl_mspm0g1x0x_g3x0x.o (.text.DL_SYSCTL_configFCC)
                  00002aa0    0000001c     ti_msp_dl_config.o (.text.DL_SYSCTL_setFCCPeriods)
                  00002abc    0000001c     ti_msp_dl_config.o (.text.DL_SYSCTL_setSYSOSCFreq)
                  00002ad8    0000001c     ti_msp_dl_config.o (.text.DL_SYSCTL_setULPCLKDivider)
                  00002af4    0000001c     driverlib.a : dl_timer.o (.text.DL_Timer_setCaptCompUpdateMethod)
                  00002b10    0000001c                 : dl_timer.o (.text.DL_Timer_setClockConfig)
                  00002b2c    0000001c     ti_msp_dl_config.o (.text.DL_UART_enableInterrupt)
                  00002b48    0000001c     oled.o (.text.oled_write_cmd)
                  00002b64    0000001c     oled.o (.text.oled_write_data)
                  00002b80    00000018     ti_msp_dl_config.o (.text.DL_GPIO_enableOutput)
                  00002b98    00000018     ti_msp_dl_config.o (.text.DL_GPIO_enablePower)
                  00002bb0    00000018     encoder.o (.text.DL_GPIO_getEnabledInterruptStatus)
                  00002bc8    00000018     ti_msp_dl_config.o (.text.DL_GPIO_initDigitalOutput)
                  00002be0    00000018     ti_msp_dl_config.o (.text.DL_GPIO_reset)
                  00002bf8    00000018     gray_serial.o (.text.DL_GPIO_setPins)
                  00002c10    00000018     motor.o (.text.DL_GPIO_setPins)
                  00002c28    00000018     oled.o (.text.DL_GPIO_setPins)
                  00002c40    00000018     ti_msp_dl_config.o (.text.DL_GPIO_setPins)
                  00002c58    00000018     encoder.o (.text.DL_GPIO_setUpperPinsPolarity)
                  00002c70    00000018     ti_msp_dl_config.o (.text.DL_GPIO_setUpperPinsPolarity)
                  00002c88    00000018     ti_msp_dl_config.o (.text.DL_I2C_enableAnalogGlitchFilter)
                  00002ca0    00000018     ti_msp_dl_config.o (.text.DL_I2C_enableController)
                  00002cb8    00000018     ti_msp_dl_config.o (.text.DL_I2C_enableControllerClockStretching)
                  00002cd0    00000018     ti_msp_dl_config.o (.text.DL_I2C_enablePower)
                  00002ce8    00000018     ti_msp_dl_config.o (.text.DL_I2C_reset)
                  00002d00    00000018     ti_msp_dl_config.o (.text.DL_I2C_setTimerPeriod)
                  00002d18    00000018     ti_msp_dl_config.o (.text.DL_SYSCTL_setBORThreshold)
                  00002d30    00000018     ti_msp_dl_config.o (.text.DL_Timer_enablePower)
                  00002d48    00000018     ti_msp_dl_config.o (.text.DL_Timer_reset)
                  00002d60    00000018     driverlib.a : dl_timer.o (.text.DL_Timer_setCaptureCompareOutCtl)
                  00002d78    00000018     ti_msp_dl_config.o (.text.DL_UART_enablePower)
                  00002d90    00000018     bluetooth.o (.text.DL_UART_isRXFIFOEmpty)
                  00002da8    00000018     uart_cmd.o (.text.DL_UART_isRXFIFOEmpty)
                  00002dc0    00000018     vofa.o (.text.DL_UART_isTXFIFOFull)
                  00002dd8    00000018     ti_msp_dl_config.o (.text.DL_UART_reset)
                  00002df0    00000018     square_track.o (.text.square_track_get_segment_end_label)
                  00002e08    00000018     square_track.o (.text.square_track_get_segment_start_label)
                  00002e20    00000018     square_track.o (.text.square_track_start_turn_right)
                  00002e38    00000016     encoder.o (.text.DL_GPIO_readPins)
                  00002e4e    00000016     gray_serial.o (.text.DL_GPIO_readPins)
                  00002e64    00000016     ti_msp_dl_config.o (.text.DL_UART_enable)
                  00002e7a    00000016     vofa.o (.text.DL_UART_transmitData)
                  00002e90    00000016     line_track.o (.text.line_track_update_with_raw)
                  00002ea6    00000016     libc.a : copy_zero_init.c.obj (.text:decompress:ZI:__TI_zero_init_nomemset)
                  00002ebc    00000014     gray_serial.o (.text.DL_GPIO_clearPins)
                  00002ed0    00000014     motor.o (.text.DL_GPIO_clearPins)
                  00002ee4    00000014     oled.o (.text.DL_GPIO_clearPins)
                  00002ef8    00000014     ti_msp_dl_config.o (.text.DL_GPIO_clearPins)
                  00002f0c    00000014     ti_msp_dl_config.o (.text.DL_I2C_resetControllerTransfer)
                  00002f20    00000014     ti_msp_dl_config.o (.text.DL_SYSCTL_disableSYSPLL)
                  00002f34    00000014     ti_msp_dl_config.o (.text.DL_SYSCTL_enableSYSPLL)
                  00002f48    00000014     ti_msp_dl_config.o (.text.DL_Timer_enableClock)
                  00002f5c    00000014     ti_msp_dl_config.o (.text.DL_Timer_setCCPDirection)
                  00002f70    00000014     bluetooth.o (.text.DL_UART_receiveData)
                  00002f84    00000014     uart_cmd.o (.text.DL_UART_receiveData)
                  00002f98    00000014     libclang_rt.builtins.a : aeabi_ldivmod.S.obj (.text.__aeabi_ldivmod)
                  00002fac    00000014     gray_serial.o (.text.gray_serial_delay_us)
                  00002fc0    00000014     gray_serial.o (.text.gray_serial_init)
                  00002fd4    00000014     line_track.o (.text.line_track_set_base_speed)
                  00002fe8    00000014     pid.o (.text.speed_pid_set_speed)
                  00002ffc    00000012     bluetooth.o (.text.DL_UART_getPendingInterrupt)
                  0000300e    00000012     uart_cmd.o (.text.DL_UART_getPendingInterrupt)
                  00003020    00000012     driverlib.a : dl_uart.o (.text.DL_UART_setClockConfig)
                  00003032    00000012     pid.o (.text.pid_reset)
                  00003044    00000012     libc.a : memcpy16.S.obj (.text:TI_memcpy_small)
                  00003056    00000012            : copy_decompress_none.c.obj (.text:decompress:none)
                  00003068    00000010     ti_msp_dl_config.o (.text.DL_SYSCTL_disableHFXT)
                  00003078    00000010     ti_msp_dl_config.o (.text.DL_SYSCTL_isFCCDone)
                  00003088    00000010     ti_msp_dl_config.o (.text.DL_SYSCTL_startFCC)
                  00003098    00000010     driverlib.a : dl_timer.o (.text.DL_Timer_setCaptureCompareValue)
                  000030a8    00000010     ti_msp_dl_config.o (.text.SYSCFG_DL_SYSTICK_init)
                  000030b8    0000000c     ti_msp_dl_config.o (.text.DL_SYSCTL_getClockStatus)
                  000030c4    0000000c     ti_msp_dl_config.o (.text.DL_SYSCTL_readFCC)
                  000030d0    0000000c     empty.o (.text.SysTick_Handler)
                  000030dc    0000000c     delay.o (.text.delay_get_ms)
                  000030e8    0000000a     driverlib.a : dl_common.o (.text.DL_Common_delayCycles)
                  000030f2    00000008     encoder.o (.text.GROUP1_IRQHandler)
                  000030fa    00000008     uart_cmd.o (.text.UART0_IRQHandler)
                  00003102    00000002     --HOLE-- [fill = 0]
                  00003104    00000008     libclang_rt.builtins.a : aeabi_memcpy.S.obj (.text.__aeabi_memcpy)
                  0000310c    00000006     libc.a : exit.c.obj (.text:abort)
                  00003112    00000004     startup_mspm0g350x_ticlang.o (.text.Default_Handler)
                  00003116    00000004     libsysbm.a : hostexit.c.obj (.text.HOSTexit)
                  0000311a    00000004     startup_mspm0g350x_ticlang.o (.text.Reset_Handler)
                  0000311e    00000002     --HOLE-- [fill = 0]
                  00003120    00000010     libc.a : boot_cortex_m.c.obj (.tramp._c_int00_noargs.1)
                  00003130    00000004            : pre_init.c.obj (.text._system_pre_init)
                  00003134    00000004     --HOLE-- [fill = 0]

.cinit     0    000033f8    00000040     
                  000033f8    00000019     (.cinit..data.load) [load image, compression = lzss]
                  00003411    00000003     --HOLE-- [fill = 0]
                  00003414    0000000c     (__TI_handler_table)
                  00003420    00000008     (.cinit..bss.load) [load image, compression = zero_init]
                  00003428    00000010     (__TI_cinit_table)

.rodata    0    00003138    000002c0     
                  00003138    000001e0     oled.o (.rodata.g_font5x7)
                  00003318    00000028     ti_msp_dl_config.o (.rodata.gSYSPLLConfig)
                  00003340    00000011     oled.o (.rodata.oled_print_hex_u8.hex)
                  00003351    00000001     --HOLE-- [fill = 0]
                  00003352    00000010     line_track.o (.rodata.line_track_calculate_error.channelWeight)
                  00003362    00000010     empty.o (.rodata.str1.9410084661655729462.1)
                  00003372    0000000d     empty.o (.rodata.str1.9517790425240694019.1)
                  0000337f    00000001     --HOLE-- [fill = 0]
                  00003380    0000000a     ti_msp_dl_config.o (.rodata.gUART0Config)
                  0000338a    0000000a     ti_msp_dl_config.o (.rodata.gUART_1Config)
                  00003394    00000009     vofa.o (.rodata.str1.15592850640436249970.1)
                  0000339d    00000003     ti_msp_dl_config.o (.rodata.gPWMClockConfig)
                  000033a0    00000008     ti_msp_dl_config.o (.rodata.gPWMConfig)
                  000033a8    00000008     square_track.o (.rodata.g_squareChannelBitMap)
                  000033b0    00000008     line_track.o (.rodata.line_track_calculate_error.channelBitMap)
                  000033b8    00000006     empty.o (.rodata.str1.11898133897667081452.1)
                  000033be    00000006     empty.o (.rodata.str1.16704889451495720520.1)
                  000033c4    00000005     empty.o (.rodata.str1.254342170260855183.1)
                  000033c9    00000005     empty.o (.rodata.str1.7401042497206923953.1)
                  000033ce    00000004     square_track.o (.rodata.square_track_get_segment_end_label.labels)
                  000033d2    00000004     square_track.o (.rodata.square_track_get_segment_start_label.labels)
                  000033d6    00000004     empty.o (.rodata.str1.17669528882079347314.1)
                  000033da    00000003     oled.o (.rodata.str1.10612175213412870912.1)
                  000033dd    00000003     empty.o (.rodata.str1.14685083708502177989.1)
                  000033e0    00000003     empty.o (.rodata.str1.150872071346279890.1)
                  000033e3    00000003     empty.o (.rodata.str1.15706828512682300538.1)
                  000033e6    00000003     empty.o (.rodata.str1.17686411042290499047.1)
                  000033e9    00000003     empty.o (.rodata.str1.2196762768037919588.1)
                  000033ec    00000002     ti_msp_dl_config.o (.rodata.gI2C_ICM42688ClockConfig)
                  000033ee    00000002     ti_msp_dl_config.o (.rodata.gUART0ClockConfig)
                  000033f0    00000002     ti_msp_dl_config.o (.rodata.gUART_1ClockConfig)
                  000033f2    00000006     --HOLE-- [fill = 0]

.init_array 
*          0    00000000    00000000     UNINITIALIZED

.binit     0    00000000    00000000     

.bss       0    20200000    000001d0     UNINITIALIZED
                  20200000    000000a0     (.common:gPWMBackup)
                  202000a0    00000080     bluetooth.o (.bss.g_rxBuffer)
                  20200120    00000050     uart_cmd.o (.bss.g_uartCmdBuffer)
                  20200170    0000001c     pid.o (.bss.g_leftSpeedPid)
                  2020018c    0000001c     pid.o (.bss.g_rightSpeedPid)
                  202001a8    00000014     line_track.o (.bss.g_lineTrackStatus)
                  202001bc    00000014     square_track.o (.bss.g_squareStatus)

.data      0    202001d0    00000057     UNINITIALIZED
                  202001d0    00000004     line_track.o (.data.WEIFEN)
                  202001d4    00000004     delay.o (.data.delay_ms_ticks)
                  202001d8    00000004     delay.o (.data.delay_times)
                  202001dc    00000004     line_track.o (.data.g_baseSpeedMmS)
                  202001e0    00000004     encoder.o (.data.g_encoderLeftCount)
                  202001e4    00000004     encoder.o (.data.g_encoderLeftLastSpeedCount)
                  202001e8    00000004     encoder.o (.data.g_encoderLeftSpeedMmS)
                  202001ec    00000004     encoder.o (.data.g_encoderRightCount)
                  202001f0    00000004     encoder.o (.data.g_encoderRightLastSpeedCount)
                  202001f4    00000004     encoder.o (.data.g_encoderRightSpeedMmS)
                  202001f8    00000004     line_track.o (.data.g_lastError)
                  202001fc    00000004     pid.o (.data.g_leftPwm)
                  20200200    00000004     pid.o (.data.g_leftTargetMmS)
                  20200204    00000004     line_track.o (.data.g_maxCorrectionMmS)
                  20200208    00000004     line_track.o (.data.g_previousError)
                  2020020c    00000004     pid.o (.data.g_rightPwm)
                  20200210    00000004     pid.o (.data.g_rightTargetMmS)
                  20200214    00000004     line_track.o (.data.g_turnKd)
                  20200218    00000004     line_track.o (.data.g_turnKp)
                  2020021c    00000001     oled.o (.data.g_cursorColumn)
                  2020021d    00000001     oled.o (.data.g_cursorPage)
                  2020021e    00000001     encoder.o (.data.g_encoderLeftLastState)
                  2020021f    00000001     encoder.o (.data.g_encoderRightLastState)
                  20200220    00000001     encoder.o (.data.g_encoderSpeedTickMs)
                  20200221    00000001     line_track.o (.data.g_hasPreviousError)
                  20200222    00000001     bluetooth.o (.data.g_rxHead)
                  20200223    00000001     bluetooth.o (.data.g_rxTail)
                  20200224    00000001     pid.o (.data.g_speedPidVofaTick)
                  20200225    00000001     uart_cmd.o (.data.g_uartCmdIndex)
                  20200226    00000001     uart_cmd.o (.data.g_uartCmdReady)

.stack     0    20207e00    00000200     UNINITIALIZED
                  20207e00    00000004     libc.a : boot_cortex_m.c.obj (.stack)
                  20207e04    000001fc     --HOLE--

__llvm_prf_cnts 
*          0    20200000    00000000     UNINITIALIZED

__llvm_prf_bits 
*          0    20200000    00000000     UNINITIALIZED

MODULE SUMMARY

       Module                         code    ro data   rw data
       ------                         ----    -------   -------
    .\
       ti_msp_dl_config.o             2914    77        160    
       empty.o                        348     70        0      
       startup_mspm0g350x_ticlang.o   8       192       0      
    +--+------------------------------+-------+---------+---------+
       Total:                         3270    339       160    
                                                               
    .\Src\
       oled.o                         1356    500       2      
       encoder.o                      1562    0         27     
       pid.o                          990     0         73     
       square_track.o                 872     16        20     
       line_track.o                   812     24        49     
       vofa.o                         416     9         0      
       motor.o                        364     0         0      
       uart_cmd.o                     250     0         82     
       bluetooth.o                    170     0         130    
       gray_serial.o                  230     0         0      
       delay.o                        84      0         8      
    +--+------------------------------+-------+---------+---------+
       Total:                         7106    549       391    
                                                               
    C:/TI/mspm0_sdk_2_10_00_04/source/ti/driverlib/lib/ticlang/m0p/mspm0g1x0x_g3x0x/driverlib.a
       dl_timer.o                     356     0         0      
       dl_sysctl_mspm0g1x0x_g3x0x.o   316     0         0      
       dl_uart.o                      90      0         0      
       dl_i2c.o                       38      0         0      
       dl_common.o                    10      0         0      
    +--+------------------------------+-------+---------+---------+
       Total:                         810     0         0      
                                                               
    D:\ti\ccs2050\ccs\tools\compiler\ti-cgt-armllvm_4.0.4.LTS\lib\armv6m-ti-none-eabi/c/libc.a
       copy_decompress_lzss.c.obj     124     0         0      
       autoinit.c.obj                 60      0         0      
       boot_cortex_m.c.obj            56      0         0      
       copy_zero_init.c.obj           22      0         0      
       copy_decompress_none.c.obj     18      0         0      
       memcpy16.S.obj                 18      0         0      
       exit.c.obj                     6       0         0      
       pre_init.c.obj                 4       0         0      
    +--+------------------------------+-------+---------+---------+
       Total:                         308     0         0      
                                                               
    D:\ti\ccs2050\ccs\tools\compiler\ti-cgt-armllvm_4.0.4.LTS\lib\armv6m-ti-none-eabi/c/libsysbm.a
       hostexit.c.obj                 4       0         0      
    +--+------------------------------+-------+---------+---------+
       Total:                         4       0         0      
                                                               
    D:\ti\ccs2050\ccs\tools\compiler\ti-cgt-armllvm_4.0.4.LTS\lib\armv6m-ti-none-eabi/libclang_rt.builtins.a
       comparedf2.c.obj               220     0         0      
       udivmoddi4.S.obj               162     0         0      
       aeabi_dcmp.S.obj               98      0         0      
       aeabi_idivmod.S.obj            86      0         0      
       aeabi_uidivmod.S.obj           64      0         0      
       divmoddi4.c.obj                62      0         0      
       muldsi3.S.obj                  58      0         0      
       floatunsidf.S.obj              36      0         0      
       muldi3.S.obj                   36      0         0      
       ashldi3.S.obj                  30      0         0      
       aeabi_ldivmod.S.obj            20      0         0      
       aeabi_memcpy.S.obj             8       0         0      
       aeabi_div0.c.obj               4       0         0      
    +--+------------------------------+-------+---------+---------+
       Total:                         884     0         0      
                                                               
       Stack:                         0       0         512    
       Linker Generated:              0       61        0      
    +--+------------------------------+-------+---------+---------+
       Grand Total:                   12382   949       1063   


LINKER GENERATED COPY TABLES

__TI_cinit_table @ 00003428 records: 2, size/record: 8, table size: 16
	.data: load addr=000033f8, load size=00000019 bytes, run addr=202001d0, run size=00000057 bytes, compression=lzss
	.bss: load addr=00003420, load size=00000008 bytes, run addr=20200000, run size=000001d0 bytes, compression=zero_init


LINKER GENERATED HANDLER TABLE

__TI_handler_table @ 00003414 records: 3, size/record: 4, table size: 12
	index: 0, handler: __TI_decompress_lzss
	index: 1, handler: __TI_decompress_none
	index: 2, handler: __TI_zero_init


FAR CALL TRAMPOLINES

callee name               trampoline name
   callee addr  tramp addr   call addr  call info
--------------  -----------  ---------  ----------------
_c_int00_noargs           $Tramp$TT$L$PI$$_c_int00_noargs
   000026cd     00003120     0000311a   startup_mspm0g350x_ticlang.o (.text.Reset_Handler)

[1 trampolines]
[1 trampoline calls]


GLOBAL SYMBOLS: SORTED ALPHABETICALLY BY Name 

address   name                                 
-------   ----                                 
00003113  ADC0_IRQHandler                      
00003113  ADC1_IRQHandler                      
00003113  AES_IRQHandler                       
00003116  C$$EXIT                              
00003113  CANFD0_IRQHandler                    
00003113  DAC0_IRQHandler                      
000030e9  DL_Common_delayCycles                
0000271b  DL_I2C_setClockConfig                
00002a85  DL_SYSCTL_configFCC                  
00000af1  DL_SYSCTL_configSYSPLL               
00001de9  DL_SYSCTL_switchMCLKfromSYSOSCtoHSCLK
0000060d  DL_Timer_initFourCCPWMMode           
00002af5  DL_Timer_setCaptCompUpdateMethod     
00002d61  DL_Timer_setCaptureCompareOutCtl     
00003099  DL_Timer_setCaptureCompareValue      
00002b11  DL_Timer_setClockConfig              
00001d11  DL_UART_init                         
00003021  DL_UART_setClockConfig               
00003113  DMA_IRQHandler                       
00003113  Default_Handler                      
00003113  GROUP0_IRQHandler                    
000030f3  GROUP1_IRQHandler                    
00003117  HOSTexit                             
00003113  HardFault_Handler                    
00003113  I2C0_IRQHandler                      
00003113  I2C1_IRQHandler                      
00003113  NMI_Handler                          
00003113  PendSV_Handler                       
00003113  RTC_IRQHandler                       
0000311b  Reset_Handler                        
00003113  SPI0_IRQHandler                      
00003113  SPI1_IRQHandler                      
00003113  SVC_Handler                          
00000269  SYSCFG_DL_GPIO_init                  
0000198d  SYSCFG_DL_I2C_ICM42688_init          
00000fd9  SYSCFG_DL_PWM_init                   
00000a05  SYSCFG_DL_SYSCTL_SYSPLL_init         
00001729  SYSCFG_DL_SYSCTL_init                
000030a9  SYSCFG_DL_SYSTICK_init               
00001eb5  SYSCFG_DL_UART0_init                 
00001a3d  SYSCFG_DL_UART_1_init                
00002461  SYSCFG_DL_init                       
0000130d  SYSCFG_DL_initPower                  
000030d1  SysTick_Handler                      
00003113  TIMA0_IRQHandler                     
00003113  TIMA1_IRQHandler                     
00003113  TIMG0_IRQHandler                     
00003113  TIMG12_IRQHandler                    
00003113  TIMG6_IRQHandler                     
00003113  TIMG7_IRQHandler                     
00003113  TIMG8_IRQHandler                     
00003045  TI_memcpy_small                      
000030fb  UART0_IRQHandler                     
00001651  UART1_IRQHandler                     
00003113  UART2_IRQHandler                     
00003113  UART3_IRQHandler                     
20208000  __STACK_END                          
00000200  __STACK_SIZE                         
00000000  __TI_ATRegion0_region_sz             
00000000  __TI_ATRegion0_src_addr              
00000000  __TI_ATRegion0_trg_addr              
00000000  __TI_ATRegion1_region_sz             
00000000  __TI_ATRegion1_src_addr              
00000000  __TI_ATRegion1_trg_addr              
00000000  __TI_ATRegion2_region_sz             
00000000  __TI_ATRegion2_src_addr              
00000000  __TI_ATRegion2_trg_addr              
00003428  __TI_CINIT_Base                      
00003438  __TI_CINIT_Limit                     
00003438  __TI_CINIT_Warm                      
00003414  __TI_Handler_Table_Base              
00003420  __TI_Handler_Table_Limit             
0000219d  __TI_auto_init_nobinit_nopinit       
00001405  __TI_decompress_lzss                 
00003057  __TI_decompress_none                 
ffffffff  __TI_pprof_out_hndl                  
ffffffff  __TI_prof_data_size                  
ffffffff  __TI_prof_data_start                 
00000000  __TI_static_base__                   
00002ea7  __TI_zero_init_nomemset              
000018c9  __aeabi_dcmpeq                       
00001905  __aeabi_dcmpge                       
00001919  __aeabi_dcmpgt                       
000018f1  __aeabi_dcmple                       
000018dd  __aeabi_dcmplt                       
000019e5  __aeabi_idiv                         
00000c9b  __aeabi_idiv0                        
000019e5  __aeabi_idivmod                      
00000f43  __aeabi_ldiv0                        
00002f99  __aeabi_ldivmod                      
000029a1  __aeabi_llsl                         
0000278d  __aeabi_lmul                         
00003105  __aeabi_memcpy                       
00003105  __aeabi_memcpy4                      
00003105  __aeabi_memcpy8                      
00002769  __aeabi_ui2d                         
00001ef5  __aeabi_uidiv                        
00001ef5  __aeabi_uidivmod                     
000029a1  __ashldi3                            
ffffffff  __binit__                            
00001791  __cmpdf2                             
00001fb5  __divmoddi4                          
00001791  __eqdf2                              
00002769  __floatunsidf                        
000014f9  __gedf2                              
000014f9  __gtdf2                              
00001791  __ledf2                              
00001791  __ltdf2                              
UNDEFED   __mpu_init                           
0000278d  __muldi3                             
000021d9  __muldsi3                            
00001791  __nedf2                              
20207e00  __stack                              
20200000  __start___llvm_prf_bits              
20200000  __start___llvm_prf_cnts              
20200000  __stop___llvm_prf_bits               
20200000  __stop___llvm_prf_cnts               
00000ea1  __udivmoddi4                         
000026cd  _c_int00_noargs                      
UNDEFED   _system_post_cinit                   
00003131  _system_pre_init                     
0000310d  abort                                
ffffffff  binit                                
000030dd  delay_get_ms                         
00002881  delay_ms                             
0000258d  delay_tick                           
202001d8  delay_times                          
000025b5  encoder_get_left_count               
000025dd  encoder_get_left_speed_mm_s          
00002605  encoder_get_right_count              
0000262d  encoder_get_right_speed_mm_s         
00001481  encoder_gpio_irq_handler             
000003fd  encoder_init                         
000015e1  encoder_reset_count                  
000027b1  encoder_tick_1ms                     
20200000  gPWMBackup                           
00002fc1  gray_serial_init                     
00001389  gray_serial_read                     
00000000  interruptVectors                     
00002655  line_track_get_status                
00001e2d  line_track_init                      
00002fd5  line_track_set_base_speed            
00002e91  line_track_update_with_raw           
00001a91  main                                 
00000711  motor_set_pwm                        
000022bb  oled_clear                           
00001d59  oled_clear_line                      
00000bcd  oled_init                            
000010f5  oled_print_char                      
000020e9  oled_print_hex_u8                    
00000dfb  oled_print_int                       
0000206f  oled_print_string                    
000016bd  oled_set_cursor                      
00000d51  pid_calculate                        
00002125  pid_init                             
00003033  pid_reset                            
00000505  speed_pid_control_update             
00001205  speed_pid_init                       
00002fe9  speed_pid_set_speed                  
00002921  speed_pid_set_target                 
00001da1  speed_pid_stop                       
00002df1  square_track_get_segment_end_label   
00002e09  square_track_get_segment_start_label 
000026a5  square_track_get_status              
000024e9  square_track_init                    
0000090d  square_track_update                  
0000192d  uart0_send_byte                      
00001289  uart0_send_int                       
00002741  uart0_send_string                    
00000c9d  uart_cmd_irq_handler                 
000017f9  vofa_send_six_int                    


GLOBAL SYMBOLS: SORTED BY Symbol Address 

address   name                                 
-------   ----                                 
00000000  __TI_ATRegion0_region_sz             
00000000  __TI_ATRegion0_src_addr              
00000000  __TI_ATRegion0_trg_addr              
00000000  __TI_ATRegion1_region_sz             
00000000  __TI_ATRegion1_src_addr              
00000000  __TI_ATRegion1_trg_addr              
00000000  __TI_ATRegion2_region_sz             
00000000  __TI_ATRegion2_src_addr              
00000000  __TI_ATRegion2_trg_addr              
00000000  __TI_static_base__                   
00000000  interruptVectors                     
00000200  __STACK_SIZE                         
00000269  SYSCFG_DL_GPIO_init                  
000003fd  encoder_init                         
00000505  speed_pid_control_update             
0000060d  DL_Timer_initFourCCPWMMode           
00000711  motor_set_pwm                        
0000090d  square_track_update                  
00000a05  SYSCFG_DL_SYSCTL_SYSPLL_init         
00000af1  DL_SYSCTL_configSYSPLL               
00000bcd  oled_init                            
00000c9b  __aeabi_idiv0                        
00000c9d  uart_cmd_irq_handler                 
00000d51  pid_calculate                        
00000dfb  oled_print_int                       
00000ea1  __udivmoddi4                         
00000f43  __aeabi_ldiv0                        
00000fd9  SYSCFG_DL_PWM_init                   
000010f5  oled_print_char                      
00001205  speed_pid_init                       
00001289  uart0_send_int                       
0000130d  SYSCFG_DL_initPower                  
00001389  gray_serial_read                     
00001405  __TI_decompress_lzss                 
00001481  encoder_gpio_irq_handler             
000014f9  __gedf2                              
000014f9  __gtdf2                              
000015e1  encoder_reset_count                  
00001651  UART1_IRQHandler                     
000016bd  oled_set_cursor                      
00001729  SYSCFG_DL_SYSCTL_init                
00001791  __cmpdf2                             
00001791  __eqdf2                              
00001791  __ledf2                              
00001791  __ltdf2                              
00001791  __nedf2                              
000017f9  vofa_send_six_int                    
000018c9  __aeabi_dcmpeq                       
000018dd  __aeabi_dcmplt                       
000018f1  __aeabi_dcmple                       
00001905  __aeabi_dcmpge                       
00001919  __aeabi_dcmpgt                       
0000192d  uart0_send_byte                      
0000198d  SYSCFG_DL_I2C_ICM42688_init          
000019e5  __aeabi_idiv                         
000019e5  __aeabi_idivmod                      
00001a3d  SYSCFG_DL_UART_1_init                
00001a91  main                                 
00001d11  DL_UART_init                         
00001d59  oled_clear_line                      
00001da1  speed_pid_stop                       
00001de9  DL_SYSCTL_switchMCLKfromSYSOSCtoHSCLK
00001e2d  line_track_init                      
00001eb5  SYSCFG_DL_UART0_init                 
00001ef5  __aeabi_uidiv                        
00001ef5  __aeabi_uidivmod                     
00001fb5  __divmoddi4                          
0000206f  oled_print_string                    
000020e9  oled_print_hex_u8                    
00002125  pid_init                             
0000219d  __TI_auto_init_nobinit_nopinit       
000021d9  __muldsi3                            
000022bb  oled_clear                           
00002461  SYSCFG_DL_init                       
000024e9  square_track_init                    
0000258d  delay_tick                           
000025b5  encoder_get_left_count               
000025dd  encoder_get_left_speed_mm_s          
00002605  encoder_get_right_count              
0000262d  encoder_get_right_speed_mm_s         
00002655  line_track_get_status                
000026a5  square_track_get_status              
000026cd  _c_int00_noargs                      
0000271b  DL_I2C_setClockConfig                
00002741  uart0_send_string                    
00002769  __aeabi_ui2d                         
00002769  __floatunsidf                        
0000278d  __aeabi_lmul                         
0000278d  __muldi3                             
000027b1  encoder_tick_1ms                     
00002881  delay_ms                             
00002921  speed_pid_set_target                 
000029a1  __aeabi_llsl                         
000029a1  __ashldi3                            
00002a85  DL_SYSCTL_configFCC                  
00002af5  DL_Timer_setCaptCompUpdateMethod     
00002b11  DL_Timer_setClockConfig              
00002d61  DL_Timer_setCaptureCompareOutCtl     
00002df1  square_track_get_segment_end_label   
00002e09  square_track_get_segment_start_label 
00002e91  line_track_update_with_raw           
00002ea7  __TI_zero_init_nomemset              
00002f99  __aeabi_ldivmod                      
00002fc1  gray_serial_init                     
00002fd5  line_track_set_base_speed            
00002fe9  speed_pid_set_speed                  
00003021  DL_UART_setClockConfig               
00003033  pid_reset                            
00003045  TI_memcpy_small                      
00003057  __TI_decompress_none                 
00003099  DL_Timer_setCaptureCompareValue      
000030a9  SYSCFG_DL_SYSTICK_init               
000030d1  SysTick_Handler                      
000030dd  delay_get_ms                         
000030e9  DL_Common_delayCycles                
000030f3  GROUP1_IRQHandler                    
000030fb  UART0_IRQHandler                     
00003105  __aeabi_memcpy                       
00003105  __aeabi_memcpy4                      
00003105  __aeabi_memcpy8                      
0000310d  abort                                
00003113  ADC0_IRQHandler                      
00003113  ADC1_IRQHandler                      
00003113  AES_IRQHandler                       
00003113  CANFD0_IRQHandler                    
00003113  DAC0_IRQHandler                      
00003113  DMA_IRQHandler                       
00003113  Default_Handler                      
00003113  GROUP0_IRQHandler                    
00003113  HardFault_Handler                    
00003113  I2C0_IRQHandler                      
00003113  I2C1_IRQHandler                      
00003113  NMI_Handler                          
00003113  PendSV_Handler                       
00003113  RTC_IRQHandler                       
00003113  SPI0_IRQHandler                      
00003113  SPI1_IRQHandler                      
00003113  SVC_Handler                          
00003113  TIMA0_IRQHandler                     
00003113  TIMA1_IRQHandler                     
00003113  TIMG0_IRQHandler                     
00003113  TIMG12_IRQHandler                    
00003113  TIMG6_IRQHandler                     
00003113  TIMG7_IRQHandler                     
00003113  TIMG8_IRQHandler                     
00003113  UART2_IRQHandler                     
00003113  UART3_IRQHandler                     
00003116  C$$EXIT                              
00003117  HOSTexit                             
0000311b  Reset_Handler                        
00003131  _system_pre_init                     
00003414  __TI_Handler_Table_Base              
00003420  __TI_Handler_Table_Limit             
00003428  __TI_CINIT_Base                      
00003438  __TI_CINIT_Limit                     
00003438  __TI_CINIT_Warm                      
20200000  __start___llvm_prf_bits              
20200000  __start___llvm_prf_cnts              
20200000  __stop___llvm_prf_bits               
20200000  __stop___llvm_prf_cnts               
20200000  gPWMBackup                           
202001d8  delay_times                          
20207e00  __stack                              
20208000  __STACK_END                          
ffffffff  __TI_pprof_out_hndl                  
ffffffff  __TI_prof_data_size                  
ffffffff  __TI_prof_data_start                 
ffffffff  __binit__                            
ffffffff  binit                                
UNDEFED   __mpu_init                           
UNDEFED   _system_post_cinit                   

[171 symbols]
