******************************************************************************
            TI ARM Clang Linker PC v4.0.4                      
******************************************************************************
>> Linked Sun Jul 26 16:00:41 2026

OUTPUT FILE NAME:   <C07A.out>
ENTRY POINT SYMBOL: "_c_int00_noargs"  address: 0000440d


MEMORY CONFIGURATION

         name            origin    length      used     unused   attr    fill
----------------------  --------  ---------  --------  --------  ----  --------
  FLASH                 00000000   00020000  00004e88  0001b178  R  X
  SRAM                  20200000   00008000  000003ef  00007c11  RW X
  BCR_CONFIG            41c00000   000000ff  00000000  000000ff  R   
  BSL_CONFIG            41c00100   00000080  00000000  00000080  R   


SEGMENT ALLOCATION MAP

run origin  load origin   length   init length attrs members
----------  ----------- ---------- ----------- ----- -------
00000000    00000000    00004e88   00004e88    r-x
  00000000    00000000    000000c0   000000c0    r-- .intvecs
  000000c0    000000c0    00004bc0   00004bc0    r-x .text
  00004c80    00004c80    000001d0   000001d0    r-- .rodata
  00004e50    00004e50    00000038   00000038    r-- .cinit
20200000    20200000    000001ef   00000000    rw-
  20200000    20200000    00000170   00000000    rw- .bss
  20200170    20200170    0000007f   00000000    rw- .data
20207e00    20207e00    00000200   00000000    rw-
  20207e00    20207e00    00000200   00000000    rw- .stack


SECTION ALLOCATION MAP

 output                                  attributes/
section   page    origin      length       input sections
--------  ----  ----------  ----------   ----------------
.intvecs   0    00000000    000000c0     
                  00000000    000000c0     startup_mspm0g350x_ticlang.o (.intvecs)

.text      0    000000c0    00004bc0     
                  000000c0    00000644     libc.a : k_rem_pio2.c.obj (.text.__kernel_rem_pio2)
                  00000704    00000628     attitude.o (.text.attitude_update_from_icm42688)
                  00000d2c    00000224     attitude.o (.text.attitude_calibrate_gyro)
                  00000f50    000001d4     libc.a : s_cosf.c.obj (.text.cosf)
                  00001124    000001c8            : s_atanf.c.obj (.text.atanf)
                  000012ec    000001c8            : s_sinf.c.obj (.text.sinf)
                  000014b4    000001c0     empty.o (.text.main)
                  00001674    000001b0     libc.a : s_tanf.c.obj (.text.tanf)
                  00001824    00000194     ti_msp_dl_config.o (.text.SYSCFG_DL_GPIO_init)
                  000019b8    00000192     libclang_rt.builtins.a : adddf3.S.obj (.text.adddf3_subdf3)
                  00001b4a    00000002                            : aeabi_div0.c.obj (.text.__aeabi_idiv0)
                  00001b4c    00000170     icm42688.o (.text.icm42688_i2c_read_regs)
                  00001cbc    00000160     icm42688.o (.text.icm42688_init)
                  00001e1c    00000144     libc.a : s_floor.c.obj (.text.floor)
                  00001f60    0000012c            : s_tanf.c.obj (.text.__kernel_tandf)
                  0000208c    00000118            : e_atan2f.c.obj (.text.atan2f)
                  000021a4    0000010c     libclang_rt.builtins.a : divdf3.S.obj (.text.__divdf3)
                  000022b0    00000104     driverlib.a : dl_timer.o (.text.DL_Timer_initFourCCPWMMode)
                  000023b4    000000ec     ti_msp_dl_config.o (.text.SYSCFG_DL_SYSCTL_SYSPLL_init)
                  000024a0    000000e4     libclang_rt.builtins.a : muldf3.S.obj (.text.__muldf3)
                  00002584    000000dc     driverlib.a : dl_sysctl_mspm0g1x0x_g3x0x.o (.text.DL_SYSCTL_configSYSPLL)
                  00002660    000000d8     libc.a : s_scalbn.c.obj (.text.scalbn)
                  00002738    000000d8     libclang_rt.builtins.a : addsf3.S.obj (.text)
                  00002810    000000d0     icm42688.o (.text.icm42688_i2c_write)
                  000028e0    000000bc     vofa.o (.text.uart0_send_float)
                  0000299c    000000b4     uart_cmd.o (.text.uart_cmd_irq_handler)
                  00002a50    000000ac     libc.a : s_cosf.c.obj (.text.__kernel_sindf)
                  00002afc    000000ac            : s_sinf.c.obj (.text.__kernel_sindf)
                  00002ba8    000000ac     icm42688.o (.text.icm42688_read_raw)
                  00002c54    000000a0     libc.a : e_sqrtf.c.obj (.text.sqrtf)
                  00002cf4    0000009c            : s_cosf.c.obj (.text.__kernel_cosdf)
                  00002d90    0000009c            : s_sinf.c.obj (.text.__kernel_cosdf)
                  00002e2c    00000090     ti_msp_dl_config.o (.text.SYSCFG_DL_PWM_init)
                  00002ebc    0000008c     libclang_rt.builtins.a : mulsf3.S.obj (.text.__mulsf3)
                  00002f48    0000008c     vofa.o (.text.vofa_send_six_float)
                  00002fd4    00000088     attitude.o (.text.attitude_init)
                  0000305c    00000084     ti_msp_dl_config.o (.text.__NVIC_SetPriority)
                  000030e0    00000084     vofa.o (.text.uart0_send_int)
                  00003164    00000082     libclang_rt.builtins.a : divsf3.S.obj (.text.__divsf3)
                  000031e6    00000002     --HOLE-- [fill = 0]
                  000031e8    0000007c     icm42688.o (.text.DL_I2C_startControllerTransferAdvanced)
                  00003264    0000007c     ti_msp_dl_config.o (.text.SYSCFG_DL_initPower)
                  000032e0    0000007c     libc.a : copy_decompress_lzss.c.obj (.text:decompress:lzss)
                  0000335c    00000078     attitude.o (.text.attitude_accel_to_euler)
                  000033d4    00000078     encoder.o (.text.encoder_gpio_irq_handler)
                  0000344c    00000074     libclang_rt.builtins.a : comparedf2.c.obj (.text.__gedf2)
                  000034c0    00000074                            : truncdfsf2.S.obj (.text.__truncdfsf2)
                  00003534    00000070     icm42688.o (.text.icm42688_wait_bus_released)
                  000035a4    0000006c     bluetooth.o (.text.UART1_IRQHandler)
                  00003610    00000068     ti_msp_dl_config.o (.text.SYSCFG_DL_SYSCTL_init)
                  00003678    00000068     libclang_rt.builtins.a : comparedf2.c.obj (.text.__ledf2)
                  000036e0    00000062                            : aeabi_dcmp.S.obj (.text.__aeabi_dcmp)
                  00003742    00000002     --HOLE-- [fill = 0]
                  00003744    00000062                            : aeabi_fcmp.S.obj (.text.__aeabi_fcmp)
                  000037a6    00000002     --HOLE-- [fill = 0]
                  000037a8    00000060     vofa.o (.text.uart0_send_byte)
                  00003808    0000005e     driverlib.a : dl_i2c.o (.text.DL_I2C_fillControllerTXFIFO)
                  00003866    00000002     --HOLE-- [fill = 0]
                  00003868    0000005c     icm42688.o (.text.icm42688_wait_controller_done)
                  000038c4    00000058     ti_msp_dl_config.o (.text.SYSCFG_DL_I2C_ICM42688_init)
                  0000391c    00000056     libclang_rt.builtins.a : aeabi_idivmod.S.obj (.text.__aeabi_idivmod)
                  00003972    00000002     --HOLE-- [fill = 0]
                  00003974    00000054     ti_msp_dl_config.o (.text.SYSCFG_DL_UART_1_init)
                  000039c8    00000054     attitude.o (.text.attitude_wrap_180)
                  00003a1c    00000050     ti_msp_dl_config.o (.text.DL_GPIO_initPeripheralInputFunctionFeatures)
                  00003a6c    00000050     icm42688.o (.text.DL_I2C_startControllerTransfer)
                  00003abc    00000050     ti_msp_dl_config.o (.text.SysTick_Config)
                  00003b0c    0000004e     libclang_rt.builtins.a : floatdisf.S.obj (.text.__floatdisf)
                  00003b5a    00000002     --HOLE-- [fill = 0]
                  00003b5c    0000004c     ti_msp_dl_config.o (.text.DL_GPIO_initDigitalInputFeatures)
                  00003ba8    0000004c     ti_msp_dl_config.o (.text.DL_UART_setBaudRateDivisor)
                  00003bf4    0000004a     libclang_rt.builtins.a : fixdfsi.S.obj (.text.__fixdfsi)
                  00003c3e    00000002     --HOLE-- [fill = 0]
                  00003c40    00000048     driverlib.a : dl_uart.o (.text.DL_UART_init)
                  00003c88    00000048     attitude.o (.text.attitude_reset_calibration_accumulator)
                  00003cd0    00000048     attitude.o (.text.attitude_set_zero_from_accel)
                  00003d18    00000048     icm42688.o (.text.icm42688_get_who_am_i)
                  00003d60    00000048     icm42688.o (.text.icm42688_prepare_transfer)
                  00003da8    00000048     icm42688.o (.text.icm42688_read_reg)
                  00003df0    00000044     driverlib.a : dl_sysctl_mspm0g1x0x_g3x0x.o (.text.DL_SYSCTL_switchMCLKfromSYSOSCtoHSCLK)
                  00003e34    00000044     icm42688.o (.text.icm42688_write_reg)
                  00003e78    00000040     ti_msp_dl_config.o (.text.SYSCFG_DL_UART0_init)
                  00003eb8    00000040     libclang_rt.builtins.a : aeabi_uidivmod.S.obj (.text.__aeabi_uidivmod)
                  00003ef8    00000040                            : extendsfdf2.S.obj (.text.__extendsfdf2)
                  00003f38    0000003e     attitude.o (.text.attitude_clamp)
                  00003f76    00000002     --HOLE-- [fill = 0]
                  00003f78    0000003c     driverlib.a : dl_i2c.o (.text.DL_I2C_flushControllerTXFIFO)
                  00003fb4    0000003c     ti_msp_dl_config.o (.text.DL_Timer_setCounterControl)
                  00003ff0    0000003c     libclang_rt.builtins.a : floatsisf.S.obj (.text.__floatsisf)
                  0000402c    0000003c                            : comparesf2.S.obj (.text.__gtsf2)
                  00004068    0000003c     attitude.o (.text.attitude_apply_deadband)
                  000040a4    0000003c     libc.a : autoinit.c.obj (.text:__TI_auto_init_nobinit_nopinit)
                  000040e0    0000003a     libclang_rt.builtins.a : comparesf2.S.obj (.text.__eqsf2)
                  0000411a    00000002     --HOLE-- [fill = 0]
                  0000411c    0000003a                            : muldsi3.S.obj (.text.__muldsi3)
                  00004156    00000002     --HOLE-- [fill = 0]
                  00004158    00000038                            : fixsfsi.S.obj (.text.__fixsfsi)
                  00004190    00000038     attitude.o (.text.attitude_get_euler)
                  000041c8    00000038     encoder.o (.text.encoder_update_left)
                  00004200    00000038     encoder.o (.text.encoder_update_right)
                  00004238    00000030     driverlib.a : dl_i2c.o (.text.DL_I2C_flushControllerRXFIFO)
                  00004268    00000030     ti_msp_dl_config.o (.text.SYSCFG_DL_init)
                  00004298    0000002c     libclang_rt.builtins.a : floatsidf.S.obj (.text.__floatsidf)
                  000042c4    0000002c     attitude.o (.text.attitude_raw_is_valid)
                  000042f0    0000002c     icm42688.o (.text.icm42688_clear_raw)
                  0000431c    00000028     icm42688.o (.text.DL_Common_updateReg)
                  00004344    00000028     ti_msp_dl_config.o (.text.DL_Common_updateReg)
                  0000436c    00000028     ti_msp_dl_config.o (.text.DL_I2C_setControllerRXFIFOThreshold)
                  00004394    00000028     ti_msp_dl_config.o (.text.DL_I2C_setControllerTXFIFOThreshold)
                  000043bc    00000028     libclang_rt.builtins.a : floatunsisf.S.obj (.text.__floatunsisf)
                  000043e4    00000028     delay.o (.text.delay_tick)
                  0000440c    00000028     libc.a : boot_cortex_m.c.obj (.text:_c_int00_noargs)
                  00004434    00000026     ti_msp_dl_config.o (.text.DL_I2C_setAnalogGlitchFilterPulseWidth)
                  0000445a    00000026     driverlib.a : dl_i2c.o (.text.DL_I2C_setClockConfig)
                  00004480    00000026     vofa.o (.text.uart0_send_string)
                  000044a6    00000002     --HOLE-- [fill = 0]
                  000044a8    00000024     libclang_rt.builtins.a : floatunsidf.S.obj (.text.__floatunsidf)
                  000044cc    00000020     ti_msp_dl_config.o (.text.DL_GPIO_initPeripheralInputFunction)
                  000044ec    00000020     ti_msp_dl_config.o (.text.DL_SYSCTL_setFlashWaitState)
                  0000450c    00000020     delay.o (.text.delay_ms)
                  0000452c    00000020     encoder.o (.text.encoder_left_b_is_high)
                  0000454c    00000020     encoder.o (.text.encoder_right_b_is_high)
                  0000456c    00000020     icm42688.o (.text.icm42688_abort_transfer)
                  0000458c    0000001e     ti_msp_dl_config.o (.text.DL_UART_setOversampling)
                  000045aa    0000001e     icm42688.o (.text.icm42688_to_i16)
                  000045c8    0000001c     encoder.o (.text.DL_GPIO_clearInterruptStatus)
                  000045e4    0000001c     ti_msp_dl_config.o (.text.DL_GPIO_clearInterruptStatus)
                  00004600    0000001c     ti_msp_dl_config.o (.text.DL_GPIO_enableHiZ)
                  0000461c    0000001c     ti_msp_dl_config.o (.text.DL_GPIO_enableInterrupt)
                  00004638    0000001c     ti_msp_dl_config.o (.text.DL_GPIO_initPeripheralOutputFunction)
                  00004654    0000001c     icm42688.o (.text.DL_I2C_isControllerRXFIFOEmpty)
                  00004670    0000001c     driverlib.a : dl_sysctl_mspm0g1x0x_g3x0x.o (.text.DL_SYSCTL_configFCC)
                  0000468c    0000001c     ti_msp_dl_config.o (.text.DL_SYSCTL_setFCCPeriods)
                  000046a8    0000001c     ti_msp_dl_config.o (.text.DL_SYSCTL_setSYSOSCFreq)
                  000046c4    0000001c     ti_msp_dl_config.o (.text.DL_SYSCTL_setULPCLKDivider)
                  000046e0    0000001c     driverlib.a : dl_timer.o (.text.DL_Timer_setCaptCompUpdateMethod)
                  000046fc    0000001c                 : dl_timer.o (.text.DL_Timer_setClockConfig)
                  00004718    0000001c     ti_msp_dl_config.o (.text.DL_UART_enableInterrupt)
                  00004734    00000018     ti_msp_dl_config.o (.text.DL_GPIO_enableOutput)
                  0000474c    00000018     ti_msp_dl_config.o (.text.DL_GPIO_enablePower)
                  00004764    00000018     encoder.o (.text.DL_GPIO_getEnabledInterruptStatus)
                  0000477c    00000018     ti_msp_dl_config.o (.text.DL_GPIO_initDigitalOutput)
                  00004794    00000018     ti_msp_dl_config.o (.text.DL_GPIO_reset)
                  000047ac    00000018     ti_msp_dl_config.o (.text.DL_GPIO_setPins)
                  000047c4    00000018     ti_msp_dl_config.o (.text.DL_GPIO_setUpperPinsPolarity)
                  000047dc    00000018     ti_msp_dl_config.o (.text.DL_I2C_enableAnalogGlitchFilter)
                  000047f4    00000018     ti_msp_dl_config.o (.text.DL_I2C_enableController)
                  0000480c    00000018     ti_msp_dl_config.o (.text.DL_I2C_enableControllerClockStretching)
                  00004824    00000018     ti_msp_dl_config.o (.text.DL_I2C_enablePower)
                  0000483c    00000018     ti_msp_dl_config.o (.text.DL_I2C_reset)
                  00004854    00000018     ti_msp_dl_config.o (.text.DL_I2C_setTimerPeriod)
                  0000486c    00000018     ti_msp_dl_config.o (.text.DL_SYSCTL_setBORThreshold)
                  00004884    00000018     ti_msp_dl_config.o (.text.DL_Timer_enablePower)
                  0000489c    00000018     ti_msp_dl_config.o (.text.DL_Timer_reset)
                  000048b4    00000018     driverlib.a : dl_timer.o (.text.DL_Timer_setCaptureCompareOutCtl)
                  000048cc    00000018     ti_msp_dl_config.o (.text.DL_UART_enablePower)
                  000048e4    00000018     bluetooth.o (.text.DL_UART_isRXFIFOEmpty)
                  000048fc    00000018     uart_cmd.o (.text.DL_UART_isRXFIFOEmpty)
                  00004914    00000018     vofa.o (.text.DL_UART_isTXFIFOFull)
                  0000492c    00000018     ti_msp_dl_config.o (.text.DL_UART_reset)
                  00004944    00000016     encoder.o (.text.DL_GPIO_readPins)
                  0000495a    00000016     ti_msp_dl_config.o (.text.DL_UART_enable)
                  00004970    00000016     vofa.o (.text.DL_UART_transmitData)
                  00004986    00000016     libc.a : k_rem_pio2.c.obj (.text.OUTLINED_FUNCTION_0)
                  0000499c    00000010     libclang_rt.builtins.a : adddf3.S.obj (.tramp.__aeabi_dadd.1)
                  000049ac    00000016     libc.a : copy_zero_init.c.obj (.text:decompress:ZI:__TI_zero_init_nomemset)
                  000049c2    00000014     ti_msp_dl_config.o (.text.DL_GPIO_clearPins)
                  000049d6    00000002     --HOLE-- [fill = 0]
                  000049d8    00000014     icm42688.o (.text.DL_I2C_getControllerStatus)
                  000049ec    00000014     icm42688.o (.text.DL_I2C_receiveControllerData)
                  00004a00    00000014     icm42688.o (.text.DL_I2C_resetControllerTransfer)
                  00004a14    00000014     ti_msp_dl_config.o (.text.DL_I2C_resetControllerTransfer)
                  00004a28    00000014     ti_msp_dl_config.o (.text.DL_SYSCTL_disableSYSPLL)
                  00004a3c    00000014     ti_msp_dl_config.o (.text.DL_SYSCTL_enableSYSPLL)
                  00004a50    00000014     ti_msp_dl_config.o (.text.DL_Timer_enableClock)
                  00004a64    00000014     ti_msp_dl_config.o (.text.DL_Timer_setCCPDirection)
                  00004a78    00000014     bluetooth.o (.text.DL_UART_receiveData)
                  00004a8c    00000014     uart_cmd.o (.text.DL_UART_receiveData)
                  00004aa0    00000012     bluetooth.o (.text.DL_UART_getPendingInterrupt)
                  00004ab2    00000012     uart_cmd.o (.text.DL_UART_getPendingInterrupt)
                  00004ac4    00000012     driverlib.a : dl_uart.o (.text.DL_UART_setClockConfig)
                  00004ad6    00000012     libc.a : memcpy16.S.obj (.text:TI_memcpy_small)
                  00004ae8    00000012            : copy_decompress_none.c.obj (.text:decompress:none)
                  00004afa    00000002     --HOLE-- [fill = 0]
                  00004afc    00000010     ti_msp_dl_config.o (.text.DL_SYSCTL_disableHFXT)
                  00004b0c    00000010     ti_msp_dl_config.o (.text.DL_SYSCTL_isFCCDone)
                  00004b1c    00000010     ti_msp_dl_config.o (.text.DL_SYSCTL_startFCC)
                  00004b2c    00000010     driverlib.a : dl_timer.o (.text.DL_Timer_setCaptureCompareValue)
                  00004b3c    00000010     libc.a : k_rem_pio2.c.obj (.text.OUTLINED_FUNCTION_2)
                  00004b4c    00000010     ti_msp_dl_config.o (.text.SYSCFG_DL_SYSTICK_init)
                  00004b5c    0000000c     ti_msp_dl_config.o (.text.DL_SYSCTL_getClockStatus)
                  00004b68    0000000c     ti_msp_dl_config.o (.text.DL_SYSCTL_readFCC)
                  00004b74    0000000c     delay.o (.text.delay_get_ms)
                  00004b80    0000000a     driverlib.a : dl_common.o (.text.DL_Common_delayCycles)
                  00004b8a    0000000a     libc.a : s_tanf.c.obj (.text.OUTLINED_FUNCTION_0)
                  00004b94    0000000a            : k_rem_pio2.c.obj (.text.OUTLINED_FUNCTION_1)
                  00004b9e    0000000a            : s_cosf.c.obj (.text.OUTLINED_FUNCTION_3)
                  00004ba8    0000000a            : s_sinf.c.obj (.text.OUTLINED_FUNCTION_3)
                  00004bb2    00000008     encoder.o (.text.GROUP1_IRQHandler)
                  00004bba    00000008     empty.o (.text.SysTick_Handler)
                  00004bc2    00000008     uart_cmd.o (.text.UART0_IRQHandler)
                  00004bca    00000002     --HOLE-- [fill = 0]
                  00004bcc    00000008     libc.a : aeabi_portable.c.obj (.text.__aeabi_errno_addr)
                  00004bd4    00000008     libclang_rt.builtins.a : aeabi_memcpy.S.obj (.text.__aeabi_memcpy)
                  00004bdc    00000006     libc.a : s_atanf.c.obj (.text.OUTLINED_FUNCTION_0)
                  00004be2    00000002     --HOLE-- [fill = 0]
                  00004be4    00000010     libclang_rt.builtins.a : divsf3.S.obj (.tramp.__aeabi_fdiv.1)
                  00004bf4    00000006     libc.a : s_cosf.c.obj (.text.OUTLINED_FUNCTION_0)
                  00004bfa    00000002     --HOLE-- [fill = 0]
                  00004bfc    00000010     libclang_rt.builtins.a : muldf3.S.obj (.tramp.__aeabi_dmul.1)
                  00004c0c    00000006     libc.a : s_sinf.c.obj (.text.OUTLINED_FUNCTION_0)
                  00004c12    00000006            : s_cosf.c.obj (.text.OUTLINED_FUNCTION_1)
                  00004c18    00000006            : s_sinf.c.obj (.text.OUTLINED_FUNCTION_1)
                  00004c1e    00000006            : exit.c.obj (.text:abort)
                  00004c24    00000004     startup_mspm0g350x_ticlang.o (.text.Default_Handler)
                  00004c28    00000004     libsysbm.a : hostexit.c.obj (.text.HOSTexit)
                  00004c2c    00000004     libc.a : s_atanf.c.obj (.text.OUTLINED_FUNCTION_1)
                  00004c30    00000010     libclang_rt.builtins.a : addsf3.S.obj (.tramp.__aeabi_fadd.1)
                  00004c40    00000004     libc.a : s_tanf.c.obj (.text.OUTLINED_FUNCTION_1)
                  00004c44    00000010     libclang_rt.builtins.a : extendsfdf2.S.obj (.tramp.__aeabi_f2d.1)
                  00004c54    00000004     libc.a : s_cosf.c.obj (.text.OUTLINED_FUNCTION_2)
                  00004c58    00000004            : s_sinf.c.obj (.text.OUTLINED_FUNCTION_2)
                  00004c5c    00000004     startup_mspm0g350x_ticlang.o (.text.Reset_Handler)
                  00004c60    00000010     libc.a : boot_cortex_m.c.obj (.tramp._c_int00_noargs.1)
                  00004c70    00000004            : pre_init.c.obj (.text._system_pre_init)
                  00004c74    0000000c     --HOLE-- [fill = 0]

.cinit     0    00004e50    00000038     
                  00004e50    0000000f     (.cinit..data.load) [load image, compression = lzss]
                  00004e5f    00000001     --HOLE-- [fill = 0]
                  00004e60    0000000c     (__TI_handler_table)
                  00004e6c    00000008     (.cinit..bss.load) [load image, compression = zero_init]
                  00004e74    00000010     (__TI_cinit_table)
                  00004e84    00000004     --HOLE-- [fill = 0]

.rodata    0    00004c80    000001d0     
                  00004c80    00000108     libc.a : k_rem_pio2.c.obj (.rodata.ipio2)
                  00004d88    00000040            : k_rem_pio2.c.obj (.rodata.PIo2)
                  00004dc8    00000028     ti_msp_dl_config.o (.rodata.gSYSPLLConfig)
                  00004df0    00000020     libc.a : s_atanf.c.obj (.rodata.cst16)
                  00004e10    00000010            : k_rem_pio2.c.obj (.rodata.cst16)
                  00004e20    0000000a     ti_msp_dl_config.o (.rodata.gUART0Config)
                  00004e2a    0000000a     ti_msp_dl_config.o (.rodata.gUART_1Config)
                  00004e34    00000009     vofa.o (.rodata.str1.15592850640436249970.1)
                  00004e3d    00000003     ti_msp_dl_config.o (.rodata.gPWMClockConfig)
                  00004e40    00000008     ti_msp_dl_config.o (.rodata.gPWMConfig)
                  00004e48    00000002     ti_msp_dl_config.o (.rodata.gI2C_ICM42688ClockConfig)
                  00004e4a    00000002     ti_msp_dl_config.o (.rodata.gUART0ClockConfig)
                  00004e4c    00000002     ti_msp_dl_config.o (.rodata.gUART_1ClockConfig)
                  00004e4e    00000002     icm42688.o (.rodata.icm42688_init.addressList)

.init_array 
*          0    00000000    00000000     UNINITIALIZED

.binit     0    00000000    00000000     

.bss       0    20200000    00000170     UNINITIALIZED
                  20200000    000000a0     (.common:gPWMBackup)
                  202000a0    00000080     bluetooth.o (.bss.g_rxBuffer)
                  20200120    00000050     uart_cmd.o (.bss.g_uartCmdBuffer)

.data      0    20200170    0000007f     UNINITIALIZED
                  20200170    00000008     attitude.o (.data.g_accCalSumX)
                  20200178    00000008     attitude.o (.data.g_accCalSumY)
                  20200180    00000008     attitude.o (.data.g_accCalSumZ)
                  20200188    00000008     attitude.o (.data.g_gyroCalSumX)
                  20200190    00000008     attitude.o (.data.g_gyroCalSumY)
                  20200198    00000008     attitude.o (.data.g_gyroCalSumZ)
                  202001a0    00000004     libc.a : aeabi_portable.c.obj (.data.__aeabi_errno)
                  202001a4    00000004     delay.o (.data.delay_ms_ticks)
                  202001a8    00000004     delay.o (.data.delay_times)
                  202001ac    00000004     attitude.o (.data.g_accFiltX)
                  202001b0    00000004     attitude.o (.data.g_accFiltY)
                  202001b4    00000004     attitude.o (.data.g_accFiltZ)
                  202001b8    00000004     encoder.o (.data.g_encoderLeftCount)
                  202001bc    00000004     encoder.o (.data.g_encoderRightCount)
                  202001c0    00000004     attitude.o (.data.g_gyroBiasX)
                  202001c4    00000004     attitude.o (.data.g_gyroBiasY)
                  202001c8    00000004     attitude.o (.data.g_gyroBiasZ)
                  202001cc    00000004     attitude.o (.data.g_gyroCalCount)
                  202001d0    00000004     attitude.o (.data.g_gyroZDps)
                  202001d4    00000004     attitude.o (.data.g_pitchDeg)
                  202001d8    00000004     attitude.o (.data.g_pitchZeroDeg)
                  202001dc    00000004     attitude.o (.data.g_rollDeg)
                  202001e0    00000004     attitude.o (.data.g_rollZeroDeg)
                  202001e4    00000004     attitude.o (.data.g_yawDeg)
                  202001e8    00000001     attitude.o (.data.g_accFilterReady)
                  202001e9    00000001     attitude.o (.data.g_gyroCalibrated)
                  202001ea    00000001     icm42688.o (.data.g_icm42688Address)
                  202001eb    00000001     bluetooth.o (.data.g_rxHead)
                  202001ec    00000001     bluetooth.o (.data.g_rxTail)
                  202001ed    00000001     uart_cmd.o (.data.g_uartCmdIndex)
                  202001ee    00000001     uart_cmd.o (.data.g_uartCmdReady)

.stack     0    20207e00    00000200     UNINITIALIZED
                  20207e00    00000004     libc.a : boot_cortex_m.c.obj (.stack)
                  20207e04    000001fc     --HOLE--

__llvm_prf_cnts 
*          0    20200000    00000000     UNINITIALIZED

__llvm_prf_bits 
*          0    20200000    00000000     UNINITIALIZED

MODULE SUMMARY

       Module                         code    ro data   rw data
       ------                         ----    -------   -------
    .\
       ti_msp_dl_config.o             2914    77        160    
       empty.o                        456     0         0      
       startup_mspm0g350x_ticlang.o   8       192       0      
    +--+------------------------------+-------+---------+---------+
       Total:                         3378    269       160    
                                                               
    .\Src\
       attitude.o                     2830    0         102    
       icm42688.o                     2026    2         1      
       vofa.o                         640     9         0      
       encoder.o                      378     0         8      
       uart_cmd.o                     250     0         82     
       bluetooth.o                    170     0         130    
       delay.o                        84      0         8      
    +--+------------------------------+-------+---------+---------+
       Total:                         6378    11        331    
                                                               
    C:/TI/mspm0_sdk_2_10_00_04/source/ti/driverlib/lib/ticlang/m0p/mspm0g1x0x_g3x0x/driverlib.a
       dl_timer.o                     356     0         0      
       dl_sysctl_mspm0g1x0x_g3x0x.o   316     0         0      
       dl_i2c.o                       240     0         0      
       dl_uart.o                      90      0         0      
       dl_common.o                    10      0         0      
    +--+------------------------------+-------+---------+---------+
       Total:                         1012    0         0      
                                                               
    D:\ti\ccs2050\ccs\tools\compiler\ti-cgt-armllvm_4.0.4.LTS\lib\armv6m-ti-none-eabi/c/libc.a
       k_rem_pio2.c.obj               1652    344       0      
       s_cosf.c.obj                   822     0         0      
       s_sinf.c.obj                   810     0         0      
       s_tanf.c.obj                   746     0         0      
       s_atanf.c.obj                  466     32        0      
       s_floor.c.obj                  324     0         0      
       e_atan2f.c.obj                 280     0         0      
       s_scalbn.c.obj                 216     0         0      
       e_sqrtf.c.obj                  160     0         0      
       copy_decompress_lzss.c.obj     124     0         0      
       autoinit.c.obj                 60      0         0      
       boot_cortex_m.c.obj            56      0         0      
       copy_zero_init.c.obj           22      0         0      
       copy_decompress_none.c.obj     18      0         0      
       memcpy16.S.obj                 18      0         0      
       aeabi_portable.c.obj           8       0         4      
       exit.c.obj                     6       0         0      
       pre_init.c.obj                 4       0         0      
    +--+------------------------------+-------+---------+---------+
       Total:                         5792    376       4      
                                                               
    D:\ti\ccs2050\ccs\tools\compiler\ti-cgt-armllvm_4.0.4.LTS\lib\armv6m-ti-none-eabi/c/libsysbm.a
       hostexit.c.obj                 4       0         0      
    +--+------------------------------+-------+---------+---------+
       Total:                         4       0         0      
                                                               
    D:\ti\ccs2050\ccs\tools\compiler\ti-cgt-armllvm_4.0.4.LTS\lib\armv6m-ti-none-eabi/libclang_rt.builtins.a
       adddf3.S.obj                   418     0         0      
       divdf3.S.obj                   268     0         0      
       muldf3.S.obj                   244     0         0      
       addsf3.S.obj                   232     0         0      
       comparedf2.c.obj               220     0         0      
       divsf3.S.obj                   146     0         0      
       mulsf3.S.obj                   140     0         0      
       comparesf2.S.obj               118     0         0      
       truncdfsf2.S.obj               116     0         0      
       aeabi_dcmp.S.obj               98      0         0      
       aeabi_fcmp.S.obj               98      0         0      
       aeabi_idivmod.S.obj            86      0         0      
       extendsfdf2.S.obj              80      0         0      
       floatdisf.S.obj                78      0         0      
       fixdfsi.S.obj                  74      0         0      
       aeabi_uidivmod.S.obj           64      0         0      
       floatsisf.S.obj                60      0         0      
       muldsi3.S.obj                  58      0         0      
       fixsfsi.S.obj                  56      0         0      
       floatsidf.S.obj                44      0         0      
       floatunsisf.S.obj              40      0         0      
       floatunsidf.S.obj              36      0         0      
       aeabi_memcpy.S.obj             8       0         0      
       aeabi_div0.c.obj               2       0         0      
    +--+------------------------------+-------+---------+---------+
       Total:                         2784    0         0      
                                                               
       Stack:                         0       0         512    
       Linker Generated:              0       51        0      
    +--+------------------------------+-------+---------+---------+
       Grand Total:                   19348   707       1007   


LINKER GENERATED COPY TABLES

__TI_cinit_table @ 00004e74 records: 2, size/record: 8, table size: 16
	.data: load addr=00004e50, load size=0000000f bytes, run addr=20200170, run size=0000007f bytes, compression=lzss
	.bss: load addr=00004e6c, load size=00000008 bytes, run addr=20200000, run size=00000170 bytes, compression=zero_init


LINKER GENERATED HANDLER TABLE

__TI_handler_table @ 00004e60 records: 3, size/record: 4, table size: 12
	index: 0, handler: __TI_decompress_lzss
	index: 1, handler: __TI_decompress_none
	index: 2, handler: __TI_zero_init


FAR CALL TRAMPOLINES

callee name               trampoline name
   callee addr  tramp addr   call addr  call info
--------------  -----------  ---------  ----------------
__aeabi_dadd              $Tramp$TT$L$PI$$__aeabi_dadd
   000019c3     0000499c     0000499a   libc.a : k_rem_pio2.c.obj (.text.OUTLINED_FUNCTION_0)
                             00004b92          : s_tanf.c.obj (.text.OUTLINED_FUNCTION_0)
                             00004b9c          : k_rem_pio2.c.obj (.text.OUTLINED_FUNCTION_1)
                             00004ba6          : s_cosf.c.obj (.text.OUTLINED_FUNCTION_3)
                             00004bb0          : s_sinf.c.obj (.text.OUTLINED_FUNCTION_3)
__aeabi_fdiv              $Tramp$TT$L$PI$$__aeabi_fdiv
   00003165     00004be4     00004be0   libc.a : s_atanf.c.obj (.text.OUTLINED_FUNCTION_0)
__aeabi_dmul              $Tramp$TT$L$PI$$__aeabi_dmul
   000024a1     00004bfc     00004bf8   libc.a : s_cosf.c.obj (.text.OUTLINED_FUNCTION_0)
                             00004c10          : s_sinf.c.obj (.text.OUTLINED_FUNCTION_0)
                             00004c16          : s_cosf.c.obj (.text.OUTLINED_FUNCTION_1)
                             00004c1c          : s_sinf.c.obj (.text.OUTLINED_FUNCTION_1)
__aeabi_fadd              $Tramp$TT$L$PI$$__aeabi_fadd
   00002743     00004c30     00004c2e   libc.a : s_atanf.c.obj (.text.OUTLINED_FUNCTION_1)
__aeabi_f2d               $Tramp$TT$L$PI$$__aeabi_f2d
   00003ef9     00004c44     00004c42   libc.a : s_tanf.c.obj (.text.OUTLINED_FUNCTION_1)
                             00004c56          : s_cosf.c.obj (.text.OUTLINED_FUNCTION_2)
                             00004c5a          : s_sinf.c.obj (.text.OUTLINED_FUNCTION_2)
_c_int00_noargs           $Tramp$TT$L$PI$$_c_int00_noargs
   0000440d     00004c60     00004c5c   startup_mspm0g350x_ticlang.o (.text.Reset_Handler)

[6 trampolines]
[15 trampoline calls]


GLOBAL SYMBOLS: SORTED ALPHABETICALLY BY Name 

address   name                                 
-------   ----                                 
00004c25  ADC0_IRQHandler                      
00004c25  ADC1_IRQHandler                      
00004c25  AES_IRQHandler                       
00004c28  C$$EXIT                              
00004c25  CANFD0_IRQHandler                    
00004c25  DAC0_IRQHandler                      
00004b81  DL_Common_delayCycles                
00003809  DL_I2C_fillControllerTXFIFO          
00004239  DL_I2C_flushControllerRXFIFO         
00003f79  DL_I2C_flushControllerTXFIFO         
0000445b  DL_I2C_setClockConfig                
00004671  DL_SYSCTL_configFCC                  
00002585  DL_SYSCTL_configSYSPLL               
00003df1  DL_SYSCTL_switchMCLKfromSYSOSCtoHSCLK
000022b1  DL_Timer_initFourCCPWMMode           
000046e1  DL_Timer_setCaptCompUpdateMethod     
000048b5  DL_Timer_setCaptureCompareOutCtl     
00004b2d  DL_Timer_setCaptureCompareValue      
000046fd  DL_Timer_setClockConfig              
00003c41  DL_UART_init                         
00004ac5  DL_UART_setClockConfig               
00004c25  DMA_IRQHandler                       
00004c25  Default_Handler                      
00004c25  GROUP0_IRQHandler                    
00004bb3  GROUP1_IRQHandler                    
00004c29  HOSTexit                             
00004c25  HardFault_Handler                    
00004c25  I2C0_IRQHandler                      
00004c25  I2C1_IRQHandler                      
00004c25  NMI_Handler                          
00004c25  PendSV_Handler                       
00004c25  RTC_IRQHandler                       
00004c5d  Reset_Handler                        
00004c25  SPI0_IRQHandler                      
00004c25  SPI1_IRQHandler                      
00004c25  SVC_Handler                          
00001825  SYSCFG_DL_GPIO_init                  
000038c5  SYSCFG_DL_I2C_ICM42688_init          
00002e2d  SYSCFG_DL_PWM_init                   
000023b5  SYSCFG_DL_SYSCTL_SYSPLL_init         
00003611  SYSCFG_DL_SYSCTL_init                
00004b4d  SYSCFG_DL_SYSTICK_init               
00003e79  SYSCFG_DL_UART0_init                 
00003975  SYSCFG_DL_UART_1_init                
00004269  SYSCFG_DL_init                       
00003265  SYSCFG_DL_initPower                  
00004bbb  SysTick_Handler                      
00004c25  TIMA0_IRQHandler                     
00004c25  TIMA1_IRQHandler                     
00004c25  TIMG0_IRQHandler                     
00004c25  TIMG12_IRQHandler                    
00004c25  TIMG6_IRQHandler                     
00004c25  TIMG7_IRQHandler                     
00004c25  TIMG8_IRQHandler                     
00004ad7  TI_memcpy_small                      
00004bc3  UART0_IRQHandler                     
000035a5  UART1_IRQHandler                     
00004c25  UART2_IRQHandler                     
00004c25  UART3_IRQHandler                     
20208000  __STACK_END                          
00000200  __STACK_SIZE                         
00000000  __TI_ATRegion0_region_sz             
00000000  __TI_ATRegion0_src_addr              
00000000  __TI_ATRegion0_trg_addr              
00000000  __TI_ATRegion1_region_sz             
00000000  __TI_ATRegion1_src_addr              
00000000  __TI_ATRegion1_trg_addr              
00000000  __TI_ATRegion2_region_sz             
00000000  __TI_ATRegion2_src_addr              
00000000  __TI_ATRegion2_trg_addr              
00004e74  __TI_CINIT_Base                      
00004e84  __TI_CINIT_Limit                     
00004e84  __TI_CINIT_Warm                      
00004e60  __TI_Handler_Table_Base              
00004e6c  __TI_Handler_Table_Limit             
000040a5  __TI_auto_init_nobinit_nopinit       
000032e1  __TI_decompress_lzss                 
00004ae9  __TI_decompress_none                 
ffffffff  __TI_pprof_out_hndl                  
ffffffff  __TI_prof_data_size                  
ffffffff  __TI_prof_data_start                 
00000000  __TI_static_base__                   
000049ad  __TI_zero_init_nomemset              
000019c3  __adddf3                             
00002743  __addsf3                             
000034c1  __aeabi_d2f                          
00003bf5  __aeabi_d2iz                         
000019c3  __aeabi_dadd                         
000036e1  __aeabi_dcmpeq                       
0000371d  __aeabi_dcmpge                       
00003731  __aeabi_dcmpgt                       
00003709  __aeabi_dcmple                       
000036f5  __aeabi_dcmplt                       
000021a5  __aeabi_ddiv                         
000024a1  __aeabi_dmul                         
000019b9  __aeabi_dsub                         
202001a0  __aeabi_errno                        
00004bcd  __aeabi_errno_addr                   
00003ef9  __aeabi_f2d                          
00004159  __aeabi_f2iz                         
00002743  __aeabi_fadd                         
00003745  __aeabi_fcmpeq                       
00003781  __aeabi_fcmpge                       
00003795  __aeabi_fcmpgt                       
0000376d  __aeabi_fcmple                       
00003759  __aeabi_fcmplt                       
00003165  __aeabi_fdiv                         
00002ebd  __aeabi_fmul                         
00002739  __aeabi_fsub                         
00004299  __aeabi_i2d                          
00003ff1  __aeabi_i2f                          
0000391d  __aeabi_idiv                         
00001b4b  __aeabi_idiv0                        
0000391d  __aeabi_idivmod                      
00003b0d  __aeabi_l2f                          
00004bd5  __aeabi_memcpy                       
00004bd5  __aeabi_memcpy4                      
00004bd5  __aeabi_memcpy8                      
000044a9  __aeabi_ui2d                         
000043bd  __aeabi_ui2f                         
00003eb9  __aeabi_uidiv                        
00003eb9  __aeabi_uidivmod                     
ffffffff  __binit__                            
00003679  __cmpdf2                             
000040e1  __cmpsf2                             
000021a5  __divdf3                             
00003165  __divsf3                             
00003679  __eqdf2                              
000040e1  __eqsf2                              
00003ef9  __extendsfdf2                        
00003bf5  __fixdfsi                            
00004159  __fixsfsi                            
00003b0d  __floatdisf                          
00004299  __floatsidf                          
00003ff1  __floatsisf                          
000044a9  __floatunsidf                        
000043bd  __floatunsisf                        
0000344d  __gedf2                              
0000402d  __gesf2                              
0000344d  __gtdf2                              
0000402d  __gtsf2                              
000000c1  __kernel_rem_pio2                    
00003679  __ledf2                              
000040e1  __lesf2                              
00003679  __ltdf2                              
000040e1  __ltsf2                              
UNDEFED   __mpu_init                           
000024a1  __muldf3                             
0000411d  __muldsi3                            
00002ebd  __mulsf3                             
00003679  __nedf2                              
000040e1  __nesf2                              
20207e00  __stack                              
20200000  __start___llvm_prf_bits              
20200000  __start___llvm_prf_cnts              
20200000  __stop___llvm_prf_bits               
20200000  __stop___llvm_prf_cnts               
000019b9  __subdf3                             
00002739  __subsf3                             
000034c1  __truncdfsf2                         
0000440d  _c_int00_noargs                      
UNDEFED   _system_post_cinit                   
00004c71  _system_pre_init                     
00004c1f  abort                                
0000208d  atan2f                               
00001125  atanf                                
00000d2d  attitude_calibrate_gyro              
00004191  attitude_get_euler                   
00002fd5  attitude_init                        
00000705  attitude_update_from_icm42688        
ffffffff  binit                                
00000f51  cosf                                 
00004b75  delay_get_ms                         
0000450d  delay_ms                             
000043e5  delay_tick                           
202001a8  delay_times                          
000033d5  encoder_gpio_irq_handler             
00001e1d  floor                                
00001e1d  floorl                               
20200000  gPWMBackup                           
00003d19  icm42688_get_who_am_i                
00001cbd  icm42688_init                        
00002ba9  icm42688_read_raw                    
00000000  interruptVectors                     
00002661  ldexp                                
00002661  ldexpl                               
000014b5  main                                 
00002661  scalbn                               
00002661  scalbnl                              
000012ed  sinf                                 
00002c55  sqrtf                                
00001675  tanf                                 
000037a9  uart0_send_byte                      
000028e1  uart0_send_float                     
000030e1  uart0_send_int                       
00004481  uart0_send_string                    
0000299d  uart_cmd_irq_handler                 
00002f49  vofa_send_six_float                  


GLOBAL SYMBOLS: SORTED BY Symbol Address 

address   name                                 
-------   ----                                 
00000000  __TI_ATRegion0_region_sz             
00000000  __TI_ATRegion0_src_addr              
00000000  __TI_ATRegion0_trg_addr              
00000000  __TI_ATRegion1_region_sz             
00000000  __TI_ATRegion1_src_addr              
00000000  __TI_ATRegion1_trg_addr              
00000000  __TI_ATRegion2_region_sz             
00000000  __TI_ATRegion2_src_addr              
00000000  __TI_ATRegion2_trg_addr              
00000000  __TI_static_base__                   
00000000  interruptVectors                     
000000c1  __kernel_rem_pio2                    
00000200  __STACK_SIZE                         
00000705  attitude_update_from_icm42688        
00000d2d  attitude_calibrate_gyro              
00000f51  cosf                                 
00001125  atanf                                
000012ed  sinf                                 
000014b5  main                                 
00001675  tanf                                 
00001825  SYSCFG_DL_GPIO_init                  
000019b9  __aeabi_dsub                         
000019b9  __subdf3                             
000019c3  __adddf3                             
000019c3  __aeabi_dadd                         
00001b4b  __aeabi_idiv0                        
00001cbd  icm42688_init                        
00001e1d  floor                                
00001e1d  floorl                               
0000208d  atan2f                               
000021a5  __aeabi_ddiv                         
000021a5  __divdf3                             
000022b1  DL_Timer_initFourCCPWMMode           
000023b5  SYSCFG_DL_SYSCTL_SYSPLL_init         
000024a1  __aeabi_dmul                         
000024a1  __muldf3                             
00002585  DL_SYSCTL_configSYSPLL               
00002661  ldexp                                
00002661  ldexpl                               
00002661  scalbn                               
00002661  scalbnl                              
00002739  __aeabi_fsub                         
00002739  __subsf3                             
00002743  __addsf3                             
00002743  __aeabi_fadd                         
000028e1  uart0_send_float                     
0000299d  uart_cmd_irq_handler                 
00002ba9  icm42688_read_raw                    
00002c55  sqrtf                                
00002e2d  SYSCFG_DL_PWM_init                   
00002ebd  __aeabi_fmul                         
00002ebd  __mulsf3                             
00002f49  vofa_send_six_float                  
00002fd5  attitude_init                        
000030e1  uart0_send_int                       
00003165  __aeabi_fdiv                         
00003165  __divsf3                             
00003265  SYSCFG_DL_initPower                  
000032e1  __TI_decompress_lzss                 
000033d5  encoder_gpio_irq_handler             
0000344d  __gedf2                              
0000344d  __gtdf2                              
000034c1  __aeabi_d2f                          
000034c1  __truncdfsf2                         
000035a5  UART1_IRQHandler                     
00003611  SYSCFG_DL_SYSCTL_init                
00003679  __cmpdf2                             
00003679  __eqdf2                              
00003679  __ledf2                              
00003679  __ltdf2                              
00003679  __nedf2                              
000036e1  __aeabi_dcmpeq                       
000036f5  __aeabi_dcmplt                       
00003709  __aeabi_dcmple                       
0000371d  __aeabi_dcmpge                       
00003731  __aeabi_dcmpgt                       
00003745  __aeabi_fcmpeq                       
00003759  __aeabi_fcmplt                       
0000376d  __aeabi_fcmple                       
00003781  __aeabi_fcmpge                       
00003795  __aeabi_fcmpgt                       
000037a9  uart0_send_byte                      
00003809  DL_I2C_fillControllerTXFIFO          
000038c5  SYSCFG_DL_I2C_ICM42688_init          
0000391d  __aeabi_idiv                         
0000391d  __aeabi_idivmod                      
00003975  SYSCFG_DL_UART_1_init                
00003b0d  __aeabi_l2f                          
00003b0d  __floatdisf                          
00003bf5  __aeabi_d2iz                         
00003bf5  __fixdfsi                            
00003c41  DL_UART_init                         
00003d19  icm42688_get_who_am_i                
00003df1  DL_SYSCTL_switchMCLKfromSYSOSCtoHSCLK
00003e79  SYSCFG_DL_UART0_init                 
00003eb9  __aeabi_uidiv                        
00003eb9  __aeabi_uidivmod                     
00003ef9  __aeabi_f2d                          
00003ef9  __extendsfdf2                        
00003f79  DL_I2C_flushControllerTXFIFO         
00003ff1  __aeabi_i2f                          
00003ff1  __floatsisf                          
0000402d  __gesf2                              
0000402d  __gtsf2                              
000040a5  __TI_auto_init_nobinit_nopinit       
000040e1  __cmpsf2                             
000040e1  __eqsf2                              
000040e1  __lesf2                              
000040e1  __ltsf2                              
000040e1  __nesf2                              
0000411d  __muldsi3                            
00004159  __aeabi_f2iz                         
00004159  __fixsfsi                            
00004191  attitude_get_euler                   
00004239  DL_I2C_flushControllerRXFIFO         
00004269  SYSCFG_DL_init                       
00004299  __aeabi_i2d                          
00004299  __floatsidf                          
000043bd  __aeabi_ui2f                         
000043bd  __floatunsisf                        
000043e5  delay_tick                           
0000440d  _c_int00_noargs                      
0000445b  DL_I2C_setClockConfig                
00004481  uart0_send_string                    
000044a9  __aeabi_ui2d                         
000044a9  __floatunsidf                        
0000450d  delay_ms                             
00004671  DL_SYSCTL_configFCC                  
000046e1  DL_Timer_setCaptCompUpdateMethod     
000046fd  DL_Timer_setClockConfig              
000048b5  DL_Timer_setCaptureCompareOutCtl     
000049ad  __TI_zero_init_nomemset              
00004ac5  DL_UART_setClockConfig               
00004ad7  TI_memcpy_small                      
00004ae9  __TI_decompress_none                 
00004b2d  DL_Timer_setCaptureCompareValue      
00004b4d  SYSCFG_DL_SYSTICK_init               
00004b75  delay_get_ms                         
00004b81  DL_Common_delayCycles                
00004bb3  GROUP1_IRQHandler                    
00004bbb  SysTick_Handler                      
00004bc3  UART0_IRQHandler                     
00004bcd  __aeabi_errno_addr                   
00004bd5  __aeabi_memcpy                       
00004bd5  __aeabi_memcpy4                      
00004bd5  __aeabi_memcpy8                      
00004c1f  abort                                
00004c25  ADC0_IRQHandler                      
00004c25  ADC1_IRQHandler                      
00004c25  AES_IRQHandler                       
00004c25  CANFD0_IRQHandler                    
00004c25  DAC0_IRQHandler                      
00004c25  DMA_IRQHandler                       
00004c25  Default_Handler                      
00004c25  GROUP0_IRQHandler                    
00004c25  HardFault_Handler                    
00004c25  I2C0_IRQHandler                      
00004c25  I2C1_IRQHandler                      
00004c25  NMI_Handler                          
00004c25  PendSV_Handler                       
00004c25  RTC_IRQHandler                       
00004c25  SPI0_IRQHandler                      
00004c25  SPI1_IRQHandler                      
00004c25  SVC_Handler                          
00004c25  TIMA0_IRQHandler                     
00004c25  TIMA1_IRQHandler                     
00004c25  TIMG0_IRQHandler                     
00004c25  TIMG12_IRQHandler                    
00004c25  TIMG6_IRQHandler                     
00004c25  TIMG7_IRQHandler                     
00004c25  TIMG8_IRQHandler                     
00004c25  UART2_IRQHandler                     
00004c25  UART3_IRQHandler                     
00004c28  C$$EXIT                              
00004c29  HOSTexit                             
00004c5d  Reset_Handler                        
00004c71  _system_pre_init                     
00004e60  __TI_Handler_Table_Base              
00004e6c  __TI_Handler_Table_Limit             
00004e74  __TI_CINIT_Base                      
00004e84  __TI_CINIT_Limit                     
00004e84  __TI_CINIT_Warm                      
20200000  __start___llvm_prf_bits              
20200000  __start___llvm_prf_cnts              
20200000  __stop___llvm_prf_bits               
20200000  __stop___llvm_prf_cnts               
20200000  gPWMBackup                           
202001a0  __aeabi_errno                        
202001a8  delay_times                          
20207e00  __stack                              
20208000  __STACK_END                          
ffffffff  __TI_pprof_out_hndl                  
ffffffff  __TI_prof_data_size                  
ffffffff  __TI_prof_data_start                 
ffffffff  __binit__                            
ffffffff  binit                                
UNDEFED   __mpu_init                           
UNDEFED   _system_post_cinit                   

[198 symbols]
