******************************************************************************
            TI ARM Clang Linker PC v4.0.4                      
******************************************************************************
>> Linked Wed Jul 29 18:20:03 2026

OUTPUT FILE NAME:   <C07A.out>
ENTRY POINT SYMBOL: "_c_int00_noargs"  address: 000035e9


MEMORY CONFIGURATION

         name            origin    length      used     unused   attr    fill
----------------------  --------  ---------  --------  --------  ----  --------
  FLASH                 00000000   00020000  00004508  0001baf8  R  X
  SRAM                  20200000   00008000  00000443  00007bbd  RW X
  BCR_CONFIG            41c00000   000000ff  00000000  000000ff  R   
  BSL_CONFIG            41c00100   00000080  00000000  00000080  R   


SEGMENT ALLOCATION MAP

run origin  load origin   length   init length attrs members
----------  ----------- ---------- ----------- ----- -------
00000000    00000000    00004508   00004508    r-x
  00000000    00000000    000000c0   000000c0    r-- .intvecs
  000000c0    000000c0    00004118   00004118    r-x .text
  000041d8    000041d8    000002e8   000002e8    r-- .rodata
  000044c0    000044c0    00000048   00000048    r-- .cinit
20200000    20200000    00000243   00000000    rw-
  20200000    20200000    000001d0   00000000    rw- .bss
  202001d0    202001d0    00000073   00000000    rw- .data
20207e00    20207e00    00000200   00000000    rw-
  20207e00    20207e00    00000200   00000000    rw- .stack


SECTION ALLOCATION MAP

 output                                  attributes/
section   page    origin      length       input sections
--------  ----  ----------  ----------   ----------------
.intvecs   0    00000000    000000c0     
                  00000000    000000c0     startup_mspm0g350x_ticlang.o (.intvecs)

.text      0    000000c0    00004118     
                  000000c0    000001ea     bluetooth.o (.text.bluetooth_apply_named_command)
                  000002aa    00000002     libclang_rt.builtins.a : aeabi_div0.c.obj (.text.__aeabi_idiv0)
                  000002ac    000001e8     line_track.o (.text.line_track_update_with_raw_impl)
                  00000494    000001e8     oled.o (.text.oled_print_char_x2)
                  0000067c    00000190     task2.o (.text.task2_oled_update)
                  0000080c    00000180     ti_msp_dl_config.o (.text.SYSCFG_DL_GPIO_init)
                  0000098c    00000178     task2.o (.text.task2_run)
                  00000b04    0000010e     oled.o (.text.oled_print_time_large)
                  00000c12    00000002     libclang_rt.builtins.a : aeabi_div0.c.obj (.text.__aeabi_ldiv0)
                  00000c14    00000108     encoder.o (.text.encoder_init)
                  00000d1c    00000108     pid.o (.text.speed_pid_control_update)
                  00000e24    00000104     driverlib.a : dl_timer.o (.text.DL_Timer_initFourCCPWMMode)
                  00000f28    00000100     motor.o (.text.motor_set_pwm)
                  00001028    000000fc     bluetooth.o (.text.bluetooth_process)
                  00001124    000000f2     bluetooth.o (.text.bluetooth_parse_int32)
                  00001216    00000002     --HOLE-- [fill = 0]
                  00001218    000000ec     ti_msp_dl_config.o (.text.SYSCFG_DL_SYSCTL_SYSPLL_init)
                  00001304    000000dc     driverlib.a : dl_sysctl_mspm0g1x0x_g3x0x.o (.text.DL_SYSCTL_configSYSPLL)
                  000013e0    000000d8     libclang_rt.builtins.a : addsf3.S.obj (.text)
                  000014b8    000000ce     oled.o (.text.oled_init)
                  00001586    00000002     --HOLE-- [fill = 0]
                  00001588    000000cc     bluetooth.o (.text.bluetooth_parse_packet)
                  00001654    000000c0     bluetooth.o (.text.bluetooth_apply_indexed_command)
                  00001714    000000aa     pid.o (.text.pid_calculate)
                  000017be    000000a6     bluetooth.o (.text.bluetooth_send_int32)
                  00001864    000000a6     oled.o (.text.oled_print_int)
                  0000190a    00000002     --HOLE-- [fill = 0]
                  0000190c    000000a2     libclang_rt.builtins.a : udivmoddi4.S.obj (.text)
                  000019ae    00000002     --HOLE-- [fill = 0]
                  000019b0    00000094     line_track.o (.text.line_track_calculate_error)
                  00001a44    00000090     ti_msp_dl_config.o (.text.SYSCFG_DL_PWM_init)
                  00001ad4    0000008c     encoder.o (.text.encoder_delta_to_speed_mm_s)
                  00001b60    0000008c     oled.o (.text.oled_print_char)
                  00001bec    00000088     bluetooth.o (.text.bluetooth_send_params)
                  00001c74    00000084     ti_msp_dl_config.o (.text.__NVIC_SetPriority)
                  00001cf8    00000084     bluetooth.o (.text.bluetooth_packet_equals)
                  00001d7c    00000084     pid.o (.text.speed_pid_init)
                  00001e00    00000084     vofa.o (.text.uart0_send_int)
                  00001e84    0000007c     ti_msp_dl_config.o (.text.SYSCFG_DL_initPower)
                  00001f00    0000007c     gray_serial.o (.text.gray_serial_read)
                  00001f7c    0000007c     libc.a : copy_decompress_lzss.c.obj (.text:decompress:lzss)
                  00001ff8    00000078     encoder.o (.text.encoder_gpio_irq_handler)
                  00002070    00000074     libclang_rt.builtins.a : comparedf2.c.obj (.text.__gedf2)
                  000020e4    00000074     encoder.o (.text.encoder_update_speed)
                  00002158    0000006c     bluetooth.o (.text.UART1_IRQHandler)
                  000021c4    0000006c     oled.o (.text.oled_set_cursor)
                  00002230    00000068     ti_msp_dl_config.o (.text.SYSCFG_DL_SYSCTL_init)
                  00002298    00000068     libclang_rt.builtins.a : comparedf2.c.obj (.text.__ledf2)
                  00002300    00000068     bluetooth.o (.text.bluetooth_init)
                  00002368    00000068     vofa.o (.text.vofa_send_six_int)
                  000023d0    00000066     pid.o (.text.pid_apply_min_start_pwm)
                  00002436    00000064     bluetooth.o (.text.bluetooth_find_value)
                  0000249a    00000002     --HOLE-- [fill = 0]
                  0000249c    00000062     libclang_rt.builtins.a : aeabi_dcmp.S.obj (.text.__aeabi_dcmp)
                  000024fe    00000002     --HOLE-- [fill = 0]
                  00002500    00000062                            : aeabi_fcmp.S.obj (.text.__aeabi_fcmp)
                  00002562    00000002     --HOLE-- [fill = 0]
                  00002564    00000060     vofa.o (.text.uart0_send_byte)
                  000025c4    0000005c     task2.o (.text.task2_count_active_gray_sensors)
                  00002620    00000058     ti_msp_dl_config.o (.text.SYSCFG_DL_I2C_ICM42688_init)
                  00002678    00000056     libclang_rt.builtins.a : aeabi_idivmod.S.obj (.text.__aeabi_idivmod)
                  000026ce    00000002     --HOLE-- [fill = 0]
                  000026d0    00000054     ti_msp_dl_config.o (.text.SYSCFG_DL_UART_1_init)
                  00002724    00000054     angle_control.o (.text.angle_control_wrap_180)
                  00002778    00000054     task2.o (.text.task2_encoder_counts_to_mm)
                  000027cc    00000050     ti_msp_dl_config.o (.text.DL_GPIO_initPeripheralInputFunctionFeatures)
                  0000281c    00000050     ti_msp_dl_config.o (.text.SysTick_Config)
                  0000286c    00000050     oled.o (.text.oled_write_byte)
                  000028bc    0000004c     ti_msp_dl_config.o (.text.DL_GPIO_initDigitalInputFeatures)
                  00002908    0000004c     ti_msp_dl_config.o (.text.DL_UART_setBaudRateDivisor)
                  00002954    00000048     driverlib.a : dl_uart.o (.text.DL_UART_init)
                  0000299c    00000048     line_track.o (.text.line_track_apply_deadband)
                  000029e4    00000048     oled.o (.text.oled_clear_line)
                  00002a2c    00000048     pid.o (.text.speed_pid_stop)
                  00002a74    00000044     driverlib.a : dl_sysctl_mspm0g1x0x_g3x0x.o (.text.DL_SYSCTL_switchMCLKfromSYSOSCtoHSCLK)
                  00002ab8    00000044     line_track.o (.text.line_track_init)
                  00002afc    00000044     pid.o (.text.pid_limit)
                  00002b40    00000040     ti_msp_dl_config.o (.text.SYSCFG_DL_UART0_init)
                  00002b80    00000040     libclang_rt.builtins.a : aeabi_uidivmod.S.obj (.text.__aeabi_uidivmod)
                  00002bc0    00000040     angle_control.o (.text.angle_control_enable)
                  00002c00    00000040     motor.o (.text.motor_limit_pwm)
                  00002c40    00000040     oled.o (.text.oled_reverse_bits)
                  00002c80    0000003e     libclang_rt.builtins.a : divmoddi4.c.obj (.text.__divmoddi4)
                  00002cbe    0000003e     encoder.o (.text.encoder_read_left_state)
                  00002cfc    0000003e     encoder.o (.text.encoder_read_right_state)
                  00002d3a    0000003e     oled.o (.text.oled_print_string)
                  00002d78    0000003e     oled.o (.text.oled_print_string_x2)
                  00002db6    00000002     --HOLE-- [fill = 0]
                  00002db8    0000003c     ti_msp_dl_config.o (.text.DL_Timer_setCounterControl)
                  00002df4    0000003c     libclang_rt.builtins.a : floatsisf.S.obj (.text.__floatsisf)
                  00002e30    0000003c                            : comparesf2.S.obj (.text.__gtsf2)
                  00002e6c    0000003c     oled.o (.text.oled_print_hex_u8)
                  00002ea8    0000003c     pid.o (.text.pid_init)
                  00002ee4    0000003c     libc.a : autoinit.c.obj (.text:__TI_auto_init_nobinit_nopinit)
                  00002f20    0000003a     libclang_rt.builtins.a : comparesf2.S.obj (.text.__eqsf2)
                  00002f5a    00000002     --HOLE-- [fill = 0]
                  00002f5c    0000003a                            : muldsi3.S.obj (.text.__muldsi3)
                  00002f96    00000002     --HOLE-- [fill = 0]
                  00002f98    00000038     attitude.o (.text.attitude_get_euler)
                  00002fd0    00000038     bluetooth.o (.text.bluetooth_is_digit)
                  00003008    00000038     encoder.o (.text.encoder_update_left)
                  00003040    00000038     encoder.o (.text.encoder_update_right)
                  00003078    00000036     angle_control.o (.text.angle_control_limit_i32)
                  000030ae    00000036     line_track.o (.text.line_track_limit)
                  000030e4    00000036     oled.o (.text.oled_clear)
                  0000311a    00000034     bluetooth.o (.text.bluetooth_to_upper)
                  0000314e    00000034     line_track.o (.text.line_track_reduce_forward_base)
                  00003182    00000002     --HOLE-- [fill = 0]
                  00003184    00000034     oled.o (.text.oled_dc)
                  000031b8    00000034     oled.o (.text.oled_rst)
                  000031ec    00000034     oled.o (.text.oled_scl)
                  00003220    00000034     oled.o (.text.oled_sda)
                  00003254    00000034     pid.o (.text.speed_pid_should_send_vofa)
                  00003288    00000034     task2.o (.text.task2_get_traveled_distance_mm)
                  000032bc    00000030     driverlib.a : dl_uart.o (.text.DL_UART_transmitDataBlocking)
                  000032ec    00000030     ti_msp_dl_config.o (.text.SYSCFG_DL_init)
                  0000331c    00000030     task2.o (.text.task2_discard_startup_gray_samples)
                  0000334c    0000002c     bluetooth.o (.text.__NVIC_ClearPendingIRQ)
                  00003378    0000002c     encoder.o (.text.__NVIC_ClearPendingIRQ)
                  000033a4    0000002c     bluetooth.o (.text.__NVIC_EnableIRQ)
                  000033d0    0000002c     encoder.o (.text.__NVIC_EnableIRQ)
                  000033fc    0000002c     line_track.o (.text.line_track_curve_base_reduce)
                  00003428    0000002c     line_track.o (.text.line_track_curve_extra_correction)
                  00003454    0000002a     task2.o (.text.task2_car_speed_is_zero)
                  0000347e    00000028     ti_msp_dl_config.o (.text.DL_Common_updateReg)
                  000034a6    00000002     --HOLE-- [fill = 0]
                  000034a8    00000028     ti_msp_dl_config.o (.text.DL_I2C_setControllerRXFIFOThreshold)
                  000034d0    00000028     ti_msp_dl_config.o (.text.DL_I2C_setControllerTXFIFOThreshold)
                  000034f8    00000028     delay.o (.text.delay_tick)
                  00003520    00000028     encoder.o (.text.encoder_get_left_count)
                  00003548    00000028     encoder.o (.text.encoder_get_left_speed_mm_s)
                  00003570    00000028     encoder.o (.text.encoder_get_right_count)
                  00003598    00000028     encoder.o (.text.encoder_get_right_speed_mm_s)
                  000035c0    00000028     line_track.o (.text.line_track_get_status)
                  000035e8    00000028     libc.a : boot_cortex_m.c.obj (.text:_c_int00_noargs)
                  00003610    00000026     ti_msp_dl_config.o (.text.DL_I2C_setAnalogGlitchFilterPulseWidth)
                  00003636    00000026     driverlib.a : dl_i2c.o (.text.DL_I2C_setClockConfig)
                  0000365c    00000026     bluetooth.o (.text.bluetooth_send_string)
                  00003682    00000026     vofa.o (.text.uart0_send_string)
                  000036a8    00000024     libclang_rt.builtins.a : floatunsidf.S.obj (.text.__floatunsidf)
                  000036cc    00000024                            : muldi3.S.obj (.text.__muldi3)
                  000036f0    00000024     angle_control.o (.text.angle_control_set_max_correction)
                  00003714    00000024     encoder.o (.text.encoder_tick_1ms)
                  00003738    00000024     line_track.o (.text.line_track_is_active)
                  0000375c    00000024     line_track.o (.text.line_track_set_max_correction)
                  00003780    00000024     oled.o (.text.oled_physical_page)
                  000037a4    00000020     ti_msp_dl_config.o (.text.DL_GPIO_initPeripheralInputFunction)
                  000037c4    00000020     ti_msp_dl_config.o (.text.DL_SYSCTL_setFlashWaitState)
                  000037e4    00000020     delay.o (.text.delay_ms)
                  00003804    00000020     encoder.o (.text.encoder_left_a_is_high)
                  00003824    00000020     encoder.o (.text.encoder_left_b_is_high)
                  00003844    00000020     encoder.o (.text.encoder_right_a_is_high)
                  00003864    00000020     encoder.o (.text.encoder_right_b_is_high)
                  00003884    00000020     line_track.o (.text.line_track_abs)
                  000038a4    00000020     line_track.o (.text.line_track_set_turn_gains)
                  000038c4    00000020     pid.o (.text.speed_pid_set_target)
                  000038e4    00000020     task2.o (.text.task2_abs_i32)
                  00003904    00000020     task2.o (.text.task2_should_exit_line_track)
                  00003924    0000001e     ti_msp_dl_config.o (.text.DL_UART_setOversampling)
                  00003942    00000002     --HOLE-- [fill = 0]
                  00003944    0000001e     libclang_rt.builtins.a : ashldi3.S.obj (.text.__ashldi3)
                  00003962    00000002     --HOLE-- [fill = 0]
                  00003964    0000001c     encoder.o (.text.DL_GPIO_clearInterruptStatus)
                  00003980    0000001c     ti_msp_dl_config.o (.text.DL_GPIO_clearInterruptStatus)
                  0000399c    0000001c     encoder.o (.text.DL_GPIO_disableInterrupt)
                  000039b8    0000001c     ti_msp_dl_config.o (.text.DL_GPIO_enableHiZ)
                  000039d4    0000001c     encoder.o (.text.DL_GPIO_enableInterrupt)
                  000039f0    0000001c     ti_msp_dl_config.o (.text.DL_GPIO_enableInterrupt)
                  00003a0c    0000001c     ti_msp_dl_config.o (.text.DL_GPIO_initPeripheralOutputFunction)
                  00003a28    0000001c     driverlib.a : dl_sysctl_mspm0g1x0x_g3x0x.o (.text.DL_SYSCTL_configFCC)
                  00003a44    0000001c     ti_msp_dl_config.o (.text.DL_SYSCTL_setFCCPeriods)
                  00003a60    0000001c     ti_msp_dl_config.o (.text.DL_SYSCTL_setSYSOSCFreq)
                  00003a7c    0000001c     ti_msp_dl_config.o (.text.DL_SYSCTL_setULPCLKDivider)
                  00003a98    0000001c     driverlib.a : dl_timer.o (.text.DL_Timer_setCaptCompUpdateMethod)
                  00003ab4    0000001c                 : dl_timer.o (.text.DL_Timer_setClockConfig)
                  00003ad0    0000001c     bluetooth.o (.text.DL_UART_enableInterrupt)
                  00003aec    0000001c     ti_msp_dl_config.o (.text.DL_UART_enableInterrupt)
                  00003b08    0000001c     angle_control.o (.text.angle_control_set_base_speed)
                  00003b24    0000001c     bluetooth.o (.text.bluetooth_send_char)
                  00003b40    0000001c     oled.o (.text.oled_write_cmd)
                  00003b5c    0000001c     oled.o (.text.oled_write_data)
                  00003b78    0000001c     task2.o (.text.task2_apply_race_line_params)
                  00003b94    0000001c     task2.o (.text.task2_oled_print_line_header)
                  00003bb0    00000018     ti_msp_dl_config.o (.text.DL_GPIO_enableOutput)
                  00003bc8    00000018     ti_msp_dl_config.o (.text.DL_GPIO_enablePower)
                  00003be0    00000018     encoder.o (.text.DL_GPIO_getEnabledInterruptStatus)
                  00003bf8    00000018     ti_msp_dl_config.o (.text.DL_GPIO_initDigitalOutput)
                  00003c10    00000018     ti_msp_dl_config.o (.text.DL_GPIO_reset)
                  00003c28    00000018     gray_serial.o (.text.DL_GPIO_setPins)
                  00003c40    00000018     motor.o (.text.DL_GPIO_setPins)
                  00003c58    00000018     oled.o (.text.DL_GPIO_setPins)
                  00003c70    00000018     ti_msp_dl_config.o (.text.DL_GPIO_setPins)
                  00003c88    00000018     encoder.o (.text.DL_GPIO_setUpperPinsPolarity)
                  00003ca0    00000018     ti_msp_dl_config.o (.text.DL_GPIO_setUpperPinsPolarity)
                  00003cb8    00000018     ti_msp_dl_config.o (.text.DL_I2C_enableAnalogGlitchFilter)
                  00003cd0    00000018     ti_msp_dl_config.o (.text.DL_I2C_enableController)
                  00003ce8    00000018     ti_msp_dl_config.o (.text.DL_I2C_enableControllerClockStretching)
                  00003d00    00000018     ti_msp_dl_config.o (.text.DL_I2C_enablePower)
                  00003d18    00000018     ti_msp_dl_config.o (.text.DL_I2C_reset)
                  00003d30    00000018     ti_msp_dl_config.o (.text.DL_I2C_setTimerPeriod)
                  00003d48    00000018     ti_msp_dl_config.o (.text.DL_SYSCTL_setBORThreshold)
                  00003d60    00000018     ti_msp_dl_config.o (.text.DL_Timer_enablePower)
                  00003d78    00000018     ti_msp_dl_config.o (.text.DL_Timer_reset)
                  00003d90    00000018     driverlib.a : dl_timer.o (.text.DL_Timer_setCaptureCompareOutCtl)
                  00003da8    00000018     bluetooth.o (.text.DL_UART_clearInterruptStatus)
                  00003dc0    00000018     ti_msp_dl_config.o (.text.DL_UART_enablePower)
                  00003dd8    00000018     bluetooth.o (.text.DL_UART_isRXFIFOEmpty)
                  00003df0    00000018     vofa.o (.text.DL_UART_isTXFIFOFull)
                  00003e08    00000018     ti_msp_dl_config.o (.text.DL_UART_reset)
                  00003e20    00000018     angle_control.o (.text.angle_control_set_target_yaw)
                  00003e38    00000016     encoder.o (.text.DL_GPIO_readPins)
                  00003e4e    00000016     gray_serial.o (.text.DL_GPIO_readPins)
                  00003e64    00000016     ti_msp_dl_config.o (.text.DL_UART_enable)
                  00003e7a    00000016     vofa.o (.text.DL_UART_transmitData)
                  00003e90    00000016     line_track.o (.text.line_track_update_with_raw)
                  00003ea6    00000016     libc.a : copy_zero_init.c.obj (.text:decompress:ZI:__TI_zero_init_nomemset)
                  00003ebc    00000014     gray_serial.o (.text.DL_GPIO_clearPins)
                  00003ed0    00000014     motor.o (.text.DL_GPIO_clearPins)
                  00003ee4    00000014     oled.o (.text.DL_GPIO_clearPins)
                  00003ef8    00000014     ti_msp_dl_config.o (.text.DL_I2C_resetControllerTransfer)
                  00003f0c    00000014     ti_msp_dl_config.o (.text.DL_SYSCTL_disableSYSPLL)
                  00003f20    00000014     ti_msp_dl_config.o (.text.DL_SYSCTL_enableSYSPLL)
                  00003f34    00000014     ti_msp_dl_config.o (.text.DL_Timer_enableClock)
                  00003f48    00000014     ti_msp_dl_config.o (.text.DL_Timer_setCCPDirection)
                  00003f5c    00000014     bluetooth.o (.text.DL_UART_receiveData)
                  00003f70    00000014     libclang_rt.builtins.a : aeabi_ldivmod.S.obj (.text.__aeabi_ldivmod)
                  00003f84    00000014     angle_control.o (.text.angle_control_set_kd_scaled)
                  00003f98    00000014     angle_control.o (.text.angle_control_set_kp_scaled)
                  00003fac    00000014     gray_serial.o (.text.gray_serial_delay_us)
                  00003fc0    00000014     gray_serial.o (.text.gray_serial_init)
                  00003fd4    00000014     line_track.o (.text.line_track_set_base_speed)
                  00003fe8    00000014     line_track.o (.text.line_track_set_turn_kd)
                  00003ffc    00000014     line_track.o (.text.line_track_set_turn_kp)
                  00004010    00000014     pid.o (.text.speed_pid_set_speed)
                  00004024    00000012     bluetooth.o (.text.DL_UART_getPendingInterrupt)
                  00004036    00000012     driverlib.a : dl_uart.o (.text.DL_UART_setClockConfig)
                  00004048    00000012     pid.o (.text.pid_reset)
                  0000405a    00000012     libc.a : memcpy16.S.obj (.text:TI_memcpy_small)
                  0000406c    00000012            : copy_decompress_none.c.obj (.text:decompress:none)
                  0000407e    00000002     --HOLE-- [fill = 0]
                  00004080    00000010     ti_msp_dl_config.o (.text.DL_SYSCTL_disableHFXT)
                  00004090    00000010     ti_msp_dl_config.o (.text.DL_SYSCTL_isFCCDone)
                  000040a0    00000010     ti_msp_dl_config.o (.text.DL_SYSCTL_startFCC)
                  000040b0    00000010     driverlib.a : dl_timer.o (.text.DL_Timer_setCaptureCompareValue)
                  000040c0    00000010     ti_msp_dl_config.o (.text.SYSCFG_DL_SYSTICK_init)
                  000040d0    00000010     bluetooth.o (.text.bluetooth_send_error)
                  000040e0    00000010     bluetooth.o (.text.bluetooth_send_ok)
                  000040f0    0000000e     empty.o (.text.main)
                  000040fe    00000002     --HOLE-- [fill = 0]
                  00004100    0000000c     ti_msp_dl_config.o (.text.DL_SYSCTL_getClockStatus)
                  0000410c    0000000c     ti_msp_dl_config.o (.text.DL_SYSCTL_readFCC)
                  00004118    0000000c     empty.o (.text.SysTick_Handler)
                  00004124    0000000c     angle_control.o (.text.angle_control_get_base_speed)
                  00004130    0000000c     angle_control.o (.text.angle_control_get_kd_scaled)
                  0000413c    0000000c     angle_control.o (.text.angle_control_get_kp_scaled)
                  00004148    0000000c     angle_control.o (.text.angle_control_get_max_correction)
                  00004154    0000000c     delay.o (.text.delay_get_ms)
                  00004160    0000000c     line_track.o (.text.line_track_get_base_speed)
                  0000416c    0000000c     line_track.o (.text.line_track_get_max_correction)
                  00004178    0000000c     line_track.o (.text.line_track_get_turn_kd)
                  00004184    0000000c     line_track.o (.text.line_track_get_turn_kp)
                  00004190    0000000a     driverlib.a : dl_common.o (.text.DL_Common_delayCycles)
                  0000419a    00000008     encoder.o (.text.GROUP1_IRQHandler)
                  000041a2    00000002     --HOLE-- [fill = 0]
                  000041a4    00000008     libclang_rt.builtins.a : aeabi_memcpy.S.obj (.text.__aeabi_memcpy)
                  000041ac    00000006     libc.a : exit.c.obj (.text:abort)
                  000041b2    00000004     startup_mspm0g350x_ticlang.o (.text.Default_Handler)
                  000041b6    00000004     libsysbm.a : hostexit.c.obj (.text.HOSTexit)
                  000041ba    00000004     startup_mspm0g350x_ticlang.o (.text.Reset_Handler)
                  000041be    00000002     --HOLE-- [fill = 0]
                  000041c0    00000010     libc.a : boot_cortex_m.c.obj (.tramp._c_int00_noargs.1)
                  000041d0    00000004            : pre_init.c.obj (.text._system_pre_init)
                  000041d4    00000004     --HOLE-- [fill = 0]

.cinit     0    000044c0    00000048     
                  000044c0    00000022     (.cinit..data.load) [load image, compression = lzss]
                  000044e2    00000002     --HOLE-- [fill = 0]
                  000044e4    0000000c     (__TI_handler_table)
                  000044f0    00000008     (.cinit..bss.load) [load image, compression = zero_init]
                  000044f8    00000010     (__TI_cinit_table)

.rodata    0    000041d8    000002e8     
                  000041d8    000001e0     oled.o (.rodata.g_font5x7)
                  000043b8    00000028     ti_msp_dl_config.o (.rodata.gSYSPLLConfig)
                  000043e0    00000011     oled.o (.rodata.oled_print_hex_u8.hex)
                  000043f1    00000001     --HOLE-- [fill = 0]
                  000043f2    00000010     line_track.o (.rodata.line_track_calculate_error.channelWeight)
                  00004402    0000000b     task2.o (.rodata.str1.3946929204425545274.1)
                  0000440d    00000001     --HOLE-- [fill = 0]
                  0000440e    0000000a     ti_msp_dl_config.o (.rodata.gUART0Config)
                  00004418    0000000a     ti_msp_dl_config.o (.rodata.gUART_1Config)
                  00004422    00000009     vofa.o (.rodata.str1.15592850640436249970.1)
                  0000442b    00000009     bluetooth.o (.rodata.str1.5649145351321820900.1)
                  00004434    00000008     ti_msp_dl_config.o (.rodata.gPWMConfig)
                  0000443c    00000008     line_track.o (.rodata.line_track_calculate_error.channelBitMap)
                  00004444    00000008     bluetooth.o (.rodata.str1.11827052999310086412.1)
                  0000444c    00000008     task2.o (.rodata.task2_count_active_gray_sensors.channelBitMap)
                  00004454    00000006     task2.o (.rodata.str1.16091894947623141358.1)
                  0000445a    00000006     task2.o (.rodata.str1.16706140341094209599.1)
                  00004460    00000006     task2.o (.rodata.str1.17126303691070107784.1)
                  00004466    00000006     task2.o (.rodata.str1.17209256183458359316.1)
                  0000446c    00000006     task2.o (.rodata.str1.2236897931801132264.1)
                  00004472    00000006     task2.o (.rodata.str1.3677290331696444140.1)
                  00004478    00000005     task2.o (.rodata.str1.10791386705724838318.1)
                  0000447d    00000005     task2.o (.rodata.str1.18140362974859057224.1)
                  00004482    00000005     task2.o (.rodata.str1.4795494261762980112.1)
                  00004487    00000005     bluetooth.o (.rodata.str1.606026657030378210.1)
                  0000448c    00000005     task2.o (.rodata.str1.8737384341379721684.1)
                  00004491    00000004     bluetooth.o (.rodata.str1.10613031068244860091.1)
                  00004495    00000004     bluetooth.o (.rodata.str1.10942773203734653784.1)
                  00004499    00000004     task2.o (.rodata.str1.15998427925711777258.1)
                  0000449d    00000004     task2.o (.rodata.str1.17216501763622692882.1)
                  000044a1    00000004     bluetooth.o (.rodata.str1.17966125886390595526.1)
                  000044a5    00000004     task2.o (.rodata.str1.2287689547047004543.1)
                  000044a9    00000004     task2.o (.rodata.str1.7462859270634984218.1)
                  000044ad    00000003     ti_msp_dl_config.o (.rodata.gPWMClockConfig)
                  000044b0    00000003     oled.o (.rodata.str1.10612175213412870912.1)
                  000044b3    00000003     task2.o (.rodata.str1.17259607966259943146.1)
                  000044b6    00000002     ti_msp_dl_config.o (.rodata.gI2C_ICM42688ClockConfig)
                  000044b8    00000002     ti_msp_dl_config.o (.rodata.gUART0ClockConfig)
                  000044ba    00000002     ti_msp_dl_config.o (.rodata.gUART_1ClockConfig)
                  000044bc    00000002     bluetooth.o (.rodata.str1.15849129404937087116.1)
                  000044be    00000002     bluetooth.o (.rodata.str1.16629367813050839963.1)

.init_array 
*          0    00000000    00000000     UNINITIALIZED

.binit     0    00000000    00000000     

.bss       0    20200000    000001d0     UNINITIALIZED
                  20200000    000000a0     (.common:gPWMBackup)
                  202000a0    00000080     bluetooth.o (.bss.g_rxBuffer)
                  20200120    00000040     bluetooth.o (.bss.g_packet)
                  20200160    00000024     angle_control.o (.bss.g_angleControlStatus)
                  20200184    0000001c     pid.o (.bss.g_leftSpeedPid)
                  202001a0    0000001c     pid.o (.bss.g_rightSpeedPid)
                  202001bc    00000014     line_track.o (.bss.g_lineTrackStatus)

.data      0    202001d0    00000073     UNINITIALIZED
                  202001d0    00000004     line_track.o (.data.WEIFEN)
                  202001d4    00000004     delay.o (.data.delay_ms_ticks)
                  202001d8    00000004     delay.o (.data.delay_times)
                  202001dc    00000004     angle_control.o (.data.g_angleKdScaled)
                  202001e0    00000004     angle_control.o (.data.g_angleKpScaled)
                  202001e4    00000004     angle_control.o (.data.g_angleMaxCorrectionMmS)
                  202001e8    00000004     line_track.o (.data.g_baseSpeedMmS)
                  202001ec    00000004     encoder.o (.data.g_encoderLeftCount)
                  202001f0    00000004     encoder.o (.data.g_encoderLeftLastSpeedCount)
                  202001f4    00000004     encoder.o (.data.g_encoderLeftSpeedMmS)
                  202001f8    00000004     encoder.o (.data.g_encoderRightCount)
                  202001fc    00000004     encoder.o (.data.g_encoderRightLastSpeedCount)
                  20200200    00000004     encoder.o (.data.g_encoderRightSpeedMmS)
                  20200204    00000004     line_track.o (.data.g_lastError)
                  20200208    00000004     pid.o (.data.g_leftPwm)
                  2020020c    00000004     pid.o (.data.g_leftTargetMmS)
                  20200210    00000004     line_track.o (.data.g_maxCorrectionMmS)
                  20200214    00000004     attitude.o (.data.g_pitchDeg)
                  20200218    00000004     line_track.o (.data.g_previousError)
                  2020021c    00000004     pid.o (.data.g_rightPwm)
                  20200220    00000004     pid.o (.data.g_rightTargetMmS)
                  20200224    00000004     attitude.o (.data.g_rollDeg)
                  20200228    00000004     line_track.o (.data.g_turnKd)
                  2020022c    00000004     line_track.o (.data.g_turnKp)
                  20200230    00000004     attitude.o (.data.g_yawDeg)
                  20200234    00000004     task2.o (.data.task2_oled_update.lastRefreshMs)
                  20200238    00000001     oled.o (.data.g_cursorColumn)
                  20200239    00000001     oled.o (.data.g_cursorPage)
                  2020023a    00000001     encoder.o (.data.g_encoderLeftLastState)
                  2020023b    00000001     encoder.o (.data.g_encoderRightLastState)
                  2020023c    00000001     encoder.o (.data.g_encoderSpeedTickMs)
                  2020023d    00000001     line_track.o (.data.g_hasPreviousError)
                  2020023e    00000001     bluetooth.o (.data.g_packetActive)
                  2020023f    00000001     bluetooth.o (.data.g_packetIndex)
                  20200240    00000001     bluetooth.o (.data.g_rxHead)
                  20200241    00000001     bluetooth.o (.data.g_rxTail)
                  20200242    00000001     pid.o (.data.g_speedPidVofaTick)

.stack     0    20207e00    00000200     UNINITIALIZED
                  20207e00    00000004     libc.a : boot_cortex_m.c.obj (.stack)
                  20207e04    000001fc     --HOLE--

__llvm_prf_cnts 
*          0    20200000    00000000     UNINITIALIZED

__llvm_prf_bits 
*          0    20200000    00000000     UNINITIALIZED

MODULE SUMMARY

       Module                         code    ro data   rw data
       ------                         ----    -------   -------
    .\
       ti_msp_dl_config.o             2874    77        160    
       startup_mspm0g350x_ticlang.o   8       192       0      
       empty.o                        26      0         0      
    +--+------------------------------+-------+---------+---------+
       Total:                         2908    269       160    
                                                               
    .\Src\
       bluetooth.o                    2534    38        196    
       oled.o                         2176    500       2      
       encoder.o                      1450    0         27     
       line_track.o                   1276    24        49     
       task2.o                        1214    94        4      
       pid.o                          990     0         73     
       angle_control.o                378     0         48     
       vofa.o                         416     9         0      
       motor.o                        364     0         0      
       gray_serial.o                  230     0         0      
       delay.o                        84      0         8      
       attitude.o                     56      0         12     
    +--+------------------------------+-------+---------+---------+
       Total:                         11168   665       419    
                                                               
    C:/TI/mspm0_sdk_2_10_00_04/source/ti/driverlib/lib/ticlang/m0p/mspm0g1x0x_g3x0x/driverlib.a
       dl_timer.o                     356     0         0      
       dl_sysctl_mspm0g1x0x_g3x0x.o   316     0         0      
       dl_uart.o                      138     0         0      
       dl_i2c.o                       38      0         0      
       dl_common.o                    10      0         0      
    +--+------------------------------+-------+---------+---------+
       Total:                         858     0         0      
                                                               
    D:\ti\ccs2050\ccs\tools\compiler\ti-cgt-armllvm_4.0.4.LTS\lib\armv6m-ti-none-eabi/c/libc.a
       copy_decompress_lzss.c.obj     124     0         0      
       autoinit.c.obj                 60      0         0      
       boot_cortex_m.c.obj            56      0         0      
       copy_zero_init.c.obj           22      0         0      
       copy_decompress_none.c.obj     18      0         0      
       memcpy16.S.obj                 18      0         0      
       exit.c.obj                     6       0         0      
       pre_init.c.obj                 4       0         0      
    +--+------------------------------+-------+---------+---------+
       Total:                         308     0         0      
                                                               
    D:\ti\ccs2050\ccs\tools\compiler\ti-cgt-armllvm_4.0.4.LTS\lib\armv6m-ti-none-eabi/c/libsysbm.a
       hostexit.c.obj                 4       0         0      
    +--+------------------------------+-------+---------+---------+
       Total:                         4       0         0      
                                                               
    D:\ti\ccs2050\ccs\tools\compiler\ti-cgt-armllvm_4.0.4.LTS\lib\armv6m-ti-none-eabi/libclang_rt.builtins.a
       comparedf2.c.obj               220     0         0      
       addsf3.S.obj                   216     0         0      
       udivmoddi4.S.obj               162     0         0      
       comparesf2.S.obj               118     0         0      
       aeabi_dcmp.S.obj               98      0         0      
       aeabi_fcmp.S.obj               98      0         0      
       aeabi_idivmod.S.obj            86      0         0      
       aeabi_uidivmod.S.obj           64      0         0      
       divmoddi4.c.obj                62      0         0      
       floatsisf.S.obj                60      0         0      
       muldsi3.S.obj                  58      0         0      
       floatunsidf.S.obj              36      0         0      
       muldi3.S.obj                   36      0         0      
       ashldi3.S.obj                  30      0         0      
       aeabi_ldivmod.S.obj            20      0         0      
       aeabi_memcpy.S.obj             8       0         0      
       aeabi_div0.c.obj               4       0         0      
    +--+------------------------------+-------+---------+---------+
       Total:                         1376    0         0      
                                                               
       Stack:                         0       0         512    
       Linker Generated:              0       70        0      
    +--+------------------------------+-------+---------+---------+
       Grand Total:                   16622   1004      1091   


LINKER GENERATED COPY TABLES

__TI_cinit_table @ 000044f8 records: 2, size/record: 8, table size: 16
	.data: load addr=000044c0, load size=00000022 bytes, run addr=202001d0, run size=00000073 bytes, compression=lzss
	.bss: load addr=000044f0, load size=00000008 bytes, run addr=20200000, run size=000001d0 bytes, compression=zero_init


LINKER GENERATED HANDLER TABLE

__TI_handler_table @ 000044e4 records: 3, size/record: 4, table size: 12
	index: 0, handler: __TI_decompress_lzss
	index: 1, handler: __TI_decompress_none
	index: 2, handler: __TI_zero_init


FAR CALL TRAMPOLINES

callee name               trampoline name
   callee addr  tramp addr   call addr  call info
--------------  -----------  ---------  ----------------
_c_int00_noargs           $Tramp$TT$L$PI$$_c_int00_noargs
   000035e9     000041c0     000041ba   startup_mspm0g350x_ticlang.o (.text.Reset_Handler)

[1 trampolines]
[1 trampoline calls]


GLOBAL SYMBOLS: SORTED ALPHABETICALLY BY Name 

address   name                                 
-------   ----                                 
000041b3  ADC0_IRQHandler                      
000041b3  ADC1_IRQHandler                      
000041b3  AES_IRQHandler                       
000041b6  C$$EXIT                              
000041b3  CANFD0_IRQHandler                    
000041b3  DAC0_IRQHandler                      
00004191  DL_Common_delayCycles                
00003637  DL_I2C_setClockConfig                
00003a29  DL_SYSCTL_configFCC                  
00001305  DL_SYSCTL_configSYSPLL               
00002a75  DL_SYSCTL_switchMCLKfromSYSOSCtoHSCLK
00000e25  DL_Timer_initFourCCPWMMode           
00003a99  DL_Timer_setCaptCompUpdateMethod     
00003d91  DL_Timer_setCaptureCompareOutCtl     
000040b1  DL_Timer_setCaptureCompareValue      
00003ab5  DL_Timer_setClockConfig              
00002955  DL_UART_init                         
00004037  DL_UART_setClockConfig               
000032bd  DL_UART_transmitDataBlocking         
000041b3  DMA_IRQHandler                       
000041b3  Default_Handler                      
000041b3  GROUP0_IRQHandler                    
0000419b  GROUP1_IRQHandler                    
000041b7  HOSTexit                             
000041b3  HardFault_Handler                    
000041b3  I2C0_IRQHandler                      
000041b3  I2C1_IRQHandler                      
000041b3  NMI_Handler                          
000041b3  PendSV_Handler                       
000041b3  RTC_IRQHandler                       
000041bb  Reset_Handler                        
000041b3  SPI0_IRQHandler                      
000041b3  SPI1_IRQHandler                      
000041b3  SVC_Handler                          
0000080d  SYSCFG_DL_GPIO_init                  
00002621  SYSCFG_DL_I2C_ICM42688_init          
00001a45  SYSCFG_DL_PWM_init                   
00001219  SYSCFG_DL_SYSCTL_SYSPLL_init         
00002231  SYSCFG_DL_SYSCTL_init                
000040c1  SYSCFG_DL_SYSTICK_init               
00002b41  SYSCFG_DL_UART0_init                 
000026d1  SYSCFG_DL_UART_1_init                
000032ed  SYSCFG_DL_init                       
00001e85  SYSCFG_DL_initPower                  
00004119  SysTick_Handler                      
000041b3  TIMA0_IRQHandler                     
000041b3  TIMA1_IRQHandler                     
000041b3  TIMG0_IRQHandler                     
000041b3  TIMG12_IRQHandler                    
000041b3  TIMG6_IRQHandler                     
000041b3  TIMG7_IRQHandler                     
000041b3  TIMG8_IRQHandler                     
0000405b  TI_memcpy_small                      
000041b3  UART0_IRQHandler                     
00002159  UART1_IRQHandler                     
000041b3  UART2_IRQHandler                     
000041b3  UART3_IRQHandler                     
20208000  __STACK_END                          
00000200  __STACK_SIZE                         
00000000  __TI_ATRegion0_region_sz             
00000000  __TI_ATRegion0_src_addr              
00000000  __TI_ATRegion0_trg_addr              
00000000  __TI_ATRegion1_region_sz             
00000000  __TI_ATRegion1_src_addr              
00000000  __TI_ATRegion1_trg_addr              
00000000  __TI_ATRegion2_region_sz             
00000000  __TI_ATRegion2_src_addr              
00000000  __TI_ATRegion2_trg_addr              
000044f8  __TI_CINIT_Base                      
00004508  __TI_CINIT_Limit                     
00004508  __TI_CINIT_Warm                      
000044e4  __TI_Handler_Table_Base              
000044f0  __TI_Handler_Table_Limit             
00002ee5  __TI_auto_init_nobinit_nopinit       
00001f7d  __TI_decompress_lzss                 
0000406d  __TI_decompress_none                 
ffffffff  __TI_pprof_out_hndl                  
ffffffff  __TI_prof_data_size                  
ffffffff  __TI_prof_data_start                 
00000000  __TI_static_base__                   
00003ea7  __TI_zero_init_nomemset              
000013eb  __addsf3                             
0000249d  __aeabi_dcmpeq                       
000024d9  __aeabi_dcmpge                       
000024ed  __aeabi_dcmpgt                       
000024c5  __aeabi_dcmple                       
000024b1  __aeabi_dcmplt                       
000013eb  __aeabi_fadd                         
00002501  __aeabi_fcmpeq                       
0000253d  __aeabi_fcmpge                       
00002551  __aeabi_fcmpgt                       
00002529  __aeabi_fcmple                       
00002515  __aeabi_fcmplt                       
000013e1  __aeabi_fsub                         
00002df5  __aeabi_i2f                          
00002679  __aeabi_idiv                         
000002ab  __aeabi_idiv0                        
00002679  __aeabi_idivmod                      
00000c13  __aeabi_ldiv0                        
00003f71  __aeabi_ldivmod                      
00003945  __aeabi_llsl                         
000036cd  __aeabi_lmul                         
000041a5  __aeabi_memcpy                       
000041a5  __aeabi_memcpy4                      
000041a5  __aeabi_memcpy8                      
000036a9  __aeabi_ui2d                         
00002b81  __aeabi_uidiv                        
00002b81  __aeabi_uidivmod                     
00003945  __ashldi3                            
ffffffff  __binit__                            
00002299  __cmpdf2                             
00002f21  __cmpsf2                             
00002c81  __divmoddi4                          
00002299  __eqdf2                              
00002f21  __eqsf2                              
00002df5  __floatsisf                          
000036a9  __floatunsidf                        
00002071  __gedf2                              
00002e31  __gesf2                              
00002071  __gtdf2                              
00002e31  __gtsf2                              
00002299  __ledf2                              
00002f21  __lesf2                              
00002299  __ltdf2                              
00002f21  __ltsf2                              
UNDEFED   __mpu_init                           
000036cd  __muldi3                             
00002f5d  __muldsi3                            
00002299  __nedf2                              
00002f21  __nesf2                              
20207e00  __stack                              
20200000  __start___llvm_prf_bits              
20200000  __start___llvm_prf_cnts              
20200000  __stop___llvm_prf_bits               
20200000  __stop___llvm_prf_cnts               
000013e1  __subsf3                             
0000190d  __udivmoddi4                         
000035e9  _c_int00_noargs                      
UNDEFED   _system_post_cinit                   
000041d1  _system_pre_init                     
000041ad  abort                                
00002bc1  angle_control_enable                 
00004125  angle_control_get_base_speed         
00004131  angle_control_get_kd_scaled          
0000413d  angle_control_get_kp_scaled          
00004149  angle_control_get_max_correction     
00003b09  angle_control_set_base_speed         
00003f85  angle_control_set_kd_scaled          
00003f99  angle_control_set_kp_scaled          
000036f1  angle_control_set_max_correction     
00003e21  angle_control_set_target_yaw         
00002f99  attitude_get_euler                   
ffffffff  binit                                
00002301  bluetooth_init                       
00001029  bluetooth_process                    
00001bed  bluetooth_send_params                
00004155  delay_get_ms                         
000037e5  delay_ms                             
000034f9  delay_tick                           
202001d8  delay_times                          
00003521  encoder_get_left_count               
00003549  encoder_get_left_speed_mm_s          
00003571  encoder_get_right_count              
00003599  encoder_get_right_speed_mm_s         
00001ff9  encoder_gpio_irq_handler             
00000c15  encoder_init                         
00003715  encoder_tick_1ms                     
20200000  gPWMBackup                           
00003fc1  gray_serial_init                     
00001f01  gray_serial_read                     
00000000  interruptVectors                     
00004161  line_track_get_base_speed            
0000416d  line_track_get_max_correction        
000035c1  line_track_get_status                
00004179  line_track_get_turn_kd               
00004185  line_track_get_turn_kp               
00002ab9  line_track_init                      
00003fd5  line_track_set_base_speed            
0000375d  line_track_set_max_correction        
000038a5  line_track_set_turn_gains            
00003fe9  line_track_set_turn_kd               
00003ffd  line_track_set_turn_kp               
00003e91  line_track_update_with_raw           
000040f1  main                                 
00000f29  motor_set_pwm                        
000030e5  oled_clear                           
000029e5  oled_clear_line                      
000014b9  oled_init                            
00001b61  oled_print_char                      
00000495  oled_print_char_x2                   
00002e6d  oled_print_hex_u8                    
00001865  oled_print_int                       
00002d3b  oled_print_string                    
00002d79  oled_print_string_x2                 
00000b05  oled_print_time_large                
000021c5  oled_set_cursor                      
00001715  pid_calculate                        
00002ea9  pid_init                             
00004049  pid_reset                            
00000d1d  speed_pid_control_update             
00001d7d  speed_pid_init                       
00004011  speed_pid_set_speed                  
000038c5  speed_pid_set_target                 
00002a2d  speed_pid_stop                       
0000098d  task2_run                            
00002565  uart0_send_byte                      
00001e01  uart0_send_int                       
00003683  uart0_send_string                    
00002369  vofa_send_six_int                    


GLOBAL SYMBOLS: SORTED BY Symbol Address 

address   name                                 
-------   ----                                 
00000000  __TI_ATRegion0_region_sz             
00000000  __TI_ATRegion0_src_addr              
00000000  __TI_ATRegion0_trg_addr              
00000000  __TI_ATRegion1_region_sz             
00000000  __TI_ATRegion1_src_addr              
00000000  __TI_ATRegion1_trg_addr              
00000000  __TI_ATRegion2_region_sz             
00000000  __TI_ATRegion2_src_addr              
00000000  __TI_ATRegion2_trg_addr              
00000000  __TI_static_base__                   
00000000  interruptVectors                     
00000200  __STACK_SIZE                         
000002ab  __aeabi_idiv0                        
00000495  oled_print_char_x2                   
0000080d  SYSCFG_DL_GPIO_init                  
0000098d  task2_run                            
00000b05  oled_print_time_large                
00000c13  __aeabi_ldiv0                        
00000c15  encoder_init                         
00000d1d  speed_pid_control_update             
00000e25  DL_Timer_initFourCCPWMMode           
00000f29  motor_set_pwm                        
00001029  bluetooth_process                    
00001219  SYSCFG_DL_SYSCTL_SYSPLL_init         
00001305  DL_SYSCTL_configSYSPLL               
000013e1  __aeabi_fsub                         
000013e1  __subsf3                             
000013eb  __addsf3                             
000013eb  __aeabi_fadd                         
000014b9  oled_init                            
00001715  pid_calculate                        
00001865  oled_print_int                       
0000190d  __udivmoddi4                         
00001a45  SYSCFG_DL_PWM_init                   
00001b61  oled_print_char                      
00001bed  bluetooth_send_params                
00001d7d  speed_pid_init                       
00001e01  uart0_send_int                       
00001e85  SYSCFG_DL_initPower                  
00001f01  gray_serial_read                     
00001f7d  __TI_decompress_lzss                 
00001ff9  encoder_gpio_irq_handler             
00002071  __gedf2                              
00002071  __gtdf2                              
00002159  UART1_IRQHandler                     
000021c5  oled_set_cursor                      
00002231  SYSCFG_DL_SYSCTL_init                
00002299  __cmpdf2                             
00002299  __eqdf2                              
00002299  __ledf2                              
00002299  __ltdf2                              
00002299  __nedf2                              
00002301  bluetooth_init                       
00002369  vofa_send_six_int                    
0000249d  __aeabi_dcmpeq                       
000024b1  __aeabi_dcmplt                       
000024c5  __aeabi_dcmple                       
000024d9  __aeabi_dcmpge                       
000024ed  __aeabi_dcmpgt                       
00002501  __aeabi_fcmpeq                       
00002515  __aeabi_fcmplt                       
00002529  __aeabi_fcmple                       
0000253d  __aeabi_fcmpge                       
00002551  __aeabi_fcmpgt                       
00002565  uart0_send_byte                      
00002621  SYSCFG_DL_I2C_ICM42688_init          
00002679  __aeabi_idiv                         
00002679  __aeabi_idivmod                      
000026d1  SYSCFG_DL_UART_1_init                
00002955  DL_UART_init                         
000029e5  oled_clear_line                      
00002a2d  speed_pid_stop                       
00002a75  DL_SYSCTL_switchMCLKfromSYSOSCtoHSCLK
00002ab9  line_track_init                      
00002b41  SYSCFG_DL_UART0_init                 
00002b81  __aeabi_uidiv                        
00002b81  __aeabi_uidivmod                     
00002bc1  angle_control_enable                 
00002c81  __divmoddi4                          
00002d3b  oled_print_string                    
00002d79  oled_print_string_x2                 
00002df5  __aeabi_i2f                          
00002df5  __floatsisf                          
00002e31  __gesf2                              
00002e31  __gtsf2                              
00002e6d  oled_print_hex_u8                    
00002ea9  pid_init                             
00002ee5  __TI_auto_init_nobinit_nopinit       
00002f21  __cmpsf2                             
00002f21  __eqsf2                              
00002f21  __lesf2                              
00002f21  __ltsf2                              
00002f21  __nesf2                              
00002f5d  __muldsi3                            
00002f99  attitude_get_euler                   
000030e5  oled_clear                           
000032bd  DL_UART_transmitDataBlocking         
000032ed  SYSCFG_DL_init                       
000034f9  delay_tick                           
00003521  encoder_get_left_count               
00003549  encoder_get_left_speed_mm_s          
00003571  encoder_get_right_count              
00003599  encoder_get_right_speed_mm_s         
000035c1  line_track_get_status                
000035e9  _c_int00_noargs                      
00003637  DL_I2C_setClockConfig                
00003683  uart0_send_string                    
000036a9  __aeabi_ui2d                         
000036a9  __floatunsidf                        
000036cd  __aeabi_lmul                         
000036cd  __muldi3                             
000036f1  angle_control_set_max_correction     
00003715  encoder_tick_1ms                     
0000375d  line_track_set_max_correction        
000037e5  delay_ms                             
000038a5  line_track_set_turn_gains            
000038c5  speed_pid_set_target                 
00003945  __aeabi_llsl                         
00003945  __ashldi3                            
00003a29  DL_SYSCTL_configFCC                  
00003a99  DL_Timer_setCaptCompUpdateMethod     
00003ab5  DL_Timer_setClockConfig              
00003b09  angle_control_set_base_speed         
00003d91  DL_Timer_setCaptureCompareOutCtl     
00003e21  angle_control_set_target_yaw         
00003e91  line_track_update_with_raw           
00003ea7  __TI_zero_init_nomemset              
00003f71  __aeabi_ldivmod                      
00003f85  angle_control_set_kd_scaled          
00003f99  angle_control_set_kp_scaled          
00003fc1  gray_serial_init                     
00003fd5  line_track_set_base_speed            
00003fe9  line_track_set_turn_kd               
00003ffd  line_track_set_turn_kp               
00004011  speed_pid_set_speed                  
00004037  DL_UART_setClockConfig               
00004049  pid_reset                            
0000405b  TI_memcpy_small                      
0000406d  __TI_decompress_none                 
000040b1  DL_Timer_setCaptureCompareValue      
000040c1  SYSCFG_DL_SYSTICK_init               
000040f1  main                                 
00004119  SysTick_Handler                      
00004125  angle_control_get_base_speed         
00004131  angle_control_get_kd_scaled          
0000413d  angle_control_get_kp_scaled          
00004149  angle_control_get_max_correction     
00004155  delay_get_ms                         
00004161  line_track_get_base_speed            
0000416d  line_track_get_max_correction        
00004179  line_track_get_turn_kd               
00004185  line_track_get_turn_kp               
00004191  DL_Common_delayCycles                
0000419b  GROUP1_IRQHandler                    
000041a5  __aeabi_memcpy                       
000041a5  __aeabi_memcpy4                      
000041a5  __aeabi_memcpy8                      
000041ad  abort                                
000041b3  ADC0_IRQHandler                      
000041b3  ADC1_IRQHandler                      
000041b3  AES_IRQHandler                       
000041b3  CANFD0_IRQHandler                    
000041b3  DAC0_IRQHandler                      
000041b3  DMA_IRQHandler                       
000041b3  Default_Handler                      
000041b3  GROUP0_IRQHandler                    
000041b3  HardFault_Handler                    
000041b3  I2C0_IRQHandler                      
000041b3  I2C1_IRQHandler                      
000041b3  NMI_Handler                          
000041b3  PendSV_Handler                       
000041b3  RTC_IRQHandler                       
000041b3  SPI0_IRQHandler                      
000041b3  SPI1_IRQHandler                      
000041b3  SVC_Handler                          
000041b3  TIMA0_IRQHandler                     
000041b3  TIMA1_IRQHandler                     
000041b3  TIMG0_IRQHandler                     
000041b3  TIMG12_IRQHandler                    
000041b3  TIMG6_IRQHandler                     
000041b3  TIMG7_IRQHandler                     
000041b3  TIMG8_IRQHandler                     
000041b3  UART0_IRQHandler                     
000041b3  UART2_IRQHandler                     
000041b3  UART3_IRQHandler                     
000041b6  C$$EXIT                              
000041b7  HOSTexit                             
000041bb  Reset_Handler                        
000041d1  _system_pre_init                     
000044e4  __TI_Handler_Table_Base              
000044f0  __TI_Handler_Table_Limit             
000044f8  __TI_CINIT_Base                      
00004508  __TI_CINIT_Limit                     
00004508  __TI_CINIT_Warm                      
20200000  __start___llvm_prf_bits              
20200000  __start___llvm_prf_cnts              
20200000  __stop___llvm_prf_bits               
20200000  __stop___llvm_prf_cnts               
20200000  gPWMBackup                           
202001d8  delay_times                          
20207e00  __stack                              
20208000  __STACK_END                          
ffffffff  __TI_pprof_out_hndl                  
ffffffff  __TI_prof_data_size                  
ffffffff  __TI_prof_data_start                 
ffffffff  __binit__                            
ffffffff  binit                                
UNDEFED   __mpu_init                           
UNDEFED   _system_post_cinit                   

[209 symbols]
