******************************************************************************
            TI ARM Clang Linker PC v4.0.4                      
******************************************************************************
>> Linked Sat Aug  1 19:45:41 2026

OUTPUT FILE NAME:   <C07A.out>
ENTRY POINT SYMBOL: "_c_int00_noargs"  address: 00006d95


MEMORY CONFIGURATION

         name            origin    length      used     unused   attr    fill
----------------------  --------  ---------  --------  --------  ----  --------
  FLASH                 00000000   00020000  00008250  00017db0  R  X
  SRAM                  20200000   00008000  000007e5  0000781b  RW X
  BCR_CONFIG            41c00000   000000ff  00000000  000000ff  R   
  BSL_CONFIG            41c00100   00000080  00000000  00000080  R   


SEGMENT ALLOCATION MAP

run origin  load origin   length   init length attrs members
----------  ----------- ---------- ----------- ----- -------
00000000    00000000    00008250   00008250    r-x
  00000000    00000000    000000c0   000000c0    r-- .intvecs
  000000c0    000000c0    00007d28   00007d28    r-x .text
  00007de8    00007de8    00000420   00000420    r-- .rodata
  00008208    00008208    00000048   00000048    r-- .cinit
20200000    20200000    000005e7   00000000    rw-
  20200000    20200000    0000058a   00000000    rw- .bss
  2020058c    2020058c    0000005b   00000000    rw- .data
20207e00    20207e00    00000200   00000000    rw-
  20207e00    20207e00    00000200   00000000    rw- .stack


SECTION ALLOCATION MAP

 output                                  attributes/
section   page    origin      length       input sections
--------  ----  ----------  ----------   ----------------
.intvecs   0    00000000    000000c0     
                  00000000    000000c0     startup_mspm0g350x_ticlang.o (.intvecs)

.text      0    000000c0    00007d28     
                  000000c0    000003a4     task3.o (.text.task3_run)
                  00000464    00000308     task4.o (.text.task4_run)
                  0000076c    000002a0     uart_cmd.o (.text.uart_cmd_parse_line)
                  00000a0c    000001e8     oled.o (.text.oled_print_char_x2)
                  00000bf4    000001e0     stepper.o (.text.stepper_update_beam_pid)
                  00000dd4    000001cc     ti_msp_dl_config.o (.text.SYSCFG_DL_GPIO_init)
                  00000fa0    00000198     uart_cmd.o (.text.uart_cmd_parse_scaled_x10)
                  00001138    0000018c     task2.o (.text.task2_oled_update)
                  000012c4    00000184     task3.o (.text.task3_parse_float)
                  00001448    00000178     line_track.o (.text.line_track_classify)
                  000015c0    00000174     uart_cmd.o (.text.uart_cmd_vision_process_byte)
                  00001734    0000015c     task3.o (.text.task3_apply_pid_command)
                  00001890    00000136     bluetooth.o (.text.bluetooth_parse_ratio_percent)
                  000019c6    00000002     libclang_rt.builtins.a : aeabi_div0.c.obj (.text.__aeabi_idiv0)
                  000019c8    00000134     uart_cmd.o (.text.uart_cmd_init)
                  00001afc    0000012c     task2.o (.text.task2_run)
                  00001c28    00000128     stepper.o (.text.stepper_apply_speed)
                  00001d50    00000124     stepper.o (.text.stepper_service)
                  00001e74    00000118     encoder_pwm_angle.o (.text.encoder_pwm_angle_irq_handler)
                  00001f8c    00000114     uart_cmd.o (.text.uart_cmd_get_vision_sample)
                  000020a0    0000010e     oled.o (.text.oled_print_time_large)
                  000021ae    00000002     libclang_rt.builtins.a : aeabi_div0.c.obj (.text.__aeabi_ldiv0)
                  000021b0    0000010c     bluetooth.o (.text.bluetooth_parse_int32)
                  000022bc    0000010c     stepper.o (.text.stepper_init)
                  000023c8    0000010c     uart_cmd.o (.text.uart_cmd_parse_int32)
                  000024d4    00000108     encoder.o (.text.encoder_init)
                  000025dc    00000108     pid.o (.text.speed_pid_control_update)
                  000026e4    00000108     stepper.o (.text.stepper_update_beam_encoder_position_loop)
                  000027ec    00000104     driverlib.a : dl_timer.o (.text.DL_Timer_initFourCCPWMMode)
                  000028f0    00000104     encoder_pwm_angle.o (.text.encoder_pwm_angle_get_sample)
                  000029f4    00000100     motor.o (.text.motor_set_pwm)
                  00002af4    000000fc     bluetooth.o (.text.bluetooth_process)
                  00002bf0    000000f0     uart_cmd.o (.text.uart_cmd_push_line_char)
                  00002ce0    000000ec     ti_msp_dl_config.o (.text.SYSCFG_DL_SYSCTL_SYSPLL_init)
                  00002dcc    000000ec     bluetooth.o (.text.bluetooth_parse_packet)
                  00002eb8    000000e0     driverlib.a : dl_timer.o (.text.DL_Timer_initCaptureCombinedMode)
                  00002f98    000000e0     task3.o (.text.task3_uart1_process_rx)
                  00003078    000000dc     driverlib.a : dl_sysctl_mspm0g1x0x_g3x0x.o (.text.DL_SYSCTL_configSYSPLL)
                  00003154    000000d8     uart_cmd.o (.text.uart_cmd_parse_vision_text_frame)
                  0000322c    000000d8     libclang_rt.builtins.a : addsf3.S.obj (.text)
                  00003304    000000d0     uart_cmd.o (.text.uart_cmd_vision_publish_values)
                  000033d4    000000ce     oled.o (.text.oled_init)
                  000034a2    00000002     --HOLE-- [fill = 0]
                  000034a4    000000cc     stepper.o (.text.stepper_start_timer_locked)
                  00003570    000000c0     stepper.o (.text.stepper_set_beam_pid_gains)
                  00003630    000000c0     stepper.o (.text.stepper_start_dir)
                  000036f0    000000b8     encoder_pwm_angle.o (.text.encoder_pwm_angle_init)
                  000037a8    000000b4     stepper.o (.text.stepper_start_continuous)
                  0000385c    000000b0     line_track.o (.text.line_track_apply_turn)
                  0000390c    000000ac     uart_cmd.o (.text.uart_cmd_process)
                  000039b8    000000ac     uart_cmd.o (.text.uart_cmd_vision_update_statistics)
                  00003a64    000000aa     pid.o (.text.pid_calculate)
                  00003b0e    000000aa     uart_cmd.o (.text.uart_cmd_read_word)
                  00003bb8    000000a6     bluetooth.o (.text.bluetooth_read_word)
                  00003c5e    000000a6     oled.o (.text.oled_print_int)
                  00003d04    000000a4     stepper.o (.text.stepper_can_start_locked)
                  00003da8    000000a4     task4.o (.text.task4_straight_correction)
                  00003e4c    000000a4     uart_cmd.o (.text.uart_cmd_vision_execute_frame)
                  00003ef0    000000a2     libclang_rt.builtins.a : udivmoddi4.S.obj (.text)
                  00003f92    00000002     --HOLE-- [fill = 0]
                  00003f94    000000a0     stepper.o (.text.stepper_set_speed_target)
                  00004034    000000a0     uart_cmd.o (.text.uart_cmd_send_status)
                  000040d4    0000009c     task4.o (.text.task4_ramp_speed)
                  00004170    00000098     stepper.o (.text.stepper_sync_position_from_beam_angle_x10)
                  00004208    00000094     stepper.o (.text.stepper_timer_irq_handler)
                  0000429c    00000092     uart_cmd.o (.text.uart_cmd_send_uint32)
                  0000432e    00000002     --HOLE-- [fill = 0]
                  00004330    00000090     ti_msp_dl_config.o (.text.SYSCFG_DL_PWM_init)
                  000043c0    00000090     uart_cmd.o (.text.uart_cmd_irq_handler)
                  00004450    0000008c     ti_msp_dl_config.o (.text.SYSCFG_DL_initPower)
                  000044dc    0000008c     libclang_rt.builtins.a : mulsf3.S.obj (.text.__mulsf3)
                  00004568    0000008c     encoder.o (.text.encoder_delta_to_speed_mm_s)
                  000045f4    0000008c     oled.o (.text.oled_print_char)
                  00004680    00000088     stepper.o (.text.stepper_count_accepted_pulse)
                  00004708    00000084     ti_msp_dl_config.o (.text.__NVIC_SetPriority)
                  0000478c    00000084     bluetooth.o (.text.bluetooth_packet_equals)
                  00004810    00000084     pid.o (.text.speed_pid_init)
                  00004894    00000084     vofa.o (.text.uart0_send_int)
                  00004918    00000082     libclang_rt.builtins.a : divsf3.S.obj (.text.__divsf3)
                  0000499a    0000007e     uart_cmd.o (.text.uart_cmd_word_equals)
                  00004a18    0000007c     libc.a : copy_decompress_lzss.c.obj (.text:decompress:lzss)
                  00004a94    00000078     encoder.o (.text.encoder_gpio_irq_handler)
                  00004b0c    00000078     line_track.o (.text.line_track_update_with_raw_hold_on_lost)
                  00004b84    00000074     libclang_rt.builtins.a : comparedf2.c.obj (.text.__gedf2)
                  00004bf8    00000074     encoder.o (.text.encoder_update_speed)
                  00004c6c    00000074     stepper.o (.text.stepper_enable)
                  00004ce0    0000006c     bluetooth.o (.text.UART1_IRQHandler)
                  00004d4c    0000006c     oled.o (.text.oled_set_cursor)
                  00004db8    00000068     ti_msp_dl_config.o (.text.SYSCFG_DL_STEPPER_PWM_init)
                  00004e20    00000068     ti_msp_dl_config.o (.text.SYSCFG_DL_SYSCTL_init)
                  00004e88    00000068     libclang_rt.builtins.a : comparedf2.c.obj (.text.__ledf2)
                  00004ef0    00000068     bluetooth.o (.text.bluetooth_init)
                  00004f58    00000068     vofa.o (.text.vofa_send_six_int)
                  00004fc0    00000066     pid.o (.text.pid_apply_min_start_pwm)
                  00005026    00000066     uart_cmd.o (.text.uart_cmd_vision_has_expected_length)
                  0000508c    00000064     bluetooth.o (.text.bluetooth_is_separator)
                  000050f0    00000064     uart_cmd.o (.text.uart_cmd_mirror_uart0_rx_byte)
                  00005154    00000064     uart_cmd.o (.text.uart_cmd_mirror_uart1_flush_unlocked)
                  000051b8    00000062     libclang_rt.builtins.a : aeabi_dcmp.S.obj (.text.__aeabi_dcmp)
                  0000521a    00000002     --HOLE-- [fill = 0]
                  0000521c    00000062                            : aeabi_fcmp.S.obj (.text.__aeabi_fcmp)
                  0000527e    00000062     gray_serial.o (.text.gray_serial_read)
                  000052e0    00000060     vofa.o (.text.uart0_send_byte)
                  00005340    0000005c     line_track.o (.text.line_track_set_turn_ratios)
                  0000539c    0000005c     stepper.o (.text.stepper_set_beam_pid_target_mm)
                  000053f8    00000058     encoder_pwm_angle.o (.text.encoder_pwm_angle_duty_to_deg_x10)
                  00005450    00000058     line_track.o (.text.line_track_init)
                  000054a8    00000058     stepper.o (.text.stepper_stop_timer_locked)
                  00005500    00000058     task3.o (.text.task3_uart1_send_entry_marker)
                  00005558    00000058     uart_cmd.o (.text.uart_cmd_vision_apply_position_calibration)
                  000055b0    00000058     uart_cmd.o (.text.uart_cmd_vision_rate_from_count)
                  00005608    00000056     libclang_rt.builtins.a : aeabi_idivmod.S.obj (.text.__aeabi_idivmod)
                  0000565e    00000056     uart_cmd.o (.text.uart_cmd_is_separator)
                  000056b4    00000054     ti_msp_dl_config.o (.text.SYSCFG_DL_UART_1_init)
                  00005708    00000054     stepper.o (.text.stepper_write_direction)
                  0000575c    00000054     task2.o (.text.task2_count_active_gray_sensors)
                  000057b0    00000054     task2.o (.text.task2_encoder_counts_to_mm)
                  00005804    00000052     bluetooth.o (.text.bluetooth_send_ratio)
                  00005856    00000002     --HOLE-- [fill = 0]
                  00005858    00000050     ti_msp_dl_config.o (.text.SysTick_Config)
                  000058a8    00000050     oled.o (.text.oled_write_byte)
                  000058f8    00000050     stepper.o (.text.stepper_is_finite_float)
                  00005948    00000050     stepper.o (.text.stepper_start)
                  00005998    00000050     uart_cmd.o (.text.uart_cmd_vision_apply_direction)
                  000059e8    0000004e     task3.o (.text.task3_skip_separators)
                  00005a36    00000002     --HOLE-- [fill = 0]
                  00005a38    0000004c     gray_serial.o (.text.DL_GPIO_initDigitalInputFeatures)
                  00005a84    0000004c     ti_msp_dl_config.o (.text.DL_GPIO_initDigitalInputFeatures)
                  00005ad0    0000004c     ti_msp_dl_config.o (.text.DL_UART_setBaudRateDivisor)
                  00005b1c    0000004c     stepper.o (.text.stepper_emergency_stop)
                  00005b68    0000004a     uart_cmd.o (.text.uart_cmd_parse_bool)
                  00005bb2    00000002     --HOLE-- [fill = 0]
                  00005bb4    00000048     driverlib.a : dl_uart.o (.text.DL_UART_init)
                  00005bfc    00000048     ti_msp_dl_config.o (.text.SYSCFG_DL_init)
                  00005c44    00000048     line_track.o (.text.line_track_store_and_write)
                  00005c8c    00000048     oled.o (.text.oled_clear_line)
                  00005cd4    00000048     pid.o (.text.speed_pid_stop)
                  00005d1c    00000046     gray_serial.o (.text.gray_serial_init)
                  00005d62    00000002     --HOLE-- [fill = 0]
                  00005d64    00000044     driverlib.a : dl_sysctl_mspm0g1x0x_g3x0x.o (.text.DL_SYSCTL_switchMCLKfromSYSOSCtoHSCLK)
                  00005da8    00000044     encoder_pwm_angle.o (.text.encoder_pwm_angle_normalize_relative_deg_x10)
                  00005dec    00000044     pid.o (.text.pid_limit)
                  00005e30    00000044     stepper.o (.text.stepper_write_enable)
                  00005e74    00000044     task4.o (.text.task4_apply_startup_beam_bias)
                  00005eb8    00000040     ti_msp_dl_config.o (.text.SYSCFG_DL_UART0_init)
                  00005ef8    00000040     libclang_rt.builtins.a : aeabi_uidivmod.S.obj (.text.__aeabi_uidivmod)
                  00005f38    00000040     bluetooth.o (.text.bluetooth_skip_separators)
                  00005f78    00000040     motor.o (.text.motor_limit_pwm)
                  00005fb8    00000040     oled.o (.text.oled_reverse_bits)
                  00005ff8    00000040     uart_cmd.o (.text.uart_cmd_vision_record_good)
                  00006038    0000003e     libclang_rt.builtins.a : divmoddi4.c.obj (.text.__divmoddi4)
                  00006076    0000003e     encoder.o (.text.encoder_read_left_state)
                  000060b4    0000003e     encoder.o (.text.encoder_read_right_state)
                  000060f2    0000003e     oled.o (.text.oled_print_string)
                  00006130    0000003e     oled.o (.text.oled_print_string_x2)
                  0000616e    0000003e     stepper.o (.text.stepper_clamp)
                  000061ac    0000003c     ti_msp_dl_config.o (.text.DL_Timer_setCounterControl)
                  000061e8    0000003c     libclang_rt.builtins.a : floatsisf.S.obj (.text.__floatsisf)
                  00006224    0000003c                            : comparesf2.S.obj (.text.__gtsf2)
                  00006260    0000003c     oled.o (.text.oled_print_hex_u8)
                  0000629c    0000003c     pid.o (.text.pid_init)
                  000062d8    0000003c     stepper.o (.text.stepper_stop)
                  00006314    0000003c     task2.o (.text.task2_stop_marker_detected)
                  00006350    0000003c     uart_cmd.o (.text.uart_cmd_vision_publish_ball_state)
                  0000638c    0000003c     libc.a : autoinit.c.obj (.text:__TI_auto_init_nobinit_nopinit)
                  000063c8    0000003a     libclang_rt.builtins.a : comparesf2.S.obj (.text.__eqsf2)
                  00006402    00000002     --HOLE-- [fill = 0]
                  00006404    0000003a                            : muldsi3.S.obj (.text.__muldsi3)
                  0000643e    00000002     --HOLE-- [fill = 0]
                  00006440    00000038                            : fixsfsi.S.obj (.text.__fixsfsi)
                  00006478    00000038     bluetooth.o (.text.bluetooth_is_digit)
                  000064b0    00000038     encoder.o (.text.encoder_update_left)
                  000064e8    00000038     encoder.o (.text.encoder_update_right)
                  00006520    00000038     stepper.o (.text.stepper_limit_frequency)
                  00006558    00000038     uart_cmd.o (.text.uart_cmd_is_digit)
                  00006590    00000038     uart_cmd.o (.text.uart_cmd_vision_check_timeout)
                  000065c8    00000036     encoder_pwm_angle.o (.text.encoder_pwm_angle_relative_is_safe)
                  000065fe    00000036     oled.o (.text.oled_clear)
                  00006634    00000034     ti_msp_dl_config.o (.text.SYSCFG_DL_BEAM_ENCODER_PWM_init)
                  00006668    00000034     task3.o (.text.__NVIC_DisableIRQ)
                  0000669c    00000034     uart_cmd.o (.text.__NVIC_DisableIRQ)
                  000066d0    00000034     bluetooth.o (.text.bluetooth_to_upper)
                  00006704    00000034     oled.o (.text.oled_dc)
                  00006738    00000034     oled.o (.text.oled_rst)
                  0000676c    00000034     oled.o (.text.oled_scl)
                  000067a0    00000034     oled.o (.text.oled_sda)
                  000067d4    00000034     stepper.o (.text.stepper_request_stop_locked)
                  00006808    00000034     task2.o (.text.task2_get_traveled_distance_mm)
                  0000683c    00000034     uart_cmd.o (.text.uart_cmd_to_upper)
                  00006870    00000032     libclang_rt.builtins.a : fixunssfsi.S.obj (.text.__fixunssfsi)
                  000068a2    00000002     --HOLE-- [fill = 0]
                  000068a4    00000030     driverlib.a : dl_uart.o (.text.DL_UART_transmitDataBlocking)
                  000068d4    00000030     bluetooth.o (.text.bluetooth_send_params)
                  00006904    00000030     task2.o (.text.task2_discard_startup_gray_samples)
                  00006934    00000030     uart_cmd.o (.text.uart_cmd_send_int32)
                  00006964    0000002e     empty.o (.text.main)
                  00006992    0000002e     uart_cmd.o (.text.uart_cmd_abs_i16)
                  000069c0    0000002c     bluetooth.o (.text.__NVIC_ClearPendingIRQ)
                  000069ec    0000002c     encoder.o (.text.__NVIC_ClearPendingIRQ)
                  00006a18    0000002c     encoder_pwm_angle.o (.text.__NVIC_ClearPendingIRQ)
                  00006a44    0000002c     stepper.o (.text.__NVIC_ClearPendingIRQ)
                  00006a70    0000002c     task3.o (.text.__NVIC_ClearPendingIRQ)
                  00006a9c    0000002c     uart_cmd.o (.text.__NVIC_ClearPendingIRQ)
                  00006ac8    0000002c     bluetooth.o (.text.__NVIC_EnableIRQ)
                  00006af4    0000002c     encoder.o (.text.__NVIC_EnableIRQ)
                  00006b20    0000002c     encoder_pwm_angle.o (.text.__NVIC_EnableIRQ)
                  00006b4c    0000002c     stepper.o (.text.__NVIC_EnableIRQ)
                  00006b78    0000002c     uart_cmd.o (.text.__NVIC_EnableIRQ)
                  00006ba4    0000002c     stepper.o (.text.stepper_abs)
                  00006bd0    0000002c     task3.o (.text.task3_abs_float)
                  00006bfc    0000002c     task4.o (.text.task4_abs_float)
                  00006c28    0000002c     uart_cmd.o (.text.uart_cmd_vision_reset_receiver)
                  00006c54    00000028     ti_msp_dl_config.o (.text.DL_Common_updateReg)
                  00006c7c    00000028     libclang_rt.builtins.a : floatunsisf.S.obj (.text.__floatunsisf)
                  00006ca4    00000028     delay.o (.text.delay_tick)
                  00006ccc    00000028     encoder.o (.text.encoder_get_left_count)
                  00006cf4    00000028     encoder.o (.text.encoder_get_left_speed_mm_s)
                  00006d1c    00000028     encoder.o (.text.encoder_get_right_count)
                  00006d44    00000028     encoder.o (.text.encoder_get_right_speed_mm_s)
                  00006d6c    00000028     stepper.o (.text.stepper_force_step_low)
                  00006d94    00000028     libc.a : boot_cortex_m.c.obj (.text:_c_int00_noargs)
                  00006dbc    00000026     vofa.o (.text.uart0_send_string)
                  00006de2    00000002     --HOLE-- [fill = 0]
                  00006de4    00000024     libclang_rt.builtins.a : floatunsidf.S.obj (.text.__floatunsidf)
                  00006e08    00000024                            : muldi3.S.obj (.text.__muldi3)
                  00006e2c    00000024     bluetooth.o (.text.bluetooth_send_string)
                  00006e50    00000024     encoder.o (.text.encoder_tick_1ms)
                  00006e74    00000024     line_track.o (.text.line_track_get_status)
                  00006e98    00000024     line_track.o (.text.line_track_is_active)
                  00006ebc    00000024     oled.o (.text.oled_physical_page)
                  00006ee0    00000024     stepper.o (.text.stepper_set_beam_target_deg)
                  00006f04    00000024     task3.o (.text.task3_uart1_monitor_init)
                  00006f28    00000024     uart_cmd.o (.text.uart_cmd_deinit)
                  00006f4c    00000024     uart_cmd.o (.text.uart_cmd_skip_separators)
                  00006f70    00000024     uart_cmd.o (.text.uart_cmd_vision_increment)
                  00006f94    00000024     uart_cmd.o (.text.uart_cmd_vision_record_bad)
                  00006fb8    00000022     uart_cmd.o (.text.uart_cmd_mirror_uart1_flush)
                  00006fda    00000002     --HOLE-- [fill = 0]
                  00006fdc    00000020     ti_msp_dl_config.o (.text.DL_GPIO_initPeripheralInputFunction)
                  00006ffc    00000020     ti_msp_dl_config.o (.text.DL_SYSCTL_setFlashWaitState)
                  0000701c    00000020     delay.o (.text.delay_ms)
                  0000703c    00000020     encoder.o (.text.encoder_left_a_is_high)
                  0000705c    00000020     encoder.o (.text.encoder_left_b_is_high)
                  0000707c    00000020     encoder.o (.text.encoder_right_a_is_high)
                  0000709c    00000020     encoder.o (.text.encoder_right_b_is_high)
                  000070bc    00000020     gray_serial.o (.text.gray_serial_read_pin)
                  000070dc    00000020     line_track.o (.text.line_track_scale_percent)
                  000070fc    00000020     pid.o (.text.speed_pid_set_target)
                  0000711c    00000020     stepper.o (.text.stepper_clear_emergency_inhibit)
                  0000713c    00000020     stepper.o (.text.stepper_get_position_steps)
                  0000715c    00000020     task2.o (.text.task2_abs_i32)
                  0000717c    00000020     uart_cmd.o (.text.uart_cmd_abs_to_u32)
                  0000719c    0000001e     ti_msp_dl_config.o (.text.DL_UART_setOversampling)
                  000071ba    00000002     --HOLE-- [fill = 0]
                  000071bc    0000001e     libclang_rt.builtins.a : ashldi3.S.obj (.text.__ashldi3)
                  000071da    00000002     --HOLE-- [fill = 0]
                  000071dc    0000001c     encoder.o (.text.DL_GPIO_clearInterruptStatus)
                  000071f8    0000001c     ti_msp_dl_config.o (.text.DL_GPIO_clearInterruptStatus)
                  00007214    0000001c     encoder.o (.text.DL_GPIO_disableInterrupt)
                  00007230    0000001c     encoder.o (.text.DL_GPIO_enableInterrupt)
                  0000724c    0000001c     ti_msp_dl_config.o (.text.DL_GPIO_enableInterrupt)
                  00007268    0000001c     stepper.o (.text.DL_GPIO_initPeripheralOutputFunction)
                  00007284    0000001c     ti_msp_dl_config.o (.text.DL_GPIO_initPeripheralOutputFunction)
                  000072a0    0000001c     driverlib.a : dl_sysctl_mspm0g1x0x_g3x0x.o (.text.DL_SYSCTL_configFCC)
                  000072bc    0000001c     ti_msp_dl_config.o (.text.DL_SYSCTL_setFCCPeriods)
                  000072d8    0000001c     ti_msp_dl_config.o (.text.DL_SYSCTL_setSYSOSCFreq)
                  000072f4    0000001c     ti_msp_dl_config.o (.text.DL_SYSCTL_setULPCLKDivider)
                  00007310    0000001c     stepper.o (.text.DL_Timer_disableInterrupt)
                  0000732c    0000001c     stepper.o (.text.DL_Timer_enableInterrupt)
                  00007348    0000001c     ti_msp_dl_config.o (.text.DL_Timer_enableInterrupt)
                  00007364    0000001c     driverlib.a : dl_timer.o (.text.DL_Timer_setCaptCompUpdateMethod)
                  00007380    0000001c                 : dl_timer.o (.text.DL_Timer_setClockConfig)
                  0000739c    0000001c     encoder_pwm_angle.o (.text.DL_Timer_setCoreHaltBehavior)
                  000073b8    0000001c     task3.o (.text.DL_UART_disableInterrupt)
                  000073d4    0000001c     uart_cmd.o (.text.DL_UART_disableInterrupt)
                  000073f0    0000001c     bluetooth.o (.text.DL_UART_enableInterrupt)
                  0000740c    0000001c     ti_msp_dl_config.o (.text.DL_UART_enableInterrupt)
                  00007428    0000001c     uart_cmd.o (.text.DL_UART_enableInterrupt)
                  00007444    0000001c     uart_cmd.o (.text.UART0_IRQHandler)
                  00007460    0000001c     bluetooth.o (.text.bluetooth_send_char)
                  0000747c    0000001c     oled.o (.text.oled_write_cmd)
                  00007498    0000001c     oled.o (.text.oled_write_data)
                  000074b4    0000001c     stepper.o (.text.stepper_connect_step_to_timer)
                  000074d0    0000001c     task2.o (.text.task2_oled_print_line_header)
                  000074ec    0000001a     uart_cmd.o (.text.uart_cmd_read_i16_be)
                  00007506    00000002     --HOLE-- [fill = 0]
                  00007508    00000018     stepper.o (.text.DL_GPIO_enableOutput)
                  00007520    00000018     ti_msp_dl_config.o (.text.DL_GPIO_enableOutput)
                  00007538    00000018     ti_msp_dl_config.o (.text.DL_GPIO_enablePower)
                  00007550    00000018     encoder.o (.text.DL_GPIO_getEnabledInterruptStatus)
                  00007568    00000018     stepper.o (.text.DL_GPIO_initDigitalOutput)
                  00007580    00000018     ti_msp_dl_config.o (.text.DL_GPIO_initDigitalOutput)
                  00007598    00000018     ti_msp_dl_config.o (.text.DL_GPIO_reset)
                  000075b0    00000018     motor.o (.text.DL_GPIO_setPins)
                  000075c8    00000018     oled.o (.text.DL_GPIO_setPins)
                  000075e0    00000018     stepper.o (.text.DL_GPIO_setPins)
                  000075f8    00000018     ti_msp_dl_config.o (.text.DL_GPIO_setPins)
                  00007610    00000018     encoder.o (.text.DL_GPIO_setUpperPinsPolarity)
                  00007628    00000018     ti_msp_dl_config.o (.text.DL_GPIO_setUpperPinsPolarity)
                  00007640    00000018     ti_msp_dl_config.o (.text.DL_SYSCTL_setBORThreshold)
                  00007658    00000018     encoder_pwm_angle.o (.text.DL_Timer_clearInterruptStatus)
                  00007670    00000018     stepper.o (.text.DL_Timer_clearInterruptStatus)
                  00007688    00000018     ti_msp_dl_config.o (.text.DL_Timer_enablePower)
                  000076a0    00000018     ti_msp_dl_config.o (.text.DL_Timer_reset)
                  000076b8    00000018     driverlib.a : dl_timer.o (.text.DL_Timer_setCaptureCompareOutCtl)
                  000076d0    00000018     stepper.o (.text.DL_Timer_setLoadValue)
                  000076e8    00000018     encoder_pwm_angle.o (.text.DL_Timer_startCounter)
                  00007700    00000018     stepper.o (.text.DL_Timer_startCounter)
                  00007718    00000018     encoder_pwm_angle.o (.text.DL_Timer_stopCounter)
                  00007730    00000018     stepper.o (.text.DL_Timer_stopCounter)
                  00007748    00000018     bluetooth.o (.text.DL_UART_clearInterruptStatus)
                  00007760    00000018     uart_cmd.o (.text.DL_UART_clearInterruptStatus)
                  00007778    00000018     ti_msp_dl_config.o (.text.DL_UART_enablePower)
                  00007790    00000018     bluetooth.o (.text.DL_UART_isRXFIFOEmpty)
                  000077a8    00000018     task3.o (.text.DL_UART_isRXFIFOEmpty)
                  000077c0    00000018     uart_cmd.o (.text.DL_UART_isRXFIFOEmpty)
                  000077d8    00000018     task3.o (.text.DL_UART_isTXFIFOFull)
                  000077f0    00000018     uart_cmd.o (.text.DL_UART_isTXFIFOFull)
                  00007808    00000018     vofa.o (.text.DL_UART_isTXFIFOFull)
                  00007820    00000018     ti_msp_dl_config.o (.text.DL_UART_reset)
                  00007838    00000018     encoder_pwm_angle.o (.text.encoder_pwm_angle_exit_critical)
                  00007850    00000018     encoder_pwm_angle.o (.text.encoder_pwm_angle_raw_to_relative_deg_x10)
                  00007868    00000018     stepper.o (.text.stepper_step_is_high)
                  00007880    00000018     task3.o (.text.task3_task4_button_pressed)
                  00007898    00000016     encoder.o (.text.DL_GPIO_readPins)
                  000078ae    00000016     gray_serial.o (.text.DL_GPIO_readPins)
                  000078c4    00000016     stepper.o (.text.DL_GPIO_readPins)
                  000078da    00000016     task3.o (.text.DL_GPIO_readPins)
                  000078f0    00000016     ti_msp_dl_config.o (.text.DL_UART_enable)
                  00007906    00000016     task3.o (.text.DL_UART_transmitData)
                  0000791c    00000016     uart_cmd.o (.text.DL_UART_transmitData)
                  00007932    00000016     vofa.o (.text.DL_UART_transmitData)
                  00007948    00000016     libclang_rt.builtins.a : comparesf2.S.obj (.text.__unordsf2)
                  0000795e    00000016     bluetooth.o (.text.bluetooth_is_packet_end)
                  00007974    00000016     uart_cmd.o (.text.uart_cmd_has_no_more)
                  0000798a    00000014     motor.o (.text.DL_GPIO_clearPins)
                  0000799e    00000014     oled.o (.text.DL_GPIO_clearPins)
                  000079b2    00000014     stepper.o (.text.DL_GPIO_clearPins)
                  000079c6    00000014     ti_msp_dl_config.o (.text.DL_GPIO_clearPins)
                  000079da    00000002     --HOLE-- [fill = 0]
                  000079dc    00000014     ti_msp_dl_config.o (.text.DL_SYSCTL_disableSYSPLL)
                  000079f0    00000014     ti_msp_dl_config.o (.text.DL_SYSCTL_enableSYSPLL)
                  00007a04    00000014     ti_msp_dl_config.o (.text.DL_Timer_enableClock)
                  00007a18    00000014     encoder_pwm_angle.o (.text.DL_Timer_getLoadValue)
                  00007a2c    00000014     ti_msp_dl_config.o (.text.DL_Timer_setCCPDirection)
                  00007a40    00000014     encoder_pwm_angle.o (.text.DL_Timer_setTimerCount)
                  00007a54    00000014     stepper.o (.text.DL_Timer_setTimerCount)
                  00007a68    00000014     bluetooth.o (.text.DL_UART_receiveData)
                  00007a7c    00000014     task3.o (.text.DL_UART_receiveData)
                  00007a90    00000014     uart_cmd.o (.text.DL_UART_receiveData)
                  00007aa4    00000014     libclang_rt.builtins.a : aeabi_ldivmod.S.obj (.text.__aeabi_ldivmod)
                  00007ab8    00000014                            : aeabi_uldivmod.S.obj (.text.__aeabi_uldivmod)
                  00007acc    00000014     encoder_pwm_angle.o (.text.encoder_pwm_angle_enter_critical)
                  00007ae0    00000014     line_track.o (.text.line_track_set_base_speed)
                  00007af4    00000014     pid.o (.text.speed_pid_set_speed)
                  00007b08    00000014     stepper.o (.text.stepper_enter_critical)
                  00007b1c    00000014     stepper.o (.text.stepper_reset_beam_pid)
                  00007b30    00000014     task2.o (.text.task2_apply_race_line_params)
                  00007b44    00000014     task3.o (.text.task3_task2_button_pressed)
                  00007b58    00000012     encoder_pwm_angle.o (.text.DL_Timer_getPendingInterrupt)
                  00007b6a    00000012     stepper.o (.text.DL_Timer_getPendingInterrupt)
                  00007b7c    00000012     bluetooth.o (.text.DL_UART_getPendingInterrupt)
                  00007b8e    00000012     uart_cmd.o (.text.DL_UART_getPendingInterrupt)
                  00007ba0    00000012     driverlib.a : dl_uart.o (.text.DL_UART_setClockConfig)
                  00007bb2    00000012     pid.o (.text.pid_reset)
                  00007bc4    00000012     stepper.o (.text.stepper_exit_critical)
                  00007bd6    00000012     libc.a : memcpy16.S.obj (.text:TI_memcpy_small)
                  00007be8    00000012            : copy_decompress_none.c.obj (.text:decompress:none)
                  00007bfa    00000002     --HOLE-- [fill = 0]
                  00007bfc    00000010     ti_msp_dl_config.o (.text.DL_SYSCTL_disableHFXT)
                  00007c0c    00000010     ti_msp_dl_config.o (.text.DL_SYSCTL_isFCCDone)
                  00007c1c    00000010     ti_msp_dl_config.o (.text.DL_SYSCTL_startFCC)
                  00007c2c    00000010     driverlib.a : dl_timer.o (.text.DL_Timer_getCaptureCompareValue)
                  00007c3c    00000010                 : dl_timer.o (.text.DL_Timer_setCaptureCompareValue)
                  00007c4c    00000010     ti_msp_dl_config.o (.text.SYSCFG_DL_SYSTICK_init)
                  00007c5c    00000010     bluetooth.o (.text.bluetooth_send_error)
                  00007c6c    00000010     stepper.o (.text.stepper_get_direction)
                  00007c7c    00000010     stepper.o (.text.stepper_is_busy)
                  00007c8c    00000010     stepper.o (.text.stepper_is_emergency_inhibited)
                  00007c9c    00000010     stepper.o (.text.stepper_is_enabled)
                  00007cac    00000010     stepper.o (.text.stepper_is_limit_active)
                  00007cbc    00000010     uart_cmd.o (.text.uart_cmd_send_error)
                  00007ccc    00000010     uart_cmd.o (.text.uart_cmd_send_help)
                  00007cdc    00000010     uart_cmd.o (.text.uart_cmd_send_ok)
                  00007cec    00000010     libc.a : copy_zero_init.c.obj (.text:decompress:ZI)
                  00007cfc    0000000e            : memset16.S.obj (.text:TI_memset_small)
                  00007d0a    00000002     --HOLE-- [fill = 0]
                  00007d0c    0000000c     ti_msp_dl_config.o (.text.DL_SYSCTL_getClockStatus)
                  00007d18    0000000c     ti_msp_dl_config.o (.text.DL_SYSCTL_readFCC)
                  00007d24    0000000c     empty.o (.text.SysTick_Handler)
                  00007d30    0000000c     libclang_rt.builtins.a : aeabi_memset.S.obj (.text.__aeabi_memclr)
                  00007d3c    0000000c     delay.o (.text.delay_get_ms)
                  00007d48    0000000c     line_track.o (.text.line_track_get_large_turn_percent)
                  00007d54    0000000c     line_track.o (.text.line_track_get_small_turn_percent)
                  00007d60    0000000c     stepper.o (.text.stepper_get_beam_target_deg)
                  00007d6c    0000000c     stepper.o (.text.stepper_get_frequency_hz)
                  00007d78    0000000c     stepper.o (.text.stepper_get_remaining_steps)
                  00007d84    0000000a     driverlib.a : dl_common.o (.text.DL_Common_delayCycles)
                  00007d8e    00000008     encoder.o (.text.GROUP1_IRQHandler)
                  00007d96    00000008     encoder_pwm_angle.o (.text.TIMA0_IRQHandler)
                  00007d9e    00000008     stepper.o (.text.TIMA1_IRQHandler)
                  00007da6    00000002     --HOLE-- [fill = 0]
                  00007da8    00000008     libclang_rt.builtins.a : aeabi_memcpy.S.obj (.text.__aeabi_memcpy)
                  00007db0    00000008     uart_cmd.o (.text.uart_cmd_send_string)
                  00007db8    00000006     libc.a : exit.c.obj (.text:abort)
                  00007dbe    00000004     startup_mspm0g350x_ticlang.o (.text.Default_Handler)
                  00007dc2    00000004     libsysbm.a : hostexit.c.obj (.text.HOSTexit)
                  00007dc6    00000004     startup_mspm0g350x_ticlang.o (.text.Reset_Handler)
                  00007dca    00000002     --HOLE-- [fill = 0]
                  00007dcc    00000010     libc.a : boot_cortex_m.c.obj (.tramp._c_int00_noargs.1)
                  00007ddc    00000004            : pre_init.c.obj (.text._system_pre_init)
                  00007de0    00000004     pid.o (.text.speed_pid_should_send_vofa)
                  00007de4    00000004     --HOLE-- [fill = 0]

.cinit     0    00008208    00000048     
                  00008208    0000001e     (.cinit..data.load) [load image, compression = lzss]
                  00008226    00000002     --HOLE-- [fill = 0]
                  00008228    0000000c     (__TI_handler_table)
                  00008234    00000008     (.cinit..bss.load) [load image, compression = zero_init]
                  0000823c    00000010     (__TI_cinit_table)
                  0000824c    00000004     --HOLE-- [fill = 0]

.rodata    0    00007de8    00000420     
                  00007de8    000001e0     oled.o (.rodata.g_font5x7)
                  00007fc8    0000005d     uart_cmd.o (.rodata.str1.840249729018285378.1)
                  00008025    00000003     ti_msp_dl_config.o (.rodata.gBEAM_ENCODER_PWMClockConfig)
                  00008028    00000028     ti_msp_dl_config.o (.rodata.gSYSPLLConfig)
                  00008050    0000001e     bluetooth.o (.rodata.str1.16629367813050839963.1)
                  0000806e    00000011     oled.o (.rodata.oled_print_hex_u8.hex)
                  0000807f    00000001     --HOLE-- [fill = 0]
                  00008080    00000010     ti_msp_dl_config.o (.rodata.gBEAM_ENCODER_PWMCaptureConfig)
                  00008090    0000000e     task3.o (.rodata.task3_uart1_send_entry_marker.text)
                  0000809e    0000000d     uart_cmd.o (.rodata.str1.6277650787150843725.1)
                  000080ab    00000001     --HOLE-- [fill = 0]
                  000080ac    0000000c     driverlib.a : dl_timer.o (.rodata..Lswitch.table.DL_Timer_initCaptureCombinedMode.1)
                  000080b8    0000000c                 : dl_timer.o (.rodata..Lswitch.table.DL_Timer_initCompareMode)
                  000080c4    0000000b     task2.o (.rodata.str1.6270099379802012038.1)
                  000080cf    00000001     --HOLE-- [fill = 0]
                  000080d0    0000000a     ti_msp_dl_config.o (.rodata.gUART0Config)
                  000080da    0000000a     ti_msp_dl_config.o (.rodata.gUART_1Config)
                  000080e4    00000009     vofa.o (.rodata.str1.15592850640436249970.1)
                  000080ed    00000009     uart_cmd.o (.rodata.str1.3460805920169786119.1)
                  000080f6    00000002     ti_msp_dl_config.o (.rodata.gUART0ClockConfig)
                  000080f8    00000008     ti_msp_dl_config.o (.rodata.gPWMConfig)
                  00008100    00000008     ti_msp_dl_config.o (.rodata.gSTEPPER_PWMConfig)
                  00008108    00000008     bluetooth.o (.rodata.str1.5771443866524668017.1)
                  00008110    00000007     uart_cmd.o (.rodata.str1.11218698011615936392.1)
                  00008117    00000007     uart_cmd.o (.rodata.str1.12707298662019533641.1)
                  0000811e    00000007     uart_cmd.o (.rodata.str1.17920282215832191347.1)
                  00008125    00000007     bluetooth.o (.rodata.str1.17966125886390595526.1)
                  0000812c    00000007     task2.o (.rodata.str1.4027431418486214476.1)
                  00008133    00000007     uart_cmd.o (.rodata.str1.7517722674715864021.1)
                  0000813a    00000007     task2.o (.rodata.str1.7738086751646626088.1)
                  00008141    00000006     bluetooth.o (.rodata.str1.11827052999310086412.1)
                  00008147    00000006     uart_cmd.o (.rodata.str1.13905025852110864062.1)
                  0000814d    00000006     task2.o (.rodata.str1.17373148445091913500.1)
                  00008153    00000006     task2.o (.rodata.str1.17633820753039632488.1)
                  00008159    00000006     uart_cmd.o (.rodata.str1.2511651689747361614.1)
                  0000815f    00000006     uart_cmd.o (.rodata.str1.4092367985313040374.1)
                  00008165    00000006     uart_cmd.o (.rodata.str1.4234987772374414360.1)
                  0000816b    00000006     uart_cmd.o (.rodata.str1.8588377972619878686.1)
                  00008171    00000006     uart_cmd.o (.rodata.str1.8762729705417149107.1)
                  00008177    00000006     uart_cmd.o (.rodata.str1.9257292791547982817.1)
                  0000817d    00000006     task2.o (.rodata.str1.939052906329602936.1)
                  00008183    00000005     uart_cmd.o (.rodata.str1.11466531589070145015.1)
                  00008188    00000005     uart_cmd.o (.rodata.str1.11477833326989684832.1)
                  0000818d    00000005     uart_cmd.o (.rodata.str1.12267827134117714350.1)
                  00008192    00000005     task2.o (.rodata.str1.13010141169230031054.1)
                  00008197    00000005     bluetooth.o (.rodata.str1.15849129404937087116.1)
                  0000819c    00000005     task2.o (.rodata.str1.2158638958197205535.1)
                  000081a1    00000005     task2.o (.rodata.str1.5204079928230718379.1)
                  000081a6    00000005     bluetooth.o (.rodata.str1.5440892105354547817.1)
                  000081ab    00000005     task2.o (.rodata.str1.640788693715056402.1)
                  000081b0    00000005     uart_cmd.o (.rodata.str1.8540953112625378261.1)
                  000081b5    00000004     bluetooth.o (.rodata.str1.10942773203734653784.1)
                  000081b9    00000004     uart_cmd.o (.rodata.str1.11119734733588663232.1)
                  000081bd    00000004     task2.o (.rodata.str1.15209940071586506504.1)
                  000081c1    00000004     task2.o (.rodata.str1.16316541120335400078.1)
                  000081c5    00000004     task2.o (.rodata.str1.17012419870760764162.1)
                  000081c9    00000004     uart_cmd.o (.rodata.str1.2369543017385929624.1)
                  000081cd    00000004     bluetooth.o (.rodata.str1.5649145351321820900.1)
                  000081d1    00000004     bluetooth.o (.rodata.str1.606026657030378210.1)
                  000081d5    00000004     uart_cmd.o (.rodata.str1.6811838705501227079.1)
                  000081d9    00000003     ti_msp_dl_config.o (.rodata.gPWMClockConfig)
                  000081dc    00000003     ti_msp_dl_config.o (.rodata.gSTEPPER_PWMClockConfig)
                  000081df    00000003     uart_cmd.o (.rodata.str1.1028318311211003142.1)
                  000081e2    00000003     oled.o (.rodata.str1.10612175213412870912.1)
                  000081e5    00000003     uart_cmd.o (.rodata.str1.1217499487293683049.1)
                  000081e8    00000003     uart_cmd.o (.rodata.str1.15498057389316061030.1)
                  000081eb    00000003     task2.o (.rodata.str1.18066539378867147291.1)
                  000081ee    00000003     uart_cmd.o (.rodata.str1.9423187404258085070.1)
                  000081f1    00000002     ti_msp_dl_config.o (.rodata.gUART_1ClockConfig)
                  000081f3    00000002     bluetooth.o (.rodata.str1.10613031068244860091.1)
                  000081f5    00000002     uart_cmd.o (.rodata.str1.1327018440546922054.1)
                  000081f7    00000002     uart_cmd.o (.rodata.str1.15436932795843561489.1)
                  000081f9    00000002     uart_cmd.o (.rodata.str1.3044072844558183483.1)
                  000081fb    00000002     uart_cmd.o (.rodata.str1.5852106103808048319.1)
                  000081fd    00000002     task2.o (.rodata.str1.6330514837858891175.1)
                  000081ff    00000002     task2.o (.rodata.str1.6548218060335122408.1)
                  00008201    00000002     uart_cmd.o (.rodata.str1.7261196379038542568.1)
                  00008203    00000005     --HOLE-- [fill = 0]

.init_array 
*          0    00000000    00000000     UNINITIALIZED

.binit     0    00000000    00000000     

.bss       0    20200000    0000058a     UNINITIALIZED
                  20200000    00000100     uart_cmd.o (.bss.g_uart1MirrorBuffer)
                  20200100    000000bc     (.common:gBEAM_ENCODER_PWMBackup)
                  202001bc    000000bc     (.common:gSTEPPER_PWMBackup)
                  20200278    000000a0     (.common:gPWMBackup)
                  20200318    00000080     bluetooth.o (.bss.g_rxBuffer)
                  20200398    00000080     uart_cmd.o (.bss.g_rxBuffer)
                  20200418    00000050     uart_cmd.o (.bss.g_line)
                  20200468    00000040     bluetooth.o (.bss.g_packet)
                  202004a8    0000001c     pid.o (.bss.g_leftSpeedPid)
                  202004c4    0000001c     pid.o (.bss.g_rightSpeedPid)
                  202004e0    00000014     line_track.o (.bss.g_lineTrackStatus)
                  202004f4    00000004     encoder_pwm_angle.o (.bss.g_angleDegX10)
                  202004f8    00000004     stepper.o (.bss.g_beamPidIntegralMmS)
                  202004fc    00000004     stepper.o (.bss.g_beamPidKdDegSPerMm)
                  20200500    00000004     stepper.o (.bss.g_beamPidKiDegPerMmS)
                  20200504    00000004     stepper.o (.bss.g_beamPidKpDegPerMm)
                  20200508    00000004     stepper.o (.bss.g_beamPidOutputDeg)
                  2020050c    00000004     stepper.o (.bss.g_beamPidTargetMm)
                  20200510    00000004     stepper.o (.bss.g_beamTargetDeg)
                  20200514    00000004     encoder_pwm_angle.o (.bss.g_captureCount)
                  20200518    00000004     stepper.o (.bss.g_frequencyHz)
                  2020051c    00000004     encoder_pwm_angle.o (.bss.g_highTicks)
                  20200520    00000004     encoder_pwm_angle.o (.bss.g_loadValue)
                  20200524    00000004     encoder_pwm_angle.o (.bss.g_periodTicks)
                  20200528    00000004     stepper.o (.bss.g_positionSteps)
                  2020052c    00000004     stepper.o (.bss.g_remainingSteps)
                  20200530    00000004     uart_cmd.o (.bss.g_rxByteCount)
                  20200534    00000004     stepper.o (.bss.g_speedCurrentHz)
                  20200538    00000004     stepper.o (.bss.g_speedLimitHz)
                  2020053c    00000004     stepper.o (.bss.g_speedTargetHz)
                  20200540    00000004     encoder_pwm_angle.o (.bss.g_timeoutCount)
                  20200544    00000004     encoder_pwm_angle.o (.bss.g_timestampMs)
                  20200548    00000004     uart_cmd.o (.bss.g_visionData)
                  2020054c    00000004     uart_cmd.o (.bss.g_visionDataTimestampMs)
                  20200550    00000004     uart_cmd.o (.bss.g_visionFrameStartMs)
                  20200554    00000004     uart_cmd.o (.bss.g_visionLinkTimestampMs)
                  20200558    00000004     uart_cmd.o (.bss.g_visionStatsWindowStartMs)
                  2020055c    00000002     uart_cmd.o (.bss.g_rxOverflowCount)
                  2020055e    00000002     uart_cmd.o (.bss.g_uart1MirrorDropCount)
                  20200560    00000002     uart_cmd.o (.bss.g_uart1MirrorHead)
                  20200562    00000002     uart_cmd.o (.bss.g_uart1MirrorTail)
                  20200564    00000002     uart_cmd.o (.bss.g_visionAcceptedFrameRateHz)
                  20200566    00000002     uart_cmd.o (.bss.g_visionAcceptedFramesInWindow)
                  20200568    00000002     uart_cmd.o (.bss.g_visionBadFrameRatioPermille)
                  2020056a    00000002     uart_cmd.o (.bss.g_visionBadFrames)
                  2020056c    00000002     uart_cmd.o (.bss.g_visionBadFramesInWindow)
                  2020056e    00000002     uart_cmd.o (.bss.g_visionBallFrameRateHz)
                  20200570    00000002     uart_cmd.o (.bss.g_visionBallFramesInWindow)
                  20200572    00000002     uart_cmd.o (.bss.g_visionGoodFrames)
                  20200574    00000002     uart_cmd.o (.bss.g_visionPositionX10)
                  20200576    00000002     uart_cmd.o (.bss.g_visionVelocityX10)
                  20200578    00000001     stepper.o (.bss.g_continuous)
                  20200579    00000001     stepper.o (.bss.g_directionHigh)
                  2020057a    00000001     stepper.o (.bss.g_emergencyInhibit)
                  2020057b    00000001     stepper.o (.bss.g_enabled)
                  2020057c    00000001     stepper.o (.bss.g_initialized)
                  2020057d    00000001     stepper.o (.bss.g_limitActive)
                  2020057e    00000001     stepper.o (.bss.g_running)
                  2020057f    00000001     stepper.o (.bss.g_stopPending)
                  20200580    00000001     encoder_pwm_angle.o (.bss.g_synced)
                  20200581    00000001     encoder_pwm_angle.o (.bss.g_valid)
                  20200582    00000001     uart_cmd.o (.bss.g_visionChecksum)
                  20200583    00000001     uart_cmd.o (.bss.g_visionCommand)
                  20200584    00000001     uart_cmd.o (.bss.g_visionDetectionValid)
                  20200585    00000001     uart_cmd.o (.bss.g_visionHasLink)
                  20200586    00000001     uart_cmd.o (.bss.g_visionHasPosition)
                  20200587    00000001     uart_cmd.o (.bss.g_visionIndex)
                  20200588    00000001     uart_cmd.o (.bss.g_visionLength)
                  20200589    00000001     uart_cmd.o (.bss.g_visionRxState)

.data      0    2020058c    0000005b     UNINITIALIZED
                  2020058c    00000004     delay.o (.data.delay_ms_ticks)
                  20200590    00000004     delay.o (.data.delay_times)
                  20200594    00000004     line_track.o (.data.g_baseSpeedMmS)
                  20200598    00000004     encoder.o (.data.g_encoderLeftCount)
                  2020059c    00000004     encoder.o (.data.g_encoderLeftLastSpeedCount)
                  202005a0    00000004     encoder.o (.data.g_encoderLeftSpeedMmS)
                  202005a4    00000004     encoder.o (.data.g_encoderRightCount)
                  202005a8    00000004     encoder.o (.data.g_encoderRightLastSpeedCount)
                  202005ac    00000004     encoder.o (.data.g_encoderRightSpeedMmS)
                  202005b0    00000004     line_track.o (.data.g_largeTurnPercent)
                  202005b4    00000004     line_track.o (.data.g_lastError)
                  202005b8    00000004     line_track.o (.data.g_leftBaseBiasMmS)
                  202005bc    00000004     pid.o (.data.g_leftPwm)
                  202005c0    00000004     pid.o (.data.g_leftTargetMmS)
                  202005c4    00000004     line_track.o (.data.g_rightBaseBiasMmS)
                  202005c8    00000004     pid.o (.data.g_rightPwm)
                  202005cc    00000004     pid.o (.data.g_rightTargetMmS)
                  202005d0    00000004     line_track.o (.data.g_smallTurnPercent)
                  202005d4    00000004     task2.o (.data.task2_oled_update.lastRefreshMs)
                  202005d8    00000001     oled.o (.data.g_cursorColumn)
                  202005d9    00000001     oled.o (.data.g_cursorPage)
                  202005da    00000001     encoder.o (.data.g_encoderLeftLastState)
                  202005db    00000001     encoder.o (.data.g_encoderRightLastState)
                  202005dc    00000001     encoder.o (.data.g_encoderSpeedTickMs)
                  202005dd    00000001     line_track.o (.data.g_lastTurn)
                  202005de    00000001     uart_cmd.o (.data.g_lineIndex)
                  202005df    00000001     bluetooth.o (.data.g_packetActive)
                  202005e0    00000001     uart_cmd.o (.data.g_packetActive)
                  202005e1    00000001     bluetooth.o (.data.g_packetIndex)
                  202005e2    00000001     bluetooth.o (.data.g_rxHead)
                  202005e3    00000001     uart_cmd.o (.data.g_rxHead)
                  202005e4    00000001     bluetooth.o (.data.g_rxTail)
                  202005e5    00000001     uart_cmd.o (.data.g_rxTail)
                  202005e6    00000001     pid.o (.data.g_speedPidVofaTick)

.stack     0    20207e00    00000200     UNINITIALIZED
                  20207e00    00000004     libc.a : boot_cortex_m.c.obj (.stack)
                  20207e04    000001fc     --HOLE--

__llvm_prf_cnts 
*          0    20200000    00000000     UNINITIALIZED

__llvm_prf_bits 
*          0    20200000    00000000     UNINITIALIZED

MODULE SUMMARY

       Module                         code    ro data   rw data
       ------                         ----    -------   -------
    .\
       ti_msp_dl_config.o             2716    105       536    
       startup_mspm0g350x_ticlang.o   8       192       0      
       empty.o                        58      0         0      
    +--+------------------------------+-------+---------+---------+
       Total:                         2782    297       536    
                                                               
    .\Src\
       uart_cmd.o                     6036    239       528    
       stepper.o                      4880    0         60     
       oled.o                         2176    500       2      
       bluetooth.o                    2282    75        196    
       task3.o                        2418    14        0      
       encoder.o                      1450    0         27     
       encoder_pwm_angle.o            1256    0         30     
       task4.o                        1208    0         0      
       task2.o                        1104    82        4      
       line_track.o                   1072    0         45     
       pid.o                          942     0         73     
       vofa.o                         416     9         0      
       motor.o                        364     0         0      
       gray_serial.o                  298     0         0      
       delay.o                        84      0         8      
    +--+------------------------------+-------+---------+---------+
       Total:                         25986   919       973    
                                                               
    C:/TI/mspm0_sdk_2_10_00_04/source/ti/driverlib/lib/ticlang/m0p/mspm0g1x0x_g3x0x/driverlib.a
       dl_timer.o                     596     24        0      
       dl_sysctl_mspm0g1x0x_g3x0x.o   316     0         0      
       dl_uart.o                      138     0         0      
       dl_common.o                    10      0         0      
    +--+------------------------------+-------+---------+---------+
       Total:                         1060    24        0      
                                                               
    D:\ti\ccs2050\ccs\tools\compiler\ti-cgt-armllvm_4.0.4.LTS\lib\armv6m-ti-none-eabi/c/libc.a
       copy_decompress_lzss.c.obj     124     0         0      
       autoinit.c.obj                 60      0         0      
       boot_cortex_m.c.obj            56      0         0      
       copy_decompress_none.c.obj     18      0         0      
       memcpy16.S.obj                 18      0         0      
       copy_zero_init.c.obj           16      0         0      
       memset16.S.obj                 14      0         0      
       exit.c.obj                     6       0         0      
       pre_init.c.obj                 4       0         0      
    +--+------------------------------+-------+---------+---------+
       Total:                         316     0         0      
                                                               
    D:\ti\ccs2050\ccs\tools\compiler\ti-cgt-armllvm_4.0.4.LTS\lib\armv6m-ti-none-eabi/c/libsysbm.a
       hostexit.c.obj                 4       0         0      
    +--+------------------------------+-------+---------+---------+
       Total:                         4       0         0      
                                                               
    D:\ti\ccs2050\ccs\tools\compiler\ti-cgt-armllvm_4.0.4.LTS\lib\armv6m-ti-none-eabi/libclang_rt.builtins.a
       comparedf2.c.obj               220     0         0      
       addsf3.S.obj                   216     0         0      
       udivmoddi4.S.obj               162     0         0      
       comparesf2.S.obj               140     0         0      
       mulsf3.S.obj                   140     0         0      
       divsf3.S.obj                   130     0         0      
       aeabi_dcmp.S.obj               98      0         0      
       aeabi_fcmp.S.obj               98      0         0      
       aeabi_idivmod.S.obj            86      0         0      
       aeabi_uidivmod.S.obj           64      0         0      
       divmoddi4.c.obj                62      0         0      
       floatsisf.S.obj                60      0         0      
       muldsi3.S.obj                  58      0         0      
       fixsfsi.S.obj                  56      0         0      
       fixunssfsi.S.obj               50      0         0      
       floatunsisf.S.obj              40      0         0      
       floatunsidf.S.obj              36      0         0      
       muldi3.S.obj                   36      0         0      
       ashldi3.S.obj                  30      0         0      
       aeabi_ldivmod.S.obj            20      0         0      
       aeabi_uldivmod.S.obj           20      0         0      
       aeabi_memset.S.obj             12      0         0      
       aeabi_memcpy.S.obj             8       0         0      
       aeabi_div0.c.obj               4       0         0      
    +--+------------------------------+-------+---------+---------+
       Total:                         1846    0         0      
                                                               
       Stack:                         0       0         512    
       Linker Generated:              0       66        0      
    +--+------------------------------+-------+---------+---------+
       Grand Total:                   31994   1306      2021   


LINKER GENERATED COPY TABLES

__TI_cinit_table @ 0000823c records: 2, size/record: 8, table size: 16
	.data: load addr=00008208, load size=0000001e bytes, run addr=2020058c, run size=0000005b bytes, compression=lzss
	.bss: load addr=00008234, load size=00000008 bytes, run addr=20200000, run size=0000058a bytes, compression=zero_init


LINKER GENERATED HANDLER TABLE

__TI_handler_table @ 00008228 records: 3, size/record: 4, table size: 12
	index: 0, handler: __TI_decompress_lzss
	index: 1, handler: __TI_decompress_none
	index: 2, handler: __TI_zero_init


FAR CALL TRAMPOLINES

callee name               trampoline name
   callee addr  tramp addr   call addr  call info
--------------  -----------  ---------  ----------------
_c_int00_noargs           $Tramp$TT$L$PI$$_c_int00_noargs
   00006d95     00007dcc     00007dc6   startup_mspm0g350x_ticlang.o (.text.Reset_Handler)

[1 trampolines]
[1 trampoline calls]


GLOBAL SYMBOLS: SORTED ALPHABETICALLY BY Name 

address   name                                     
-------   ----                                     
00007dbf  ADC0_IRQHandler                          
00007dbf  ADC1_IRQHandler                          
00007dbf  AES_IRQHandler                           
00007dc2  C$$EXIT                                  
00007dbf  CANFD0_IRQHandler                        
00007dbf  DAC0_IRQHandler                          
00007d85  DL_Common_delayCycles                    
000072a1  DL_SYSCTL_configFCC                      
00003079  DL_SYSCTL_configSYSPLL                   
00005d65  DL_SYSCTL_switchMCLKfromSYSOSCtoHSCLK    
00007c2d  DL_Timer_getCaptureCompareValue          
00002eb9  DL_Timer_initCaptureCombinedMode         
000027ed  DL_Timer_initFourCCPWMMode               
00007365  DL_Timer_setCaptCompUpdateMethod         
000076b9  DL_Timer_setCaptureCompareOutCtl         
00007c3d  DL_Timer_setCaptureCompareValue          
00007381  DL_Timer_setClockConfig                  
00005bb5  DL_UART_init                             
00007ba1  DL_UART_setClockConfig                   
000068a5  DL_UART_transmitDataBlocking             
00007dbf  DMA_IRQHandler                           
00007dbf  Default_Handler                          
00007dbf  GROUP0_IRQHandler                        
00007d8f  GROUP1_IRQHandler                        
00007dc3  HOSTexit                                 
00007dbf  HardFault_Handler                        
00007dbf  I2C0_IRQHandler                          
00007dbf  I2C1_IRQHandler                          
00007dbf  NMI_Handler                              
00007dbf  PendSV_Handler                           
00007dbf  RTC_IRQHandler                           
00007dc7  Reset_Handler                            
00007dbf  SPI0_IRQHandler                          
00007dbf  SPI1_IRQHandler                          
00007dbf  SVC_Handler                              
00006635  SYSCFG_DL_BEAM_ENCODER_PWM_init          
00000dd5  SYSCFG_DL_GPIO_init                      
00004331  SYSCFG_DL_PWM_init                       
00004db9  SYSCFG_DL_STEPPER_PWM_init               
00002ce1  SYSCFG_DL_SYSCTL_SYSPLL_init             
00004e21  SYSCFG_DL_SYSCTL_init                    
00007c4d  SYSCFG_DL_SYSTICK_init                   
00005eb9  SYSCFG_DL_UART0_init                     
000056b5  SYSCFG_DL_UART_1_init                    
00005bfd  SYSCFG_DL_init                           
00004451  SYSCFG_DL_initPower                      
00007d25  SysTick_Handler                          
00007d97  TIMA0_IRQHandler                         
00007d9f  TIMA1_IRQHandler                         
00007dbf  TIMG0_IRQHandler                         
00007dbf  TIMG12_IRQHandler                        
00007dbf  TIMG6_IRQHandler                         
00007dbf  TIMG7_IRQHandler                         
00007dbf  TIMG8_IRQHandler                         
00007bd7  TI_memcpy_small                          
00007cfd  TI_memset_small                          
00007445  UART0_IRQHandler                         
00004ce1  UART1_IRQHandler                         
00007dbf  UART2_IRQHandler                         
00007dbf  UART3_IRQHandler                         
20208000  __STACK_END                              
00000200  __STACK_SIZE                             
00000000  __TI_ATRegion0_region_sz                 
00000000  __TI_ATRegion0_src_addr                  
00000000  __TI_ATRegion0_trg_addr                  
00000000  __TI_ATRegion1_region_sz                 
00000000  __TI_ATRegion1_src_addr                  
00000000  __TI_ATRegion1_trg_addr                  
00000000  __TI_ATRegion2_region_sz                 
00000000  __TI_ATRegion2_src_addr                  
00000000  __TI_ATRegion2_trg_addr                  
0000823c  __TI_CINIT_Base                          
0000824c  __TI_CINIT_Limit                         
0000824c  __TI_CINIT_Warm                          
00008228  __TI_Handler_Table_Base                  
00008234  __TI_Handler_Table_Limit                 
0000638d  __TI_auto_init_nobinit_nopinit           
00004a19  __TI_decompress_lzss                     
00007be9  __TI_decompress_none                     
ffffffff  __TI_pprof_out_hndl                      
ffffffff  __TI_prof_data_size                      
ffffffff  __TI_prof_data_start                     
00000000  __TI_static_base__                       
00007ced  __TI_zero_init                           
00003237  __addsf3                                 
000051b9  __aeabi_dcmpeq                           
000051f5  __aeabi_dcmpge                           
00005209  __aeabi_dcmpgt                           
000051e1  __aeabi_dcmple                           
000051cd  __aeabi_dcmplt                           
00006441  __aeabi_f2iz                             
00006871  __aeabi_f2uiz                            
00003237  __aeabi_fadd                             
0000521d  __aeabi_fcmpeq                           
00005259  __aeabi_fcmpge                           
0000526d  __aeabi_fcmpgt                           
00005245  __aeabi_fcmple                           
00005231  __aeabi_fcmplt                           
00007949  __aeabi_fcmpun                           
00004919  __aeabi_fdiv                             
000044dd  __aeabi_fmul                             
0000322d  __aeabi_fsub                             
000061e9  __aeabi_i2f                              
00005609  __aeabi_idiv                             
000019c7  __aeabi_idiv0                            
00005609  __aeabi_idivmod                          
000021af  __aeabi_ldiv0                            
00007aa5  __aeabi_ldivmod                          
000071bd  __aeabi_llsl                             
00006e09  __aeabi_lmul                             
00007d31  __aeabi_memclr                           
00007d31  __aeabi_memclr4                          
00007d31  __aeabi_memclr8                          
00007da9  __aeabi_memcpy                           
00007da9  __aeabi_memcpy4                          
00007da9  __aeabi_memcpy8                          
00006de5  __aeabi_ui2d                             
00006c7d  __aeabi_ui2f                             
00005ef9  __aeabi_uidiv                            
00005ef9  __aeabi_uidivmod                         
00007ab9  __aeabi_uldivmod                         
000071bd  __ashldi3                                
ffffffff  __binit__                                
00004e89  __cmpdf2                                 
000063c9  __cmpsf2                                 
00006039  __divmoddi4                              
00004919  __divsf3                                 
00004e89  __eqdf2                                  
000063c9  __eqsf2                                  
00006441  __fixsfsi                                
00006871  __fixunssfsi                             
000061e9  __floatsisf                              
00006de5  __floatunsidf                            
00006c7d  __floatunsisf                            
00004b85  __gedf2                                  
00006225  __gesf2                                  
00004b85  __gtdf2                                  
00006225  __gtsf2                                  
00004e89  __ledf2                                  
000063c9  __lesf2                                  
00004e89  __ltdf2                                  
000063c9  __ltsf2                                  
UNDEFED   __mpu_init                               
00006e09  __muldi3                                 
00006405  __muldsi3                                
000044dd  __mulsf3                                 
00004e89  __nedf2                                  
000063c9  __nesf2                                  
20207e00  __stack                                  
20200000  __start___llvm_prf_bits                  
20200000  __start___llvm_prf_cnts                  
20200000  __stop___llvm_prf_bits                   
20200000  __stop___llvm_prf_cnts                   
0000322d  __subsf3                                 
00003ef1  __udivmoddi4                             
00007949  __unordsf2                               
00006d95  _c_int00_noargs                          
UNDEFED   _system_post_cinit                       
00007ddd  _system_pre_init                         
00007db9  abort                                    
ffffffff  binit                                    
00004ef1  bluetooth_init                           
00002af5  bluetooth_process                        
000068d5  bluetooth_send_params                    
00007d3d  delay_get_ms                             
0000701d  delay_ms                                 
00006ca5  delay_tick                               
20200590  delay_times                              
00006ccd  encoder_get_left_count                   
00006cf5  encoder_get_left_speed_mm_s              
00006d1d  encoder_get_right_count                  
00006d45  encoder_get_right_speed_mm_s             
00004a95  encoder_gpio_irq_handler                 
000024d5  encoder_init                             
000028f1  encoder_pwm_angle_get_sample             
000036f1  encoder_pwm_angle_init                   
00001e75  encoder_pwm_angle_irq_handler            
00007851  encoder_pwm_angle_raw_to_relative_deg_x10
000065c9  encoder_pwm_angle_relative_is_safe       
00006e51  encoder_tick_1ms                         
20200100  gBEAM_ENCODER_PWMBackup                  
20200278  gPWMBackup                               
202001bc  gSTEPPER_PWMBackup                       
00005d1d  gray_serial_init                         
0000527f  gray_serial_read                         
00000000  interruptVectors                         
00007d49  line_track_get_large_turn_percent        
00007d55  line_track_get_small_turn_percent        
00006e75  line_track_get_status                    
00005451  line_track_init                          
00007ae1  line_track_set_base_speed                
00005341  line_track_set_turn_ratios               
00004b0d  line_track_update_with_raw_hold_on_lost  
00006965  main                                     
000029f5  motor_set_pwm                            
000065ff  oled_clear                               
00005c8d  oled_clear_line                          
000033d5  oled_init                                
000045f5  oled_print_char                          
00000a0d  oled_print_char_x2                       
00006261  oled_print_hex_u8                        
00003c5f  oled_print_int                           
000060f3  oled_print_string                        
00006131  oled_print_string_x2                     
000020a1  oled_print_time_large                    
00004d4d  oled_set_cursor                          
00003a65  pid_calculate                            
0000629d  pid_init                                 
00007bb3  pid_reset                                
000025dd  speed_pid_control_update                 
00004811  speed_pid_init                           
00007af5  speed_pid_set_speed                      
000070fd  speed_pid_set_target                     
00005cd5  speed_pid_stop                           
0000711d  stepper_clear_emergency_inhibit          
00005b1d  stepper_emergency_stop                   
00004c6d  stepper_enable                           
00007d61  stepper_get_beam_target_deg              
00007c6d  stepper_get_direction                    
00007d6d  stepper_get_frequency_hz                 
0000713d  stepper_get_position_steps               
00007d79  stepper_get_remaining_steps              
000022bd  stepper_init                             
00007c7d  stepper_is_busy                          
00007c8d  stepper_is_emergency_inhibited           
00007c9d  stepper_is_enabled                       
00007cad  stepper_is_limit_active                  
00007b1d  stepper_reset_beam_pid                   
00001d51  stepper_service                          
00003571  stepper_set_beam_pid_gains               
0000539d  stepper_set_beam_pid_target_mm           
00006ee1  stepper_set_beam_target_deg              
00003f95  stepper_set_speed_target                 
00005949  stepper_start                            
000037a9  stepper_start_continuous                 
00003631  stepper_start_dir                        
000062d9  stepper_stop                             
00004171  stepper_sync_position_from_beam_angle_x10
00004209  stepper_timer_irq_handler                
000026e5  stepper_update_beam_encoder_position_loop
00000bf5  stepper_update_beam_pid                  
00001afd  task2_run                                
000000c1  task3_run                                
00000465  task4_run                                
000052e1  uart0_send_byte                          
00004895  uart0_send_int                           
00006dbd  uart0_send_string                        
00006f29  uart_cmd_deinit                          
00001f8d  uart_cmd_get_vision_sample               
000019c9  uart_cmd_init                            
000043c1  uart_cmd_irq_handler                     
0000390d  uart_cmd_process                         
00004f59  vofa_send_six_int                        


GLOBAL SYMBOLS: SORTED BY Symbol Address 

address   name                                     
-------   ----                                     
00000000  __TI_ATRegion0_region_sz                 
00000000  __TI_ATRegion0_src_addr                  
00000000  __TI_ATRegion0_trg_addr                  
00000000  __TI_ATRegion1_region_sz                 
00000000  __TI_ATRegion1_src_addr                  
00000000  __TI_ATRegion1_trg_addr                  
00000000  __TI_ATRegion2_region_sz                 
00000000  __TI_ATRegion2_src_addr                  
00000000  __TI_ATRegion2_trg_addr                  
00000000  __TI_static_base__                       
00000000  interruptVectors                         
000000c1  task3_run                                
00000200  __STACK_SIZE                             
00000465  task4_run                                
00000a0d  oled_print_char_x2                       
00000bf5  stepper_update_beam_pid                  
00000dd5  SYSCFG_DL_GPIO_init                      
000019c7  __aeabi_idiv0                            
000019c9  uart_cmd_init                            
00001afd  task2_run                                
00001d51  stepper_service                          
00001e75  encoder_pwm_angle_irq_handler            
00001f8d  uart_cmd_get_vision_sample               
000020a1  oled_print_time_large                    
000021af  __aeabi_ldiv0                            
000022bd  stepper_init                             
000024d5  encoder_init                             
000025dd  speed_pid_control_update                 
000026e5  stepper_update_beam_encoder_position_loop
000027ed  DL_Timer_initFourCCPWMMode               
000028f1  encoder_pwm_angle_get_sample             
000029f5  motor_set_pwm                            
00002af5  bluetooth_process                        
00002ce1  SYSCFG_DL_SYSCTL_SYSPLL_init             
00002eb9  DL_Timer_initCaptureCombinedMode         
00003079  DL_SYSCTL_configSYSPLL                   
0000322d  __aeabi_fsub                             
0000322d  __subsf3                                 
00003237  __addsf3                                 
00003237  __aeabi_fadd                             
000033d5  oled_init                                
00003571  stepper_set_beam_pid_gains               
00003631  stepper_start_dir                        
000036f1  encoder_pwm_angle_init                   
000037a9  stepper_start_continuous                 
0000390d  uart_cmd_process                         
00003a65  pid_calculate                            
00003c5f  oled_print_int                           
00003ef1  __udivmoddi4                             
00003f95  stepper_set_speed_target                 
00004171  stepper_sync_position_from_beam_angle_x10
00004209  stepper_timer_irq_handler                
00004331  SYSCFG_DL_PWM_init                       
000043c1  uart_cmd_irq_handler                     
00004451  SYSCFG_DL_initPower                      
000044dd  __aeabi_fmul                             
000044dd  __mulsf3                                 
000045f5  oled_print_char                          
00004811  speed_pid_init                           
00004895  uart0_send_int                           
00004919  __aeabi_fdiv                             
00004919  __divsf3                                 
00004a19  __TI_decompress_lzss                     
00004a95  encoder_gpio_irq_handler                 
00004b0d  line_track_update_with_raw_hold_on_lost  
00004b85  __gedf2                                  
00004b85  __gtdf2                                  
00004c6d  stepper_enable                           
00004ce1  UART1_IRQHandler                         
00004d4d  oled_set_cursor                          
00004db9  SYSCFG_DL_STEPPER_PWM_init               
00004e21  SYSCFG_DL_SYSCTL_init                    
00004e89  __cmpdf2                                 
00004e89  __eqdf2                                  
00004e89  __ledf2                                  
00004e89  __ltdf2                                  
00004e89  __nedf2                                  
00004ef1  bluetooth_init                           
00004f59  vofa_send_six_int                        
000051b9  __aeabi_dcmpeq                           
000051cd  __aeabi_dcmplt                           
000051e1  __aeabi_dcmple                           
000051f5  __aeabi_dcmpge                           
00005209  __aeabi_dcmpgt                           
0000521d  __aeabi_fcmpeq                           
00005231  __aeabi_fcmplt                           
00005245  __aeabi_fcmple                           
00005259  __aeabi_fcmpge                           
0000526d  __aeabi_fcmpgt                           
0000527f  gray_serial_read                         
000052e1  uart0_send_byte                          
00005341  line_track_set_turn_ratios               
0000539d  stepper_set_beam_pid_target_mm           
00005451  line_track_init                          
00005609  __aeabi_idiv                             
00005609  __aeabi_idivmod                          
000056b5  SYSCFG_DL_UART_1_init                    
00005949  stepper_start                            
00005b1d  stepper_emergency_stop                   
00005bb5  DL_UART_init                             
00005bfd  SYSCFG_DL_init                           
00005c8d  oled_clear_line                          
00005cd5  speed_pid_stop                           
00005d1d  gray_serial_init                         
00005d65  DL_SYSCTL_switchMCLKfromSYSOSCtoHSCLK    
00005eb9  SYSCFG_DL_UART0_init                     
00005ef9  __aeabi_uidiv                            
00005ef9  __aeabi_uidivmod                         
00006039  __divmoddi4                              
000060f3  oled_print_string                        
00006131  oled_print_string_x2                     
000061e9  __aeabi_i2f                              
000061e9  __floatsisf                              
00006225  __gesf2                                  
00006225  __gtsf2                                  
00006261  oled_print_hex_u8                        
0000629d  pid_init                                 
000062d9  stepper_stop                             
0000638d  __TI_auto_init_nobinit_nopinit           
000063c9  __cmpsf2                                 
000063c9  __eqsf2                                  
000063c9  __lesf2                                  
000063c9  __ltsf2                                  
000063c9  __nesf2                                  
00006405  __muldsi3                                
00006441  __aeabi_f2iz                             
00006441  __fixsfsi                                
000065c9  encoder_pwm_angle_relative_is_safe       
000065ff  oled_clear                               
00006635  SYSCFG_DL_BEAM_ENCODER_PWM_init          
00006871  __aeabi_f2uiz                            
00006871  __fixunssfsi                             
000068a5  DL_UART_transmitDataBlocking             
000068d5  bluetooth_send_params                    
00006965  main                                     
00006c7d  __aeabi_ui2f                             
00006c7d  __floatunsisf                            
00006ca5  delay_tick                               
00006ccd  encoder_get_left_count                   
00006cf5  encoder_get_left_speed_mm_s              
00006d1d  encoder_get_right_count                  
00006d45  encoder_get_right_speed_mm_s             
00006d95  _c_int00_noargs                          
00006dbd  uart0_send_string                        
00006de5  __aeabi_ui2d                             
00006de5  __floatunsidf                            
00006e09  __aeabi_lmul                             
00006e09  __muldi3                                 
00006e51  encoder_tick_1ms                         
00006e75  line_track_get_status                    
00006ee1  stepper_set_beam_target_deg              
00006f29  uart_cmd_deinit                          
0000701d  delay_ms                                 
000070fd  speed_pid_set_target                     
0000711d  stepper_clear_emergency_inhibit          
0000713d  stepper_get_position_steps               
000071bd  __aeabi_llsl                             
000071bd  __ashldi3                                
000072a1  DL_SYSCTL_configFCC                      
00007365  DL_Timer_setCaptCompUpdateMethod         
00007381  DL_Timer_setClockConfig                  
00007445  UART0_IRQHandler                         
000076b9  DL_Timer_setCaptureCompareOutCtl         
00007851  encoder_pwm_angle_raw_to_relative_deg_x10
00007949  __aeabi_fcmpun                           
00007949  __unordsf2                               
00007aa5  __aeabi_ldivmod                          
00007ab9  __aeabi_uldivmod                         
00007ae1  line_track_set_base_speed                
00007af5  speed_pid_set_speed                      
00007b1d  stepper_reset_beam_pid                   
00007ba1  DL_UART_setClockConfig                   
00007bb3  pid_reset                                
00007bd7  TI_memcpy_small                          
00007be9  __TI_decompress_none                     
00007c2d  DL_Timer_getCaptureCompareValue          
00007c3d  DL_Timer_setCaptureCompareValue          
00007c4d  SYSCFG_DL_SYSTICK_init                   
00007c6d  stepper_get_direction                    
00007c7d  stepper_is_busy                          
00007c8d  stepper_is_emergency_inhibited           
00007c9d  stepper_is_enabled                       
00007cad  stepper_is_limit_active                  
00007ced  __TI_zero_init                           
00007cfd  TI_memset_small                          
00007d25  SysTick_Handler                          
00007d31  __aeabi_memclr                           
00007d31  __aeabi_memclr4                          
00007d31  __aeabi_memclr8                          
00007d3d  delay_get_ms                             
00007d49  line_track_get_large_turn_percent        
00007d55  line_track_get_small_turn_percent        
00007d61  stepper_get_beam_target_deg              
00007d6d  stepper_get_frequency_hz                 
00007d79  stepper_get_remaining_steps              
00007d85  DL_Common_delayCycles                    
00007d8f  GROUP1_IRQHandler                        
00007d97  TIMA0_IRQHandler                         
00007d9f  TIMA1_IRQHandler                         
00007da9  __aeabi_memcpy                           
00007da9  __aeabi_memcpy4                          
00007da9  __aeabi_memcpy8                          
00007db9  abort                                    
00007dbf  ADC0_IRQHandler                          
00007dbf  ADC1_IRQHandler                          
00007dbf  AES_IRQHandler                           
00007dbf  CANFD0_IRQHandler                        
00007dbf  DAC0_IRQHandler                          
00007dbf  DMA_IRQHandler                           
00007dbf  Default_Handler                          
00007dbf  GROUP0_IRQHandler                        
00007dbf  HardFault_Handler                        
00007dbf  I2C0_IRQHandler                          
00007dbf  I2C1_IRQHandler                          
00007dbf  NMI_Handler                              
00007dbf  PendSV_Handler                           
00007dbf  RTC_IRQHandler                           
00007dbf  SPI0_IRQHandler                          
00007dbf  SPI1_IRQHandler                          
00007dbf  SVC_Handler                              
00007dbf  TIMG0_IRQHandler                         
00007dbf  TIMG12_IRQHandler                        
00007dbf  TIMG6_IRQHandler                         
00007dbf  TIMG7_IRQHandler                         
00007dbf  TIMG8_IRQHandler                         
00007dbf  UART2_IRQHandler                         
00007dbf  UART3_IRQHandler                         
00007dc2  C$$EXIT                                  
00007dc3  HOSTexit                                 
00007dc7  Reset_Handler                            
00007ddd  _system_pre_init                         
00008228  __TI_Handler_Table_Base                  
00008234  __TI_Handler_Table_Limit                 
0000823c  __TI_CINIT_Base                          
0000824c  __TI_CINIT_Limit                         
0000824c  __TI_CINIT_Warm                          
20200000  __start___llvm_prf_bits                  
20200000  __start___llvm_prf_cnts                  
20200000  __stop___llvm_prf_bits                   
20200000  __stop___llvm_prf_cnts                   
20200100  gBEAM_ENCODER_PWMBackup                  
202001bc  gSTEPPER_PWMBackup                       
20200278  gPWMBackup                               
20200590  delay_times                              
20207e00  __stack                                  
20208000  __STACK_END                              
ffffffff  __TI_pprof_out_hndl                      
ffffffff  __TI_prof_data_size                      
ffffffff  __TI_prof_data_start                     
ffffffff  __binit__                                
ffffffff  binit                                    
UNDEFED   __mpu_init                               
UNDEFED   _system_post_cinit                       

[253 symbols]
