******************************************************************************
            TI ARM Clang Linker PC v4.0.4                      
******************************************************************************
>> Linked Tue Jul 21 21:14:55 2026

OUTPUT FILE NAME:   <C07A.out>
ENTRY POINT SYMBOL: "_c_int00_noargs"  address: 0000420d


MEMORY CONFIGURATION

         name            origin    length      used     unused   attr    fill
----------------------  --------  ---------  --------  --------  ----  --------
  FLASH                 00000000   00020000  00004c18  0001b3e8  R  X
  SRAM                  20200000   00008000  00000355  00007cab  RW X
  BCR_CONFIG            41c00000   000000ff  00000000  000000ff  R   
  BSL_CONFIG            41c00100   00000080  00000000  00000080  R   


SEGMENT ALLOCATION MAP

run origin  load origin   length   init length attrs members
----------  ----------- ---------- ----------- ----- -------
00000000    00000000    00004c18   00004c18    r-x
  00000000    00000000    000000c0   000000c0    r-- .intvecs
  000000c0    000000c0    00004940   00004940    r-x .text
  00004a00    00004a00    000001d8   000001d8    r-- .rodata
  00004bd8    00004bd8    00000040   00000040    r-- .cinit
20200000    20200000    00000155   00000000    rw-
  20200000    20200000    000000f0   00000000    rw- .bss
  202000f0    202000f0    00000065   00000000    rw- .data
20207e00    20207e00    00000200   00000000    rw-
  20207e00    20207e00    00000200   00000000    rw- .stack


SECTION ALLOCATION MAP

 output                                  attributes/
section   page    origin      length       input sections
--------  ----  ----------  ----------   ----------------
.intvecs   0    00000000    000000c0     
                  00000000    000000c0     startup_mspm0g350x_ticlang.o (.intvecs)

.text      0    000000c0    00004940     
                  000000c0    00000644     libc.a : k_rem_pio2.c.obj (.text.__kernel_rem_pio2)
                  00000704    00000560     attitude.o (.text.attitude_update_from_icm42688)
                  00000c64    000001d4     libc.a : s_cosf.c.obj (.text.cosf)
                  00000e38    000001c8            : s_atanf.c.obj (.text.atanf)
                  00001000    000001c8            : s_sinf.c.obj (.text.sinf)
                  000011c8    000001c0     icm42688.o (.text.icm42688_i2c_read_regs)
                  00001388    000001c0     empty.o (.text.main)
                  00001548    000001b0     libc.a : s_tanf.c.obj (.text.tanf)
                  000016f8    00000192     libclang_rt.builtins.a : adddf3.S.obj (.text.adddf3_subdf3)
                  0000188a    00000002                            : aeabi_div0.c.obj (.text.__aeabi_idiv0)
                  0000188c    0000018c     attitude.o (.text.attitude_calibrate_gyro)
                  00001a18    00000174     icm42688.o (.text.icm42688_init)
                  00001b8c    00000168     ti_msp_dl_config.o (.text.SYSCFG_DL_GPIO_init)
                  00001cf4    00000144     libc.a : s_floor.c.obj (.text.floor)
                  00001e38    0000012c            : s_tanf.c.obj (.text.__kernel_tandf)
                  00001f64    00000118            : e_atan2f.c.obj (.text.atan2f)
                  0000207c    0000010c     libclang_rt.builtins.a : divdf3.S.obj (.text.__divdf3)
                  00002188    00000104     driverlib.a : dl_timer.o (.text.DL_Timer_initFourCCPWMMode)
                  0000228c    000000ec     ti_msp_dl_config.o (.text.SYSCFG_DL_SYSCTL_SYSPLL_init)
                  00002378    000000e4     libclang_rt.builtins.a : muldf3.S.obj (.text.__muldf3)
                  0000245c    000000dc     driverlib.a : dl_sysctl_mspm0g1x0x_g3x0x.o (.text.DL_SYSCTL_configSYSPLL)
                  00002538    000000d8     libc.a : s_scalbn.c.obj (.text.scalbn)
                  00002610    000000d8     libclang_rt.builtins.a : addsf3.S.obj (.text)
                  000026e8    000000d4     icm42688.o (.text.icm42688_i2c_write)
                  000027bc    000000bc     vofa.o (.text.uart0_send_float)
                  00002878    000000b4     icm42688.o (.text.icm42688_read_raw)
                  0000292c    000000b4     uart_cmd.o (.text.uart_cmd_irq_handler)
                  000029e0    000000ac     libc.a : s_cosf.c.obj (.text.__kernel_sindf)
                  00002a8c    000000ac            : s_sinf.c.obj (.text.__kernel_sindf)
                  00002b38    000000a8     attitude.o (.text.attitude_init)
                  00002be0    000000a0     libc.a : e_sqrtf.c.obj (.text.sqrtf)
                  00002c80    0000009c            : s_cosf.c.obj (.text.__kernel_cosdf)
                  00002d1c    0000009c            : s_sinf.c.obj (.text.__kernel_cosdf)
                  00002db8    00000090     ti_msp_dl_config.o (.text.SYSCFG_DL_PWM_init)
                  00002e48    0000008c     libclang_rt.builtins.a : mulsf3.S.obj (.text.__mulsf3)
                  00002ed4    0000008c     vofa.o (.text.vofa_send_six_float)
                  00002f60    00000084     ti_msp_dl_config.o (.text.__NVIC_SetPriority)
                  00002fe4    00000084     vofa.o (.text.uart0_send_int)
                  00003068    00000082     libclang_rt.builtins.a : divsf3.S.obj (.text.__divsf3)
                  000030ea    00000002     --HOLE-- [fill = 0]
                  000030ec    0000007c     icm42688.o (.text.DL_I2C_startControllerTransferAdvanced)
                  00003168    0000007c     libc.a : copy_decompress_lzss.c.obj (.text:decompress:lzss)
                  000031e4    00000078     attitude.o (.text.attitude_accel_to_euler)
                  0000325c    00000074     libclang_rt.builtins.a : comparedf2.c.obj (.text.__gedf2)
                  000032d0    00000074                            : truncdfsf2.S.obj (.text.__truncdfsf2)
                  00003344    0000006c     icm42688.o (.text.icm42688_calculate_start_poll_delay)
                  000033b0    00000068     ti_msp_dl_config.o (.text.SYSCFG_DL_SYSCTL_init)
                  00003418    00000068     ti_msp_dl_config.o (.text.SYSCFG_DL_initPower)
                  00003480    00000068     libclang_rt.builtins.a : comparedf2.c.obj (.text.__ledf2)
                  000034e8    00000064     icm42688.o (.text.icm42688_wait_controller_done)
                  0000354c    00000062     libclang_rt.builtins.a : aeabi_dcmp.S.obj (.text.__aeabi_dcmp)
                  000035ae    00000002     --HOLE-- [fill = 0]
                  000035b0    00000062                            : aeabi_fcmp.S.obj (.text.__aeabi_fcmp)
                  00003612    0000005e     driverlib.a : dl_i2c.o (.text.DL_I2C_fillControllerTXFIFO)
                  00003670    00000058     ti_msp_dl_config.o (.text.SYSCFG_DL_I2C_ICM42688_init)
                  000036c8    00000058     icm42688.o (.text.icm42688_wait_bus_idle)
                  00003720    00000056     libclang_rt.builtins.a : aeabi_idivmod.S.obj (.text.__aeabi_idivmod)
                  00003776    00000002     --HOLE-- [fill = 0]
                  00003778    00000054     attitude.o (.text.attitude_wrap_180)
                  000037cc    00000054     encoder.o (.text.encoder_gpio_irq_handler)
                  00003820    00000054     encoder.o (.text.encoder_read_A_state)
                  00003874    00000054     encoder.o (.text.encoder_read_B_state)
                  000038c8    00000050     ti_msp_dl_config.o (.text.DL_GPIO_initPeripheralInputFunctionFeatures)
                  00003918    00000050     icm42688.o (.text.DL_I2C_startControllerTransfer)
                  00003968    00000050     ti_msp_dl_config.o (.text.SysTick_Config)
                  000039b8    0000004c     ti_msp_dl_config.o (.text.DL_GPIO_initDigitalInputFeatures)
                  00003a04    0000004c     ti_msp_dl_config.o (.text.DL_UART_setBaudRateDivisor)
                  00003a50    0000004a     libclang_rt.builtins.a : fixdfsi.S.obj (.text.__fixdfsi)
                  00003a9a    00000002     --HOLE-- [fill = 0]
                  00003a9c    00000048     driverlib.a : dl_uart.o (.text.DL_UART_init)
                  00003ae4    00000048     icm42688.o (.text.icm42688_get_who_am_i)
                  00003b2c    00000048     icm42688.o (.text.icm42688_read_reg)
                  00003b74    00000044     driverlib.a : dl_sysctl_mspm0g1x0x_g3x0x.o (.text.DL_SYSCTL_switchMCLKfromSYSOSCtoHSCLK)
                  00003bb8    00000044     encoder.o (.text.encoder_update_left)
                  00003bfc    00000044     encoder.o (.text.encoder_update_right)
                  00003c40    00000044     icm42688.o (.text.icm42688_write_reg)
                  00003c84    00000040     ti_msp_dl_config.o (.text.SYSCFG_DL_UART0_init)
                  00003cc4    00000040     libclang_rt.builtins.a : aeabi_uidivmod.S.obj (.text.__aeabi_uidivmod)
                  00003d04    00000040                            : extendsfdf2.S.obj (.text.__extendsfdf2)
                  00003d44    00000040     attitude.o (.text.attitude_set_zero_from_accel)
                  00003d84    0000003e     attitude.o (.text.attitude_clamp)
                  00003dc2    00000002     --HOLE-- [fill = 0]
                  00003dc4    0000003c     driverlib.a : dl_i2c.o (.text.DL_I2C_flushControllerTXFIFO)
                  00003e00    0000003c     ti_msp_dl_config.o (.text.DL_Timer_setCounterControl)
                  00003e3c    0000003c     libclang_rt.builtins.a : floatsisf.S.obj (.text.__floatsisf)
                  00003e78    0000003c                            : comparesf2.S.obj (.text.__gtsf2)
                  00003eb4    0000003c     attitude.o (.text.attitude_apply_deadband)
                  00003ef0    0000003c     libc.a : autoinit.c.obj (.text:__TI_auto_init_nobinit_nopinit)
                  00003f2c    0000003a     libclang_rt.builtins.a : comparesf2.S.obj (.text.__eqsf2)
                  00003f66    00000002     --HOLE-- [fill = 0]
                  00003f68    0000003a                            : muldsi3.S.obj (.text.__muldsi3)
                  00003fa2    00000002     --HOLE-- [fill = 0]
                  00003fa4    00000038                            : fixsfsi.S.obj (.text.__fixsfsi)
                  00003fdc    00000038     attitude.o (.text.attitude_get_euler)
                  00004014    00000030     driverlib.a : dl_i2c.o (.text.DL_I2C_flushControllerRXFIFO)
                  00004044    0000002c     ti_msp_dl_config.o (.text.SYSCFG_DL_init)
                  00004070    0000002c     libclang_rt.builtins.a : floatsidf.S.obj (.text.__floatsidf)
                  0000409c    0000002c     icm42688.o (.text.icm42688_clear_raw)
                  000040c8    0000002c     vofa.o (.text.uart0_send_byte)
                  000040f4    00000028     icm42688.o (.text.DL_Common_updateReg)
                  0000411c    00000028     ti_msp_dl_config.o (.text.DL_Common_updateReg)
                  00004144    00000028     ti_msp_dl_config.o (.text.DL_I2C_setControllerRXFIFOThreshold)
                  0000416c    00000028     ti_msp_dl_config.o (.text.DL_I2C_setControllerTXFIFOThreshold)
                  00004194    00000028     libclang_rt.builtins.a : floatunsisf.S.obj (.text.__floatunsisf)
                  000041bc    00000028     delay.o (.text.delay_tick)
                  000041e4    00000028     encoder.o (.text.encoder_get_delta)
                  0000420c    00000028     libc.a : boot_cortex_m.c.obj (.text:_c_int00_noargs)
                  00004234    00000026     ti_msp_dl_config.o (.text.DL_I2C_setAnalogGlitchFilterPulseWidth)
                  0000425a    00000026     driverlib.a : dl_i2c.o (.text.DL_I2C_setClockConfig)
                  00004280    00000026     vofa.o (.text.uart0_send_string)
                  000042a6    00000002     --HOLE-- [fill = 0]
                  000042a8    00000024     libclang_rt.builtins.a : floatunsidf.S.obj (.text.__floatunsidf)
                  000042cc    00000020     ti_msp_dl_config.o (.text.DL_GPIO_initPeripheralInputFunction)
                  000042ec    00000020     ti_msp_dl_config.o (.text.DL_SYSCTL_setFlashWaitState)
                  0000430c    00000020     delay.o (.text.delay_ms)
                  0000432c    00000020     icm42688.o (.text.icm42688_abort_transfer)
                  0000434c    0000001e     ti_msp_dl_config.o (.text.DL_UART_setOversampling)
                  0000436a    0000001e     icm42688.o (.text.icm42688_to_i16)
                  00004388    0000001c     encoder.o (.text.DL_GPIO_clearInterruptStatus)
                  000043a4    0000001c     ti_msp_dl_config.o (.text.DL_GPIO_clearInterruptStatus)
                  000043c0    0000001c     ti_msp_dl_config.o (.text.DL_GPIO_enableHiZ)
                  000043dc    0000001c     ti_msp_dl_config.o (.text.DL_GPIO_enableInterrupt)
                  000043f8    0000001c     ti_msp_dl_config.o (.text.DL_GPIO_initPeripheralOutputFunction)
                  00004414    0000001c     icm42688.o (.text.DL_I2C_isControllerRXFIFOEmpty)
                  00004430    0000001c     driverlib.a : dl_sysctl_mspm0g1x0x_g3x0x.o (.text.DL_SYSCTL_configFCC)
                  0000444c    0000001c     ti_msp_dl_config.o (.text.DL_SYSCTL_setFCCPeriods)
                  00004468    0000001c     ti_msp_dl_config.o (.text.DL_SYSCTL_setSYSOSCFreq)
                  00004484    0000001c     ti_msp_dl_config.o (.text.DL_SYSCTL_setULPCLKDivider)
                  000044a0    0000001c     driverlib.a : dl_timer.o (.text.DL_Timer_setCaptCompUpdateMethod)
                  000044bc    0000001c                 : dl_timer.o (.text.DL_Timer_setClockConfig)
                  000044d8    0000001c     icm42688.o (.text.icm42688_probe_address)
                  000044f4    0000001a     driverlib.a : dl_i2c.o (.text.DL_I2C_getClockConfig)
                  0000450e    00000002     --HOLE-- [fill = 0]
                  00004510    00000018     ti_msp_dl_config.o (.text.DL_GPIO_enableOutput)
                  00004528    00000018     ti_msp_dl_config.o (.text.DL_GPIO_enablePower)
                  00004540    00000018     encoder.o (.text.DL_GPIO_getEnabledInterruptStatus)
                  00004558    00000018     ti_msp_dl_config.o (.text.DL_GPIO_initDigitalOutput)
                  00004570    00000018     ti_msp_dl_config.o (.text.DL_GPIO_reset)
                  00004588    00000018     ti_msp_dl_config.o (.text.DL_GPIO_setPins)
                  000045a0    00000018     ti_msp_dl_config.o (.text.DL_GPIO_setUpperPinsPolarity)
                  000045b8    00000018     ti_msp_dl_config.o (.text.DL_I2C_enableAnalogGlitchFilter)
                  000045d0    00000018     ti_msp_dl_config.o (.text.DL_I2C_enableController)
                  000045e8    00000018     ti_msp_dl_config.o (.text.DL_I2C_enableControllerClockStretching)
                  00004600    00000018     ti_msp_dl_config.o (.text.DL_I2C_enablePower)
                  00004618    00000018     ti_msp_dl_config.o (.text.DL_I2C_reset)
                  00004630    00000018     ti_msp_dl_config.o (.text.DL_I2C_setTimerPeriod)
                  00004648    00000018     ti_msp_dl_config.o (.text.DL_SYSCTL_setBORThreshold)
                  00004660    00000018     ti_msp_dl_config.o (.text.DL_Timer_enablePower)
                  00004678    00000018     ti_msp_dl_config.o (.text.DL_Timer_reset)
                  00004690    00000018     driverlib.a : dl_timer.o (.text.DL_Timer_setCaptureCompareOutCtl)
                  000046a8    00000018     ti_msp_dl_config.o (.text.DL_UART_enablePower)
                  000046c0    00000018     vofa.o (.text.DL_UART_isBusy)
                  000046d8    00000018     uart_cmd.o (.text.DL_UART_isRXFIFOEmpty)
                  000046f0    00000018     ti_msp_dl_config.o (.text.DL_UART_reset)
                  00004708    00000016     encoder.o (.text.DL_GPIO_readPins)
                  0000471e    00000016     ti_msp_dl_config.o (.text.DL_UART_enable)
                  00004734    00000016     vofa.o (.text.DL_UART_transmitData)
                  0000474a    00000016     libc.a : k_rem_pio2.c.obj (.text.OUTLINED_FUNCTION_0)
                  00004760    00000010     libclang_rt.builtins.a : adddf3.S.obj (.tramp.__aeabi_dadd.1)
                  00004770    00000016     libc.a : copy_zero_init.c.obj (.text:decompress:ZI:__TI_zero_init_nomemset)
                  00004786    00000014     ti_msp_dl_config.o (.text.DL_GPIO_clearPins)
                  0000479a    00000002     --HOLE-- [fill = 0]
                  0000479c    00000014     icm42688.o (.text.DL_I2C_getControllerStatus)
                  000047b0    00000014     icm42688.o (.text.DL_I2C_receiveControllerData)
                  000047c4    00000014     icm42688.o (.text.DL_I2C_resetControllerTransfer)
                  000047d8    00000014     ti_msp_dl_config.o (.text.DL_I2C_resetControllerTransfer)
                  000047ec    00000014     ti_msp_dl_config.o (.text.DL_SYSCTL_disableSYSPLL)
                  00004800    00000014     ti_msp_dl_config.o (.text.DL_SYSCTL_enableSYSPLL)
                  00004814    00000014     ti_msp_dl_config.o (.text.DL_Timer_enableClock)
                  00004828    00000014     ti_msp_dl_config.o (.text.DL_Timer_setCCPDirection)
                  0000483c    00000014     uart_cmd.o (.text.DL_UART_receiveData)
                  00004850    00000012     uart_cmd.o (.text.DL_UART_getPendingInterrupt)
                  00004862    00000012     driverlib.a : dl_uart.o (.text.DL_UART_setClockConfig)
                  00004874    00000012     libc.a : memcpy16.S.obj (.text:TI_memcpy_small)
                  00004886    00000012            : copy_decompress_none.c.obj (.text:decompress:none)
                  00004898    00000010     ti_msp_dl_config.o (.text.DL_SYSCTL_disableHFXT)
                  000048a8    00000010     ti_msp_dl_config.o (.text.DL_SYSCTL_isFCCDone)
                  000048b8    00000010     ti_msp_dl_config.o (.text.DL_SYSCTL_startFCC)
                  000048c8    00000010     driverlib.a : dl_timer.o (.text.DL_Timer_setCaptureCompareValue)
                  000048d8    00000010     libc.a : k_rem_pio2.c.obj (.text.OUTLINED_FUNCTION_2)
                  000048e8    00000010     ti_msp_dl_config.o (.text.SYSCFG_DL_SYSTICK_init)
                  000048f8    0000000c     ti_msp_dl_config.o (.text.DL_SYSCTL_getClockStatus)
                  00004904    0000000c     ti_msp_dl_config.o (.text.DL_SYSCTL_readFCC)
                  00004910    0000000c     delay.o (.text.delay_get_ms)
                  0000491c    0000000a     driverlib.a : dl_common.o (.text.DL_Common_delayCycles)
                  00004926    0000000a     libc.a : s_tanf.c.obj (.text.OUTLINED_FUNCTION_0)
                  00004930    0000000a            : k_rem_pio2.c.obj (.text.OUTLINED_FUNCTION_1)
                  0000493a    0000000a            : s_cosf.c.obj (.text.OUTLINED_FUNCTION_3)
                  00004944    0000000a            : s_sinf.c.obj (.text.OUTLINED_FUNCTION_3)
                  0000494e    00000008     encoder.o (.text.GROUP1_IRQHandler)
                  00004956    00000008     empty.o (.text.SysTick_Handler)
                  0000495e    00000008     uart_cmd.o (.text.UART0_IRQHandler)
                  00004966    00000002     --HOLE-- [fill = 0]
                  00004968    00000008     libc.a : aeabi_portable.c.obj (.text.__aeabi_errno_addr)
                  00004970    00000008     libclang_rt.builtins.a : aeabi_memcpy.S.obj (.text.__aeabi_memcpy)
                  00004978    00000006     libc.a : s_atanf.c.obj (.text.OUTLINED_FUNCTION_0)
                  0000497e    00000002     --HOLE-- [fill = 0]
                  00004980    00000010     libclang_rt.builtins.a : divsf3.S.obj (.tramp.__aeabi_fdiv.1)
                  00004990    00000006     libc.a : s_cosf.c.obj (.text.OUTLINED_FUNCTION_0)
                  00004996    00000002     --HOLE-- [fill = 0]
                  00004998    00000010     libclang_rt.builtins.a : muldf3.S.obj (.tramp.__aeabi_dmul.1)
                  000049a8    00000006     libc.a : s_sinf.c.obj (.text.OUTLINED_FUNCTION_0)
                  000049ae    00000006            : s_cosf.c.obj (.text.OUTLINED_FUNCTION_1)
                  000049b4    00000006            : s_sinf.c.obj (.text.OUTLINED_FUNCTION_1)
                  000049ba    00000006            : exit.c.obj (.text:abort)
                  000049c0    00000004     startup_mspm0g350x_ticlang.o (.text.Default_Handler)
                  000049c4    00000004     libsysbm.a : hostexit.c.obj (.text.HOSTexit)
                  000049c8    00000004     libc.a : s_atanf.c.obj (.text.OUTLINED_FUNCTION_1)
                  000049cc    00000010     libclang_rt.builtins.a : addsf3.S.obj (.tramp.__aeabi_fadd.1)
                  000049dc    00000004     libc.a : s_tanf.c.obj (.text.OUTLINED_FUNCTION_1)
                  000049e0    00000010     libclang_rt.builtins.a : extendsfdf2.S.obj (.tramp.__aeabi_f2d.1)
                  000049f0    00000004     libc.a : s_cosf.c.obj (.text.OUTLINED_FUNCTION_2)
                  000049f4    00000004            : s_sinf.c.obj (.text.OUTLINED_FUNCTION_2)
                  000049f8    00000004     startup_mspm0g350x_ticlang.o (.text.Reset_Handler)
                  000049fc    00000004     libc.a : pre_init.c.obj (.text._system_pre_init)

.cinit     0    00004bd8    00000040     
                  00004bd8    00000016     (.cinit..data.load) [load image, compression = lzss]
                  00004bee    00000002     --HOLE-- [fill = 0]
                  00004bf0    0000000c     (__TI_handler_table)
                  00004bfc    00000008     (.cinit..bss.load) [load image, compression = zero_init]
                  00004c04    00000010     (__TI_cinit_table)
                  00004c14    00000004     --HOLE-- [fill = 0]

.rodata    0    00004a00    000001d8     
                  00004a00    00000108     libc.a : k_rem_pio2.c.obj (.rodata.ipio2)
                  00004b08    00000040            : k_rem_pio2.c.obj (.rodata.PIo2)
                  00004b48    00000028     ti_msp_dl_config.o (.rodata.gSYSPLLConfig)
                  00004b70    00000020     libc.a : s_atanf.c.obj (.rodata.cst16)
                  00004b90    00000010            : k_rem_pio2.c.obj (.rodata.cst16)
                  00004ba0    00000010     encoder.o (.rodata.encoder_get_delta.quadratureTable)
                  00004bb0    0000000a     ti_msp_dl_config.o (.rodata.gUART0Config)
                  00004bba    00000009     vofa.o (.rodata.str1.15592850640436249970.1)
                  00004bc3    00000001     --HOLE-- [fill = 0]
                  00004bc4    00000008     ti_msp_dl_config.o (.rodata.gPWMConfig)
                  00004bcc    00000003     ti_msp_dl_config.o (.rodata.gPWMClockConfig)
                  00004bcf    00000002     ti_msp_dl_config.o (.rodata.gI2C_ICM42688ClockConfig)
                  00004bd1    00000002     ti_msp_dl_config.o (.rodata.gUART0ClockConfig)
                  00004bd3    00000002     icm42688.o (.rodata.icm42688_init.addressList)
                  00004bd5    00000003     --HOLE-- [fill = 0]

.init_array 
*          0    00000000    00000000     UNINITIALIZED

.binit     0    00000000    00000000     

.bss       0    20200000    000000f0     UNINITIALIZED
                  20200000    000000a0     (.common:gPWMBackup)
                  202000a0    00000050     uart_cmd.o (.bss.g_uartCmdBuffer)

.data      0    202000f0    00000065     UNINITIALIZED
                  202000f0    00000004     libc.a : aeabi_portable.c.obj (.data.__aeabi_errno)
                  202000f4    00000004     attitude.o (.data.accCalSumX)
                  202000f8    00000004     attitude.o (.data.accCalSumY)
                  202000fc    00000004     attitude.o (.data.accCalSumZ)
                  20200100    00000004     attitude.o (.data.accFiltX)
                  20200104    00000004     attitude.o (.data.accFiltY)
                  20200108    00000004     attitude.o (.data.accFiltZ)
                  2020010c    00000004     delay.o (.data.delay_ms_ticks)
                  20200110    00000004     delay.o (.data.delay_times)
                  20200114    00000004     encoder.o (.data.g_encoderLeftCount)
                  20200118    00000004     encoder.o (.data.g_encoderRightCount)
                  2020011c    00000004     icm42688.o (.data.g_i2cStartPollDelayCycles)
                  20200120    00000004     attitude.o (.data.gyroBiasX)
                  20200124    00000004     attitude.o (.data.gyroBiasY)
                  20200128    00000004     attitude.o (.data.gyroBiasZ)
                  2020012c    00000004     attitude.o (.data.gyroCalSumX)
                  20200130    00000004     attitude.o (.data.gyroCalSumY)
                  20200134    00000004     attitude.o (.data.gyroCalSumZ)
                  20200138    00000004     attitude.o (.data.pitchDeg)
                  2020013c    00000004     attitude.o (.data.pitchZeroDeg)
                  20200140    00000004     attitude.o (.data.rollDeg)
                  20200144    00000004     attitude.o (.data.rollZeroDeg)
                  20200148    00000004     attitude.o (.data.yawDeg)
                  2020014c    00000002     attitude.o (.data.gyroCalCount)
                  2020014e    00000001     attitude.o (.data.accFilterReady)
                  2020014f    00000001     encoder.o (.data.g_encoderLeftLastState)
                  20200150    00000001     encoder.o (.data.g_encoderRightLastState)
                  20200151    00000001     icm42688.o (.data.g_icm42688Address)
                  20200152    00000001     uart_cmd.o (.data.g_uartCmdIndex)
                  20200153    00000001     uart_cmd.o (.data.g_uartCmdReady)
                  20200154    00000001     attitude.o (.data.gyroCalibrated)

.stack     0    20207e00    00000200     UNINITIALIZED
                  20207e00    00000004     libc.a : boot_cortex_m.c.obj (.stack)
                  20207e04    000001fc     --HOLE--

__llvm_prf_cnts 
*          0    20200000    00000000     UNINITIALIZED

__llvm_prf_bits 
*          0    20200000    00000000     UNINITIALIZED

MODULE SUMMARY

       Module                         code    ro data   rw data
       ------                         ----    -------   -------
    .\
       ti_msp_dl_config.o             2734    65        160    
       empty.o                        456     0         0      
       startup_mspm0g350x_ticlang.o   8       192       0      
    +--+------------------------------+-------+---------+---------+
       Total:                         3198    257       160    
                                                               
    .\Src\
       attitude.o                     2386    0         72     
       icm42688.o                     2186    2         5      
       vofa.o                         588     9         0      
       encoder.o                      510     16        10     
       uart_cmd.o                     250     0         82     
       delay.o                        84      0         8      
    +--+------------------------------+-------+---------+---------+
       Total:                         6004    27        177    
                                                               
    C:/TI/mspm0_sdk_2_10_00_04/source/ti/driverlib/lib/ticlang/m0p/mspm0g1x0x_g3x0x/driverlib.a
       dl_timer.o                     356     0         0      
       dl_sysctl_mspm0g1x0x_g3x0x.o   316     0         0      
       dl_i2c.o                       266     0         0      
       dl_uart.o                      90      0         0      
       dl_common.o                    10      0         0      
    +--+------------------------------+-------+---------+---------+
       Total:                         1038    0         0      
                                                               
    D:\ti\ccs2050\ccs\tools\compiler\ti-cgt-armllvm_4.0.4.LTS\lib\armv6m-ti-none-eabi/c/libc.a
       k_rem_pio2.c.obj               1652    344       0      
       s_cosf.c.obj                   822     0         0      
       s_sinf.c.obj                   810     0         0      
       s_tanf.c.obj                   746     0         0      
       s_atanf.c.obj                  466     32        0      
       s_floor.c.obj                  324     0         0      
       e_atan2f.c.obj                 280     0         0      
       s_scalbn.c.obj                 216     0         0      
       e_sqrtf.c.obj                  160     0         0      
       copy_decompress_lzss.c.obj     124     0         0      
       autoinit.c.obj                 60      0         0      
       boot_cortex_m.c.obj            40      0         0      
       copy_zero_init.c.obj           22      0         0      
       copy_decompress_none.c.obj     18      0         0      
       memcpy16.S.obj                 18      0         0      
       aeabi_portable.c.obj           8       0         4      
       exit.c.obj                     6       0         0      
       pre_init.c.obj                 4       0         0      
    +--+------------------------------+-------+---------+---------+
       Total:                         5776    376       4      
                                                               
    D:\ti\ccs2050\ccs\tools\compiler\ti-cgt-armllvm_4.0.4.LTS\lib\armv6m-ti-none-eabi/c/libsysbm.a
       hostexit.c.obj                 4       0         0      
    +--+------------------------------+-------+---------+---------+
       Total:                         4       0         0      
                                                               
    D:\ti\ccs2050\ccs\tools\compiler\ti-cgt-armllvm_4.0.4.LTS\lib\armv6m-ti-none-eabi/libclang_rt.builtins.a
       adddf3.S.obj                   418     0         0      
       divdf3.S.obj                   268     0         0      
       muldf3.S.obj                   244     0         0      
       addsf3.S.obj                   232     0         0      
       comparedf2.c.obj               220     0         0      
       divsf3.S.obj                   146     0         0      
       mulsf3.S.obj                   140     0         0      
       comparesf2.S.obj               118     0         0      
       truncdfsf2.S.obj               116     0         0      
       aeabi_dcmp.S.obj               98      0         0      
       aeabi_fcmp.S.obj               98      0         0      
       aeabi_idivmod.S.obj            86      0         0      
       extendsfdf2.S.obj              80      0         0      
       fixdfsi.S.obj                  74      0         0      
       aeabi_uidivmod.S.obj           64      0         0      
       floatsisf.S.obj                60      0         0      
       muldsi3.S.obj                  58      0         0      
       fixsfsi.S.obj                  56      0         0      
       floatsidf.S.obj                44      0         0      
       floatunsisf.S.obj              40      0         0      
       floatunsidf.S.obj              36      0         0      
       aeabi_memcpy.S.obj             8       0         0      
       aeabi_div0.c.obj               2       0         0      
    +--+------------------------------+-------+---------+---------+
       Total:                         2706    0         0      
                                                               
       Stack:                         0       0         512    
       Linker Generated:              0       58        0      
    +--+------------------------------+-------+---------+---------+
       Grand Total:                   18726   718       853    


LINKER GENERATED COPY TABLES

__TI_cinit_table @ 00004c04 records: 2, size/record: 8, table size: 16
	.data: load addr=00004bd8, load size=00000016 bytes, run addr=202000f0, run size=00000065 bytes, compression=lzss
	.bss: load addr=00004bfc, load size=00000008 bytes, run addr=20200000, run size=000000f0 bytes, compression=zero_init


LINKER GENERATED HANDLER TABLE

__TI_handler_table @ 00004bf0 records: 3, size/record: 4, table size: 12
	index: 0, handler: __TI_decompress_lzss
	index: 1, handler: __TI_decompress_none
	index: 2, handler: __TI_zero_init


FAR CALL TRAMPOLINES

callee name               trampoline name
   callee addr  tramp addr   call addr  call info
--------------  -----------  ---------  ----------------
__aeabi_dadd              $Tramp$TT$L$PI$$__aeabi_dadd
   00001703     00004760     0000475e   libc.a : k_rem_pio2.c.obj (.text.OUTLINED_FUNCTION_0)
                             0000492e          : s_tanf.c.obj (.text.OUTLINED_FUNCTION_0)
                             00004938          : k_rem_pio2.c.obj (.text.OUTLINED_FUNCTION_1)
                             00004942          : s_cosf.c.obj (.text.OUTLINED_FUNCTION_3)
                             0000494c          : s_sinf.c.obj (.text.OUTLINED_FUNCTION_3)
__aeabi_fdiv              $Tramp$TT$L$PI$$__aeabi_fdiv
   00003069     00004980     0000497c   libc.a : s_atanf.c.obj (.text.OUTLINED_FUNCTION_0)
__aeabi_dmul              $Tramp$TT$L$PI$$__aeabi_dmul
   00002379     00004998     00004994   libc.a : s_cosf.c.obj (.text.OUTLINED_FUNCTION_0)
                             000049ac          : s_sinf.c.obj (.text.OUTLINED_FUNCTION_0)
                             000049b2          : s_cosf.c.obj (.text.OUTLINED_FUNCTION_1)
                             000049b8          : s_sinf.c.obj (.text.OUTLINED_FUNCTION_1)
__aeabi_fadd              $Tramp$TT$L$PI$$__aeabi_fadd
   0000261b     000049cc     000049ca   libc.a : s_atanf.c.obj (.text.OUTLINED_FUNCTION_1)
__aeabi_f2d               $Tramp$TT$L$PI$$__aeabi_f2d
   00003d05     000049e0     000049de   libc.a : s_tanf.c.obj (.text.OUTLINED_FUNCTION_1)
                             000049f2          : s_cosf.c.obj (.text.OUTLINED_FUNCTION_2)
                             000049f6          : s_sinf.c.obj (.text.OUTLINED_FUNCTION_2)

[5 trampolines]
[14 trampoline calls]


GLOBAL SYMBOLS: SORTED ALPHABETICALLY BY Name 

address   name                                 
-------   ----                                 
000049c1  ADC0_IRQHandler                      
000049c1  ADC1_IRQHandler                      
000049c1  AES_IRQHandler                       
000049c4  C$$EXIT                              
000049c1  CANFD0_IRQHandler                    
000049c1  DAC0_IRQHandler                      
0000491d  DL_Common_delayCycles                
00003613  DL_I2C_fillControllerTXFIFO          
00004015  DL_I2C_flushControllerRXFIFO         
00003dc5  DL_I2C_flushControllerTXFIFO         
000044f5  DL_I2C_getClockConfig                
0000425b  DL_I2C_setClockConfig                
00004431  DL_SYSCTL_configFCC                  
0000245d  DL_SYSCTL_configSYSPLL               
00003b75  DL_SYSCTL_switchMCLKfromSYSOSCtoHSCLK
00002189  DL_Timer_initFourCCPWMMode           
000044a1  DL_Timer_setCaptCompUpdateMethod     
00004691  DL_Timer_setCaptureCompareOutCtl     
000048c9  DL_Timer_setCaptureCompareValue      
000044bd  DL_Timer_setClockConfig              
00003a9d  DL_UART_init                         
00004863  DL_UART_setClockConfig               
000049c1  DMA_IRQHandler                       
000049c1  Default_Handler                      
000049c1  GROUP0_IRQHandler                    
0000494f  GROUP1_IRQHandler                    
000049c5  HOSTexit                             
000049c1  HardFault_Handler                    
000049c1  I2C0_IRQHandler                      
000049c1  I2C1_IRQHandler                      
000049c1  NMI_Handler                          
000049c1  PendSV_Handler                       
000049c1  RTC_IRQHandler                       
000049f9  Reset_Handler                        
000049c1  SPI0_IRQHandler                      
000049c1  SPI1_IRQHandler                      
000049c1  SVC_Handler                          
00001b8d  SYSCFG_DL_GPIO_init                  
00003671  SYSCFG_DL_I2C_ICM42688_init          
00002db9  SYSCFG_DL_PWM_init                   
0000228d  SYSCFG_DL_SYSCTL_SYSPLL_init         
000033b1  SYSCFG_DL_SYSCTL_init                
000048e9  SYSCFG_DL_SYSTICK_init               
00003c85  SYSCFG_DL_UART0_init                 
00004045  SYSCFG_DL_init                       
00003419  SYSCFG_DL_initPower                  
00004957  SysTick_Handler                      
000049c1  TIMA0_IRQHandler                     
000049c1  TIMA1_IRQHandler                     
000049c1  TIMG0_IRQHandler                     
000049c1  TIMG12_IRQHandler                    
000049c1  TIMG6_IRQHandler                     
000049c1  TIMG7_IRQHandler                     
000049c1  TIMG8_IRQHandler                     
00004875  TI_memcpy_small                      
0000495f  UART0_IRQHandler                     
000049c1  UART1_IRQHandler                     
000049c1  UART2_IRQHandler                     
000049c1  UART3_IRQHandler                     
20208000  __STACK_END                          
00000200  __STACK_SIZE                         
00000000  __TI_ATRegion0_region_sz             
00000000  __TI_ATRegion0_src_addr              
00000000  __TI_ATRegion0_trg_addr              
00000000  __TI_ATRegion1_region_sz             
00000000  __TI_ATRegion1_src_addr              
00000000  __TI_ATRegion1_trg_addr              
00000000  __TI_ATRegion2_region_sz             
00000000  __TI_ATRegion2_src_addr              
00000000  __TI_ATRegion2_trg_addr              
00004c04  __TI_CINIT_Base                      
00004c14  __TI_CINIT_Limit                     
00004c14  __TI_CINIT_Warm                      
00004bf0  __TI_Handler_Table_Base              
00004bfc  __TI_Handler_Table_Limit             
00003ef1  __TI_auto_init_nobinit_nopinit       
00003169  __TI_decompress_lzss                 
00004887  __TI_decompress_none                 
ffffffff  __TI_pprof_out_hndl                  
ffffffff  __TI_prof_data_size                  
ffffffff  __TI_prof_data_start                 
00000000  __TI_static_base__                   
00004771  __TI_zero_init_nomemset              
00001703  __adddf3                             
0000261b  __addsf3                             
000032d1  __aeabi_d2f                          
00003a51  __aeabi_d2iz                         
00001703  __aeabi_dadd                         
0000354d  __aeabi_dcmpeq                       
00003589  __aeabi_dcmpge                       
0000359d  __aeabi_dcmpgt                       
00003575  __aeabi_dcmple                       
00003561  __aeabi_dcmplt                       
0000207d  __aeabi_ddiv                         
00002379  __aeabi_dmul                         
000016f9  __aeabi_dsub                         
202000f0  __aeabi_errno                        
00004969  __aeabi_errno_addr                   
00003d05  __aeabi_f2d                          
00003fa5  __aeabi_f2iz                         
0000261b  __aeabi_fadd                         
000035b1  __aeabi_fcmpeq                       
000035ed  __aeabi_fcmpge                       
00003601  __aeabi_fcmpgt                       
000035d9  __aeabi_fcmple                       
000035c5  __aeabi_fcmplt                       
00003069  __aeabi_fdiv                         
00002e49  __aeabi_fmul                         
00002611  __aeabi_fsub                         
00004071  __aeabi_i2d                          
00003e3d  __aeabi_i2f                          
00003721  __aeabi_idiv                         
0000188b  __aeabi_idiv0                        
00003721  __aeabi_idivmod                      
00004971  __aeabi_memcpy                       
00004971  __aeabi_memcpy4                      
00004971  __aeabi_memcpy8                      
000042a9  __aeabi_ui2d                         
00004195  __aeabi_ui2f                         
00003cc5  __aeabi_uidiv                        
00003cc5  __aeabi_uidivmod                     
ffffffff  __binit__                            
00003481  __cmpdf2                             
00003f2d  __cmpsf2                             
0000207d  __divdf3                             
00003069  __divsf3                             
00003481  __eqdf2                              
00003f2d  __eqsf2                              
00003d05  __extendsfdf2                        
00003a51  __fixdfsi                            
00003fa5  __fixsfsi                            
00004071  __floatsidf                          
00003e3d  __floatsisf                          
000042a9  __floatunsidf                        
00004195  __floatunsisf                        
0000325d  __gedf2                              
00003e79  __gesf2                              
0000325d  __gtdf2                              
00003e79  __gtsf2                              
000000c1  __kernel_rem_pio2                    
00003481  __ledf2                              
00003f2d  __lesf2                              
00003481  __ltdf2                              
00003f2d  __ltsf2                              
UNDEFED   __mpu_init                           
00002379  __muldf3                             
00003f69  __muldsi3                            
00002e49  __mulsf3                             
00003481  __nedf2                              
00003f2d  __nesf2                              
20207e00  __stack                              
20200000  __start___llvm_prf_bits              
20200000  __start___llvm_prf_cnts              
20200000  __stop___llvm_prf_bits               
20200000  __stop___llvm_prf_cnts               
000016f9  __subdf3                             
00002611  __subsf3                             
000032d1  __truncdfsf2                         
0000420d  _c_int00_noargs                      
UNDEFED   _system_post_cinit                   
000049fd  _system_pre_init                     
000049bb  abort                                
00001f65  atan2f                               
00000e39  atanf                                
0000188d  attitude_calibrate_gyro              
00003fdd  attitude_get_euler                   
00002b39  attitude_init                        
00000705  attitude_update_from_icm42688        
ffffffff  binit                                
00000c65  cosf                                 
00004911  delay_get_ms                         
0000430d  delay_ms                             
000041bd  delay_tick                           
20200110  delay_times                          
000037cd  encoder_gpio_irq_handler             
00001cf5  floor                                
00001cf5  floorl                               
20200000  gPWMBackup                           
00003ae5  icm42688_get_who_am_i                
00001a19  icm42688_init                        
00002879  icm42688_read_raw                    
00000000  interruptVectors                     
00002539  ldexp                                
00002539  ldexpl                               
00001389  main                                 
00002539  scalbn                               
00002539  scalbnl                              
00001001  sinf                                 
00002be1  sqrtf                                
00001549  tanf                                 
000040c9  uart0_send_byte                      
000027bd  uart0_send_float                     
00002fe5  uart0_send_int                       
00004281  uart0_send_string                    
0000292d  uart_cmd_irq_handler                 
00002ed5  vofa_send_six_float                  


GLOBAL SYMBOLS: SORTED BY Symbol Address 

address   name                                 
-------   ----                                 
00000000  __TI_ATRegion0_region_sz             
00000000  __TI_ATRegion0_src_addr              
00000000  __TI_ATRegion0_trg_addr              
00000000  __TI_ATRegion1_region_sz             
00000000  __TI_ATRegion1_src_addr              
00000000  __TI_ATRegion1_trg_addr              
00000000  __TI_ATRegion2_region_sz             
00000000  __TI_ATRegion2_src_addr              
00000000  __TI_ATRegion2_trg_addr              
00000000  __TI_static_base__                   
00000000  interruptVectors                     
000000c1  __kernel_rem_pio2                    
00000200  __STACK_SIZE                         
00000705  attitude_update_from_icm42688        
00000c65  cosf                                 
00000e39  atanf                                
00001001  sinf                                 
00001389  main                                 
00001549  tanf                                 
000016f9  __aeabi_dsub                         
000016f9  __subdf3                             
00001703  __adddf3                             
00001703  __aeabi_dadd                         
0000188b  __aeabi_idiv0                        
0000188d  attitude_calibrate_gyro              
00001a19  icm42688_init                        
00001b8d  SYSCFG_DL_GPIO_init                  
00001cf5  floor                                
00001cf5  floorl                               
00001f65  atan2f                               
0000207d  __aeabi_ddiv                         
0000207d  __divdf3                             
00002189  DL_Timer_initFourCCPWMMode           
0000228d  SYSCFG_DL_SYSCTL_SYSPLL_init         
00002379  __aeabi_dmul                         
00002379  __muldf3                             
0000245d  DL_SYSCTL_configSYSPLL               
00002539  ldexp                                
00002539  ldexpl                               
00002539  scalbn                               
00002539  scalbnl                              
00002611  __aeabi_fsub                         
00002611  __subsf3                             
0000261b  __addsf3                             
0000261b  __aeabi_fadd                         
000027bd  uart0_send_float                     
00002879  icm42688_read_raw                    
0000292d  uart_cmd_irq_handler                 
00002b39  attitude_init                        
00002be1  sqrtf                                
00002db9  SYSCFG_DL_PWM_init                   
00002e49  __aeabi_fmul                         
00002e49  __mulsf3                             
00002ed5  vofa_send_six_float                  
00002fe5  uart0_send_int                       
00003069  __aeabi_fdiv                         
00003069  __divsf3                             
00003169  __TI_decompress_lzss                 
0000325d  __gedf2                              
0000325d  __gtdf2                              
000032d1  __aeabi_d2f                          
000032d1  __truncdfsf2                         
000033b1  SYSCFG_DL_SYSCTL_init                
00003419  SYSCFG_DL_initPower                  
00003481  __cmpdf2                             
00003481  __eqdf2                              
00003481  __ledf2                              
00003481  __ltdf2                              
00003481  __nedf2                              
0000354d  __aeabi_dcmpeq                       
00003561  __aeabi_dcmplt                       
00003575  __aeabi_dcmple                       
00003589  __aeabi_dcmpge                       
0000359d  __aeabi_dcmpgt                       
000035b1  __aeabi_fcmpeq                       
000035c5  __aeabi_fcmplt                       
000035d9  __aeabi_fcmple                       
000035ed  __aeabi_fcmpge                       
00003601  __aeabi_fcmpgt                       
00003613  DL_I2C_fillControllerTXFIFO          
00003671  SYSCFG_DL_I2C_ICM42688_init          
00003721  __aeabi_idiv                         
00003721  __aeabi_idivmod                      
000037cd  encoder_gpio_irq_handler             
00003a51  __aeabi_d2iz                         
00003a51  __fixdfsi                            
00003a9d  DL_UART_init                         
00003ae5  icm42688_get_who_am_i                
00003b75  DL_SYSCTL_switchMCLKfromSYSOSCtoHSCLK
00003c85  SYSCFG_DL_UART0_init                 
00003cc5  __aeabi_uidiv                        
00003cc5  __aeabi_uidivmod                     
00003d05  __aeabi_f2d                          
00003d05  __extendsfdf2                        
00003dc5  DL_I2C_flushControllerTXFIFO         
00003e3d  __aeabi_i2f                          
00003e3d  __floatsisf                          
00003e79  __gesf2                              
00003e79  __gtsf2                              
00003ef1  __TI_auto_init_nobinit_nopinit       
00003f2d  __cmpsf2                             
00003f2d  __eqsf2                              
00003f2d  __lesf2                              
00003f2d  __ltsf2                              
00003f2d  __nesf2                              
00003f69  __muldsi3                            
00003fa5  __aeabi_f2iz                         
00003fa5  __fixsfsi                            
00003fdd  attitude_get_euler                   
00004015  DL_I2C_flushControllerRXFIFO         
00004045  SYSCFG_DL_init                       
00004071  __aeabi_i2d                          
00004071  __floatsidf                          
000040c9  uart0_send_byte                      
00004195  __aeabi_ui2f                         
00004195  __floatunsisf                        
000041bd  delay_tick                           
0000420d  _c_int00_noargs                      
0000425b  DL_I2C_setClockConfig                
00004281  uart0_send_string                    
000042a9  __aeabi_ui2d                         
000042a9  __floatunsidf                        
0000430d  delay_ms                             
00004431  DL_SYSCTL_configFCC                  
000044a1  DL_Timer_setCaptCompUpdateMethod     
000044bd  DL_Timer_setClockConfig              
000044f5  DL_I2C_getClockConfig                
00004691  DL_Timer_setCaptureCompareOutCtl     
00004771  __TI_zero_init_nomemset              
00004863  DL_UART_setClockConfig               
00004875  TI_memcpy_small                      
00004887  __TI_decompress_none                 
000048c9  DL_Timer_setCaptureCompareValue      
000048e9  SYSCFG_DL_SYSTICK_init               
00004911  delay_get_ms                         
0000491d  DL_Common_delayCycles                
0000494f  GROUP1_IRQHandler                    
00004957  SysTick_Handler                      
0000495f  UART0_IRQHandler                     
00004969  __aeabi_errno_addr                   
00004971  __aeabi_memcpy                       
00004971  __aeabi_memcpy4                      
00004971  __aeabi_memcpy8                      
000049bb  abort                                
000049c1  ADC0_IRQHandler                      
000049c1  ADC1_IRQHandler                      
000049c1  AES_IRQHandler                       
000049c1  CANFD0_IRQHandler                    
000049c1  DAC0_IRQHandler                      
000049c1  DMA_IRQHandler                       
000049c1  Default_Handler                      
000049c1  GROUP0_IRQHandler                    
000049c1  HardFault_Handler                    
000049c1  I2C0_IRQHandler                      
000049c1  I2C1_IRQHandler                      
000049c1  NMI_Handler                          
000049c1  PendSV_Handler                       
000049c1  RTC_IRQHandler                       
000049c1  SPI0_IRQHandler                      
000049c1  SPI1_IRQHandler                      
000049c1  SVC_Handler                          
000049c1  TIMA0_IRQHandler                     
000049c1  TIMA1_IRQHandler                     
000049c1  TIMG0_IRQHandler                     
000049c1  TIMG12_IRQHandler                    
000049c1  TIMG6_IRQHandler                     
000049c1  TIMG7_IRQHandler                     
000049c1  TIMG8_IRQHandler                     
000049c1  UART1_IRQHandler                     
000049c1  UART2_IRQHandler                     
000049c1  UART3_IRQHandler                     
000049c4  C$$EXIT                              
000049c5  HOSTexit                             
000049f9  Reset_Handler                        
000049fd  _system_pre_init                     
00004bf0  __TI_Handler_Table_Base              
00004bfc  __TI_Handler_Table_Limit             
00004c04  __TI_CINIT_Base                      
00004c14  __TI_CINIT_Limit                     
00004c14  __TI_CINIT_Warm                      
20200000  __start___llvm_prf_bits              
20200000  __start___llvm_prf_cnts              
20200000  __stop___llvm_prf_bits               
20200000  __stop___llvm_prf_cnts               
20200000  gPWMBackup                           
202000f0  __aeabi_errno                        
20200110  delay_times                          
20207e00  __stack                              
20208000  __STACK_END                          
ffffffff  __TI_pprof_out_hndl                  
ffffffff  __TI_prof_data_size                  
ffffffff  __TI_prof_data_start                 
ffffffff  __binit__                            
ffffffff  binit                                
UNDEFED   __mpu_init                           
UNDEFED   _system_post_cinit                   

[196 symbols]
