******************************************************************************
            TI ARM Clang Linker PC v4.0.4                      
******************************************************************************
>> Linked Sun Jul 26 17:35:18 2026

OUTPUT FILE NAME:   <C07A.out>
ENTRY POINT SYMBOL: "_c_int00_noargs"  address: 0000490d


MEMORY CONFIGURATION

         name            origin    length      used     unused   attr    fill
----------------------  --------  ---------  --------  --------  ----  --------
  FLASH                 00000000   00020000  00005498  0001ab68  R  X
  SRAM                  20200000   00008000  000003f8  00007c08  RW X
  BCR_CONFIG            41c00000   000000ff  00000000  000000ff  R   
  BSL_CONFIG            41c00100   00000080  00000000  00000080  R   


SEGMENT ALLOCATION MAP

run origin  load origin   length   init length attrs members
----------  ----------- ---------- ----------- ----- -------
00000000    00000000    00005498   00005498    r-x
  00000000    00000000    000000c0   000000c0    r-- .intvecs
  000000c0    000000c0    000051d0   000051d0    r-x .text
  00005290    00005290    000001d0   000001d0    r-- .rodata
  00005460    00005460    00000038   00000038    r-- .cinit
20200000    20200000    000001f8   00000000    rw-
  20200000    20200000    00000170   00000000    rw- .bss
  20200170    20200170    00000088   00000000    rw- .data
20207e00    20207e00    00000200   00000000    rw-
  20207e00    20207e00    00000200   00000000    rw- .stack


SECTION ALLOCATION MAP

 output                                  attributes/
section   page    origin      length       input sections
--------  ----  ----------  ----------   ----------------
.intvecs   0    00000000    000000c0     
                  00000000    000000c0     startup_mspm0g350x_ticlang.o (.intvecs)

.text      0    000000c0    000051d0     
                  000000c0    00000644     libc.a : k_rem_pio2.c.obj (.text.__kernel_rem_pio2)
                  00000704    0000063c     attitude.o (.text.attitude_update_from_icm42688)
                  00000d40    0000024c     mpu6050.o (.text.mpu6050_i2c_read_regs)
                  00000f8c    00000244     empty.o (.text.main)
                  000011d0    00000220     attitude.o (.text.attitude_calibrate_gyro_step)
                  000013f0    000001e0     mpu6050.o (.text.mpu6050_init)
                  000015d0    000001d4     libc.a : s_cosf.c.obj (.text.cosf)
                  000017a4    000001c8            : s_atanf.c.obj (.text.atanf)
                  0000196c    000001c8            : s_sinf.c.obj (.text.sinf)
                  00001b34    000001b0            : s_tanf.c.obj (.text.tanf)
                  00001ce4    00000194     ti_msp_dl_config.o (.text.SYSCFG_DL_GPIO_init)
                  00001e78    00000192     libclang_rt.builtins.a : adddf3.S.obj (.text.adddf3_subdf3)
                  0000200a    00000002                            : aeabi_div0.c.obj (.text.__aeabi_idiv0)
                  0000200c    00000144     libc.a : s_floor.c.obj (.text.floor)
                  00002150    0000012c            : s_tanf.c.obj (.text.__kernel_tandf)
                  0000227c    00000118            : e_atan2f.c.obj (.text.atan2f)
                  00002394    0000010c     libclang_rt.builtins.a : divdf3.S.obj (.text.__divdf3)
                  000024a0    00000104     driverlib.a : dl_timer.o (.text.DL_Timer_initFourCCPWMMode)
                  000025a4    000000ec     ti_msp_dl_config.o (.text.SYSCFG_DL_SYSCTL_SYSPLL_init)
                  00002690    000000e8     mpu6050.o (.text.mpu6050_i2c_write)
                  00002778    000000e4     libclang_rt.builtins.a : muldf3.S.obj (.text.__muldf3)
                  0000285c    000000dc     driverlib.a : dl_sysctl_mspm0g1x0x_g3x0x.o (.text.DL_SYSCTL_configSYSPLL)
                  00002938    000000d8     mpu6050.o (.text.mpu6050_recover_i2c_bus)
                  00002a10    000000d8     libc.a : s_scalbn.c.obj (.text.scalbn)
                  00002ae8    000000d8     libclang_rt.builtins.a : addsf3.S.obj (.text)
                  00002bc0    000000c8     mpu6050.o (.text.mpu6050_read_raw)
                  00002c88    000000bc     vofa.o (.text.uart0_send_float)
                  00002d44    000000b4     uart_cmd.o (.text.uart_cmd_irq_handler)
                  00002df8    000000ac     libc.a : s_cosf.c.obj (.text.__kernel_sindf)
                  00002ea4    000000ac            : s_sinf.c.obj (.text.__kernel_sindf)
                  00002f50    000000a0            : e_sqrtf.c.obj (.text.sqrtf)
                  00002ff0    0000009c            : s_cosf.c.obj (.text.__kernel_cosdf)
                  0000308c    0000009c            : s_sinf.c.obj (.text.__kernel_cosdf)
                  00003128    00000090     ti_msp_dl_config.o (.text.SYSCFG_DL_PWM_init)
                  000031b8    0000008c     libclang_rt.builtins.a : mulsf3.S.obj (.text.__mulsf3)
                  00003244    0000008c     vofa.o (.text.vofa_send_six_float)
                  000032d0    00000088     attitude.o (.text.attitude_init)
                  00003358    00000088     empty.o (.text.mpu6050_to_attitude_raw)
                  000033e0    00000088     mpu6050.o (.text.mpu6050_try_read_who)
                  00003468    00000088     mpu6050.o (.text.mpu6050_wait_bus_released)
                  000034f0    00000084     ti_msp_dl_config.o (.text.__NVIC_SetPriority)
                  00003574    00000084     vofa.o (.text.uart0_send_int)
                  000035f8    00000082     libclang_rt.builtins.a : divsf3.S.obj (.text.__divsf3)
                  0000367a    00000002     --HOLE-- [fill = 0]
                  0000367c    0000007c     ti_msp_dl_config.o (.text.SYSCFG_DL_initPower)
                  000036f8    0000007c     libc.a : copy_decompress_lzss.c.obj (.text:decompress:lzss)
                  00003774    00000078     attitude.o (.text.attitude_accel_to_euler)
                  000037ec    00000078     encoder.o (.text.encoder_gpio_irq_handler)
                  00003864    00000074     libclang_rt.builtins.a : comparedf2.c.obj (.text.__gedf2)
                  000038d8    00000008     encoder.o (.text.GROUP1_IRQHandler)
                  000038e0    00000074     libclang_rt.builtins.a : truncdfsf2.S.obj (.text.__truncdfsf2)
                  00003954    00000074     mpu6050.o (.text.mpu6050_wait_controller_done)
                  000039c8    00000070     mpu6050.o (.text.mpu6050_get_diag)
                  00003a38    0000006c     bluetooth.o (.text.UART1_IRQHandler)
                  00003aa4    00000068     ti_msp_dl_config.o (.text.SYSCFG_DL_SYSCTL_init)
                  00003b0c    00000068     libclang_rt.builtins.a : comparedf2.c.obj (.text.__ledf2)
                  00003b74    00000062                            : aeabi_dcmp.S.obj (.text.__aeabi_dcmp)
                  00003bd6    00000002     --HOLE-- [fill = 0]
                  00003bd8    00000062                            : aeabi_fcmp.S.obj (.text.__aeabi_fcmp)
                  00003c3a    00000002     --HOLE-- [fill = 0]
                  00003c3c    00000060     vofa.o (.text.uart0_send_byte)
                  00003c9c    0000005e     driverlib.a : dl_i2c.o (.text.DL_I2C_fillControllerTXFIFO)
                  00003cfa    00000002     --HOLE-- [fill = 0]
                  00003cfc    00000058     ti_msp_dl_config.o (.text.SYSCFG_DL_I2C_ICM42688_init)
                  00003d54    00000056     libclang_rt.builtins.a : aeabi_idivmod.S.obj (.text.__aeabi_idivmod)
                  00003daa    00000002     --HOLE-- [fill = 0]
                  00003dac    00000054     ti_msp_dl_config.o (.text.SYSCFG_DL_UART_1_init)
                  00003e00    00000054     attitude.o (.text.attitude_wrap_180)
                  00003e54    00000050     mpu6050.o (.text.DL_GPIO_initPeripheralInputFunctionFeatures)
                  00003ea4    00000050     ti_msp_dl_config.o (.text.DL_GPIO_initPeripheralInputFunctionFeatures)
                  00003ef4    00000050     mpu6050.o (.text.DL_I2C_startControllerTransfer)
                  00003f44    00000050     ti_msp_dl_config.o (.text.SysTick_Config)
                  00003f94    00000050     mpu6050.o (.text.mpu6050_prepare_transfer)
                  00003fe4    0000004e     libclang_rt.builtins.a : floatdisf.S.obj (.text.__floatdisf)
                  00004032    00000002     --HOLE-- [fill = 0]
                  00004034    0000004c     mpu6050.o (.text.DL_GPIO_initDigitalInputFeatures)
                  00004080    0000004c     ti_msp_dl_config.o (.text.DL_GPIO_initDigitalInputFeatures)
                  000040cc    0000004c     ti_msp_dl_config.o (.text.DL_UART_setBaudRateDivisor)
                  00004118    0000004a     libclang_rt.builtins.a : fixdfsi.S.obj (.text.__fixdfsi)
                  00004162    00000002     --HOLE-- [fill = 0]
                  00004164    00000048     driverlib.a : dl_uart.o (.text.DL_UART_init)
                  000041ac    00000048     attitude.o (.text.attitude_reset_calibration_accumulator)
                  000041f4    00000048     attitude.o (.text.attitude_set_zero_from_accel)
                  0000423c    00000048     mpu6050.o (.text.mpu6050_read_reg)
                  00004284    00000044     driverlib.a : dl_sysctl_mspm0g1x0x_g3x0x.o (.text.DL_SYSCTL_switchMCLKfromSYSOSCtoHSCLK)
                  000042c8    00000044     mpu6050.o (.text.mpu6050_get_who_am_i)
                  0000430c    00000044     mpu6050.o (.text.mpu6050_write_reg)
                  00004350    00000040     ti_msp_dl_config.o (.text.SYSCFG_DL_UART0_init)
                  00004390    00000040     libclang_rt.builtins.a : aeabi_uidivmod.S.obj (.text.__aeabi_uidivmod)
                  000043d0    00000040                            : extendsfdf2.S.obj (.text.__extendsfdf2)
                  00004410    0000003e     attitude.o (.text.attitude_clamp)
                  0000444e    00000002     --HOLE-- [fill = 0]
                  00004450    0000003c     driverlib.a : dl_i2c.o (.text.DL_I2C_flushControllerTXFIFO)
                  0000448c    0000003c     ti_msp_dl_config.o (.text.DL_Timer_setCounterControl)
                  000044c8    0000003c     libclang_rt.builtins.a : floatsisf.S.obj (.text.__floatsisf)
                  00004504    0000003c                            : comparesf2.S.obj (.text.__gtsf2)
                  00004540    0000003c     attitude.o (.text.attitude_apply_deadband)
                  0000457c    0000003c     libc.a : autoinit.c.obj (.text:__TI_auto_init_nobinit_nopinit)
                  000045b8    0000003a     libclang_rt.builtins.a : comparesf2.S.obj (.text.__eqsf2)
                  000045f2    00000002     --HOLE-- [fill = 0]
                  000045f4    0000003a                            : muldsi3.S.obj (.text.__muldsi3)
                  0000462e    00000002     --HOLE-- [fill = 0]
                  00004630    00000038                            : fixsfsi.S.obj (.text.__fixsfsi)
                  00004668    00000038     attitude.o (.text.attitude_get_euler)
                  000046a0    00000038     encoder.o (.text.encoder_update_left)
                  000046d8    00000038     encoder.o (.text.encoder_update_right)
                  00004710    00000030     driverlib.a : dl_i2c.o (.text.DL_I2C_flushControllerRXFIFO)
                  00004740    00000030     ti_msp_dl_config.o (.text.SYSCFG_DL_init)
                  00004770    0000002c     libclang_rt.builtins.a : floatsidf.S.obj (.text.__floatsidf)
                  0000479c    0000002c     attitude.o (.text.attitude_raw_is_valid)
                  000047c8    0000002c     mpu6050.o (.text.mpu6050_clear_raw)
                  000047f4    00000028     mpu6050.o (.text.DL_Common_updateReg)
                  0000481c    00000028     ti_msp_dl_config.o (.text.DL_Common_updateReg)
                  00004844    00000028     ti_msp_dl_config.o (.text.DL_I2C_setControllerRXFIFOThreshold)
                  0000486c    00000028     ti_msp_dl_config.o (.text.DL_I2C_setControllerTXFIFOThreshold)
                  00004894    00000028     libclang_rt.builtins.a : floatunsisf.S.obj (.text.__floatunsisf)
                  000048bc    00000028     delay.o (.text.delay_tick)
                  000048e4    00000028     mpu6050.o (.text.mpu6050_set_error)
                  0000490c    00000028     libc.a : boot_cortex_m.c.obj (.text:_c_int00_noargs)
                  00004934    00000026     ti_msp_dl_config.o (.text.DL_I2C_setAnalogGlitchFilterPulseWidth)
                  0000495a    00000026     driverlib.a : dl_i2c.o (.text.DL_I2C_setClockConfig)
                  00004980    00000026     vofa.o (.text.uart0_send_string)
                  000049a6    00000002     --HOLE-- [fill = 0]
                  000049a8    00000024     libclang_rt.builtins.a : floatunsidf.S.obj (.text.__floatunsidf)
                  000049cc    00000020     ti_msp_dl_config.o (.text.DL_GPIO_initPeripheralInputFunction)
                  000049ec    00000020     ti_msp_dl_config.o (.text.DL_SYSCTL_setFlashWaitState)
                  00004a0c    00000020     delay.o (.text.delay_ms)
                  00004a2c    00000020     encoder.o (.text.encoder_left_b_is_high)
                  00004a4c    00000020     encoder.o (.text.encoder_right_b_is_high)
                  00004a6c    00000020     mpu6050.o (.text.mpu6050_abort_transfer)
                  00004a8c    0000001e     ti_msp_dl_config.o (.text.DL_UART_setOversampling)
                  00004aaa    0000001e     mpu6050.o (.text.mpu6050_to_i16)
                  00004ac8    0000001c     encoder.o (.text.DL_GPIO_clearInterruptStatus)
                  00004ae4    0000001c     ti_msp_dl_config.o (.text.DL_GPIO_clearInterruptStatus)
                  00004b00    0000001c     mpu6050.o (.text.DL_GPIO_enableHiZ)
                  00004b1c    0000001c     ti_msp_dl_config.o (.text.DL_GPIO_enableHiZ)
                  00004b38    0000001c     ti_msp_dl_config.o (.text.DL_GPIO_enableInterrupt)
                  00004b54    0000001c     ti_msp_dl_config.o (.text.DL_GPIO_initPeripheralOutputFunction)
                  00004b70    0000001c     mpu6050.o (.text.DL_I2C_getSDAStatus)
                  00004b8c    0000001c     mpu6050.o (.text.DL_I2C_isControllerRXFIFOEmpty)
                  00004ba8    0000001c     driverlib.a : dl_sysctl_mspm0g1x0x_g3x0x.o (.text.DL_SYSCTL_configFCC)
                  00004bc4    0000001c     ti_msp_dl_config.o (.text.DL_SYSCTL_setFCCPeriods)
                  00004be0    0000001c     ti_msp_dl_config.o (.text.DL_SYSCTL_setSYSOSCFreq)
                  00004bfc    0000001c     ti_msp_dl_config.o (.text.DL_SYSCTL_setULPCLKDivider)
                  00004c18    0000001c     driverlib.a : dl_timer.o (.text.DL_Timer_setCaptCompUpdateMethod)
                  00004c34    0000001c                 : dl_timer.o (.text.DL_Timer_setClockConfig)
                  00004c50    0000001c     ti_msp_dl_config.o (.text.DL_UART_enableInterrupt)
                  00004c6c    00000018     mpu6050.o (.text.DL_GPIO_enableOutput)
                  00004c84    00000018     ti_msp_dl_config.o (.text.DL_GPIO_enableOutput)
                  00004c9c    00000018     ti_msp_dl_config.o (.text.DL_GPIO_enablePower)
                  00004cb4    00000018     encoder.o (.text.DL_GPIO_getEnabledInterruptStatus)
                  00004ccc    00000018     mpu6050.o (.text.DL_GPIO_initDigitalOutput)
                  00004ce4    00000018     ti_msp_dl_config.o (.text.DL_GPIO_initDigitalOutput)
                  00004cfc    00000018     ti_msp_dl_config.o (.text.DL_GPIO_reset)
                  00004d14    00000018     mpu6050.o (.text.DL_GPIO_setPins)
                  00004d2c    00000018     ti_msp_dl_config.o (.text.DL_GPIO_setPins)
                  00004d44    00000018     ti_msp_dl_config.o (.text.DL_GPIO_setUpperPinsPolarity)
                  00004d5c    00000018     mpu6050.o (.text.DL_I2C_clearInterruptStatus)
                  00004d74    00000018     ti_msp_dl_config.o (.text.DL_I2C_enableAnalogGlitchFilter)
                  00004d8c    00000018     ti_msp_dl_config.o (.text.DL_I2C_enableController)
                  00004da4    00000018     ti_msp_dl_config.o (.text.DL_I2C_enableControllerClockStretching)
                  00004dbc    00000018     mpu6050.o (.text.DL_I2C_enablePower)
                  00004dd4    00000018     ti_msp_dl_config.o (.text.DL_I2C_enablePower)
                  00004dec    00000018     mpu6050.o (.text.DL_I2C_reset)
                  00004e04    00000018     ti_msp_dl_config.o (.text.DL_I2C_reset)
                  00004e1c    00000018     ti_msp_dl_config.o (.text.DL_I2C_setTimerPeriod)
                  00004e34    00000018     ti_msp_dl_config.o (.text.DL_SYSCTL_setBORThreshold)
                  00004e4c    00000018     ti_msp_dl_config.o (.text.DL_Timer_enablePower)
                  00004e64    00000018     ti_msp_dl_config.o (.text.DL_Timer_reset)
                  00004e7c    00000018     driverlib.a : dl_timer.o (.text.DL_Timer_setCaptureCompareOutCtl)
                  00004e94    00000018     ti_msp_dl_config.o (.text.DL_UART_enablePower)
                  00004eac    00000018     bluetooth.o (.text.DL_UART_isRXFIFOEmpty)
                  00004ec4    00000018     uart_cmd.o (.text.DL_UART_isRXFIFOEmpty)
                  00004edc    00000018     vofa.o (.text.DL_UART_isTXFIFOFull)
                  00004ef4    00000018     ti_msp_dl_config.o (.text.DL_UART_reset)
                  00004f0c    00000016     encoder.o (.text.DL_GPIO_readPins)
                  00004f22    00000016     mpu6050.o (.text.DL_GPIO_readPins)
                  00004f38    00000016     mpu6050.o (.text.DL_I2C_transmitControllerData)
                  00004f4e    00000016     ti_msp_dl_config.o (.text.DL_UART_enable)
                  00004f64    00000016     vofa.o (.text.DL_UART_transmitData)
                  00004f7a    00000016     libc.a : k_rem_pio2.c.obj (.text.OUTLINED_FUNCTION_0)
                  00004f90    00000010     libclang_rt.builtins.a : adddf3.S.obj (.tramp.__aeabi_dadd.1)
                  00004fa0    00000016     libc.a : copy_zero_init.c.obj (.text:decompress:ZI:__TI_zero_init_nomemset)
                  00004fb6    00000014     mpu6050.o (.text.DL_GPIO_clearPins)
                  00004fca    00000014     ti_msp_dl_config.o (.text.DL_GPIO_clearPins)
                  00004fde    00000002     --HOLE-- [fill = 0]
                  00004fe0    00000014     mpu6050.o (.text.DL_I2C_getControllerStatus)
                  00004ff4    00000014     mpu6050.o (.text.DL_I2C_receiveControllerData)
                  00005008    00000014     mpu6050.o (.text.DL_I2C_resetControllerTransfer)
                  0000501c    00000014     ti_msp_dl_config.o (.text.DL_I2C_resetControllerTransfer)
                  00005030    00000014     ti_msp_dl_config.o (.text.DL_SYSCTL_disableSYSPLL)
                  00005044    00000014     ti_msp_dl_config.o (.text.DL_SYSCTL_enableSYSPLL)
                  00005058    00000014     ti_msp_dl_config.o (.text.DL_Timer_enableClock)
                  0000506c    00000014     ti_msp_dl_config.o (.text.DL_Timer_setCCPDirection)
                  00005080    00000014     bluetooth.o (.text.DL_UART_receiveData)
                  00005094    00000014     uart_cmd.o (.text.DL_UART_receiveData)
                  000050a8    00000012     bluetooth.o (.text.DL_UART_getPendingInterrupt)
                  000050ba    00000012     uart_cmd.o (.text.DL_UART_getPendingInterrupt)
                  000050cc    00000012     driverlib.a : dl_uart.o (.text.DL_UART_setClockConfig)
                  000050de    00000012     libc.a : memcpy16.S.obj (.text:TI_memcpy_small)
                  000050f0    00000012            : copy_decompress_none.c.obj (.text:decompress:none)
                  00005102    00000002     --HOLE-- [fill = 0]
                  00005104    00000010     ti_msp_dl_config.o (.text.DL_SYSCTL_disableHFXT)
                  00005114    00000010     ti_msp_dl_config.o (.text.DL_SYSCTL_isFCCDone)
                  00005124    00000010     ti_msp_dl_config.o (.text.DL_SYSCTL_startFCC)
                  00005134    00000010     driverlib.a : dl_timer.o (.text.DL_Timer_setCaptureCompareValue)
                  00005144    00000010     libc.a : k_rem_pio2.c.obj (.text.OUTLINED_FUNCTION_2)
                  00005154    00000010     ti_msp_dl_config.o (.text.SYSCFG_DL_SYSTICK_init)
                  00005164    00000010     attitude.o (.text.attitude_is_gyro_calibrated)
                  00005174    0000000c     ti_msp_dl_config.o (.text.DL_SYSCTL_getClockStatus)
                  00005180    0000000c     ti_msp_dl_config.o (.text.DL_SYSCTL_readFCC)
                  0000518c    0000000c     attitude.o (.text.attitude_get_gyro_z_dps)
                  00005198    0000000c     delay.o (.text.delay_get_ms)
                  000051a4    0000000a     driverlib.a : dl_common.o (.text.DL_Common_delayCycles)
                  000051ae    0000000a     libc.a : s_tanf.c.obj (.text.OUTLINED_FUNCTION_0)
                  000051b8    0000000a            : k_rem_pio2.c.obj (.text.OUTLINED_FUNCTION_1)
                  000051c2    0000000a            : s_cosf.c.obj (.text.OUTLINED_FUNCTION_3)
                  000051cc    0000000a            : s_sinf.c.obj (.text.OUTLINED_FUNCTION_3)
                  000051d6    00000008     empty.o (.text.SysTick_Handler)
                  000051de    00000008     uart_cmd.o (.text.UART0_IRQHandler)
                  000051e6    00000002     --HOLE-- [fill = 0]
                  000051e8    00000008     libc.a : aeabi_portable.c.obj (.text.__aeabi_errno_addr)
                  000051f0    00000008     libclang_rt.builtins.a : aeabi_memcpy.S.obj (.text.__aeabi_memcpy)
                  000051f8    00000006     libc.a : s_atanf.c.obj (.text.OUTLINED_FUNCTION_0)
                  000051fe    00000002     --HOLE-- [fill = 0]
                  00005200    00000010     libclang_rt.builtins.a : divsf3.S.obj (.tramp.__aeabi_fdiv.1)
                  00005210    00000006     libc.a : s_cosf.c.obj (.text.OUTLINED_FUNCTION_0)
                  00005216    00000002     --HOLE-- [fill = 0]
                  00005218    00000010     libclang_rt.builtins.a : muldf3.S.obj (.tramp.__aeabi_dmul.1)
                  00005228    00000006     libc.a : s_sinf.c.obj (.text.OUTLINED_FUNCTION_0)
                  0000522e    00000006            : s_cosf.c.obj (.text.OUTLINED_FUNCTION_1)
                  00005234    00000006            : s_sinf.c.obj (.text.OUTLINED_FUNCTION_1)
                  0000523a    00000006            : exit.c.obj (.text:abort)
                  00005240    00000004     startup_mspm0g350x_ticlang.o (.text.Default_Handler)
                  00005244    00000004     libsysbm.a : hostexit.c.obj (.text.HOSTexit)
                  00005248    00000004     libc.a : s_atanf.c.obj (.text.OUTLINED_FUNCTION_1)
                  0000524c    00000010     libclang_rt.builtins.a : addsf3.S.obj (.tramp.__aeabi_fadd.1)
                  0000525c    00000004     libc.a : s_tanf.c.obj (.text.OUTLINED_FUNCTION_1)
                  00005260    00000010     libclang_rt.builtins.a : extendsfdf2.S.obj (.tramp.__aeabi_f2d.1)
                  00005270    00000004     libc.a : s_cosf.c.obj (.text.OUTLINED_FUNCTION_2)
                  00005274    00000004            : s_sinf.c.obj (.text.OUTLINED_FUNCTION_2)
                  00005278    00000004     startup_mspm0g350x_ticlang.o (.text.Reset_Handler)
                  0000527c    00000010     libc.a : boot_cortex_m.c.obj (.tramp._c_int00_noargs.1)
                  0000528c    00000004            : pre_init.c.obj (.text._system_pre_init)

.cinit     0    00005460    00000038     
                  00005460    00000011     (.cinit..data.load) [load image, compression = lzss]
                  00005471    00000003     --HOLE-- [fill = 0]
                  00005474    0000000c     (__TI_handler_table)
                  00005480    00000008     (.cinit..bss.load) [load image, compression = zero_init]
                  00005488    00000010     (__TI_cinit_table)

.rodata    0    00005290    000001d0     
                  00005290    00000108     libc.a : k_rem_pio2.c.obj (.rodata.ipio2)
                  00005398    00000040            : k_rem_pio2.c.obj (.rodata.PIo2)
                  000053d8    00000028     ti_msp_dl_config.o (.rodata.gSYSPLLConfig)
                  00005400    00000020     libc.a : s_atanf.c.obj (.rodata.cst16)
                  00005420    00000010            : k_rem_pio2.c.obj (.rodata.cst16)
                  00005430    0000000a     ti_msp_dl_config.o (.rodata.gUART0Config)
                  0000543a    0000000a     ti_msp_dl_config.o (.rodata.gUART_1Config)
                  00005444    00000009     vofa.o (.rodata.str1.15592850640436249970.1)
                  0000544d    00000003     ti_msp_dl_config.o (.rodata.gPWMClockConfig)
                  00005450    00000008     ti_msp_dl_config.o (.rodata.gPWMConfig)
                  00005458    00000002     ti_msp_dl_config.o (.rodata.gI2C_ICM42688ClockConfig)
                  0000545a    00000002     ti_msp_dl_config.o (.rodata.gUART0ClockConfig)
                  0000545c    00000002     ti_msp_dl_config.o (.rodata.gUART_1ClockConfig)
                  0000545e    00000002     mpu6050.o (.rodata.mpu6050_init.addressList)

.init_array 
*          0    00000000    00000000     UNINITIALIZED

.binit     0    00000000    00000000     

.bss       0    20200000    00000170     UNINITIALIZED
                  20200000    000000a0     (.common:gPWMBackup)
                  202000a0    00000080     bluetooth.o (.bss.g_rxBuffer)
                  20200120    00000050     uart_cmd.o (.bss.g_uartCmdBuffer)

.data      0    20200170    00000088     UNINITIALIZED
                  20200170    00000008     attitude.o (.data.g_accCalSumX)
                  20200178    00000008     attitude.o (.data.g_accCalSumY)
                  20200180    00000008     attitude.o (.data.g_accCalSumZ)
                  20200188    00000008     attitude.o (.data.g_gyroCalSumX)
                  20200190    00000008     attitude.o (.data.g_gyroCalSumY)
                  20200198    00000008     attitude.o (.data.g_gyroCalSumZ)
                  202001a0    00000004     libc.a : aeabi_portable.c.obj (.data.__aeabi_errno)
                  202001a4    00000004     delay.o (.data.delay_ms_ticks)
                  202001a8    00000004     delay.o (.data.delay_times)
                  202001ac    00000004     attitude.o (.data.g_accFiltX)
                  202001b0    00000004     attitude.o (.data.g_accFiltY)
                  202001b4    00000004     attitude.o (.data.g_accFiltZ)
                  202001b8    00000004     encoder.o (.data.g_encoderLeftCount)
                  202001bc    00000004     encoder.o (.data.g_encoderRightCount)
                  202001c0    00000004     attitude.o (.data.g_gyroBiasX)
                  202001c4    00000004     attitude.o (.data.g_gyroBiasY)
                  202001c8    00000004     attitude.o (.data.g_gyroBiasZ)
                  202001cc    00000004     attitude.o (.data.g_gyroCalCount)
                  202001d0    00000004     attitude.o (.data.g_gyroZDps)
                  202001d4    00000004     mpu6050.o (.data.g_mpu6050LastStatus)
                  202001d8    00000004     attitude.o (.data.g_pitchDeg)
                  202001dc    00000004     attitude.o (.data.g_pitchZeroDeg)
                  202001e0    00000004     attitude.o (.data.g_rollDeg)
                  202001e4    00000004     attitude.o (.data.g_rollZeroDeg)
                  202001e8    00000004     attitude.o (.data.g_yawDeg)
                  202001ec    00000001     attitude.o (.data.g_accFilterReady)
                  202001ed    00000001     attitude.o (.data.g_gyroCalibrated)
                  202001ee    00000001     mpu6050.o (.data.g_mpu6050Address)
                  202001ef    00000001     mpu6050.o (.data.g_mpu6050Initialized)
                  202001f0    00000001     mpu6050.o (.data.g_mpu6050LastAddress)
                  202001f1    00000001     mpu6050.o (.data.g_mpu6050LastError)
                  202001f2    00000001     mpu6050.o (.data.g_mpu6050LastWhoAmI)
                  202001f3    00000001     mpu6050.o (.data.g_mpu6050LastWhoReadOk)
                  202001f4    00000001     bluetooth.o (.data.g_rxHead)
                  202001f5    00000001     bluetooth.o (.data.g_rxTail)
                  202001f6    00000001     uart_cmd.o (.data.g_uartCmdIndex)
                  202001f7    00000001     uart_cmd.o (.data.g_uartCmdReady)

.stack     0    20207e00    00000200     UNINITIALIZED
                  20207e00    00000004     libc.a : boot_cortex_m.c.obj (.stack)
                  20207e04    000001fc     --HOLE--

__llvm_prf_cnts 
*          0    20200000    00000000     UNINITIALIZED

__llvm_prf_bits 
*          0    20200000    00000000     UNINITIALIZED

MODULE SUMMARY

       Module                         code    ro data   rw data
       ------                         ----    -------   -------
    .\
       ti_msp_dl_config.o             2914    77        160    
       empty.o                        724     0         0      
       startup_mspm0g350x_ticlang.o   8       192       0      
    +--+------------------------------+-------+---------+---------+
       Total:                         3646    269       160    
                                                               
    .\Src\
       mpu6050.o                      3278    2         10     
       attitude.o                     2874    0         102    
       vofa.o                         640     9         0      
       encoder.o                      378     0         8      
       uart_cmd.o                     250     0         82     
       bluetooth.o                    170     0         130    
       delay.o                        84      0         8      
    +--+------------------------------+-------+---------+---------+
       Total:                         7674    11        340    
                                                               
    C:/TI/mspm0_sdk_2_10_00_04/source/ti/driverlib/lib/ticlang/m0p/mspm0g1x0x_g3x0x/driverlib.a
       dl_timer.o                     356     0         0      
       dl_sysctl_mspm0g1x0x_g3x0x.o   316     0         0      
       dl_i2c.o                       240     0         0      
       dl_uart.o                      90      0         0      
       dl_common.o                    10      0         0      
    +--+------------------------------+-------+---------+---------+
       Total:                         1012    0         0      
                                                               
    D:\ti\ccs2050\ccs\tools\compiler\ti-cgt-armllvm_4.0.4.LTS\lib\armv6m-ti-none-eabi/c/libc.a
       k_rem_pio2.c.obj               1652    344       0      
       s_cosf.c.obj                   822     0         0      
       s_sinf.c.obj                   810     0         0      
       s_tanf.c.obj                   746     0         0      
       s_atanf.c.obj                  466     32        0      
       s_floor.c.obj                  324     0         0      
       e_atan2f.c.obj                 280     0         0      
       s_scalbn.c.obj                 216     0         0      
       e_sqrtf.c.obj                  160     0         0      
       copy_decompress_lzss.c.obj     124     0         0      
       autoinit.c.obj                 60      0         0      
       boot_cortex_m.c.obj            56      0         0      
       copy_zero_init.c.obj           22      0         0      
       copy_decompress_none.c.obj     18      0         0      
       memcpy16.S.obj                 18      0         0      
       aeabi_portable.c.obj           8       0         4      
       exit.c.obj                     6       0         0      
       pre_init.c.obj                 4       0         0      
    +--+------------------------------+-------+---------+---------+
       Total:                         5792    376       4      
                                                               
    D:\ti\ccs2050\ccs\tools\compiler\ti-cgt-armllvm_4.0.4.LTS\lib\armv6m-ti-none-eabi/c/libsysbm.a
       hostexit.c.obj                 4       0         0      
    +--+------------------------------+-------+---------+---------+
       Total:                         4       0         0      
                                                               
    D:\ti\ccs2050\ccs\tools\compiler\ti-cgt-armllvm_4.0.4.LTS\lib\armv6m-ti-none-eabi/libclang_rt.builtins.a
       adddf3.S.obj                   418     0         0      
       divdf3.S.obj                   268     0         0      
       muldf3.S.obj                   244     0         0      
       addsf3.S.obj                   232     0         0      
       comparedf2.c.obj               220     0         0      
       divsf3.S.obj                   146     0         0      
       mulsf3.S.obj                   140     0         0      
       comparesf2.S.obj               118     0         0      
       truncdfsf2.S.obj               116     0         0      
       aeabi_dcmp.S.obj               98      0         0      
       aeabi_fcmp.S.obj               98      0         0      
       aeabi_idivmod.S.obj            86      0         0      
       extendsfdf2.S.obj              80      0         0      
       floatdisf.S.obj                78      0         0      
       fixdfsi.S.obj                  74      0         0      
       aeabi_uidivmod.S.obj           64      0         0      
       floatsisf.S.obj                60      0         0      
       muldsi3.S.obj                  58      0         0      
       fixsfsi.S.obj                  56      0         0      
       floatsidf.S.obj                44      0         0      
       floatunsisf.S.obj              40      0         0      
       floatunsidf.S.obj              36      0         0      
       aeabi_memcpy.S.obj             8       0         0      
       aeabi_div0.c.obj               2       0         0      
    +--+------------------------------+-------+---------+---------+
       Total:                         2784    0         0      
                                                               
       Stack:                         0       0         512    
       Linker Generated:              0       53        0      
    +--+------------------------------+-------+---------+---------+
       Grand Total:                   20912   709       1016   


LINKER GENERATED COPY TABLES

__TI_cinit_table @ 00005488 records: 2, size/record: 8, table size: 16
	.data: load addr=00005460, load size=00000011 bytes, run addr=20200170, run size=00000088 bytes, compression=lzss
	.bss: load addr=00005480, load size=00000008 bytes, run addr=20200000, run size=00000170 bytes, compression=zero_init


LINKER GENERATED HANDLER TABLE

__TI_handler_table @ 00005474 records: 3, size/record: 4, table size: 12
	index: 0, handler: __TI_decompress_lzss
	index: 1, handler: __TI_decompress_none
	index: 2, handler: __TI_zero_init


FAR CALL TRAMPOLINES

callee name               trampoline name
   callee addr  tramp addr   call addr  call info
--------------  -----------  ---------  ----------------
__aeabi_dadd              $Tramp$TT$L$PI$$__aeabi_dadd
   00001e83     00004f90     00004f8e   libc.a : k_rem_pio2.c.obj (.text.OUTLINED_FUNCTION_0)
                             000051b6          : s_tanf.c.obj (.text.OUTLINED_FUNCTION_0)
                             000051c0          : k_rem_pio2.c.obj (.text.OUTLINED_FUNCTION_1)
                             000051ca          : s_cosf.c.obj (.text.OUTLINED_FUNCTION_3)
                             000051d4          : s_sinf.c.obj (.text.OUTLINED_FUNCTION_3)
__aeabi_fdiv              $Tramp$TT$L$PI$$__aeabi_fdiv
   000035f9     00005200     000051fc   libc.a : s_atanf.c.obj (.text.OUTLINED_FUNCTION_0)
__aeabi_dmul              $Tramp$TT$L$PI$$__aeabi_dmul
   00002779     00005218     00005214   libc.a : s_cosf.c.obj (.text.OUTLINED_FUNCTION_0)
                             0000522c          : s_sinf.c.obj (.text.OUTLINED_FUNCTION_0)
                             00005232          : s_cosf.c.obj (.text.OUTLINED_FUNCTION_1)
                             00005238          : s_sinf.c.obj (.text.OUTLINED_FUNCTION_1)
__aeabi_fadd              $Tramp$TT$L$PI$$__aeabi_fadd
   00002af3     0000524c     0000524a   libc.a : s_atanf.c.obj (.text.OUTLINED_FUNCTION_1)
__aeabi_f2d               $Tramp$TT$L$PI$$__aeabi_f2d
   000043d1     00005260     0000525e   libc.a : s_tanf.c.obj (.text.OUTLINED_FUNCTION_1)
                             00005272          : s_cosf.c.obj (.text.OUTLINED_FUNCTION_2)
                             00005276          : s_sinf.c.obj (.text.OUTLINED_FUNCTION_2)
_c_int00_noargs           $Tramp$TT$L$PI$$_c_int00_noargs
   0000490d     0000527c     00005278   startup_mspm0g350x_ticlang.o (.text.Reset_Handler)

[6 trampolines]
[15 trampoline calls]


GLOBAL SYMBOLS: SORTED ALPHABETICALLY BY Name 

address   name                                 
-------   ----                                 
00005241  ADC0_IRQHandler                      
00005241  ADC1_IRQHandler                      
00005241  AES_IRQHandler                       
00005244  C$$EXIT                              
00005241  CANFD0_IRQHandler                    
00005241  DAC0_IRQHandler                      
000051a5  DL_Common_delayCycles                
00003c9d  DL_I2C_fillControllerTXFIFO          
00004711  DL_I2C_flushControllerRXFIFO         
00004451  DL_I2C_flushControllerTXFIFO         
0000495b  DL_I2C_setClockConfig                
00004ba9  DL_SYSCTL_configFCC                  
0000285d  DL_SYSCTL_configSYSPLL               
00004285  DL_SYSCTL_switchMCLKfromSYSOSCtoHSCLK
000024a1  DL_Timer_initFourCCPWMMode           
00004c19  DL_Timer_setCaptCompUpdateMethod     
00004e7d  DL_Timer_setCaptureCompareOutCtl     
00005135  DL_Timer_setCaptureCompareValue      
00004c35  DL_Timer_setClockConfig              
00004165  DL_UART_init                         
000050cd  DL_UART_setClockConfig               
00005241  DMA_IRQHandler                       
00005241  Default_Handler                      
00005241  GROUP0_IRQHandler                    
000038d9  GROUP1_IRQHandler                    
00005245  HOSTexit                             
00005241  HardFault_Handler                    
00005241  I2C0_IRQHandler                      
00005241  I2C1_IRQHandler                      
00005241  NMI_Handler                          
00005241  PendSV_Handler                       
00005241  RTC_IRQHandler                       
00005279  Reset_Handler                        
00005241  SPI0_IRQHandler                      
00005241  SPI1_IRQHandler                      
00005241  SVC_Handler                          
00001ce5  SYSCFG_DL_GPIO_init                  
00003cfd  SYSCFG_DL_I2C_ICM42688_init          
00003129  SYSCFG_DL_PWM_init                   
000025a5  SYSCFG_DL_SYSCTL_SYSPLL_init         
00003aa5  SYSCFG_DL_SYSCTL_init                
00005155  SYSCFG_DL_SYSTICK_init               
00004351  SYSCFG_DL_UART0_init                 
00003dad  SYSCFG_DL_UART_1_init                
00004741  SYSCFG_DL_init                       
0000367d  SYSCFG_DL_initPower                  
000051d7  SysTick_Handler                      
00005241  TIMA0_IRQHandler                     
00005241  TIMA1_IRQHandler                     
00005241  TIMG0_IRQHandler                     
00005241  TIMG12_IRQHandler                    
00005241  TIMG6_IRQHandler                     
00005241  TIMG7_IRQHandler                     
00005241  TIMG8_IRQHandler                     
000050df  TI_memcpy_small                      
000051df  UART0_IRQHandler                     
00003a39  UART1_IRQHandler                     
00005241  UART2_IRQHandler                     
00005241  UART3_IRQHandler                     
20208000  __STACK_END                          
00000200  __STACK_SIZE                         
00000000  __TI_ATRegion0_region_sz             
00000000  __TI_ATRegion0_src_addr              
00000000  __TI_ATRegion0_trg_addr              
00000000  __TI_ATRegion1_region_sz             
00000000  __TI_ATRegion1_src_addr              
00000000  __TI_ATRegion1_trg_addr              
00000000  __TI_ATRegion2_region_sz             
00000000  __TI_ATRegion2_src_addr              
00000000  __TI_ATRegion2_trg_addr              
00005488  __TI_CINIT_Base                      
00005498  __TI_CINIT_Limit                     
00005498  __TI_CINIT_Warm                      
00005474  __TI_Handler_Table_Base              
00005480  __TI_Handler_Table_Limit             
0000457d  __TI_auto_init_nobinit_nopinit       
000036f9  __TI_decompress_lzss                 
000050f1  __TI_decompress_none                 
ffffffff  __TI_pprof_out_hndl                  
ffffffff  __TI_prof_data_size                  
ffffffff  __TI_prof_data_start                 
00000000  __TI_static_base__                   
00004fa1  __TI_zero_init_nomemset              
00001e83  __adddf3                             
00002af3  __addsf3                             
000038e1  __aeabi_d2f                          
00004119  __aeabi_d2iz                         
00001e83  __aeabi_dadd                         
00003b75  __aeabi_dcmpeq                       
00003bb1  __aeabi_dcmpge                       
00003bc5  __aeabi_dcmpgt                       
00003b9d  __aeabi_dcmple                       
00003b89  __aeabi_dcmplt                       
00002395  __aeabi_ddiv                         
00002779  __aeabi_dmul                         
00001e79  __aeabi_dsub                         
202001a0  __aeabi_errno                        
000051e9  __aeabi_errno_addr                   
000043d1  __aeabi_f2d                          
00004631  __aeabi_f2iz                         
00002af3  __aeabi_fadd                         
00003bd9  __aeabi_fcmpeq                       
00003c15  __aeabi_fcmpge                       
00003c29  __aeabi_fcmpgt                       
00003c01  __aeabi_fcmple                       
00003bed  __aeabi_fcmplt                       
000035f9  __aeabi_fdiv                         
000031b9  __aeabi_fmul                         
00002ae9  __aeabi_fsub                         
00004771  __aeabi_i2d                          
000044c9  __aeabi_i2f                          
00003d55  __aeabi_idiv                         
0000200b  __aeabi_idiv0                        
00003d55  __aeabi_idivmod                      
00003fe5  __aeabi_l2f                          
000051f1  __aeabi_memcpy                       
000051f1  __aeabi_memcpy4                      
000051f1  __aeabi_memcpy8                      
000049a9  __aeabi_ui2d                         
00004895  __aeabi_ui2f                         
00004391  __aeabi_uidiv                        
00004391  __aeabi_uidivmod                     
ffffffff  __binit__                            
00003b0d  __cmpdf2                             
000045b9  __cmpsf2                             
00002395  __divdf3                             
000035f9  __divsf3                             
00003b0d  __eqdf2                              
000045b9  __eqsf2                              
000043d1  __extendsfdf2                        
00004119  __fixdfsi                            
00004631  __fixsfsi                            
00003fe5  __floatdisf                          
00004771  __floatsidf                          
000044c9  __floatsisf                          
000049a9  __floatunsidf                        
00004895  __floatunsisf                        
00003865  __gedf2                              
00004505  __gesf2                              
00003865  __gtdf2                              
00004505  __gtsf2                              
000000c1  __kernel_rem_pio2                    
00003b0d  __ledf2                              
000045b9  __lesf2                              
00003b0d  __ltdf2                              
000045b9  __ltsf2                              
UNDEFED   __mpu_init                           
00002779  __muldf3                             
000045f5  __muldsi3                            
000031b9  __mulsf3                             
00003b0d  __nedf2                              
000045b9  __nesf2                              
20207e00  __stack                              
20200000  __start___llvm_prf_bits              
20200000  __start___llvm_prf_cnts              
20200000  __stop___llvm_prf_bits               
20200000  __stop___llvm_prf_cnts               
00001e79  __subdf3                             
00002ae9  __subsf3                             
000038e1  __truncdfsf2                         
0000490d  _c_int00_noargs                      
UNDEFED   _system_post_cinit                   
0000528d  _system_pre_init                     
0000523b  abort                                
0000227d  atan2f                               
000017a5  atanf                                
000011d1  attitude_calibrate_gyro_step         
00004669  attitude_get_euler                   
0000518d  attitude_get_gyro_z_dps              
000032d1  attitude_init                        
00005165  attitude_is_gyro_calibrated          
00000705  attitude_update_from_icm42688        
ffffffff  binit                                
000015d1  cosf                                 
00005199  delay_get_ms                         
00004a0d  delay_ms                             
000048bd  delay_tick                           
202001a8  delay_times                          
000037ed  encoder_gpio_irq_handler             
0000200d  floor                                
0000200d  floorl                               
20200000  gPWMBackup                           
00000000  interruptVectors                     
00002a11  ldexp                                
00002a11  ldexpl                               
00000f8d  main                                 
000039c9  mpu6050_get_diag                     
000042c9  mpu6050_get_who_am_i                 
000013f1  mpu6050_init                         
00002bc1  mpu6050_read_raw                     
00002939  mpu6050_recover_i2c_bus              
00002a11  scalbn                               
00002a11  scalbnl                              
0000196d  sinf                                 
00002f51  sqrtf                                
00001b35  tanf                                 
00003c3d  uart0_send_byte                      
00002c89  uart0_send_float                     
00003575  uart0_send_int                       
00004981  uart0_send_string                    
00002d45  uart_cmd_irq_handler                 
00003245  vofa_send_six_float                  


GLOBAL SYMBOLS: SORTED BY Symbol Address 

address   name                                 
-------   ----                                 
00000000  __TI_ATRegion0_region_sz             
00000000  __TI_ATRegion0_src_addr              
00000000  __TI_ATRegion0_trg_addr              
00000000  __TI_ATRegion1_region_sz             
00000000  __TI_ATRegion1_src_addr              
00000000  __TI_ATRegion1_trg_addr              
00000000  __TI_ATRegion2_region_sz             
00000000  __TI_ATRegion2_src_addr              
00000000  __TI_ATRegion2_trg_addr              
00000000  __TI_static_base__                   
00000000  interruptVectors                     
000000c1  __kernel_rem_pio2                    
00000200  __STACK_SIZE                         
00000705  attitude_update_from_icm42688        
00000f8d  main                                 
000011d1  attitude_calibrate_gyro_step         
000013f1  mpu6050_init                         
000015d1  cosf                                 
000017a5  atanf                                
0000196d  sinf                                 
00001b35  tanf                                 
00001ce5  SYSCFG_DL_GPIO_init                  
00001e79  __aeabi_dsub                         
00001e79  __subdf3                             
00001e83  __adddf3                             
00001e83  __aeabi_dadd                         
0000200b  __aeabi_idiv0                        
0000200d  floor                                
0000200d  floorl                               
0000227d  atan2f                               
00002395  __aeabi_ddiv                         
00002395  __divdf3                             
000024a1  DL_Timer_initFourCCPWMMode           
000025a5  SYSCFG_DL_SYSCTL_SYSPLL_init         
00002779  __aeabi_dmul                         
00002779  __muldf3                             
0000285d  DL_SYSCTL_configSYSPLL               
00002939  mpu6050_recover_i2c_bus              
00002a11  ldexp                                
00002a11  ldexpl                               
00002a11  scalbn                               
00002a11  scalbnl                              
00002ae9  __aeabi_fsub                         
00002ae9  __subsf3                             
00002af3  __addsf3                             
00002af3  __aeabi_fadd                         
00002bc1  mpu6050_read_raw                     
00002c89  uart0_send_float                     
00002d45  uart_cmd_irq_handler                 
00002f51  sqrtf                                
00003129  SYSCFG_DL_PWM_init                   
000031b9  __aeabi_fmul                         
000031b9  __mulsf3                             
00003245  vofa_send_six_float                  
000032d1  attitude_init                        
00003575  uart0_send_int                       
000035f9  __aeabi_fdiv                         
000035f9  __divsf3                             
0000367d  SYSCFG_DL_initPower                  
000036f9  __TI_decompress_lzss                 
000037ed  encoder_gpio_irq_handler             
00003865  __gedf2                              
00003865  __gtdf2                              
000038d9  GROUP1_IRQHandler                    
000038e1  __aeabi_d2f                          
000038e1  __truncdfsf2                         
000039c9  mpu6050_get_diag                     
00003a39  UART1_IRQHandler                     
00003aa5  SYSCFG_DL_SYSCTL_init                
00003b0d  __cmpdf2                             
00003b0d  __eqdf2                              
00003b0d  __ledf2                              
00003b0d  __ltdf2                              
00003b0d  __nedf2                              
00003b75  __aeabi_dcmpeq                       
00003b89  __aeabi_dcmplt                       
00003b9d  __aeabi_dcmple                       
00003bb1  __aeabi_dcmpge                       
00003bc5  __aeabi_dcmpgt                       
00003bd9  __aeabi_fcmpeq                       
00003bed  __aeabi_fcmplt                       
00003c01  __aeabi_fcmple                       
00003c15  __aeabi_fcmpge                       
00003c29  __aeabi_fcmpgt                       
00003c3d  uart0_send_byte                      
00003c9d  DL_I2C_fillControllerTXFIFO          
00003cfd  SYSCFG_DL_I2C_ICM42688_init          
00003d55  __aeabi_idiv                         
00003d55  __aeabi_idivmod                      
00003dad  SYSCFG_DL_UART_1_init                
00003fe5  __aeabi_l2f                          
00003fe5  __floatdisf                          
00004119  __aeabi_d2iz                         
00004119  __fixdfsi                            
00004165  DL_UART_init                         
00004285  DL_SYSCTL_switchMCLKfromSYSOSCtoHSCLK
000042c9  mpu6050_get_who_am_i                 
00004351  SYSCFG_DL_UART0_init                 
00004391  __aeabi_uidiv                        
00004391  __aeabi_uidivmod                     
000043d1  __aeabi_f2d                          
000043d1  __extendsfdf2                        
00004451  DL_I2C_flushControllerTXFIFO         
000044c9  __aeabi_i2f                          
000044c9  __floatsisf                          
00004505  __gesf2                              
00004505  __gtsf2                              
0000457d  __TI_auto_init_nobinit_nopinit       
000045b9  __cmpsf2                             
000045b9  __eqsf2                              
000045b9  __lesf2                              
000045b9  __ltsf2                              
000045b9  __nesf2                              
000045f5  __muldsi3                            
00004631  __aeabi_f2iz                         
00004631  __fixsfsi                            
00004669  attitude_get_euler                   
00004711  DL_I2C_flushControllerRXFIFO         
00004741  SYSCFG_DL_init                       
00004771  __aeabi_i2d                          
00004771  __floatsidf                          
00004895  __aeabi_ui2f                         
00004895  __floatunsisf                        
000048bd  delay_tick                           
0000490d  _c_int00_noargs                      
0000495b  DL_I2C_setClockConfig                
00004981  uart0_send_string                    
000049a9  __aeabi_ui2d                         
000049a9  __floatunsidf                        
00004a0d  delay_ms                             
00004ba9  DL_SYSCTL_configFCC                  
00004c19  DL_Timer_setCaptCompUpdateMethod     
00004c35  DL_Timer_setClockConfig              
00004e7d  DL_Timer_setCaptureCompareOutCtl     
00004fa1  __TI_zero_init_nomemset              
000050cd  DL_UART_setClockConfig               
000050df  TI_memcpy_small                      
000050f1  __TI_decompress_none                 
00005135  DL_Timer_setCaptureCompareValue      
00005155  SYSCFG_DL_SYSTICK_init               
00005165  attitude_is_gyro_calibrated          
0000518d  attitude_get_gyro_z_dps              
00005199  delay_get_ms                         
000051a5  DL_Common_delayCycles                
000051d7  SysTick_Handler                      
000051df  UART0_IRQHandler                     
000051e9  __aeabi_errno_addr                   
000051f1  __aeabi_memcpy                       
000051f1  __aeabi_memcpy4                      
000051f1  __aeabi_memcpy8                      
0000523b  abort                                
00005241  ADC0_IRQHandler                      
00005241  ADC1_IRQHandler                      
00005241  AES_IRQHandler                       
00005241  CANFD0_IRQHandler                    
00005241  DAC0_IRQHandler                      
00005241  DMA_IRQHandler                       
00005241  Default_Handler                      
00005241  GROUP0_IRQHandler                    
00005241  HardFault_Handler                    
00005241  I2C0_IRQHandler                      
00005241  I2C1_IRQHandler                      
00005241  NMI_Handler                          
00005241  PendSV_Handler                       
00005241  RTC_IRQHandler                       
00005241  SPI0_IRQHandler                      
00005241  SPI1_IRQHandler                      
00005241  SVC_Handler                          
00005241  TIMA0_IRQHandler                     
00005241  TIMA1_IRQHandler                     
00005241  TIMG0_IRQHandler                     
00005241  TIMG12_IRQHandler                    
00005241  TIMG6_IRQHandler                     
00005241  TIMG7_IRQHandler                     
00005241  TIMG8_IRQHandler                     
00005241  UART2_IRQHandler                     
00005241  UART3_IRQHandler                     
00005244  C$$EXIT                              
00005245  HOSTexit                             
00005279  Reset_Handler                        
0000528d  _system_pre_init                     
00005474  __TI_Handler_Table_Base              
00005480  __TI_Handler_Table_Limit             
00005488  __TI_CINIT_Base                      
00005498  __TI_CINIT_Limit                     
00005498  __TI_CINIT_Warm                      
20200000  __start___llvm_prf_bits              
20200000  __start___llvm_prf_cnts              
20200000  __stop___llvm_prf_bits               
20200000  __stop___llvm_prf_cnts               
20200000  gPWMBackup                           
202001a0  __aeabi_errno                        
202001a8  delay_times                          
20207e00  __stack                              
20208000  __STACK_END                          
ffffffff  __TI_pprof_out_hndl                  
ffffffff  __TI_prof_data_size                  
ffffffff  __TI_prof_data_start                 
ffffffff  __binit__                            
ffffffff  binit                                
UNDEFED   __mpu_init                           
UNDEFED   _system_post_cinit                   

[202 symbols]
