<?xml version="1.0" encoding="ISO-8859-1" ?>
<link_info>
   <banner>TI ARM Clang Linker PC v4.0.4.LTS</banner>
   <copyright>Copyright (c) 1996-2018 Texas Instruments Incorporated</copyright>
   <command_line>D:\ti\ccs2050\ccs\tools\compiler\ti-cgt-armllvm_4.0.4.LTS\bin\tiarmlnk -ID:\ti\ccs2050\ccs\tools\compiler\ti-cgt-armllvm_4.0.4.LTS\lib -o C07A.out -mC07A.map -iC:/TI/mspm0_sdk_2_10_00_04/source -iC:/Users/gaofu/workspace_ccstheia/C07A -iC:/Users/gaofu/workspace_ccstheia/C07A/Debug/syscfg -iD:/ti/ccs2050/ccs/tools/compiler/ti-cgt-armllvm_4.0.4.LTS/lib --diag_wrap=off --display_error_number --warn_sections --xml_link_info=C07A_linkInfo.xml --rom_model ./empty.o ./ti_msp_dl_config.o ./startup_mspm0g350x_ticlang.o ./Src/angle_control.o ./Src/attitude.o ./Src/bluetooth.o ./Src/delay.o ./Src/encoder.o ./Src/gray_serial.o ./Src/icm42688.o ./Src/line_track.o ./Src/motor.o ./Src/oled.o ./Src/pid.o ./Src/uart_cmd.o ./Src/vofa.o -l./device_linker.cmd -ldevice.cmd.genlibs -llibc.a --start-group -llibc++.a -llibc++abi.a -llibc.a -llibsys.a -llibsysbm.a -llibclang_rt.builtins.a -llibclang_rt.profile.a --end-group --cg_opt_level=0</command_line>
   <link_time>0x6a63731d</link_time>
   <link_errors>0x0</link_errors>
   <output_file>C:\Users\gaofu\workspace_ccstheia\C07A\Debug\C07A.out</output_file>
   <entry_point>
      <name>_c_int00_noargs</name>
      <address>0x2c3d</address>
   </entry_point>
   <input_file_list>
      <input_file id="fl-1">
         <path>C:\Users\gaofu\workspace_ccstheia\C07A\Debug\.\</path>
         <kind>object</kind>
         <file>empty.o</file>
         <name>empty.o</name>
      </input_file>
      <input_file id="fl-2">
         <path>C:\Users\gaofu\workspace_ccstheia\C07A\Debug\.\</path>
         <kind>object</kind>
         <file>ti_msp_dl_config.o</file>
         <name>ti_msp_dl_config.o</name>
      </input_file>
      <input_file id="fl-3">
         <path>C:\Users\gaofu\workspace_ccstheia\C07A\Debug\.\</path>
         <kind>object</kind>
         <file>startup_mspm0g350x_ticlang.o</file>
         <name>startup_mspm0g350x_ticlang.o</name>
      </input_file>
      <input_file id="fl-4">
         <path>C:\Users\gaofu\workspace_ccstheia\C07A\Debug\.\Src\</path>
         <kind>object</kind>
         <file>angle_control.o</file>
         <name>angle_control.o</name>
      </input_file>
      <input_file id="fl-5">
         <path>C:\Users\gaofu\workspace_ccstheia\C07A\Debug\.\Src\</path>
         <kind>object</kind>
         <file>attitude.o</file>
         <name>attitude.o</name>
      </input_file>
      <input_file id="fl-6">
         <path>C:\Users\gaofu\workspace_ccstheia\C07A\Debug\.\Src\</path>
         <kind>object</kind>
         <file>bluetooth.o</file>
         <name>bluetooth.o</name>
      </input_file>
      <input_file id="fl-7">
         <path>C:\Users\gaofu\workspace_ccstheia\C07A\Debug\.\Src\</path>
         <kind>object</kind>
         <file>delay.o</file>
         <name>delay.o</name>
      </input_file>
      <input_file id="fl-8">
         <path>C:\Users\gaofu\workspace_ccstheia\C07A\Debug\.\Src\</path>
         <kind>object</kind>
         <file>encoder.o</file>
         <name>encoder.o</name>
      </input_file>
      <input_file id="fl-9">
         <path>C:\Users\gaofu\workspace_ccstheia\C07A\Debug\.\Src\</path>
         <kind>object</kind>
         <file>gray_serial.o</file>
         <name>gray_serial.o</name>
      </input_file>
      <input_file id="fl-a">
         <path>C:\Users\gaofu\workspace_ccstheia\C07A\Debug\.\Src\</path>
         <kind>object</kind>
         <file>icm42688.o</file>
         <name>icm42688.o</name>
      </input_file>
      <input_file id="fl-b">
         <path>C:\Users\gaofu\workspace_ccstheia\C07A\Debug\.\Src\</path>
         <kind>object</kind>
         <file>line_track.o</file>
         <name>line_track.o</name>
      </input_file>
      <input_file id="fl-c">
         <path>C:\Users\gaofu\workspace_ccstheia\C07A\Debug\.\Src\</path>
         <kind>object</kind>
         <file>motor.o</file>
         <name>motor.o</name>
      </input_file>
      <input_file id="fl-d">
         <path>C:\Users\gaofu\workspace_ccstheia\C07A\Debug\.\Src\</path>
         <kind>object</kind>
         <file>oled.o</file>
         <name>oled.o</name>
      </input_file>
      <input_file id="fl-e">
         <path>C:\Users\gaofu\workspace_ccstheia\C07A\Debug\.\Src\</path>
         <kind>object</kind>
         <file>pid.o</file>
         <name>pid.o</name>
      </input_file>
      <input_file id="fl-f">
         <path>C:\Users\gaofu\workspace_ccstheia\C07A\Debug\.\Src\</path>
         <kind>object</kind>
         <file>uart_cmd.o</file>
         <name>uart_cmd.o</name>
      </input_file>
      <input_file id="fl-10">
         <path>C:\Users\gaofu\workspace_ccstheia\C07A\Debug\.\Src\</path>
         <kind>object</kind>
         <file>vofa.o</file>
         <name>vofa.o</name>
      </input_file>
      <input_file id="fl-1d">
         <path>C:\Users\gaofu\workspace_ccstheia\C07A\Debug\</path>
         <kind>object</kind>
         <file>&lt;internal&gt;</file>
         <name>&lt;internal&gt;</name>
      </input_file>
      <input_file id="fl-1e">
         <path>C:\TI\mspm0_sdk_2_10_00_04\source\ti\driverlib\lib\ticlang\m0p\mspm0g1x0x_g3x0x\</path>
         <kind>archive</kind>
         <file>driverlib.a</file>
         <name>dl_common.o</name>
      </input_file>
      <input_file id="fl-1f">
         <path>C:\TI\mspm0_sdk_2_10_00_04\source\ti\driverlib\lib\ticlang\m0p\mspm0g1x0x_g3x0x\</path>
         <kind>archive</kind>
         <file>driverlib.a</file>
         <name>dl_i2c.o</name>
      </input_file>
      <input_file id="fl-20">
         <path>C:\TI\mspm0_sdk_2_10_00_04\source\ti\driverlib\lib\ticlang\m0p\mspm0g1x0x_g3x0x\</path>
         <kind>archive</kind>
         <file>driverlib.a</file>
         <name>dl_timer.o</name>
      </input_file>
      <input_file id="fl-21">
         <path>C:\TI\mspm0_sdk_2_10_00_04\source\ti\driverlib\lib\ticlang\m0p\mspm0g1x0x_g3x0x\</path>
         <kind>archive</kind>
         <file>driverlib.a</file>
         <name>dl_uart.o</name>
      </input_file>
      <input_file id="fl-22">
         <path>C:\TI\mspm0_sdk_2_10_00_04\source\ti\driverlib\lib\ticlang\m0p\mspm0g1x0x_g3x0x\</path>
         <kind>archive</kind>
         <file>driverlib.a</file>
         <name>dl_sysctl_mspm0g1x0x_g3x0x.o</name>
      </input_file>
      <input_file id="fl-39">
         <path>D:\ti\ccs2050\ccs\tools\compiler\ti-cgt-armllvm_4.0.4.LTS\lib\armv6m-ti-none-eabi\c\</path>
         <kind>archive</kind>
         <file>libc.a</file>
         <name>e_atan2f.c.obj</name>
      </input_file>
      <input_file id="fl-3a">
         <path>D:\ti\ccs2050\ccs\tools\compiler\ti-cgt-armllvm_4.0.4.LTS\lib\armv6m-ti-none-eabi\c\</path>
         <kind>archive</kind>
         <file>libc.a</file>
         <name>e_sqrtf.c.obj</name>
      </input_file>
      <input_file id="fl-3b">
         <path>D:\ti\ccs2050\ccs\tools\compiler\ti-cgt-armllvm_4.0.4.LTS\lib\armv6m-ti-none-eabi\c\</path>
         <kind>archive</kind>
         <file>libc.a</file>
         <name>s_atanf.c.obj</name>
      </input_file>
      <input_file id="fl-3c">
         <path>D:\ti\ccs2050\ccs\tools\compiler\ti-cgt-armllvm_4.0.4.LTS\lib\armv6m-ti-none-eabi\c\</path>
         <kind>archive</kind>
         <file>libc.a</file>
         <name>s_cosf.c.obj</name>
      </input_file>
      <input_file id="fl-3d">
         <path>D:\ti\ccs2050\ccs\tools\compiler\ti-cgt-armllvm_4.0.4.LTS\lib\armv6m-ti-none-eabi\c\</path>
         <kind>archive</kind>
         <file>libc.a</file>
         <name>s_sinf.c.obj</name>
      </input_file>
      <input_file id="fl-3e">
         <path>D:\ti\ccs2050\ccs\tools\compiler\ti-cgt-armllvm_4.0.4.LTS\lib\armv6m-ti-none-eabi\c\</path>
         <kind>archive</kind>
         <file>libc.a</file>
         <name>s_tanf.c.obj</name>
      </input_file>
      <input_file id="fl-3f">
         <path>D:\ti\ccs2050\ccs\tools\compiler\ti-cgt-armllvm_4.0.4.LTS\lib\armv6m-ti-none-eabi\c\</path>
         <kind>archive</kind>
         <file>libc.a</file>
         <name>aeabi_portable.c.obj</name>
      </input_file>
      <input_file id="fl-40">
         <path>D:\ti\ccs2050\ccs\tools\compiler\ti-cgt-armllvm_4.0.4.LTS\lib\armv6m-ti-none-eabi\c\</path>
         <kind>archive</kind>
         <file>libc.a</file>
         <name>k_rem_pio2.c.obj</name>
      </input_file>
      <input_file id="fl-41">
         <path>D:\ti\ccs2050\ccs\tools\compiler\ti-cgt-armllvm_4.0.4.LTS\lib\armv6m-ti-none-eabi\c\</path>
         <kind>archive</kind>
         <file>libc.a</file>
         <name>assert.c.obj</name>
      </input_file>
      <input_file id="fl-42">
         <path>D:\ti\ccs2050\ccs\tools\compiler\ti-cgt-armllvm_4.0.4.LTS\lib\armv6m-ti-none-eabi\c\</path>
         <kind>archive</kind>
         <file>libc.a</file>
         <name>defs.c.obj</name>
      </input_file>
      <input_file id="fl-43">
         <path>D:\ti\ccs2050\ccs\tools\compiler\ti-cgt-armllvm_4.0.4.LTS\lib\armv6m-ti-none-eabi\c\</path>
         <kind>archive</kind>
         <file>libc.a</file>
         <name>memory.c.obj</name>
      </input_file>
      <input_file id="fl-44">
         <path>D:\ti\ccs2050\ccs\tools\compiler\ti-cgt-armllvm_4.0.4.LTS\lib\armv6m-ti-none-eabi\c\</path>
         <kind>archive</kind>
         <file>libc.a</file>
         <name>boot_cortex_m.c.obj</name>
      </input_file>
      <input_file id="fl-45">
         <path>D:\ti\ccs2050\ccs\tools\compiler\ti-cgt-armllvm_4.0.4.LTS\lib\armv6m-ti-none-eabi\c\</path>
         <kind>archive</kind>
         <file>libc.a</file>
         <name>mathacl_init.c.obj</name>
      </input_file>
      <input_file id="fl-46">
         <path>D:\ti\ccs2050\ccs\tools\compiler\ti-cgt-armllvm_4.0.4.LTS\lib\armv6m-ti-none-eabi\c\</path>
         <kind>archive</kind>
         <file>libc.a</file>
         <name>autoinit.c.obj</name>
      </input_file>
      <input_file id="fl-47">
         <path>D:\ti\ccs2050\ccs\tools\compiler\ti-cgt-armllvm_4.0.4.LTS\lib\armv6m-ti-none-eabi\c\</path>
         <kind>archive</kind>
         <file>libc.a</file>
         <name>pre_init.c.obj</name>
      </input_file>
      <input_file id="fl-48">
         <path>D:\ti\ccs2050\ccs\tools\compiler\ti-cgt-armllvm_4.0.4.LTS\lib\armv6m-ti-none-eabi\c\</path>
         <kind>archive</kind>
         <file>libc.a</file>
         <name>cpy_tbl.c.obj</name>
      </input_file>
      <input_file id="fl-49">
         <path>D:\ti\ccs2050\ccs\tools\compiler\ti-cgt-armllvm_4.0.4.LTS\lib\armv6m-ti-none-eabi\c\</path>
         <kind>archive</kind>
         <file>libc.a</file>
         <name>copy_zero_init.c.obj</name>
      </input_file>
      <input_file id="fl-4a">
         <path>D:\ti\ccs2050\ccs\tools\compiler\ti-cgt-armllvm_4.0.4.LTS\lib\armv6m-ti-none-eabi\c\</path>
         <kind>archive</kind>
         <file>libc.a</file>
         <name>copy_decompress_none.c.obj</name>
      </input_file>
      <input_file id="fl-4b">
         <path>D:\ti\ccs2050\ccs\tools\compiler\ti-cgt-armllvm_4.0.4.LTS\lib\armv6m-ti-none-eabi\c\</path>
         <kind>archive</kind>
         <file>libc.a</file>
         <name>copy_decompress_lzss.c.obj</name>
      </input_file>
      <input_file id="fl-4c">
         <path>D:\ti\ccs2050\ccs\tools\compiler\ti-cgt-armllvm_4.0.4.LTS\lib\armv6m-ti-none-eabi\c\</path>
         <kind>archive</kind>
         <file>libc.a</file>
         <name>s_floor.c.obj</name>
      </input_file>
      <input_file id="fl-4d">
         <path>D:\ti\ccs2050\ccs\tools\compiler\ti-cgt-armllvm_4.0.4.LTS\lib\armv6m-ti-none-eabi\c\</path>
         <kind>archive</kind>
         <file>libc.a</file>
         <name>s_scalbn.c.obj</name>
      </input_file>
      <input_file id="fl-4e">
         <path>D:\ti\ccs2050\ccs\tools\compiler\ti-cgt-armllvm_4.0.4.LTS\lib\armv6m-ti-none-eabi\c\</path>
         <kind>archive</kind>
         <file>libc.a</file>
         <name>sprintf.c.obj</name>
      </input_file>
      <input_file id="fl-4f">
         <path>D:\ti\ccs2050\ccs\tools\compiler\ti-cgt-armllvm_4.0.4.LTS\lib\armv6m-ti-none-eabi\c\</path>
         <kind>archive</kind>
         <file>libc.a</file>
         <name>fflush.c.obj</name>
      </input_file>
      <input_file id="fl-50">
         <path>D:\ti\ccs2050\ccs\tools\compiler\ti-cgt-armllvm_4.0.4.LTS\lib\armv6m-ti-none-eabi\c\</path>
         <kind>archive</kind>
         <file>libc.a</file>
         <name>fputs.c.obj</name>
      </input_file>
      <input_file id="fl-51">
         <path>D:\ti\ccs2050\ccs\tools\compiler\ti-cgt-armllvm_4.0.4.LTS\lib\armv6m-ti-none-eabi\c\</path>
         <kind>archive</kind>
         <file>libc.a</file>
         <name>_io_perm.c.obj</name>
      </input_file>
      <input_file id="fl-52">
         <path>D:\ti\ccs2050\ccs\tools\compiler\ti-cgt-armllvm_4.0.4.LTS\lib\armv6m-ti-none-eabi\c\</path>
         <kind>archive</kind>
         <file>libc.a</file>
         <name>setvbuf.c.obj</name>
      </input_file>
      <input_file id="fl-53">
         <path>D:\ti\ccs2050\ccs\tools\compiler\ti-cgt-armllvm_4.0.4.LTS\lib\armv6m-ti-none-eabi\c\</path>
         <kind>archive</kind>
         <file>libc.a</file>
         <name>exit.c.obj</name>
      </input_file>
      <input_file id="fl-54">
         <path>D:\ti\ccs2050\ccs\tools\compiler\ti-cgt-armllvm_4.0.4.LTS\lib\armv6m-ti-none-eabi\c\</path>
         <kind>archive</kind>
         <file>libc.a</file>
         <name>_lock.c.obj</name>
      </input_file>
      <input_file id="fl-55">
         <path>D:\ti\ccs2050\ccs\tools\compiler\ti-cgt-armllvm_4.0.4.LTS\lib\armv6m-ti-none-eabi\c\</path>
         <kind>archive</kind>
         <file>libc.a</file>
         <name>args_main.c.obj</name>
      </input_file>
      <input_file id="fl-56">
         <path>D:\ti\ccs2050\ccs\tools\compiler\ti-cgt-armllvm_4.0.4.LTS\lib\armv6m-ti-none-eabi\c\</path>
         <kind>archive</kind>
         <file>libc.a</file>
         <name>_printfi.c.obj</name>
      </input_file>
      <input_file id="fl-57">
         <path>D:\ti\ccs2050\ccs\tools\compiler\ti-cgt-armllvm_4.0.4.LTS\lib\armv6m-ti-none-eabi\c\</path>
         <kind>archive</kind>
         <file>libc.a</file>
         <name>fopen.c.obj</name>
      </input_file>
      <input_file id="fl-58">
         <path>D:\ti\ccs2050\ccs\tools\compiler\ti-cgt-armllvm_4.0.4.LTS\lib\armv6m-ti-none-eabi\c\</path>
         <kind>archive</kind>
         <file>libc.a</file>
         <name>fseek.c.obj</name>
      </input_file>
      <input_file id="fl-59">
         <path>D:\ti\ccs2050\ccs\tools\compiler\ti-cgt-armllvm_4.0.4.LTS\lib\armv6m-ti-none-eabi\c\</path>
         <kind>archive</kind>
         <file>libc.a</file>
         <name>_ltoa.c.obj</name>
      </input_file>
      <input_file id="fl-5a">
         <path>D:\ti\ccs2050\ccs\tools\compiler\ti-cgt-armllvm_4.0.4.LTS\lib\armv6m-ti-none-eabi\c\</path>
         <kind>archive</kind>
         <file>libc.a</file>
         <name>atoi.c.obj</name>
      </input_file>
      <input_file id="fl-5b">
         <path>D:\ti\ccs2050\ccs\tools\compiler\ti-cgt-armllvm_4.0.4.LTS\lib\armv6m-ti-none-eabi\c\</path>
         <kind>archive</kind>
         <file>libc.a</file>
         <name>memccpy.c.obj</name>
      </input_file>
      <input_file id="fl-5c">
         <path>D:\ti\ccs2050\ccs\tools\compiler\ti-cgt-armllvm_4.0.4.LTS\lib\armv6m-ti-none-eabi\c\</path>
         <kind>archive</kind>
         <file>libc.a</file>
         <name>s_frexp.c.obj</name>
      </input_file>
      <input_file id="fl-5d">
         <path>D:\ti\ccs2050\ccs\tools\compiler\ti-cgt-armllvm_4.0.4.LTS\lib\armv6m-ti-none-eabi\c\</path>
         <kind>archive</kind>
         <file>libc.a</file>
         <name>wcslen.c.obj</name>
      </input_file>
      <input_file id="fl-5e">
         <path>D:\ti\ccs2050\ccs\tools\compiler\ti-cgt-armllvm_4.0.4.LTS\lib\armv6m-ti-none-eabi\c\</path>
         <kind>archive</kind>
         <file>libc.a</file>
         <name>fclose.c.obj</name>
      </input_file>
      <input_file id="fl-5f">
         <path>D:\ti\ccs2050\ccs\tools\compiler\ti-cgt-armllvm_4.0.4.LTS\lib\armv6m-ti-none-eabi\c\</path>
         <kind>archive</kind>
         <file>libc.a</file>
         <name>aeabi_ctype.S.obj</name>
      </input_file>
      <input_file id="fl-ff">
         <path>D:\ti\ccs2050\ccs\tools\compiler\ti-cgt-armllvm_4.0.4.LTS\lib\armv6m-ti-none-eabi\c\</path>
         <kind>archive</kind>
         <file>libsysbm.a</file>
         <name>hostexit.c.obj</name>
      </input_file>
      <input_file id="fl-100">
         <path>D:\ti\ccs2050\ccs\tools\compiler\ti-cgt-armllvm_4.0.4.LTS\lib\armv6m-ti-none-eabi\c\</path>
         <kind>archive</kind>
         <file>libsysbm.a</file>
         <name>write.c.obj</name>
      </input_file>
      <input_file id="fl-101">
         <path>D:\ti\ccs2050\ccs\tools\compiler\ti-cgt-armllvm_4.0.4.LTS\lib\armv6m-ti-none-eabi\c\</path>
         <kind>archive</kind>
         <file>libsysbm.a</file>
         <name>host_device.c.obj</name>
      </input_file>
      <input_file id="fl-102">
         <path>D:\ti\ccs2050\ccs\tools\compiler\ti-cgt-armllvm_4.0.4.LTS\lib\armv6m-ti-none-eabi\c\</path>
         <kind>archive</kind>
         <file>libsysbm.a</file>
         <name>remove.c.obj</name>
      </input_file>
      <input_file id="fl-103">
         <path>D:\ti\ccs2050\ccs\tools\compiler\ti-cgt-armllvm_4.0.4.LTS\lib\armv6m-ti-none-eabi\c\</path>
         <kind>archive</kind>
         <file>libsysbm.a</file>
         <name>open.c.obj</name>
      </input_file>
      <input_file id="fl-104">
         <path>D:\ti\ccs2050\ccs\tools\compiler\ti-cgt-armllvm_4.0.4.LTS\lib\armv6m-ti-none-eabi\c\</path>
         <kind>archive</kind>
         <file>libsysbm.a</file>
         <name>lseek.c.obj</name>
      </input_file>
      <input_file id="fl-105">
         <path>D:\ti\ccs2050\ccs\tools\compiler\ti-cgt-armllvm_4.0.4.LTS\lib\armv6m-ti-none-eabi\c\</path>
         <kind>archive</kind>
         <file>libsysbm.a</file>
         <name>close.c.obj</name>
      </input_file>
      <input_file id="fl-106">
         <path>D:\ti\ccs2050\ccs\tools\compiler\ti-cgt-armllvm_4.0.4.LTS\lib\armv6m-ti-none-eabi\c\</path>
         <kind>archive</kind>
         <file>libsysbm.a</file>
         <name>unlink.c.obj</name>
      </input_file>
      <input_file id="fl-107">
         <path>D:\ti\ccs2050\ccs\tools\compiler\ti-cgt-armllvm_4.0.4.LTS\lib\armv6m-ti-none-eabi\c\</path>
         <kind>archive</kind>
         <file>libsysbm.a</file>
         <name>hostclose.c.obj</name>
      </input_file>
      <input_file id="fl-108">
         <path>D:\ti\ccs2050\ccs\tools\compiler\ti-cgt-armllvm_4.0.4.LTS\lib\armv6m-ti-none-eabi\c\</path>
         <kind>archive</kind>
         <file>libsysbm.a</file>
         <name>hostlseek.c.obj</name>
      </input_file>
      <input_file id="fl-109">
         <path>D:\ti\ccs2050\ccs\tools\compiler\ti-cgt-armllvm_4.0.4.LTS\lib\armv6m-ti-none-eabi\c\</path>
         <kind>archive</kind>
         <file>libsysbm.a</file>
         <name>hostopen.c.obj</name>
      </input_file>
      <input_file id="fl-10a">
         <path>D:\ti\ccs2050\ccs\tools\compiler\ti-cgt-armllvm_4.0.4.LTS\lib\armv6m-ti-none-eabi\c\</path>
         <kind>archive</kind>
         <file>libsysbm.a</file>
         <name>hostread.c.obj</name>
      </input_file>
      <input_file id="fl-10b">
         <path>D:\ti\ccs2050\ccs\tools\compiler\ti-cgt-armllvm_4.0.4.LTS\lib\armv6m-ti-none-eabi\c\</path>
         <kind>archive</kind>
         <file>libsysbm.a</file>
         <name>hostrename.c.obj</name>
      </input_file>
      <input_file id="fl-10c">
         <path>D:\ti\ccs2050\ccs\tools\compiler\ti-cgt-armllvm_4.0.4.LTS\lib\armv6m-ti-none-eabi\c\</path>
         <kind>archive</kind>
         <file>libsysbm.a</file>
         <name>hostunlink.c.obj</name>
      </input_file>
      <input_file id="fl-10d">
         <path>D:\ti\ccs2050\ccs\tools\compiler\ti-cgt-armllvm_4.0.4.LTS\lib\armv6m-ti-none-eabi\c\</path>
         <kind>archive</kind>
         <file>libsysbm.a</file>
         <name>hostwrite.c.obj</name>
      </input_file>
      <input_file id="fl-10e">
         <path>D:\ti\ccs2050\ccs\tools\compiler\ti-cgt-armllvm_4.0.4.LTS\lib\armv6m-ti-none-eabi\c\</path>
         <kind>archive</kind>
         <file>libsysbm.a</file>
         <name>trgmsg.c.obj</name>
      </input_file>
      <input_file id="fl-10f">
         <path>D:\ti\ccs2050\ccs\tools\compiler\ti-cgt-armllvm_4.0.4.LTS\lib\armv6m-ti-none-eabi\</path>
         <kind>archive</kind>
         <file>libclang_rt.builtins.a</file>
         <name>addsf3.S.obj</name>
      </input_file>
      <input_file id="fl-110">
         <path>D:\ti\ccs2050\ccs\tools\compiler\ti-cgt-armllvm_4.0.4.LTS\lib\armv6m-ti-none-eabi\</path>
         <kind>archive</kind>
         <file>libclang_rt.builtins.a</file>
         <name>adddf3.S.obj</name>
      </input_file>
      <input_file id="fl-111">
         <path>D:\ti\ccs2050\ccs\tools\compiler\ti-cgt-armllvm_4.0.4.LTS\lib\armv6m-ti-none-eabi\</path>
         <kind>archive</kind>
         <file>libclang_rt.builtins.a</file>
         <name>muldf3.S.obj</name>
      </input_file>
      <input_file id="fl-112">
         <path>D:\ti\ccs2050\ccs\tools\compiler\ti-cgt-armllvm_4.0.4.LTS\lib\armv6m-ti-none-eabi\</path>
         <kind>archive</kind>
         <file>libclang_rt.builtins.a</file>
         <name>muldsi3.S.obj</name>
      </input_file>
      <input_file id="fl-113">
         <path>D:\ti\ccs2050\ccs\tools\compiler\ti-cgt-armllvm_4.0.4.LTS\lib\armv6m-ti-none-eabi\</path>
         <kind>archive</kind>
         <file>libclang_rt.builtins.a</file>
         <name>mulsf3.S.obj</name>
      </input_file>
      <input_file id="fl-114">
         <path>D:\ti\ccs2050\ccs\tools\compiler\ti-cgt-armllvm_4.0.4.LTS\lib\armv6m-ti-none-eabi\</path>
         <kind>archive</kind>
         <file>libclang_rt.builtins.a</file>
         <name>divsf3.S.obj</name>
      </input_file>
      <input_file id="fl-115">
         <path>D:\ti\ccs2050\ccs\tools\compiler\ti-cgt-armllvm_4.0.4.LTS\lib\armv6m-ti-none-eabi\</path>
         <kind>archive</kind>
         <file>libclang_rt.builtins.a</file>
         <name>divdf3.S.obj</name>
      </input_file>
      <input_file id="fl-116">
         <path>D:\ti\ccs2050\ccs\tools\compiler\ti-cgt-armllvm_4.0.4.LTS\lib\armv6m-ti-none-eabi\</path>
         <kind>archive</kind>
         <file>libclang_rt.builtins.a</file>
         <name>extendsfdf2.S.obj</name>
      </input_file>
      <input_file id="fl-117">
         <path>D:\ti\ccs2050\ccs\tools\compiler\ti-cgt-armllvm_4.0.4.LTS\lib\armv6m-ti-none-eabi\</path>
         <kind>archive</kind>
         <file>libclang_rt.builtins.a</file>
         <name>fixdfsi.S.obj</name>
      </input_file>
      <input_file id="fl-118">
         <path>D:\ti\ccs2050\ccs\tools\compiler\ti-cgt-armllvm_4.0.4.LTS\lib\armv6m-ti-none-eabi\</path>
         <kind>archive</kind>
         <file>libclang_rt.builtins.a</file>
         <name>fixsfsi.S.obj</name>
      </input_file>
      <input_file id="fl-119">
         <path>D:\ti\ccs2050\ccs\tools\compiler\ti-cgt-armllvm_4.0.4.LTS\lib\armv6m-ti-none-eabi\</path>
         <kind>archive</kind>
         <file>libclang_rt.builtins.a</file>
         <name>floatdisf.S.obj</name>
      </input_file>
      <input_file id="fl-11a">
         <path>D:\ti\ccs2050\ccs\tools\compiler\ti-cgt-armllvm_4.0.4.LTS\lib\armv6m-ti-none-eabi\</path>
         <kind>archive</kind>
         <file>libclang_rt.builtins.a</file>
         <name>floatsidf.S.obj</name>
      </input_file>
      <input_file id="fl-11b">
         <path>D:\ti\ccs2050\ccs\tools\compiler\ti-cgt-armllvm_4.0.4.LTS\lib\armv6m-ti-none-eabi\</path>
         <kind>archive</kind>
         <file>libclang_rt.builtins.a</file>
         <name>floatsisf.S.obj</name>
      </input_file>
      <input_file id="fl-11c">
         <path>D:\ti\ccs2050\ccs\tools\compiler\ti-cgt-armllvm_4.0.4.LTS\lib\armv6m-ti-none-eabi\</path>
         <kind>archive</kind>
         <file>libclang_rt.builtins.a</file>
         <name>floatunsidf.S.obj</name>
      </input_file>
      <input_file id="fl-11d">
         <path>D:\ti\ccs2050\ccs\tools\compiler\ti-cgt-armllvm_4.0.4.LTS\lib\armv6m-ti-none-eabi\</path>
         <kind>archive</kind>
         <file>libclang_rt.builtins.a</file>
         <name>floatunsisf.S.obj</name>
      </input_file>
      <input_file id="fl-11e">
         <path>D:\ti\ccs2050\ccs\tools\compiler\ti-cgt-armllvm_4.0.4.LTS\lib\armv6m-ti-none-eabi\</path>
         <kind>archive</kind>
         <file>libclang_rt.builtins.a</file>
         <name>muldi3.S.obj</name>
      </input_file>
      <input_file id="fl-11f">
         <path>D:\ti\ccs2050\ccs\tools\compiler\ti-cgt-armllvm_4.0.4.LTS\lib\armv6m-ti-none-eabi\</path>
         <kind>archive</kind>
         <file>libclang_rt.builtins.a</file>
         <name>truncdfsf2.S.obj</name>
      </input_file>
      <input_file id="fl-120">
         <path>D:\ti\ccs2050\ccs\tools\compiler\ti-cgt-armllvm_4.0.4.LTS\lib\armv6m-ti-none-eabi\</path>
         <kind>archive</kind>
         <file>libclang_rt.builtins.a</file>
         <name>aeabi_dcmp.S.obj</name>
      </input_file>
      <input_file id="fl-121">
         <path>D:\ti\ccs2050\ccs\tools\compiler\ti-cgt-armllvm_4.0.4.LTS\lib\armv6m-ti-none-eabi\</path>
         <kind>archive</kind>
         <file>libclang_rt.builtins.a</file>
         <name>aeabi_fcmp.S.obj</name>
      </input_file>
      <input_file id="fl-122">
         <path>D:\ti\ccs2050\ccs\tools\compiler\ti-cgt-armllvm_4.0.4.LTS\lib\armv6m-ti-none-eabi\</path>
         <kind>archive</kind>
         <file>libclang_rt.builtins.a</file>
         <name>aeabi_idivmod.S.obj</name>
      </input_file>
      <input_file id="fl-123">
         <path>D:\ti\ccs2050\ccs\tools\compiler\ti-cgt-armllvm_4.0.4.LTS\lib\armv6m-ti-none-eabi\</path>
         <kind>archive</kind>
         <file>libclang_rt.builtins.a</file>
         <name>aeabi_ldivmod.S.obj</name>
      </input_file>
      <input_file id="fl-124">
         <path>D:\ti\ccs2050\ccs\tools\compiler\ti-cgt-armllvm_4.0.4.LTS\lib\armv6m-ti-none-eabi\</path>
         <kind>archive</kind>
         <file>libclang_rt.builtins.a</file>
         <name>aeabi_memcpy.S.obj</name>
      </input_file>
      <input_file id="fl-125">
         <path>D:\ti\ccs2050\ccs\tools\compiler\ti-cgt-armllvm_4.0.4.LTS\lib\armv6m-ti-none-eabi\</path>
         <kind>archive</kind>
         <file>libclang_rt.builtins.a</file>
         <name>aeabi_memset.S.obj</name>
      </input_file>
      <input_file id="fl-126">
         <path>D:\ti\ccs2050\ccs\tools\compiler\ti-cgt-armllvm_4.0.4.LTS\lib\armv6m-ti-none-eabi\</path>
         <kind>archive</kind>
         <file>libclang_rt.builtins.a</file>
         <name>aeabi_uidivmod.S.obj</name>
      </input_file>
      <input_file id="fl-127">
         <path>D:\ti\ccs2050\ccs\tools\compiler\ti-cgt-armllvm_4.0.4.LTS\lib\armv6m-ti-none-eabi\</path>
         <kind>archive</kind>
         <file>libclang_rt.builtins.a</file>
         <name>aeabi_uldivmod.S.obj</name>
      </input_file>
      <input_file id="fl-128">
         <path>D:\ti\ccs2050\ccs\tools\compiler\ti-cgt-armllvm_4.0.4.LTS\lib\armv6m-ti-none-eabi\</path>
         <kind>archive</kind>
         <file>libclang_rt.builtins.a</file>
         <name>comparesf2.S.obj</name>
      </input_file>
      <input_file id="fl-129">
         <path>D:\ti\ccs2050\ccs\tools\compiler\ti-cgt-armllvm_4.0.4.LTS\lib\armv6m-ti-none-eabi\</path>
         <kind>archive</kind>
         <file>libclang_rt.builtins.a</file>
         <name>udivmoddi4.S.obj</name>
      </input_file>
      <input_file id="fl-12a">
         <path>D:\ti\ccs2050\ccs\tools\compiler\ti-cgt-armllvm_4.0.4.LTS\lib\armv6m-ti-none-eabi\</path>
         <kind>archive</kind>
         <file>libclang_rt.builtins.a</file>
         <name>ashldi3.S.obj</name>
      </input_file>
      <input_file id="fl-12b">
         <path>D:\ti\ccs2050\ccs\tools\compiler\ti-cgt-armllvm_4.0.4.LTS\lib\armv6m-ti-none-eabi\</path>
         <kind>archive</kind>
         <file>libclang_rt.builtins.a</file>
         <name>comparedf2.c.obj</name>
      </input_file>
      <input_file id="fl-12c">
         <path>D:\ti\ccs2050\ccs\tools\compiler\ti-cgt-armllvm_4.0.4.LTS\lib\armv6m-ti-none-eabi\</path>
         <kind>archive</kind>
         <file>libclang_rt.builtins.a</file>
         <name>divmoddi4.c.obj</name>
      </input_file>
      <input_file id="fl-12d">
         <path>D:\ti\ccs2050\ccs\tools\compiler\ti-cgt-armllvm_4.0.4.LTS\lib\armv6m-ti-none-eabi\</path>
         <kind>archive</kind>
         <file>libclang_rt.builtins.a</file>
         <name>aeabi_div0.c.obj</name>
      </input_file>
      <input_file id="fl-12e">
         <path>D:\ti\ccs2050\ccs\tools\compiler\ti-cgt-armllvm_4.0.4.LTS\lib\armv6m-ti-none-eabi\c\</path>
         <kind>archive</kind>
         <file>libc.a</file>
         <name>getdevice.c.obj</name>
      </input_file>
      <input_file id="fl-12f">
         <path>D:\ti\ccs2050\ccs\tools\compiler\ti-cgt-armllvm_4.0.4.LTS\lib\armv6m-ti-none-eabi\c\</path>
         <kind>archive</kind>
         <file>libc.a</file>
         <name>memcpy16.S.obj</name>
      </input_file>
      <input_file id="fl-130">
         <path>D:\ti\ccs2050\ccs\tools\compiler\ti-cgt-armllvm_4.0.4.LTS\lib\armv6m-ti-none-eabi\c\</path>
         <kind>archive</kind>
         <file>libc.a</file>
         <name>memset16.S.obj</name>
      </input_file>
      <input_file id="fl-131">
         <path>D:\ti\ccs2050\ccs\tools\compiler\ti-cgt-armllvm_4.0.4.LTS\lib\armv6m-ti-none-eabi\c\</path>
         <kind>archive</kind>
         <file>libc.a</file>
         <name>strcmp-armv6m.S.obj</name>
      </input_file>
   </input_file_list>
   <object_component_list>
      <object_component id="oc-18">
         <name>.intvecs</name>
         <load_address>0x0</load_address>
         <readonly>true</readonly>
         <run_address>0x0</run_address>
         <size>0xc0</size>
         <alignment>0x4</alignment>
         <input_file_ref idref="fl-3"/>
      </object_component>
      <object_component id="oc-15e">
         <name>.text.line_track_update_with_raw_impl</name>
         <load_address>0xc0</load_address>
         <readonly>true</readonly>
         <executable>true</executable>
         <run_address>0xc0</run_address>
         <size>0x1a8</size>
         <alignment>0x4</alignment>
         <input_file_ref idref="fl-b"/>
      </object_component>
      <object_component id="oc-202">
         <name>.text.bluetooth_apply_named_command</name>
         <load_address>0x268</load_address>
         <readonly>true</readonly>
         <executable>true</executable>
         <run_address>0x268</run_address>
         <size>0x1a0</size>
         <alignment>0x2</alignment>
         <input_file_ref idref="fl-6"/>
      </object_component>
      <object_component id="oc-ff">
         <name>.text.SYSCFG_DL_GPIO_init</name>
         <load_address>0x408</load_address>
         <readonly>true</readonly>
         <executable>true</executable>
         <run_address>0x408</run_address>
         <size>0x194</size>
         <alignment>0x4</alignment>
         <input_file_ref idref="fl-2"/>
      </object_component>
      <object_component id="oc-bc">
         <name>.text.encoder_init</name>
         <load_address>0x59c</load_address>
         <readonly>true</readonly>
         <executable>true</executable>
         <run_address>0x59c</run_address>
         <size>0x108</size>
         <alignment>0x4</alignment>
         <input_file_ref idref="fl-8"/>
      </object_component>
      <object_component id="oc-d0">
         <name>.text.line_tune_show_oled</name>
         <load_address>0x6a4</load_address>
         <readonly>true</readonly>
         <executable>true</executable>
         <run_address>0x6a4</run_address>
         <size>0x108</size>
         <alignment>0x4</alignment>
         <input_file_ref idref="fl-1"/>
      </object_component>
      <object_component id="oc-d4">
         <name>.text.speed_pid_control_update</name>
         <load_address>0x7ac</load_address>
         <readonly>true</readonly>
         <executable>true</executable>
         <run_address>0x7ac</run_address>
         <size>0x108</size>
         <alignment>0x4</alignment>
         <input_file_ref idref="fl-e"/>
      </object_component>
      <object_component id="oc-1b3">
         <name>.text.DL_Timer_initFourCCPWMMode</name>
         <load_address>0x8b4</load_address>
         <readonly>true</readonly>
         <executable>true</executable>
         <run_address>0x8b4</run_address>
         <size>0x104</size>
         <alignment>0x4</alignment>
         <input_file_ref idref="fl-20"/>
      </object_component>
      <object_component id="oc-116">
         <name>.text.motor_set_pwm</name>
         <load_address>0x9b8</load_address>
         <readonly>true</readonly>
         <executable>true</executable>
         <run_address>0x9b8</run_address>
         <size>0x100</size>
         <alignment>0x4</alignment>
         <input_file_ref idref="fl-c"/>
      </object_component>
      <object_component id="oc-d1">
         <name>.text.bluetooth_process</name>
         <load_address>0xab8</load_address>
         <readonly>true</readonly>
         <executable>true</executable>
         <run_address>0xab8</run_address>
         <size>0xfc</size>
         <alignment>0x4</alignment>
         <input_file_ref idref="fl-6"/>
      </object_component>
      <object_component id="oc-1fe">
         <name>.text.bluetooth_parse_int32</name>
         <load_address>0xbb4</load_address>
         <readonly>true</readonly>
         <executable>true</executable>
         <run_address>0xbb4</run_address>
         <size>0xf2</size>
         <alignment>0x2</alignment>
         <input_file_ref idref="fl-6"/>
      </object_component>
      <object_component id="oc-242">
         <name>.text.__aeabi_idiv0</name>
         <load_address>0xca6</load_address>
         <readonly>true</readonly>
         <executable>true</executable>
         <run_address>0xca6</run_address>
         <size>0x2</size>
         <alignment>0x2</alignment>
         <input_file_ref idref="fl-12d"/>
      </object_component>
      <object_component id="oc-1a7">
         <name>.text.SYSCFG_DL_SYSCTL_SYSPLL_init</name>
         <load_address>0xca8</load_address>
         <readonly>true</readonly>
         <executable>true</executable>
         <run_address>0xca8</run_address>
         <size>0xec</size>
         <alignment>0x4</alignment>
         <input_file_ref idref="fl-2"/>
      </object_component>
      <object_component id="oc-1a1">
         <name>.text.DL_SYSCTL_configSYSPLL</name>
         <load_address>0xd94</load_address>
         <readonly>true</readonly>
         <executable>true</executable>
         <run_address>0xd94</run_address>
         <size>0xdc</size>
         <alignment>0x4</alignment>
         <input_file_ref idref="fl-22"/>
      </object_component>
      <object_component id="oc-c8">
         <name>.text.oled_init</name>
         <load_address>0xe70</load_address>
         <readonly>true</readonly>
         <executable>true</executable>
         <run_address>0xe70</run_address>
         <size>0xce</size>
         <alignment>0x2</alignment>
         <input_file_ref idref="fl-d"/>
      </object_component>
      <object_component id="oc-275">
         <name>.text.__aeabi_ldiv0</name>
         <load_address>0xf3e</load_address>
         <readonly>true</readonly>
         <executable>true</executable>
         <run_address>0xf3e</run_address>
         <size>0x2</size>
         <alignment>0x2</alignment>
         <input_file_ref idref="fl-12d"/>
      </object_component>
      <object_component id="oc-159">
         <name>.text.bluetooth_parse_packet</name>
         <load_address>0xf40</load_address>
         <readonly>true</readonly>
         <executable>true</executable>
         <run_address>0xf40</run_address>
         <size>0xcc</size>
         <alignment>0x4</alignment>
         <input_file_ref idref="fl-6"/>
      </object_component>
      <object_component id="oc-201">
         <name>.text.bluetooth_apply_indexed_command</name>
         <load_address>0x100c</load_address>
         <readonly>true</readonly>
         <executable>true</executable>
         <run_address>0x100c</run_address>
         <size>0xc0</size>
         <alignment>0x4</alignment>
         <input_file_ref idref="fl-6"/>
      </object_component>
      <object_component id="oc-8d">
         <name>.text.main</name>
         <load_address>0x10cc</load_address>
         <readonly>true</readonly>
         <executable>true</executable>
         <run_address>0x10cc</run_address>
         <size>0xb6</size>
         <alignment>0x2</alignment>
         <input_file_ref idref="fl-1"/>
      </object_component>
      <object_component id="oc-7d">
         <name>.text.uart_cmd_irq_handler</name>
         <load_address>0x1184</load_address>
         <readonly>true</readonly>
         <executable>true</executable>
         <run_address>0x1184</run_address>
         <size>0xb4</size>
         <alignment>0x4</alignment>
         <input_file_ref idref="fl-f"/>
      </object_component>
      <object_component id="oc-168">
         <name>.text.pid_calculate</name>
         <load_address>0x1238</load_address>
         <readonly>true</readonly>
         <executable>true</executable>
         <run_address>0x1238</run_address>
         <size>0xaa</size>
         <alignment>0x2</alignment>
         <input_file_ref idref="fl-e"/>
      </object_component>
      <object_component id="oc-13d">
         <name>.text.bluetooth_send_int32</name>
         <load_address>0x12e2</load_address>
         <readonly>true</readonly>
         <executable>true</executable>
         <run_address>0x12e2</run_address>
         <size>0xa6</size>
         <alignment>0x2</alignment>
         <input_file_ref idref="fl-6"/>
      </object_component>
      <object_component id="oc-14c">
         <name>.text.oled_print_int</name>
         <load_address>0x1388</load_address>
         <readonly>true</readonly>
         <executable>true</executable>
         <run_address>0x1388</run_address>
         <size>0xa6</size>
         <alignment>0x2</alignment>
         <input_file_ref idref="fl-d"/>
      </object_component>
      <object_component id="oc-260">
         <name>.text</name>
         <load_address>0x1430</load_address>
         <readonly>true</readonly>
         <executable>true</executable>
         <run_address>0x1430</run_address>
         <size>0xa2</size>
         <alignment>0x4</alignment>
         <input_file_ref idref="fl-129"/>
      </object_component>
      <object_component id="oc-208">
         <name>.text.line_track_calculate_error</name>
         <load_address>0x14d4</load_address>
         <readonly>true</readonly>
         <executable>true</executable>
         <run_address>0x14d4</run_address>
         <size>0x94</size>
         <alignment>0x4</alignment>
         <input_file_ref idref="fl-b"/>
      </object_component>
      <object_component id="oc-101">
         <name>.text.SYSCFG_DL_PWM_init</name>
         <load_address>0x1568</load_address>
         <readonly>true</readonly>
         <executable>true</executable>
         <run_address>0x1568</run_address>
         <size>0x90</size>
         <alignment>0x4</alignment>
         <input_file_ref idref="fl-2"/>
      </object_component>
      <object_component id="oc-ee">
         <name>.text.encoder_delta_to_speed_mm_s</name>
         <load_address>0x15f8</load_address>
         <readonly>true</readonly>
         <executable>true</executable>
         <run_address>0x15f8</run_address>
         <size>0x8c</size>
         <alignment>0x4</alignment>
         <input_file_ref idref="fl-8"/>
      </object_component>
      <object_component id="oc-1f9">
         <name>.text.oled_print_char</name>
         <load_address>0x1684</load_address>
         <readonly>true</readonly>
         <executable>true</executable>
         <run_address>0x1684</run_address>
         <size>0x8c</size>
         <alignment>0x4</alignment>
         <input_file_ref idref="fl-d"/>
      </object_component>
      <object_component id="oc-cd">
         <name>.text.bluetooth_send_params</name>
         <load_address>0x1710</load_address>
         <readonly>true</readonly>
         <executable>true</executable>
         <run_address>0x1710</run_address>
         <size>0x88</size>
         <alignment>0x4</alignment>
         <input_file_ref idref="fl-6"/>
      </object_component>
      <object_component id="oc-1d8">
         <name>.text.__NVIC_SetPriority</name>
         <load_address>0x1798</load_address>
         <readonly>true</readonly>
         <executable>true</executable>
         <run_address>0x1798</run_address>
         <size>0x84</size>
         <alignment>0x4</alignment>
         <input_file_ref idref="fl-2"/>
      </object_component>
      <object_component id="oc-1fc">
         <name>.text.bluetooth_packet_equals</name>
         <load_address>0x181c</load_address>
         <readonly>true</readonly>
         <executable>true</executable>
         <run_address>0x181c</run_address>
         <size>0x84</size>
         <alignment>0x2</alignment>
         <input_file_ref idref="fl-6"/>
      </object_component>
      <object_component id="oc-bd">
         <name>.text.speed_pid_init</name>
         <load_address>0x18a0</load_address>
         <readonly>true</readonly>
         <executable>true</executable>
         <run_address>0x18a0</run_address>
         <size>0x84</size>
         <alignment>0x4</alignment>
         <input_file_ref idref="fl-e"/>
      </object_component>
      <object_component id="oc-20c">
         <name>.text.uart0_send_int</name>
         <load_address>0x1924</load_address>
         <readonly>true</readonly>
         <executable>true</executable>
         <run_address>0x1924</run_address>
         <size>0x84</size>
         <alignment>0x2</alignment>
         <input_file_ref idref="fl-10"/>
      </object_component>
      <object_component id="oc-fe">
         <name>.text.SYSCFG_DL_initPower</name>
         <load_address>0x19a8</load_address>
         <readonly>true</readonly>
         <executable>true</executable>
         <run_address>0x19a8</run_address>
         <size>0x7c</size>
         <alignment>0x4</alignment>
         <input_file_ref idref="fl-2"/>
      </object_component>
      <object_component id="oc-d2">
         <name>.text.gray_serial_read</name>
         <load_address>0x1a24</load_address>
         <readonly>true</readonly>
         <executable>true</executable>
         <run_address>0x1a24</run_address>
         <size>0x7c</size>
         <alignment>0x4</alignment>
         <input_file_ref idref="fl-9"/>
      </object_component>
      <object_component id="oc-1c">
         <name>.text:decompress:lzss</name>
         <load_address>0x1aa0</load_address>
         <readonly>true</readonly>
         <executable>true</executable>
         <run_address>0x1aa0</run_address>
         <size>0x7c</size>
         <alignment>0x4</alignment>
         <input_file_ref idref="fl-4b"/>
      </object_component>
      <object_component id="oc-72">
         <name>.text.encoder_gpio_irq_handler</name>
         <load_address>0x1b1c</load_address>
         <readonly>true</readonly>
         <executable>true</executable>
         <run_address>0x1b1c</run_address>
         <size>0x78</size>
         <alignment>0x4</alignment>
         <input_file_ref idref="fl-8"/>
      </object_component>
      <object_component id="oc-26e">
         <name>.text.__gedf2</name>
         <load_address>0x1b94</load_address>
         <readonly>true</readonly>
         <executable>true</executable>
         <run_address>0x1b94</run_address>
         <size>0x74</size>
         <alignment>0x4</alignment>
         <input_file_ref idref="fl-12b"/>
      </object_component>
      <object_component id="oc-9c">
         <name>.text.encoder_update_speed</name>
         <load_address>0x1c08</load_address>
         <readonly>true</readonly>
         <executable>true</executable>
         <run_address>0x1c08</run_address>
         <size>0x74</size>
         <alignment>0x4</alignment>
         <input_file_ref idref="fl-8"/>
      </object_component>
      <object_component id="oc-3e">
         <name>.text.UART1_IRQHandler</name>
         <load_address>0x1c7c</load_address>
         <readonly>true</readonly>
         <executable>true</executable>
         <run_address>0x1c7c</run_address>
         <size>0x6c</size>
         <alignment>0x4</alignment>
         <input_file_ref idref="fl-6"/>
      </object_component>
      <object_component id="oc-149">
         <name>.text.oled_set_cursor</name>
         <load_address>0x1ce8</load_address>
         <readonly>true</readonly>
         <executable>true</executable>
         <run_address>0x1ce8</run_address>
         <size>0x6c</size>
         <alignment>0x4</alignment>
         <input_file_ref idref="fl-d"/>
      </object_component>
      <object_component id="oc-100">
         <name>.text.SYSCFG_DL_SYSCTL_init</name>
         <load_address>0x1d54</load_address>
         <readonly>true</readonly>
         <executable>true</executable>
         <run_address>0x1d54</run_address>
         <size>0x68</size>
         <alignment>0x4</alignment>
         <input_file_ref idref="fl-2"/>
      </object_component>
      <object_component id="oc-268">
         <name>.text.__ledf2</name>
         <load_address>0x1dbc</load_address>
         <readonly>true</readonly>
         <executable>true</executable>
         <run_address>0x1dbc</run_address>
         <size>0x68</size>
         <alignment>0x4</alignment>
         <input_file_ref idref="fl-12b"/>
      </object_component>
      <object_component id="oc-c7">
         <name>.text.bluetooth_init</name>
         <load_address>0x1e24</load_address>
         <readonly>true</readonly>
         <executable>true</executable>
         <run_address>0x1e24</run_address>
         <size>0x68</size>
         <alignment>0x4</alignment>
         <input_file_ref idref="fl-6"/>
      </object_component>
      <object_component id="oc-163">
         <name>.text.vofa_send_six_int</name>
         <load_address>0x1e8c</load_address>
         <readonly>true</readonly>
         <executable>true</executable>
         <run_address>0x1e8c</run_address>
         <size>0x68</size>
         <alignment>0x4</alignment>
         <input_file_ref idref="fl-10"/>
      </object_component>
      <object_component id="oc-169">
         <name>.text.pid_apply_min_start_pwm</name>
         <load_address>0x1ef4</load_address>
         <readonly>true</readonly>
         <executable>true</executable>
         <run_address>0x1ef4</run_address>
         <size>0x66</size>
         <alignment>0x2</alignment>
         <input_file_ref idref="fl-e"/>
      </object_component>
      <object_component id="oc-1fd">
         <name>.text.bluetooth_find_value</name>
         <load_address>0x1f5a</load_address>
         <readonly>true</readonly>
         <executable>true</executable>
         <run_address>0x1f5a</run_address>
         <size>0x64</size>
         <alignment>0x2</alignment>
         <input_file_ref idref="fl-6"/>
      </object_component>
      <object_component id="oc-236">
         <name>.text.__aeabi_dcmp</name>
         <load_address>0x1fc0</load_address>
         <readonly>true</readonly>
         <executable>true</executable>
         <run_address>0x1fc0</run_address>
         <size>0x62</size>
         <alignment>0x4</alignment>
         <input_file_ref idref="fl-120"/>
      </object_component>
      <object_component id="oc-20d">
         <name>.text.uart0_send_byte</name>
         <load_address>0x2024</load_address>
         <readonly>true</readonly>
         <executable>true</executable>
         <run_address>0x2024</run_address>
         <size>0x60</size>
         <alignment>0x4</alignment>
         <input_file_ref idref="fl-10"/>
      </object_component>
      <object_component id="oc-102">
         <name>.text.SYSCFG_DL_I2C_ICM42688_init</name>
         <load_address>0x2084</load_address>
         <readonly>true</readonly>
         <executable>true</executable>
         <run_address>0x2084</run_address>
         <size>0x58</size>
         <alignment>0x4</alignment>
         <input_file_ref idref="fl-2"/>
      </object_component>
      <object_component id="oc-256">
         <name>.text.__aeabi_idivmod</name>
         <load_address>0x20dc</load_address>
         <readonly>true</readonly>
         <executable>true</executable>
         <run_address>0x20dc</run_address>
         <size>0x56</size>
         <alignment>0x4</alignment>
         <input_file_ref idref="fl-122"/>
      </object_component>
      <object_component id="oc-104">
         <name>.text.SYSCFG_DL_UART_1_init</name>
         <load_address>0x2134</load_address>
         <readonly>true</readonly>
         <executable>true</executable>
         <run_address>0x2134</run_address>
         <size>0x54</size>
         <alignment>0x4</alignment>
         <input_file_ref idref="fl-2"/>
      </object_component>
      <object_component id="oc-192">
         <name>.text.DL_GPIO_initPeripheralInputFunctionFeatures</name>
         <load_address>0x2188</load_address>
         <readonly>true</readonly>
         <executable>true</executable>
         <run_address>0x2188</run_address>
         <size>0x50</size>
         <alignment>0x4</alignment>
         <input_file_ref idref="fl-2"/>
      </object_component>
      <object_component id="oc-1db">
         <name>.text.SysTick_Config</name>
         <load_address>0x21d8</load_address>
         <readonly>true</readonly>
         <executable>true</executable>
         <run_address>0x21d8</run_address>
         <size>0x50</size>
         <alignment>0x4</alignment>
         <input_file_ref idref="fl-2"/>
      </object_component>
      <object_component id="oc-1e6">
         <name>.text.oled_write_byte</name>
         <load_address>0x2228</load_address>
         <readonly>true</readonly>
         <executable>true</executable>
         <run_address>0x2228</run_address>
         <size>0x50</size>
         <alignment>0x2</alignment>
         <input_file_ref idref="fl-d"/>
      </object_component>
      <object_component id="oc-196">
         <name>.text.DL_GPIO_initDigitalInputFeatures</name>
         <load_address>0x2278</load_address>
         <readonly>true</readonly>
         <executable>true</executable>
         <run_address>0x2278</run_address>
         <size>0x4c</size>
         <alignment>0x4</alignment>
         <input_file_ref idref="fl-2"/>
      </object_component>
      <object_component id="oc-1d3">
         <name>.text.DL_UART_setBaudRateDivisor</name>
         <load_address>0x22c4</load_address>
         <readonly>true</readonly>
         <executable>true</executable>
         <run_address>0x22c4</run_address>
         <size>0x4c</size>
         <alignment>0x4</alignment>
         <input_file_ref idref="fl-2"/>
      </object_component>
      <object_component id="oc-1d1">
         <name>.text.DL_UART_init</name>
         <load_address>0x2310</load_address>
         <readonly>true</readonly>
         <executable>true</executable>
         <run_address>0x2310</run_address>
         <size>0x48</size>
         <alignment>0x4</alignment>
         <input_file_ref idref="fl-21"/>
      </object_component>
      <object_component id="oc-148">
         <name>.text.oled_clear_line</name>
         <load_address>0x2358</load_address>
         <readonly>true</readonly>
         <executable>true</executable>
         <run_address>0x2358</run_address>
         <size>0x48</size>
         <alignment>0x2</alignment>
         <input_file_ref idref="fl-d"/>
      </object_component>
      <object_component id="oc-1ab">
         <name>.text.DL_SYSCTL_switchMCLKfromSYSOSCtoHSCLK</name>
         <load_address>0x23a0</load_address>
         <readonly>true</readonly>
         <executable>true</executable>
         <run_address>0x23a0</run_address>
         <size>0x44</size>
         <alignment>0x4</alignment>
         <input_file_ref idref="fl-22"/>
      </object_component>
      <object_component id="oc-c2">
         <name>.text.line_track_init</name>
         <load_address>0x23e4</load_address>
         <readonly>true</readonly>
         <executable>true</executable>
         <run_address>0x23e4</run_address>
         <size>0x44</size>
         <alignment>0x4</alignment>
         <input_file_ref idref="fl-b"/>
      </object_component>
      <object_component id="oc-211">
         <name>.text.pid_limit</name>
         <load_address>0x2428</load_address>
         <readonly>true</readonly>
         <executable>true</executable>
         <run_address>0x2428</run_address>
         <size>0x44</size>
         <alignment>0x2</alignment>
         <input_file_ref idref="fl-e"/>
      </object_component>
      <object_component id="oc-103">
         <name>.text.SYSCFG_DL_UART0_init</name>
         <load_address>0x246c</load_address>
         <readonly>true</readonly>
         <executable>true</executable>
         <run_address>0x246c</run_address>
         <size>0x40</size>
         <alignment>0x4</alignment>
         <input_file_ref idref="fl-2"/>
      </object_component>
      <object_component id="oc-1ea">
         <name>.text.__aeabi_uidivmod</name>
         <load_address>0x24ac</load_address>
         <readonly>true</readonly>
         <executable>true</executable>
         <run_address>0x24ac</run_address>
         <size>0x40</size>
         <alignment>0x4</alignment>
         <input_file_ref idref="fl-126"/>
      </object_component>
      <object_component id="oc-1de">
         <name>.text.motor_limit_pwm</name>
         <load_address>0x24ec</load_address>
         <readonly>true</readonly>
         <executable>true</executable>
         <run_address>0x24ec</run_address>
         <size>0x40</size>
         <alignment>0x4</alignment>
         <input_file_ref idref="fl-c"/>
      </object_component>
      <object_component id="oc-248">
         <name>.text.oled_reverse_bits</name>
         <load_address>0x252c</load_address>
         <readonly>true</readonly>
         <executable>true</executable>
         <run_address>0x252c</run_address>
         <size>0x40</size>
         <alignment>0x2</alignment>
         <input_file_ref idref="fl-d"/>
      </object_component>
      <object_component id="oc-222">
         <name>.text.__divmoddi4</name>
         <load_address>0x256c</load_address>
         <readonly>true</readonly>
         <executable>true</executable>
         <run_address>0x256c</run_address>
         <size>0x3e</size>
         <alignment>0x2</alignment>
         <input_file_ref idref="fl-12c"/>
      </object_component>
      <object_component id="oc-10c">
         <name>.text.encoder_read_left_state</name>
         <load_address>0x25aa</load_address>
         <readonly>true</readonly>
         <executable>true</executable>
         <run_address>0x25aa</run_address>
         <size>0x3e</size>
         <alignment>0x2</alignment>
         <input_file_ref idref="fl-8"/>
      </object_component>
      <object_component id="oc-10d">
         <name>.text.encoder_read_right_state</name>
         <load_address>0x25e8</load_address>
         <readonly>true</readonly>
         <executable>true</executable>
         <run_address>0x25e8</run_address>
         <size>0x3e</size>
         <alignment>0x2</alignment>
         <input_file_ref idref="fl-8"/>
      </object_component>
      <object_component id="oc-14b">
         <name>.text.oled_print_string</name>
         <load_address>0x2626</load_address>
         <readonly>true</readonly>
         <executable>true</executable>
         <run_address>0x2626</run_address>
         <size>0x3e</size>
         <alignment>0x2</alignment>
         <input_file_ref idref="fl-d"/>
      </object_component>
      <object_component id="oc-1b4">
         <name>.text.DL_Timer_setCounterControl</name>
         <load_address>0x2664</load_address>
         <readonly>true</readonly>
         <executable>true</executable>
         <run_address>0x2664</run_address>
         <size>0x3c</size>
         <alignment>0x4</alignment>
         <input_file_ref idref="fl-2"/>
      </object_component>
      <object_component id="oc-14d">
         <name>.text.oled_print_hex_u8</name>
         <load_address>0x26a0</load_address>
         <readonly>true</readonly>
         <executable>true</executable>
         <run_address>0x26a0</run_address>
         <size>0x3c</size>
         <alignment>0x4</alignment>
         <input_file_ref idref="fl-d"/>
      </object_component>
      <object_component id="oc-115">
         <name>.text.pid_init</name>
         <load_address>0x26dc</load_address>
         <readonly>true</readonly>
         <executable>true</executable>
         <run_address>0x26dc</run_address>
         <size>0x3c</size>
         <alignment>0x2</alignment>
         <input_file_ref idref="fl-e"/>
      </object_component>
      <object_component id="oc-dc">
         <name>.text:__TI_auto_init_nobinit_nopinit</name>
         <load_address>0x2718</load_address>
         <readonly>true</readonly>
         <executable>true</executable>
         <run_address>0x2718</run_address>
         <size>0x3c</size>
         <alignment>0x4</alignment>
         <input_file_ref idref="fl-46"/>
      </object_component>
      <object_component id="oc-21d">
         <name>.text.__muldsi3</name>
         <load_address>0x2754</load_address>
         <readonly>true</readonly>
         <executable>true</executable>
         <run_address>0x2754</run_address>
         <size>0x3a</size>
         <alignment>0x4</alignment>
         <input_file_ref idref="fl-112"/>
      </object_component>
      <object_component id="oc-200">
         <name>.text.bluetooth_is_digit</name>
         <load_address>0x278e</load_address>
         <readonly>true</readonly>
         <executable>true</executable>
         <run_address>0x278e</run_address>
         <size>0x38</size>
         <alignment>0x2</alignment>
         <input_file_ref idref="fl-6"/>
      </object_component>
      <object_component id="oc-a0">
         <name>.text.encoder_update_left</name>
         <load_address>0x27c8</load_address>
         <readonly>true</readonly>
         <executable>true</executable>
         <run_address>0x27c8</run_address>
         <size>0x38</size>
         <alignment>0x4</alignment>
         <input_file_ref idref="fl-8"/>
      </object_component>
      <object_component id="oc-a1">
         <name>.text.encoder_update_right</name>
         <load_address>0x2800</load_address>
         <readonly>true</readonly>
         <executable>true</executable>
         <run_address>0x2800</run_address>
         <size>0x38</size>
         <alignment>0x4</alignment>
         <input_file_ref idref="fl-8"/>
      </object_component>
      <object_component id="oc-273">
         <name>.text.angle_control_limit_i32</name>
         <load_address>0x2838</load_address>
         <readonly>true</readonly>
         <executable>true</executable>
         <run_address>0x2838</run_address>
         <size>0x36</size>
         <alignment>0x2</alignment>
         <input_file_ref idref="fl-4"/>
      </object_component>
      <object_component id="oc-209">
         <name>.text.line_track_limit</name>
         <load_address>0x286e</load_address>
         <readonly>true</readonly>
         <executable>true</executable>
         <run_address>0x286e</run_address>
         <size>0x36</size>
         <alignment>0x2</alignment>
         <input_file_ref idref="fl-b"/>
      </object_component>
      <object_component id="oc-cf">
         <name>.text.oled_clear</name>
         <load_address>0x28a4</load_address>
         <readonly>true</readonly>
         <executable>true</executable>
         <run_address>0x28a4</run_address>
         <size>0x36</size>
         <alignment>0x2</alignment>
         <input_file_ref idref="fl-d"/>
      </object_component>
      <object_component id="oc-24a">
         <name>.text.bluetooth_to_upper</name>
         <load_address>0x28da</load_address>
         <readonly>true</readonly>
         <executable>true</executable>
         <run_address>0x28da</run_address>
         <size>0x34</size>
         <alignment>0x2</alignment>
         <input_file_ref idref="fl-6"/>
      </object_component>
      <object_component id="oc-1e5">
         <name>.text.oled_dc</name>
         <load_address>0x2910</load_address>
         <readonly>true</readonly>
         <executable>true</executable>
         <run_address>0x2910</run_address>
         <size>0x34</size>
         <alignment>0x4</alignment>
         <input_file_ref idref="fl-d"/>
      </object_component>
      <object_component id="oc-132">
         <name>.text.oled_rst</name>
         <load_address>0x2944</load_address>
         <readonly>true</readonly>
         <executable>true</executable>
         <run_address>0x2944</run_address>
         <size>0x34</size>
         <alignment>0x4</alignment>
         <input_file_ref idref="fl-d"/>
      </object_component>
      <object_component id="oc-240">
         <name>.text.oled_scl</name>
         <load_address>0x2978</load_address>
         <readonly>true</readonly>
         <executable>true</executable>
         <run_address>0x2978</run_address>
         <size>0x34</size>
         <alignment>0x4</alignment>
         <input_file_ref idref="fl-d"/>
      </object_component>
      <object_component id="oc-241">
         <name>.text.oled_sda</name>
         <load_address>0x29ac</load_address>
         <readonly>true</readonly>
         <executable>true</executable>
         <run_address>0x29ac</run_address>
         <size>0x34</size>
         <alignment>0x4</alignment>
         <input_file_ref idref="fl-d"/>
      </object_component>
      <object_component id="oc-162">
         <name>.text.speed_pid_should_send_vofa</name>
         <load_address>0x29e0</load_address>
         <readonly>true</readonly>
         <executable>true</executable>
         <run_address>0x29e0</run_address>
         <size>0x34</size>
         <alignment>0x4</alignment>
         <input_file_ref idref="fl-e"/>
      </object_component>
      <object_component id="oc-1ee">
         <name>.text.DL_UART_transmitDataBlocking</name>
         <load_address>0x2a14</load_address>
         <readonly>true</readonly>
         <executable>true</executable>
         <run_address>0x2a14</run_address>
         <size>0x30</size>
         <alignment>0x4</alignment>
         <input_file_ref idref="fl-21"/>
      </object_component>
      <object_component id="oc-b2">
         <name>.text.SYSCFG_DL_init</name>
         <load_address>0x2a44</load_address>
         <readonly>true</readonly>
         <executable>true</executable>
         <run_address>0x2a44</run_address>
         <size>0x30</size>
         <alignment>0x4</alignment>
         <input_file_ref idref="fl-2"/>
      </object_component>
      <object_component id="oc-12e">
         <name>.text.__NVIC_ClearPendingIRQ</name>
         <load_address>0x2a74</load_address>
         <readonly>true</readonly>
         <executable>true</executable>
         <run_address>0x2a74</run_address>
         <size>0x2c</size>
         <alignment>0x4</alignment>
         <input_file_ref idref="fl-6"/>
      </object_component>
      <object_component id="oc-111">
         <name>.text.__NVIC_ClearPendingIRQ</name>
         <load_address>0x2aa0</load_address>
         <readonly>true</readonly>
         <executable>true</executable>
         <run_address>0x2aa0</run_address>
         <size>0x2c</size>
         <alignment>0x4</alignment>
         <input_file_ref idref="fl-8"/>
      </object_component>
      <object_component id="oc-12f">
         <name>.text.__NVIC_EnableIRQ</name>
         <load_address>0x2acc</load_address>
         <readonly>true</readonly>
         <executable>true</executable>
         <run_address>0x2acc</run_address>
         <size>0x2c</size>
         <alignment>0x4</alignment>
         <input_file_ref idref="fl-6"/>
      </object_component>
      <object_component id="oc-112">
         <name>.text.__NVIC_EnableIRQ</name>
         <load_address>0x2af8</load_address>
         <readonly>true</readonly>
         <executable>true</executable>
         <run_address>0x2af8</run_address>
         <size>0x2c</size>
         <alignment>0x4</alignment>
         <input_file_ref idref="fl-8"/>
      </object_component>
      <object_component id="oc-22a">
         <name>.text.DL_Common_updateReg</name>
         <load_address>0x2b24</load_address>
         <readonly>true</readonly>
         <executable>true</executable>
         <run_address>0x2b24</run_address>
         <size>0x28</size>
         <alignment>0x2</alignment>
         <input_file_ref idref="fl-2"/>
      </object_component>
      <object_component id="oc-1c7">
         <name>.text.DL_I2C_setControllerRXFIFOThreshold</name>
         <load_address>0x2b4c</load_address>
         <readonly>true</readonly>
         <executable>true</executable>
         <run_address>0x2b4c</run_address>
         <size>0x28</size>
         <alignment>0x4</alignment>
         <input_file_ref idref="fl-2"/>
      </object_component>
      <object_component id="oc-1c6">
         <name>.text.DL_I2C_setControllerTXFIFOThreshold</name>
         <load_address>0x2b74</load_address>
         <readonly>true</readonly>
         <executable>true</executable>
         <run_address>0x2b74</run_address>
         <size>0x28</size>
         <alignment>0x4</alignment>
         <input_file_ref idref="fl-2"/>
      </object_component>
      <object_component id="oc-6a">
         <name>.text.delay_tick</name>
         <load_address>0x2b9c</load_address>
         <readonly>true</readonly>
         <executable>true</executable>
         <run_address>0x2b9c</run_address>
         <size>0x28</size>
         <alignment>0x4</alignment>
         <input_file_ref idref="fl-7"/>
      </object_component>
      <object_component id="oc-15f">
         <name>.text.encoder_get_left_speed_mm_s</name>
         <load_address>0x2bc4</load_address>
         <readonly>true</readonly>
         <executable>true</executable>
         <run_address>0x2bc4</run_address>
         <size>0x28</size>
         <alignment>0x4</alignment>
         <input_file_ref idref="fl-8"/>
      </object_component>
      <object_component id="oc-160">
         <name>.text.encoder_get_right_speed_mm_s</name>
         <load_address>0x2bec</load_address>
         <readonly>true</readonly>
         <executable>true</executable>
         <run_address>0x2bec</run_address>
         <size>0x28</size>
         <alignment>0x4</alignment>
         <input_file_ref idref="fl-8"/>
      </object_component>
      <object_component id="oc-14a">
         <name>.text.line_track_get_status</name>
         <load_address>0x2c14</load_address>
         <readonly>true</readonly>
         <executable>true</executable>
         <run_address>0x2c14</run_address>
         <size>0x28</size>
         <alignment>0x4</alignment>
         <input_file_ref idref="fl-b"/>
      </object_component>
      <object_component id="oc-63">
         <name>.text:_c_int00_noargs</name>
         <load_address>0x2c3c</load_address>
         <readonly>true</readonly>
         <executable>true</executable>
         <run_address>0x2c3c</run_address>
         <size>0x28</size>
         <alignment>0x4</alignment>
         <input_file_ref idref="fl-44"/>
      </object_component>
      <object_component id="oc-1c2">
         <name>.text.DL_I2C_setAnalogGlitchFilterPulseWidth</name>
         <load_address>0x2c64</load_address>
         <readonly>true</readonly>
         <executable>true</executable>
         <run_address>0x2c64</run_address>
         <size>0x26</size>
         <alignment>0x2</alignment>
         <input_file_ref idref="fl-2"/>
      </object_component>
      <object_component id="oc-1bc">
         <name>.text.DL_I2C_setClockConfig</name>
         <load_address>0x2c8a</load_address>
         <readonly>true</readonly>
         <executable>true</executable>
         <run_address>0x2c8a</run_address>
         <size>0x26</size>
         <alignment>0x2</alignment>
         <input_file_ref idref="fl-1f"/>
      </object_component>
      <object_component id="oc-137">
         <name>.text.bluetooth_send_string</name>
         <load_address>0x2cb0</load_address>
         <readonly>true</readonly>
         <executable>true</executable>
         <run_address>0x2cb0</run_address>
         <size>0x26</size>
         <alignment>0x2</alignment>
         <input_file_ref idref="fl-6"/>
      </object_component>
      <object_component id="oc-255">
         <name>.text.line_track_is_active</name>
         <load_address>0x2cd6</load_address>
         <readonly>true</readonly>
         <executable>true</executable>
         <run_address>0x2cd6</run_address>
         <size>0x26</size>
         <alignment>0x2</alignment>
         <input_file_ref idref="fl-b"/>
      </object_component>
      <object_component id="oc-20b">
         <name>.text.uart0_send_string</name>
         <load_address>0x2cfc</load_address>
         <readonly>true</readonly>
         <executable>true</executable>
         <run_address>0x2cfc</run_address>
         <size>0x26</size>
         <alignment>0x2</alignment>
         <input_file_ref idref="fl-10"/>
      </object_component>
      <object_component id="oc-232">
         <name>.text.__floatunsidf</name>
         <load_address>0x2d24</load_address>
         <readonly>true</readonly>
         <executable>true</executable>
         <run_address>0x2d24</run_address>
         <size>0x24</size>
         <alignment>0x4</alignment>
         <input_file_ref idref="fl-11c"/>
      </object_component>
      <object_component id="oc-17a">
         <name>.text.__muldi3</name>
         <load_address>0x2d48</load_address>
         <readonly>true</readonly>
         <executable>true</executable>
         <run_address>0x2d48</run_address>
         <size>0x24</size>
         <alignment>0x4</alignment>
         <input_file_ref idref="fl-11e"/>
      </object_component>
      <object_component id="oc-24f">
         <name>.text.angle_control_set_max_correction</name>
         <load_address>0x2d6c</load_address>
         <readonly>true</readonly>
         <executable>true</executable>
         <run_address>0x2d6c</run_address>
         <size>0x24</size>
         <alignment>0x4</alignment>
         <input_file_ref idref="fl-4"/>
      </object_component>
      <object_component id="oc-6f">
         <name>.text.encoder_tick_1ms</name>
         <load_address>0x2d90</load_address>
         <readonly>true</readonly>
         <executable>true</executable>
         <run_address>0x2d90</run_address>
         <size>0x24</size>
         <alignment>0x4</alignment>
         <input_file_ref idref="fl-8"/>
      </object_component>
      <object_component id="oc-253">
         <name>.text.line_track_set_max_correction</name>
         <load_address>0x2db4</load_address>
         <readonly>true</readonly>
         <executable>true</executable>
         <run_address>0x2db4</run_address>
         <size>0x24</size>
         <alignment>0x4</alignment>
         <input_file_ref idref="fl-b"/>
      </object_component>
      <object_component id="oc-1f6">
         <name>.text.oled_physical_page</name>
         <load_address>0x2dd8</load_address>
         <readonly>true</readonly>
         <executable>true</executable>
         <run_address>0x2dd8</run_address>
         <size>0x24</size>
         <alignment>0x2</alignment>
         <input_file_ref idref="fl-d"/>
      </object_component>
      <object_component id="oc-194">
         <name>.text.DL_GPIO_initPeripheralInputFunction</name>
         <load_address>0x2dfc</load_address>
         <readonly>true</readonly>
         <executable>true</executable>
         <run_address>0x2dfc</run_address>
         <size>0x20</size>
         <alignment>0x4</alignment>
         <input_file_ref idref="fl-2"/>
      </object_component>
      <object_component id="oc-19d">
         <name>.text.DL_SYSCTL_setFlashWaitState</name>
         <load_address>0x2e1c</load_address>
         <readonly>true</readonly>
         <executable>true</executable>
         <run_address>0x2e1c</run_address>
         <size>0x20</size>
         <alignment>0x4</alignment>
         <input_file_ref idref="fl-2"/>
      </object_component>
      <object_component id="oc-133">
         <name>.text.delay_ms</name>
         <load_address>0x2e3c</load_address>
         <readonly>true</readonly>
         <executable>true</executable>
         <run_address>0x2e3c</run_address>
         <size>0x20</size>
         <alignment>0x4</alignment>
         <input_file_ref idref="fl-7"/>
      </object_component>
      <object_component id="oc-1dc">
         <name>.text.encoder_left_a_is_high</name>
         <load_address>0x2e5c</load_address>
         <readonly>true</readonly>
         <executable>true</executable>
         <run_address>0x2e5c</run_address>
         <size>0x20</size>
         <alignment>0x4</alignment>
         <input_file_ref idref="fl-8"/>
      </object_component>
      <object_component id="oc-f5">
         <name>.text.encoder_left_b_is_high</name>
         <load_address>0x2e7c</load_address>
         <readonly>true</readonly>
         <executable>true</executable>
         <run_address>0x2e7c</run_address>
         <size>0x20</size>
         <alignment>0x4</alignment>
         <input_file_ref idref="fl-8"/>
      </object_component>
      <object_component id="oc-1dd">
         <name>.text.encoder_right_a_is_high</name>
         <load_address>0x2e9c</load_address>
         <readonly>true</readonly>
         <executable>true</executable>
         <run_address>0x2e9c</run_address>
         <size>0x20</size>
         <alignment>0x4</alignment>
         <input_file_ref idref="fl-8"/>
      </object_component>
      <object_component id="oc-f6">
         <name>.text.encoder_right_b_is_high</name>
         <load_address>0x2ebc</load_address>
         <readonly>true</readonly>
         <executable>true</executable>
         <run_address>0x2ebc</run_address>
         <size>0x20</size>
         <alignment>0x4</alignment>
         <input_file_ref idref="fl-8"/>
      </object_component>
      <object_component id="oc-25c">
         <name>.text.speed_pid_set_target</name>
         <load_address>0x2edc</load_address>
         <readonly>true</readonly>
         <executable>true</executable>
         <run_address>0x2edc</run_address>
         <size>0x20</size>
         <alignment>0x4</alignment>
         <input_file_ref idref="fl-e"/>
      </object_component>
      <object_component id="oc-1d2">
         <name>.text.DL_UART_setOversampling</name>
         <load_address>0x2efc</load_address>
         <readonly>true</readonly>
         <executable>true</executable>
         <run_address>0x2efc</run_address>
         <size>0x1e</size>
         <alignment>0x2</alignment>
         <input_file_ref idref="fl-2"/>
      </object_component>
      <object_component id="oc-276">
         <name>.text.__ashldi3</name>
         <load_address>0x2f1c</load_address>
         <readonly>true</readonly>
         <executable>true</executable>
         <run_address>0x2f1c</run_address>
         <size>0x1e</size>
         <alignment>0x4</alignment>
         <input_file_ref idref="fl-12a"/>
      </object_component>
      <object_component id="oc-9f">
         <name>.text.DL_GPIO_clearInterruptStatus</name>
         <load_address>0x2f3c</load_address>
         <readonly>true</readonly>
         <executable>true</executable>
         <run_address>0x2f3c</run_address>
         <size>0x1c</size>
         <alignment>0x4</alignment>
         <input_file_ref idref="fl-8"/>
      </object_component>
      <object_component id="oc-199">
         <name>.text.DL_GPIO_clearInterruptStatus</name>
         <load_address>0x2f58</load_address>
         <readonly>true</readonly>
         <executable>true</executable>
         <run_address>0x2f58</run_address>
         <size>0x1c</size>
         <alignment>0x4</alignment>
         <input_file_ref idref="fl-2"/>
      </object_component>
      <object_component id="oc-10e">
         <name>.text.DL_GPIO_disableInterrupt</name>
         <load_address>0x2f74</load_address>
         <readonly>true</readonly>
         <executable>true</executable>
         <run_address>0x2f74</run_address>
         <size>0x1c</size>
         <alignment>0x4</alignment>
         <input_file_ref idref="fl-8"/>
      </object_component>
      <object_component id="oc-193">
         <name>.text.DL_GPIO_enableHiZ</name>
         <load_address>0x2f90</load_address>
         <readonly>true</readonly>
         <executable>true</executable>
         <run_address>0x2f90</run_address>
         <size>0x1c</size>
         <alignment>0x4</alignment>
         <input_file_ref idref="fl-2"/>
      </object_component>
      <object_component id="oc-110">
         <name>.text.DL_GPIO_enableInterrupt</name>
         <load_address>0x2fac</load_address>
         <readonly>true</readonly>
         <executable>true</executable>
         <run_address>0x2fac</run_address>
         <size>0x1c</size>
         <alignment>0x4</alignment>
         <input_file_ref idref="fl-8"/>
      </object_component>
      <object_component id="oc-19a">
         <name>.text.DL_GPIO_enableInterrupt</name>
         <load_address>0x2fc8</load_address>
         <readonly>true</readonly>
         <executable>true</executable>
         <run_address>0x2fc8</run_address>
         <size>0x1c</size>
         <alignment>0x4</alignment>
         <input_file_ref idref="fl-2"/>
      </object_component>
      <object_component id="oc-190">
         <name>.text.DL_GPIO_initPeripheralOutputFunction</name>
         <load_address>0x2fe4</load_address>
         <readonly>true</readonly>
         <executable>true</executable>
         <run_address>0x2fe4</run_address>
         <size>0x1c</size>
         <alignment>0x4</alignment>
         <input_file_ref idref="fl-2"/>
      </object_component>
      <object_component id="oc-22e">
         <name>.text.DL_SYSCTL_configFCC</name>
         <load_address>0x3000</load_address>
         <readonly>true</readonly>
         <executable>true</executable>
         <run_address>0x3000</run_address>
         <size>0x1c</size>
         <alignment>0x4</alignment>
         <input_file_ref idref="fl-22"/>
      </object_component>
      <object_component id="oc-22d">
         <name>.text.DL_SYSCTL_setFCCPeriods</name>
         <load_address>0x301c</load_address>
         <readonly>true</readonly>
         <executable>true</executable>
         <run_address>0x301c</run_address>
         <size>0x1c</size>
         <alignment>0x4</alignment>
         <input_file_ref idref="fl-2"/>
      </object_component>
      <object_component id="oc-19e">
         <name>.text.DL_SYSCTL_setSYSOSCFreq</name>
         <load_address>0x3038</load_address>
         <readonly>true</readonly>
         <executable>true</executable>
         <run_address>0x3038</run_address>
         <size>0x1c</size>
         <alignment>0x4</alignment>
         <input_file_ref idref="fl-2"/>
      </object_component>
      <object_component id="oc-1aa">
         <name>.text.DL_SYSCTL_setULPCLKDivider</name>
         <load_address>0x3054</load_address>
         <readonly>true</readonly>
         <executable>true</executable>
         <run_address>0x3054</run_address>
         <size>0x1c</size>
         <alignment>0x4</alignment>
         <input_file_ref idref="fl-2"/>
      </object_component>
      <object_component id="oc-1b6">
         <name>.text.DL_Timer_setCaptCompUpdateMethod</name>
         <load_address>0x3070</load_address>
[...]
         <value>0x3783</value>
         <object_component_ref idref="oc-33"/>
      </symbol>
      <symbol id="sm-170">
         <name>RTC_IRQHandler</name>
         <value>0x3783</value>
         <object_component_ref idref="oc-33"/>
      </symbol>
      <symbol id="sm-171">
         <name>DMA_IRQHandler</name>
         <value>0x3783</value>
         <object_component_ref idref="oc-33"/>
      </symbol>
      <symbol id="sm-19b">
         <name>angle_control_set_base_speed</name>
         <value>0x30e1</value>
         <object_component_ref idref="oc-24e"/>
      </symbol>
      <symbol id="sm-19c">
         <name>angle_control_set_kp_scaled</name>
         <value>0x3561</value>
         <object_component_ref idref="oc-24c"/>
      </symbol>
      <symbol id="sm-19d">
         <name>angle_control_set_kd_scaled</name>
         <value>0x354d</value>
         <object_component_ref idref="oc-24d"/>
      </symbol>
      <symbol id="sm-19e">
         <name>angle_control_set_max_correction</name>
         <value>0x2d6d</value>
         <object_component_ref idref="oc-24f"/>
      </symbol>
      <symbol id="sm-19f">
         <name>angle_control_get_base_speed</name>
         <value>0x36ed</value>
         <object_component_ref idref="oc-140"/>
      </symbol>
      <symbol id="sm-1a0">
         <name>angle_control_get_kp_scaled</name>
         <value>0x3705</value>
         <object_component_ref idref="oc-138"/>
      </symbol>
      <symbol id="sm-1a1">
         <name>angle_control_get_kd_scaled</name>
         <value>0x36f9</value>
         <object_component_ref idref="oc-13f"/>
      </symbol>
      <symbol id="sm-1a2">
         <name>angle_control_get_max_correction</name>
         <value>0x3711</value>
         <object_component_ref idref="oc-141"/>
      </symbol>
      <symbol id="sm-212">
         <name>bluetooth_send_params</name>
         <value>0x1711</value>
         <object_component_ref idref="oc-cd"/>
      </symbol>
      <symbol id="sm-213">
         <name>bluetooth_init</name>
         <value>0x1e25</value>
         <object_component_ref idref="oc-c7"/>
      </symbol>
      <symbol id="sm-214">
         <name>bluetooth_process</name>
         <value>0xab9</value>
         <object_component_ref idref="oc-d1"/>
      </symbol>
      <symbol id="sm-215">
         <name>UART1_IRQHandler</name>
         <value>0x1c7d</value>
         <object_component_ref idref="oc-3e"/>
      </symbol>
      <symbol id="sm-227">
         <name>delay_ms</name>
         <value>0x2e3d</value>
         <object_component_ref idref="oc-133"/>
      </symbol>
      <symbol id="sm-228">
         <name>delay_times</name>
         <value>0x20200228</value>
         <object_component_ref idref="oc-99"/>
      </symbol>
      <symbol id="sm-229">
         <name>delay_tick</name>
         <value>0x2b9d</value>
         <object_component_ref idref="oc-6a"/>
      </symbol>
      <symbol id="sm-22a">
         <name>delay_get_ms</name>
         <value>0x371d</value>
         <object_component_ref idref="oc-ce"/>
      </symbol>
      <symbol id="sm-298">
         <name>encoder_init</name>
         <value>0x59d</value>
         <object_component_ref idref="oc-bc"/>
      </symbol>
      <symbol id="sm-299">
         <name>encoder_tick_1ms</name>
         <value>0x2d91</value>
         <object_component_ref idref="oc-6f"/>
      </symbol>
      <symbol id="sm-29a">
         <name>encoder_get_left_speed_mm_s</name>
         <value>0x2bc5</value>
         <object_component_ref idref="oc-15f"/>
      </symbol>
      <symbol id="sm-29b">
         <name>encoder_get_right_speed_mm_s</name>
         <value>0x2bed</value>
         <object_component_ref idref="oc-160"/>
      </symbol>
      <symbol id="sm-29c">
         <name>encoder_gpio_irq_handler</name>
         <value>0x1b1d</value>
         <object_component_ref idref="oc-72"/>
      </symbol>
      <symbol id="sm-29d">
         <name>GROUP1_IRQHandler</name>
         <value>0x3763</value>
         <object_component_ref idref="oc-39"/>
      </symbol>
      <symbol id="sm-2b7">
         <name>gray_serial_init</name>
         <value>0x3589</value>
         <object_component_ref idref="oc-b7"/>
      </symbol>
      <symbol id="sm-2b8">
         <name>gray_serial_read</name>
         <value>0x1a25</value>
         <object_component_ref idref="oc-d2"/>
      </symbol>
      <symbol id="sm-304">
         <name>line_track_init</name>
         <value>0x23e5</value>
         <object_component_ref idref="oc-c2"/>
      </symbol>
      <symbol id="sm-305">
         <name>line_track_set_base_speed</name>
         <value>0x359d</value>
         <object_component_ref idref="oc-252"/>
      </symbol>
      <symbol id="sm-306">
         <name>line_track_set_turn_kp</name>
         <value>0x35c5</value>
         <object_component_ref idref="oc-250"/>
      </symbol>
      <symbol id="sm-307">
         <name>line_track_set_turn_kd</name>
         <value>0x35b1</value>
         <object_component_ref idref="oc-251"/>
      </symbol>
      <symbol id="sm-308">
         <name>line_track_set_max_correction</name>
         <value>0x2db5</value>
         <object_component_ref idref="oc-253"/>
      </symbol>
      <symbol id="sm-309">
         <name>line_track_get_base_speed</name>
         <value>0x3729</value>
         <object_component_ref idref="oc-144"/>
      </symbol>
      <symbol id="sm-30a">
         <name>line_track_get_turn_kp</name>
         <value>0x374d</value>
         <object_component_ref idref="oc-142"/>
      </symbol>
      <symbol id="sm-30b">
         <name>line_track_get_turn_kd</name>
         <value>0x3741</value>
         <object_component_ref idref="oc-143"/>
      </symbol>
      <symbol id="sm-30c">
         <name>line_track_get_max_correction</name>
         <value>0x3735</value>
         <object_component_ref idref="oc-145"/>
      </symbol>
      <symbol id="sm-30d">
         <name>line_track_update_with_raw</name>
         <value>0x3431</value>
         <object_component_ref idref="oc-d3"/>
      </symbol>
      <symbol id="sm-30e">
         <name>line_track_get_status</name>
         <value>0x2c15</value>
         <object_component_ref idref="oc-14a"/>
      </symbol>
      <symbol id="sm-323">
         <name>motor_set_pwm</name>
         <value>0x9b9</value>
         <object_component_ref idref="oc-116"/>
      </symbol>
      <symbol id="sm-36c">
         <name>oled_init</name>
         <value>0xe71</value>
         <object_component_ref idref="oc-c8"/>
      </symbol>
      <symbol id="sm-36d">
         <name>oled_clear</name>
         <value>0x28a5</value>
         <object_component_ref idref="oc-cf"/>
      </symbol>
      <symbol id="sm-36e">
         <name>oled_clear_line</name>
         <value>0x2359</value>
         <object_component_ref idref="oc-148"/>
      </symbol>
      <symbol id="sm-36f">
         <name>oled_set_cursor</name>
         <value>0x1ce9</value>
         <object_component_ref idref="oc-149"/>
      </symbol>
      <symbol id="sm-370">
         <name>oled_print_char</name>
         <value>0x1685</value>
         <object_component_ref idref="oc-1f9"/>
      </symbol>
      <symbol id="sm-371">
         <name>oled_print_string</name>
         <value>0x2627</value>
         <object_component_ref idref="oc-14b"/>
      </symbol>
      <symbol id="sm-372">
         <name>oled_print_int</name>
         <value>0x1389</value>
         <object_component_ref idref="oc-14c"/>
      </symbol>
      <symbol id="sm-373">
         <name>oled_print_hex_u8</name>
         <value>0x26a1</value>
         <object_component_ref idref="oc-14d"/>
      </symbol>
      <symbol id="sm-3a3">
         <name>pid_init</name>
         <value>0x26dd</value>
         <object_component_ref idref="oc-115"/>
      </symbol>
      <symbol id="sm-3a4">
         <name>pid_reset</name>
         <value>0x3623</value>
         <object_component_ref idref="oc-161"/>
      </symbol>
      <symbol id="sm-3a5">
         <name>pid_calculate</name>
         <value>0x1239</value>
         <object_component_ref idref="oc-168"/>
      </symbol>
      <symbol id="sm-3a6">
         <name>speed_pid_init</name>
         <value>0x18a1</value>
         <object_component_ref idref="oc-bd"/>
      </symbol>
      <symbol id="sm-3a7">
         <name>speed_pid_set_target</name>
         <value>0x2edd</value>
         <object_component_ref idref="oc-25c"/>
      </symbol>
      <symbol id="sm-3a8">
         <name>speed_pid_set_speed</name>
         <value>0x35d9</value>
         <object_component_ref idref="oc-20a"/>
      </symbol>
      <symbol id="sm-3a9">
         <name>speed_pid_control_update</name>
         <value>0x7ad</value>
         <object_component_ref idref="oc-d4"/>
      </symbol>
      <symbol id="sm-3c6">
         <name>uart_cmd_irq_handler</name>
         <value>0x1185</value>
         <object_component_ref idref="oc-7d"/>
      </symbol>
      <symbol id="sm-3c7">
         <name>UART0_IRQHandler</name>
         <value>0x376b</value>
         <object_component_ref idref="oc-43"/>
      </symbol>
      <symbol id="sm-3e0">
         <name>uart0_send_byte</name>
         <value>0x2025</value>
         <object_component_ref idref="oc-20d"/>
      </symbol>
      <symbol id="sm-3e1">
         <name>uart0_send_string</name>
         <value>0x2cfd</value>
         <object_component_ref idref="oc-20b"/>
      </symbol>
      <symbol id="sm-3e2">
         <name>uart0_send_int</name>
         <value>0x1925</value>
         <object_component_ref idref="oc-20c"/>
      </symbol>
      <symbol id="sm-3e3">
         <name>vofa_send_six_int</name>
         <value>0x1e8d</value>
         <object_component_ref idref="oc-163"/>
      </symbol>
      <symbol id="sm-3e4">
         <name>__TI_ATRegion0_src_addr</name>
         <value>0x0</value>
      </symbol>
      <symbol id="sm-3e5">
         <name>__TI_ATRegion0_trg_addr</name>
         <value>0x0</value>
      </symbol>
      <symbol id="sm-3e6">
         <name>__TI_ATRegion0_region_sz</name>
         <value>0x0</value>
      </symbol>
      <symbol id="sm-3e7">
         <name>__TI_ATRegion1_src_addr</name>
         <value>0x0</value>
      </symbol>
      <symbol id="sm-3e8">
         <name>__TI_ATRegion1_trg_addr</name>
         <value>0x0</value>
      </symbol>
      <symbol id="sm-3e9">
         <name>__TI_ATRegion1_region_sz</name>
         <value>0x0</value>
      </symbol>
      <symbol id="sm-3ea">
         <name>__TI_ATRegion2_src_addr</name>
         <value>0x0</value>
      </symbol>
      <symbol id="sm-3eb">
         <name>__TI_ATRegion2_trg_addr</name>
         <value>0x0</value>
      </symbol>
      <symbol id="sm-3ec">
         <name>__TI_ATRegion2_region_sz</name>
         <value>0x0</value>
      </symbol>
      <symbol id="sm-3f5">
         <name>DL_Common_delayCycles</name>
         <value>0x3759</value>
         <object_component_ref idref="oc-18c"/>
      </symbol>
      <symbol id="sm-3ff">
         <name>DL_I2C_setClockConfig</name>
         <value>0x2c8b</value>
         <object_component_ref idref="oc-1bc"/>
      </symbol>
      <symbol id="sm-416">
         <name>DL_Timer_setClockConfig</name>
         <value>0x308d</value>
         <object_component_ref idref="oc-1ad"/>
      </symbol>
      <symbol id="sm-417">
         <name>DL_Timer_setCaptureCompareValue</name>
         <value>0x3689</value>
         <object_component_ref idref="oc-1b7"/>
      </symbol>
      <symbol id="sm-418">
         <name>DL_Timer_setCaptCompUpdateMethod</name>
         <value>0x3071</value>
         <object_component_ref idref="oc-1b6"/>
      </symbol>
      <symbol id="sm-419">
         <name>DL_Timer_setCaptureCompareOutCtl</name>
         <value>0x3331</value>
         <object_component_ref idref="oc-1b5"/>
      </symbol>
      <symbol id="sm-41a">
         <name>DL_Timer_initFourCCPWMMode</name>
         <value>0x8b5</value>
         <object_component_ref idref="oc-1b3"/>
      </symbol>
      <symbol id="sm-42a">
         <name>DL_UART_init</name>
         <value>0x2311</value>
         <object_component_ref idref="oc-1d1"/>
      </symbol>
      <symbol id="sm-42b">
         <name>DL_UART_setClockConfig</name>
         <value>0x3611</value>
         <object_component_ref idref="oc-1cb"/>
      </symbol>
      <symbol id="sm-42c">
         <name>DL_UART_transmitDataBlocking</name>
         <value>0x2a15</value>
         <object_component_ref idref="oc-1ee"/>
      </symbol>
      <symbol id="sm-43d">
         <name>DL_SYSCTL_configSYSPLL</name>
         <value>0xd95</value>
         <object_component_ref idref="oc-1a1"/>
      </symbol>
      <symbol id="sm-43e">
         <name>DL_SYSCTL_switchMCLKfromSYSOSCtoHSCLK</name>
         <value>0x23a1</value>
         <object_component_ref idref="oc-1ab"/>
      </symbol>
      <symbol id="sm-43f">
         <name>DL_SYSCTL_configFCC</name>
         <value>0x3001</value>
         <object_component_ref idref="oc-22e"/>
      </symbol>
      <symbol id="sm-455">
         <name>_c_int00_noargs</name>
         <value>0x2c3d</value>
         <object_component_ref idref="oc-63"/>
      </symbol>
      <symbol id="sm-456">
         <name>__stack</name>
         <value>0x20207e00</value>
         <object_component_ref idref="oc-1a"/>
      </symbol>
      <symbol id="sm-465">
         <name>__TI_auto_init_nobinit_nopinit</name>
         <value>0x2719</value>
         <object_component_ref idref="oc-dc"/>
      </symbol>
      <symbol id="sm-46d">
         <name>_system_pre_init</name>
         <value>0x37a1</value>
         <object_component_ref idref="oc-89"/>
      </symbol>
      <symbol id="sm-478">
         <name>__TI_zero_init_nomemset</name>
         <value>0x3447</value>
         <object_component_ref idref="oc-5a"/>
      </symbol>
      <symbol id="sm-481">
         <name>__TI_decompress_none</name>
         <value>0x3647</value>
         <object_component_ref idref="oc-20"/>
      </symbol>
      <symbol id="sm-48c">
         <name>__TI_decompress_lzss</name>
         <value>0x1aa1</value>
         <object_component_ref idref="oc-1c"/>
      </symbol>
      <symbol id="sm-49d">
         <name>abort</name>
         <value>0x377d</value>
         <object_component_ref idref="oc-d5"/>
      </symbol>
      <symbol id="sm-4b0">
         <name>HOSTexit</name>
         <value>0x3787</value>
         <object_component_ref idref="oc-16a"/>
      </symbol>
      <symbol id="sm-4b1">
         <name>C$$EXIT</name>
         <value>0x3786</value>
         <object_component_ref idref="oc-16a"/>
      </symbol>
      <symbol id="sm-4c6">
         <name>__muldsi3</name>
         <value>0x2755</value>
         <object_component_ref idref="oc-21d"/>
      </symbol>
      <symbol id="sm-4cc">
         <name>__aeabi_ui2d</name>
         <value>0x2d25</value>
         <object_component_ref idref="oc-232"/>
      </symbol>
      <symbol id="sm-4cd">
         <name>__floatunsidf</name>
         <value>0x2d25</value>
         <object_component_ref idref="oc-232"/>
      </symbol>
      <symbol id="sm-4d3">
         <name>__aeabi_lmul</name>
         <value>0x2d49</value>
         <object_component_ref idref="oc-17a"/>
      </symbol>
      <symbol id="sm-4d4">
         <name>__muldi3</name>
         <value>0x2d49</value>
         <object_component_ref idref="oc-17a"/>
      </symbol>
      <symbol id="sm-4da">
         <name>__aeabi_dcmpeq</name>
         <value>0x1fc1</value>
         <object_component_ref idref="oc-236"/>
      </symbol>
      <symbol id="sm-4db">
         <name>__aeabi_dcmplt</name>
         <value>0x1fd5</value>
         <object_component_ref idref="oc-236"/>
      </symbol>
      <symbol id="sm-4dc">
         <name>__aeabi_dcmple</name>
         <value>0x1fe9</value>
         <object_component_ref idref="oc-236"/>
      </symbol>
      <symbol id="sm-4dd">
         <name>__aeabi_dcmpge</name>
         <value>0x1ffd</value>
         <object_component_ref idref="oc-236"/>
      </symbol>
      <symbol id="sm-4de">
         <name>__aeabi_dcmpgt</name>
         <value>0x2011</value>
         <object_component_ref idref="oc-236"/>
      </symbol>
      <symbol id="sm-4e4">
         <name>__aeabi_idiv</name>
         <value>0x20dd</value>
         <object_component_ref idref="oc-256"/>
      </symbol>
      <symbol id="sm-4e5">
         <name>__aeabi_idivmod</name>
         <value>0x20dd</value>
         <object_component_ref idref="oc-256"/>
      </symbol>
      <symbol id="sm-4eb">
         <name>__aeabi_ldivmod</name>
         <value>0x3539</value>
         <object_component_ref idref="oc-17e"/>
      </symbol>
      <symbol id="sm-4f1">
         <name>__aeabi_memcpy</name>
         <value>0x3775</value>
         <object_component_ref idref="oc-53"/>
      </symbol>
      <symbol id="sm-4f2">
         <name>__aeabi_memcpy4</name>
         <value>0x3775</value>
         <object_component_ref idref="oc-53"/>
      </symbol>
      <symbol id="sm-4f3">
         <name>__aeabi_memcpy8</name>
         <value>0x3775</value>
         <object_component_ref idref="oc-53"/>
      </symbol>
      <symbol id="sm-4f9">
         <name>__aeabi_uidiv</name>
         <value>0x24ad</value>
         <object_component_ref idref="oc-1ea"/>
      </symbol>
      <symbol id="sm-4fa">
         <name>__aeabi_uidivmod</name>
         <value>0x24ad</value>
         <object_component_ref idref="oc-1ea"/>
      </symbol>
      <symbol id="sm-500">
         <name>__udivmoddi4</name>
         <value>0x1431</value>
         <object_component_ref idref="oc-260"/>
      </symbol>
      <symbol id="sm-506">
         <name>__aeabi_llsl</name>
         <value>0x2f1d</value>
         <object_component_ref idref="oc-276"/>
      </symbol>
      <symbol id="sm-507">
         <name>__ashldi3</name>
         <value>0x2f1d</value>
         <object_component_ref idref="oc-276"/>
      </symbol>
      <symbol id="sm-515">
         <name>__ledf2</name>
         <value>0x1dbd</value>
         <object_component_ref idref="oc-268"/>
      </symbol>
      <symbol id="sm-516">
         <name>__gedf2</name>
         <value>0x1b95</value>
         <object_component_ref idref="oc-26e"/>
      </symbol>
      <symbol id="sm-517">
         <name>__cmpdf2</name>
         <value>0x1dbd</value>
         <object_component_ref idref="oc-268"/>
      </symbol>
      <symbol id="sm-518">
         <name>__eqdf2</name>
         <value>0x1dbd</value>
         <object_component_ref idref="oc-268"/>
      </symbol>
      <symbol id="sm-519">
         <name>__ltdf2</name>
         <value>0x1dbd</value>
         <object_component_ref idref="oc-268"/>
      </symbol>
      <symbol id="sm-51a">
         <name>__nedf2</name>
         <value>0x1dbd</value>
         <object_component_ref idref="oc-268"/>
      </symbol>
      <symbol id="sm-51b">
         <name>__gtdf2</name>
         <value>0x1b95</value>
         <object_component_ref idref="oc-26e"/>
      </symbol>
      <symbol id="sm-524">
         <name>__divmoddi4</name>
         <value>0x256d</value>
         <object_component_ref idref="oc-222"/>
      </symbol>
      <symbol id="sm-530">
         <name>__aeabi_idiv0</name>
         <value>0xca7</value>
         <object_component_ref idref="oc-242"/>
      </symbol>
      <symbol id="sm-531">
         <name>__aeabi_ldiv0</name>
         <value>0xf3f</value>
         <object_component_ref idref="oc-275"/>
      </symbol>
      <symbol id="sm-53b">
         <name>TI_memcpy_small</name>
         <value>0x3635</value>
         <object_component_ref idref="oc-a8"/>
      </symbol>
      <symbol id="sm-53c">
         <name>__TI_static_base__</name>
         <value>0x0</value>
      </symbol>
      <symbol id="sm-540">
         <name>__mpu_init</name>
         <value>0x0</value>
      </symbol>
      <symbol id="sm-541">
         <name>_system_post_cinit</name>
         <value>0x0</value>
      </symbol>
   </symbol_table>
   <title>Link successful</title>
</link_info>
