******************************************************************************
            TI ARM Clang Linker PC v4.0.4                      
******************************************************************************
>> Linked Fri Jul 10 22:02:08 2026

OUTPUT FILE NAME:   <empty_LP_MSPM0G3507_nortos_ticlang.out>
ENTRY POINT SYMBOL: "_c_int00_noargs"  address: 00000ca1


MEMORY CONFIGURATION

         name            origin    length      used     unused   attr    fill
----------------------  --------  ---------  --------  --------  ----  --------
  FLASH                 00000000   00020000  00000e98  0001f168  R  X
  SRAM                  20200000   00008000  000002ae  00007d52  RW X
  BCR_CONFIG            41c00000   000000ff  00000000  000000ff  R   
  BSL_CONFIG            41c00100   00000080  00000000  00000080  R   


SEGMENT ALLOCATION MAP

run origin  load origin   length   init length attrs members
----------  ----------- ---------- ----------- ----- -------
00000000    00000000    00000e98   00000e98    r-x
  00000000    00000000    000000c0   000000c0    r-- .intvecs
  000000c0    000000c0    00000d48   00000d48    r-x .text
  00000e08    00000e08    00000060   00000060    r-- .rodata
  00000e68    00000e68    00000030   00000030    r-- .cinit
20200000    20200000    000000ae   00000000    rw-
  20200000    20200000    000000a0   00000000    rw- .bss
  202000a0    202000a0    0000000e   00000000    rw- .data
20207e00    20207e00    00000200   00000000    rw-
  20207e00    20207e00    00000200   00000000    rw- .stack


SECTION ALLOCATION MAP

 output                                  attributes/
section   page    origin      length       input sections
--------  ----  ----------  ----------   ----------------
.intvecs   0    00000000    000000c0     
                  00000000    000000c0     startup_mspm0g350x_ticlang.o (.intvecs)

.text      0    000000c0    00000d48     
                  000000c0    000002a8     ti_msp_dl_config.o (.text.SYSCFG_DL_SYSCTL_SYSPLL_init)
                  00000368    00000104     driverlib.a : dl_timer.o (.text.DL_Timer_initFourCCPWMMode)
                  0000046c    000000dc                 : dl_sysctl_mspm0g1x0x_g3x0x.o (.text.DL_SYSCTL_configSYSPLL)
                  00000548    000000d0     vofa.o (.text.uart0_send_int)
                  00000618    000000a8     ti_msp_dl_config.o (.text.SYSCFG_DL_GPIO_init)
                  000006c0    000000a8     ti_msp_dl_config.o (.text.SYSCFG_DL_SYSCTL_init)
                  00000768    0000009a     libc.a : memcpy16.S.obj (.text:memcpy)
                  00000802    00000002     startup_mspm0g350x_ticlang.o (.text.Default_Handler)
                  00000804    00000094     encoder.o (.text.GROUP1_IRQHandler)
                  00000898    00000094     ti_msp_dl_config.o (.text.SYSCFG_DL_PWM_init)
                  0000092c    0000007c     encoder.o (.text.encoder_init)
                  000009a8    0000007c     libc.a : copy_decompress_lzss.c.obj (.text:decompress:lzss)
                  00000a24    00000060     ti_msp_dl_config.o (.text.SYSCFG_DL_UART0_init)
                  00000a84    0000004c     empty.o (.text.main)
                  00000ad0    00000048     driverlib.a : dl_uart.o (.text.DL_UART_init)
                  00000b18    00000044                 : dl_sysctl_mspm0g1x0x_g3x0x.o (.text.DL_SYSCTL_switchMCLKfromSYSOSCtoHSCLK)
                  00000b5c    00000040     ti_msp_dl_config.o (.text.SYSCFG_DL_initPower)
                  00000b9c    00000040     libclang_rt.builtins.a : aeabi_uidivmod.S.obj (.text.__aeabi_uidivmod)
                  00000bdc    0000003c     libc.a : autoinit.c.obj (.text:__TI_auto_init_nobinit_nopinit)
                  00000c18    00000030     ti_msp_dl_config.o (.text.SYSCFG_DL_SYSTICK_init)
                  00000c48    00000030     vofa.o (.text.uart0_send_string)
                  00000c78    00000028     ti_msp_dl_config.o (.text.SYSCFG_DL_init)
                  00000ca0    00000028     libc.a : boot_cortex_m.c.obj (.text:_c_int00_noargs)
                  00000cc8    0000001c     driverlib.a : dl_sysctl_mspm0g1x0x_g3x0x.o (.text.DL_SYSCTL_configFCC)
                  00000ce4    0000001c                 : dl_timer.o (.text.DL_Timer_setCaptCompUpdateMethod)
                  00000d00    0000001c                 : dl_timer.o (.text.DL_Timer_setClockConfig)
                  00000d1c    0000001c     delay.o (.text.delay_ms)
                  00000d38    00000018     driverlib.a : dl_timer.o (.text.DL_Timer_setCaptureCompareOutCtl)
                  00000d50    00000016     libc.a : copy_zero_init.c.obj (.text:decompress:ZI:__TI_zero_init_nomemset)
                  00000d66    00000002     libclang_rt.builtins.a : aeabi_div0.c.obj (.text.__aeabi_idiv0)
                  00000d68    00000014     delay.o (.text.delay_tick)
                  00000d7c    00000014     encoder.o (.text.encoder_get_left_count)
                  00000d90    00000014     encoder.o (.text.encoder_get_right_count)
                  00000da4    00000012     driverlib.a : dl_uart.o (.text.DL_UART_setClockConfig)
                  00000db6    00000012     libc.a : copy_decompress_none.c.obj (.text:decompress:none)
                  00000dc8    00000010     driverlib.a : dl_timer.o (.text.DL_Timer_setCaptureCompareValue)
                  00000dd8    0000000a                 : dl_common.o (.text.DL_Common_delayCycles)
                  00000de2    00000008     empty.o (.text.SysTick_Handler)
                  00000dea    00000002     --HOLE-- [fill = 0]
                  00000dec    00000008     libclang_rt.builtins.a : aeabi_memcpy.S.obj (.text.__aeabi_memcpy)
                  00000df4    00000006     libc.a : exit.c.obj (.text:abort)
                  00000dfa    00000004     libsysbm.a : hostexit.c.obj (.text.HOSTexit)
                  00000dfe    00000004     startup_mspm0g350x_ticlang.o (.text.Reset_Handler)
                  00000e02    00000004     libc.a : pre_init.c.obj (.text._system_pre_init)
                  00000e06    00000002     --HOLE-- [fill = 0]

.cinit     0    00000e68    00000030     
                  00000e68    0000000c     (__TI_handler_table)
                  00000e74    00000008     (.cinit..bss.load) [load image, compression = zero_init]
                  00000e7c    00000007     (.cinit..data.load) [load image, compression = lzss]
                  00000e83    00000001     --HOLE-- [fill = 0]
                  00000e84    00000010     (__TI_cinit_table)
                  00000e94    00000004     --HOLE-- [fill = 0]

.rodata    0    00000e08    00000060     
                  00000e08    00000028     ti_msp_dl_config.o (.rodata.gSYSPLLConfig)
                  00000e30    00000010     encoder.o (.rodata.cst16)
                  00000e40    0000000a     ti_msp_dl_config.o (.rodata.gUART0Config)
                  00000e4a    00000002     ti_msp_dl_config.o (.rodata.gUART0ClockConfig)
                  00000e4c    00000008     ti_msp_dl_config.o (.rodata.gPWMConfig)
                  00000e54    00000004     empty.o (.rodata.str1.254342170260855183.1)
                  00000e58    00000003     ti_msp_dl_config.o (.rodata.gPWMClockConfig)
                  00000e5b    00000003     empty.o (.rodata.str1.14685083708502177989.1)
                  00000e5e    00000003     empty.o (.rodata.str1.9517790425240694019.1)
                  00000e61    00000007     --HOLE-- [fill = 0]

.init_array 
*          0    00000000    00000000     UNINITIALIZED

.binit     0    00000000    00000000     

.bss       0    20200000    000000a0     UNINITIALIZED
                  20200000    000000a0     (.common:gPWMBackup)

.data      0    202000a0    0000000e     UNINITIALIZED
                  202000a0    00000004     delay.o (.data.delay_times)
                  202000a4    00000004     encoder.o (.data.g_encoderLeftCount)
                  202000a8    00000004     encoder.o (.data.g_encoderRightCount)
                  202000ac    00000001     encoder.o (.data.g_encoderLeftLastState)
                  202000ad    00000001     encoder.o (.data.g_encoderRightLastState)

.stack     0    20207e00    00000200     UNINITIALIZED
                  20207e00    00000004     libc.a : boot_cortex_m.c.obj (.stack)
                  20207e04    000001fc     --HOLE--

__llvm_prf_cnts 
*          0    20200000    00000000     UNINITIALIZED

__llvm_prf_bits 
*          0    20200000    00000000     UNINITIALIZED

MODULE SUMMARY

       Module                         code   ro data   rw data
       ------                         ----   -------   -------
    .\
       ti_msp_dl_config.o             1412   63        160    
       startup_mspm0g350x_ticlang.o   6      192       0      
       empty.o                        84     10        0      
    +--+------------------------------+------+---------+---------+
       Total:                         1502   265       160    
                                                              
    .\Src\
       encoder.o                      312    16        10     
       vofa.o                         256    0         0      
       delay.o                        48     0         4      
    +--+------------------------------+------+---------+---------+
       Total:                         616    16        14     
                                                              
    C:/TI/mspm0_sdk_2_10_00_04/source/ti/driverlib/lib/ticlang/m0p/mspm0g1x0x_g3x0x/driverlib.a
       dl_timer.o                     356    0         0      
       dl_sysctl_mspm0g1x0x_g3x0x.o   316    0         0      
       dl_uart.o                      90     0         0      
       dl_common.o                    10     0         0      
    +--+------------------------------+------+---------+---------+
       Total:                         772    0         0      
                                                              
    D:\ti\ccs2050\ccs\tools\compiler\ti-cgt-armllvm_4.0.4.LTS\lib\armv6m-ti-none-eabi/c/libc.a
       memcpy16.S.obj                 154    0         0      
       copy_decompress_lzss.c.obj     124    0         0      
       autoinit.c.obj                 60     0         0      
       boot_cortex_m.c.obj            40     0         0      
       copy_zero_init.c.obj           22     0         0      
       copy_decompress_none.c.obj     18     0         0      
       exit.c.obj                     6      0         0      
       pre_init.c.obj                 4      0         0      
    +--+------------------------------+------+---------+---------+
       Total:                         428    0         0      
                                                              
    D:\ti\ccs2050\ccs\tools\compiler\ti-cgt-armllvm_4.0.4.LTS\lib\armv6m-ti-none-eabi/c/libsysbm.a
       hostexit.c.obj                 4      0         0      
    +--+------------------------------+------+---------+---------+
       Total:                         4      0         0      
                                                              
    D:\ti\ccs2050\ccs\tools\compiler\ti-cgt-armllvm_4.0.4.LTS\lib\armv6m-ti-none-eabi/libclang_rt.builtins.a
       aeabi_uidivmod.S.obj           64     0         0      
       aeabi_memcpy.S.obj             8      0         0      
       aeabi_div0.c.obj               2      0         0      
    +--+------------------------------+------+---------+---------+
       Total:                         74     0         0      
                                                              
       Stack:                         0      0         512    
       Linker Generated:              0      43        0      
    +--+------------------------------+------+---------+---------+
       Grand Total:                   3396   324       686    


LINKER GENERATED COPY TABLES

__TI_cinit_table @ 00000e84 records: 2, size/record: 8, table size: 16
	.bss: load addr=00000e74, load size=00000008 bytes, run addr=20200000, run size=000000a0 bytes, compression=zero_init
	.data: load addr=00000e7c, load size=00000007 bytes, run addr=202000a0, run size=0000000e bytes, compression=lzss


LINKER GENERATED HANDLER TABLE

__TI_handler_table @ 00000e68 records: 3, size/record: 4, table size: 12
	index: 0, handler: __TI_decompress_lzss
	index: 1, handler: __TI_decompress_none
	index: 2, handler: __TI_zero_init


GLOBAL SYMBOLS: SORTED ALPHABETICALLY BY Name 

address   name                                 
-------   ----                                 
00000803  ADC0_IRQHandler                      
00000803  ADC1_IRQHandler                      
00000803  AES_IRQHandler                       
00000dfa  C$$EXIT                              
00000803  CANFD0_IRQHandler                    
00000803  DAC0_IRQHandler                      
00000dd9  DL_Common_delayCycles                
00000cc9  DL_SYSCTL_configFCC                  
0000046d  DL_SYSCTL_configSYSPLL               
00000b19  DL_SYSCTL_switchMCLKfromSYSOSCtoHSCLK
00000369  DL_Timer_initFourCCPWMMode           
00000ce5  DL_Timer_setCaptCompUpdateMethod     
00000d39  DL_Timer_setCaptureCompareOutCtl     
00000dc9  DL_Timer_setCaptureCompareValue      
00000d01  DL_Timer_setClockConfig              
00000ad1  DL_UART_init                         
00000da5  DL_UART_setClockConfig               
00000803  DMA_IRQHandler                       
00000803  Default_Handler                      
00000803  GROUP0_IRQHandler                    
00000805  GROUP1_IRQHandler                    
00000dfb  HOSTexit                             
00000803  HardFault_Handler                    
00000803  I2C0_IRQHandler                      
00000803  I2C1_IRQHandler                      
00000803  NMI_Handler                          
00000803  PendSV_Handler                       
00000803  RTC_IRQHandler                       
00000dff  Reset_Handler                        
00000803  SPI0_IRQHandler                      
00000803  SPI1_IRQHandler                      
00000803  SVC_Handler                          
00000619  SYSCFG_DL_GPIO_init                  
00000899  SYSCFG_DL_PWM_init                   
000000c1  SYSCFG_DL_SYSCTL_SYSPLL_init         
000006c1  SYSCFG_DL_SYSCTL_init                
00000c19  SYSCFG_DL_SYSTICK_init               
00000a25  SYSCFG_DL_UART0_init                 
00000c79  SYSCFG_DL_init                       
00000b5d  SYSCFG_DL_initPower                  
00000de3  SysTick_Handler                      
00000803  TIMA0_IRQHandler                     
00000803  TIMA1_IRQHandler                     
00000803  TIMG0_IRQHandler                     
00000803  TIMG12_IRQHandler                    
00000803  TIMG6_IRQHandler                     
00000803  TIMG7_IRQHandler                     
00000803  TIMG8_IRQHandler                     
00000803  UART0_IRQHandler                     
00000803  UART1_IRQHandler                     
00000803  UART2_IRQHandler                     
00000803  UART3_IRQHandler                     
20208000  __STACK_END                          
00000200  __STACK_SIZE                         
00000000  __TI_ATRegion0_region_sz             
00000000  __TI_ATRegion0_src_addr              
00000000  __TI_ATRegion0_trg_addr              
00000000  __TI_ATRegion1_region_sz             
00000000  __TI_ATRegion1_src_addr              
00000000  __TI_ATRegion1_trg_addr              
00000000  __TI_ATRegion2_region_sz             
00000000  __TI_ATRegion2_src_addr              
00000000  __TI_ATRegion2_trg_addr              
00000e84  __TI_CINIT_Base                      
00000e94  __TI_CINIT_Limit                     
00000e94  __TI_CINIT_Warm                      
00000e68  __TI_Handler_Table_Base              
00000e74  __TI_Handler_Table_Limit             
00000bdd  __TI_auto_init_nobinit_nopinit       
000009a9  __TI_decompress_lzss                 
00000db7  __TI_decompress_none                 
ffffffff  __TI_pprof_out_hndl                  
ffffffff  __TI_prof_data_size                  
ffffffff  __TI_prof_data_start                 
00000000  __TI_static_base__                   
00000d51  __TI_zero_init_nomemset              
00000d67  __aeabi_idiv0                        
00000ded  __aeabi_memcpy                       
00000ded  __aeabi_memcpy4                      
00000ded  __aeabi_memcpy8                      
00000b9d  __aeabi_uidiv                        
00000b9d  __aeabi_uidivmod                     
ffffffff  __binit__                            
UNDEFED   __mpu_init                           
20207e00  __stack                              
20200000  __start___llvm_prf_bits              
20200000  __start___llvm_prf_cnts              
20200000  __stop___llvm_prf_bits               
20200000  __stop___llvm_prf_cnts               
00000ca1  _c_int00_noargs                      
UNDEFED   _system_post_cinit                   
00000e03  _system_pre_init                     
00000df5  abort                                
ffffffff  binit                                
00000d1d  delay_ms                             
00000d69  delay_tick                           
202000a0  delay_times                          
00000d7d  encoder_get_left_count               
00000d91  encoder_get_right_count              
0000092d  encoder_init                         
20200000  gPWMBackup                           
00000000  interruptVectors                     
00000a85  main                                 
00000769  memcpy                               
00000549  uart0_send_int                       
00000c49  uart0_send_string                    


GLOBAL SYMBOLS: SORTED BY Symbol Address 

address   name                                 
-------   ----                                 
00000000  __TI_ATRegion0_region_sz             
00000000  __TI_ATRegion0_src_addr              
00000000  __TI_ATRegion0_trg_addr              
00000000  __TI_ATRegion1_region_sz             
00000000  __TI_ATRegion1_src_addr              
00000000  __TI_ATRegion1_trg_addr              
00000000  __TI_ATRegion2_region_sz             
00000000  __TI_ATRegion2_src_addr              
00000000  __TI_ATRegion2_trg_addr              
00000000  __TI_static_base__                   
00000000  interruptVectors                     
000000c1  SYSCFG_DL_SYSCTL_SYSPLL_init         
00000200  __STACK_SIZE                         
00000369  DL_Timer_initFourCCPWMMode           
0000046d  DL_SYSCTL_configSYSPLL               
00000549  uart0_send_int                       
00000619  SYSCFG_DL_GPIO_init                  
000006c1  SYSCFG_DL_SYSCTL_init                
00000769  memcpy                               
00000803  ADC0_IRQHandler                      
00000803  ADC1_IRQHandler                      
00000803  AES_IRQHandler                       
00000803  CANFD0_IRQHandler                    
00000803  DAC0_IRQHandler                      
00000803  DMA_IRQHandler                       
00000803  Default_Handler                      
00000803  GROUP0_IRQHandler                    
00000803  HardFault_Handler                    
00000803  I2C0_IRQHandler                      
00000803  I2C1_IRQHandler                      
00000803  NMI_Handler                          
00000803  PendSV_Handler                       
00000803  RTC_IRQHandler                       
00000803  SPI0_IRQHandler                      
00000803  SPI1_IRQHandler                      
00000803  SVC_Handler                          
00000803  TIMA0_IRQHandler                     
00000803  TIMA1_IRQHandler                     
00000803  TIMG0_IRQHandler                     
00000803  TIMG12_IRQHandler                    
00000803  TIMG6_IRQHandler                     
00000803  TIMG7_IRQHandler                     
00000803  TIMG8_IRQHandler                     
00000803  UART0_IRQHandler                     
00000803  UART1_IRQHandler                     
00000803  UART2_IRQHandler                     
00000803  UART3_IRQHandler                     
00000805  GROUP1_IRQHandler                    
00000899  SYSCFG_DL_PWM_init                   
0000092d  encoder_init                         
000009a9  __TI_decompress_lzss                 
00000a25  SYSCFG_DL_UART0_init                 
00000a85  main                                 
00000ad1  DL_UART_init                         
00000b19  DL_SYSCTL_switchMCLKfromSYSOSCtoHSCLK
00000b5d  SYSCFG_DL_initPower                  
00000b9d  __aeabi_uidiv                        
00000b9d  __aeabi_uidivmod                     
00000bdd  __TI_auto_init_nobinit_nopinit       
00000c19  SYSCFG_DL_SYSTICK_init               
00000c49  uart0_send_string                    
00000c79  SYSCFG_DL_init                       
00000ca1  _c_int00_noargs                      
00000cc9  DL_SYSCTL_configFCC                  
00000ce5  DL_Timer_setCaptCompUpdateMethod     
00000d01  DL_Timer_setClockConfig              
00000d1d  delay_ms                             
00000d39  DL_Timer_setCaptureCompareOutCtl     
00000d51  __TI_zero_init_nomemset              
00000d67  __aeabi_idiv0                        
00000d69  delay_tick                           
00000d7d  encoder_get_left_count               
00000d91  encoder_get_right_count              
00000da5  DL_UART_setClockConfig               
00000db7  __TI_decompress_none                 
00000dc9  DL_Timer_setCaptureCompareValue      
00000dd9  DL_Common_delayCycles                
00000de3  SysTick_Handler                      
00000ded  __aeabi_memcpy                       
00000ded  __aeabi_memcpy4                      
00000ded  __aeabi_memcpy8                      
00000df5  abort                                
00000dfa  C$$EXIT                              
00000dfb  HOSTexit                             
00000dff  Reset_Handler                        
00000e03  _system_pre_init                     
00000e68  __TI_Handler_Table_Base              
00000e74  __TI_Handler_Table_Limit             
00000e84  __TI_CINIT_Base                      
00000e94  __TI_CINIT_Limit                     
00000e94  __TI_CINIT_Warm                      
20200000  __start___llvm_prf_bits              
20200000  __start___llvm_prf_cnts              
20200000  __stop___llvm_prf_bits               
20200000  __stop___llvm_prf_cnts               
20200000  gPWMBackup                           
202000a0  delay_times                          
20207e00  __stack                              
20208000  __STACK_END                          
ffffffff  __TI_pprof_out_hndl                  
ffffffff  __TI_prof_data_size                  
ffffffff  __TI_prof_data_start                 
ffffffff  __binit__                            
ffffffff  binit                                
UNDEFED   __mpu_init                           
UNDEFED   _system_post_cinit                   

[106 symbols]
