******************************************************************************
            TI ARM Clang Linker PC v4.0.4                      
******************************************************************************
>> Linked Sat Jul 11 21:41:58 2026

OUTPUT FILE NAME:   <empty_LP_MSPM0G3507_nortos_ticlang.out>
ENTRY POINT SYMBOL: "_c_int00_noargs"  address: 00002811


MEMORY CONFIGURATION

         name            origin    length      used     unused   attr    fill
----------------------  --------  ---------  --------  --------  ----  --------
  FLASH                 00000000   00020000  00002a98  0001d568  R  X
  SRAM                  20200000   00008000  0000033c  00007cc4  RW X
  BCR_CONFIG            41c00000   000000ff  00000000  000000ff  R   
  BSL_CONFIG            41c00100   00000080  00000000  00000080  R   


SEGMENT ALLOCATION MAP

run origin  load origin   length   init length attrs members
----------  ----------- ---------- ----------- ----- -------
00000000    00000000    00002a98   00002a98    r-x
  00000000    00000000    000000c0   000000c0    r-- .intvecs
  000000c0    000000c0    00002920   00002920    r-x .text
  000029e0    000029e0    00000088   00000088    r-- .rodata
  00002a68    00002a68    00000030   00000030    r-- .cinit
20200000    20200000    0000013c   00000000    rw-
  20200000    20200000    00000118   00000000    rw- .bss
  20200118    20200118    00000024   00000000    rw- .data
20207e00    20207e00    00000200   00000000    rw-
  20207e00    20207e00    00000200   00000000    rw- .stack


SECTION ALLOCATION MAP

 output                                  attributes/
section   page    origin      length       input sections
--------  ----  ----------  ----------   ----------------
.intvecs   0    00000000    000000c0     
                  00000000    000000c0     startup_mspm0g350x_ticlang.o (.intvecs)

.text      0    000000c0    00002920     
                  000000c0    000003b4     attitude.o (.text.attitude_update_from_icm42688)
                  00000474    000002c4     icm42688.o (.text.icm42688_init)
                  00000738    000002a8     ti_msp_dl_config.o (.text.SYSCFG_DL_SYSCTL_SYSPLL_init)
                  000009e0    000002a4     vofa.o (.text.uart0_send_float)
                  00000c84    000001c8     libc.a : s_atanf.c.obj (.text.atanf)
                  00000e4c    000001ac     icm42688.o (.text.icm42688_read_raw)
                  00000ff8    00000192     libclang_rt.builtins.a : adddf3.S.obj (.text.adddf3_subdf3)
                  0000118a    00000002     startup_mspm0g350x_ticlang.o (.text.Default_Handler)
                  0000118c    00000170     libc.a : e_sqrt.c.obj (.text.sqrt)
                  000012fc    00000160            : e_asinf.c.obj (.text.asinf)
                  0000145c    00000154     attitude.o (.text.attitude_get_euler)
                  000015b0    00000118     libc.a : e_atan2f.c.obj (.text.atan2f)
                  000016c8    00000104     driverlib.a : dl_timer.o (.text.DL_Timer_initFourCCPWMMode)
                  000017cc    000000e4     libclang_rt.builtins.a : muldf3.S.obj (.text.__muldf3)
                  000018b0    000000dc     driverlib.a : dl_sysctl_mspm0g1x0x_g3x0x.o (.text.DL_SYSCTL_configSYSPLL)
                  0000198c    000000d8     libclang_rt.builtins.a : addsf3.S.obj (.text)
                  00001a64    000000d0     ti_msp_dl_config.o (.text.SYSCFG_DL_GPIO_init)
                  00001b34    000000a8     ti_msp_dl_config.o (.text.SYSCFG_DL_SYSCTL_init)
                  00001bdc    000000a0     libc.a : e_sqrtf.c.obj (.text.sqrtf)
                  00001c7c    0000009a            : memcpy16.S.obj (.text:memcpy)
                  00001d16    00000002     libclang_rt.builtins.a : aeabi_div0.c.obj (.text.__aeabi_idiv0)
                  00001d18    00000094     encoder.o (.text.GROUP1_IRQHandler)
                  00001dac    00000094     ti_msp_dl_config.o (.text.SYSCFG_DL_PWM_init)
                  00001e40    00000094     motor.o (.text.motor_set_pwm)
                  00001ed4    0000008c     libclang_rt.builtins.a : mulsf3.S.obj (.text.__mulsf3)
                  00001f60    00000088     icm42688.o (.text.icm42688_write_reg)
                  00001fe8    00000084     icm42688.o (.text.icm42688_get_who_am_i)
                  0000206c    00000082     libclang_rt.builtins.a : divsf3.S.obj (.text.__divsf3)
                  000020ee    00000002     --HOLE-- [fill = 0]
                  000020f0    0000007c     libc.a : copy_decompress_lzss.c.obj (.text:decompress:lzss)
                  0000216c    00000078     uart_cmd.o (.text.UART0_IRQHandler)
                  000021e4    0000000a     driverlib.a : dl_common.o (.text.DL_Common_delayCycles)
                  000021ee    00000002     --HOLE-- [fill = 0]
                  000021f0    00000074     libclang_rt.builtins.a : truncdfsf2.S.obj (.text.__truncdfsf2)
                  00002264    00000062                            : aeabi_fcmp.S.obj (.text.__aeabi_fcmp)
                  000022c6    00000002     --HOLE-- [fill = 0]
                  000022c8    00000060     ti_msp_dl_config.o (.text.SYSCFG_DL_UART0_init)
                  00002328    0000004c     ti_msp_dl_config.o (.text.SYSCFG_DL_SPI_ICM42688_init)
                  00002374    00000048     driverlib.a : dl_uart.o (.text.DL_UART_init)
                  000023bc    00000048     ti_msp_dl_config.o (.text.SYSCFG_DL_initPower)
                  00002404    00000044     driverlib.a : dl_spi.o (.text.DL_SPI_init)
                  00002448    00000044                 : dl_sysctl_mspm0g1x0x_g3x0x.o (.text.DL_SYSCTL_switchMCLKfromSYSOSCtoHSCLK)
                  0000248c    00000044     attitude.o (.text.attitude_print_euler)
                  000024d0    00000044     empty.o (.text.main)
                  00002514    00000040     libclang_rt.builtins.a : aeabi_uidivmod.S.obj (.text.__aeabi_uidivmod)
                  00002554    00000040                            : extendsfdf2.S.obj (.text.__extendsfdf2)
                  00002594    0000003c                            : floatsisf.S.obj (.text.__floatsisf)
                  000025d0    0000003c                            : comparesf2.S.obj (.text.__gtsf2)
                  0000260c    0000003c     libc.a : autoinit.c.obj (.text:__TI_auto_init_nobinit_nopinit)
                  00002648    0000003a     libclang_rt.builtins.a : comparesf2.S.obj (.text.__eqsf2)
                  00002682    00000002     --HOLE-- [fill = 0]
                  00002684    0000003a                            : muldsi3.S.obj (.text.__muldsi3)
                  000026be    00000002     --HOLE-- [fill = 0]
                  000026c0    00000038     ti_msp_dl_config.o (.text.SYSCFG_DL_init)
                  000026f8    00000038     libclang_rt.builtins.a : fixsfsi.S.obj (.text.__fixsfsi)
                  00002730    00000030     driverlib.a : dl_spi.o (.text.DL_SPI_transmitDataBlocking8)
                  00002760    00000030     ti_msp_dl_config.o (.text.SYSCFG_DL_SYSTICK_init)
                  00002790    00000030     vofa.o (.text.uart0_send_string)
                  000027c0    00000028     libclang_rt.builtins.a : floatunsisf.S.obj (.text.__floatunsisf)
                  000027e8    00000028     attitude.o (.text.attitude_init)
                  00002810    00000028     libc.a : boot_cortex_m.c.obj (.text:_c_int00_noargs)
                  00002838    00000020     driverlib.a : dl_spi.o (.text.DL_SPI_receiveDataBlocking8)
                  00002858    0000001c                 : dl_sysctl_mspm0g1x0x_g3x0x.o (.text.DL_SYSCTL_configFCC)
                  00002874    0000001c                 : dl_timer.o (.text.DL_Timer_setCaptCompUpdateMethod)
                  00002890    0000001c                 : dl_timer.o (.text.DL_Timer_setClockConfig)
                  000028ac    0000001c     delay.o (.text.delay_ms)
                  000028c8    0000001c     vofa.o (.text.uart0_send_byte)
                  000028e4    00000018     driverlib.a : dl_timer.o (.text.DL_Timer_setCaptureCompareOutCtl)
                  000028fc    00000016     libc.a : copy_zero_init.c.obj (.text:decompress:ZI:__TI_zero_init_nomemset)
                  00002912    00000002     --HOLE-- [fill = 0]
                  00002914    00000014     delay.o (.text.delay_tick)
                  00002928    00000012     driverlib.a : dl_spi.o (.text.DL_SPI_setClockConfig)
                  0000293a    00000012                 : dl_uart.o (.text.DL_UART_setClockConfig)
                  0000294c    00000012     libc.a : copy_decompress_none.c.obj (.text:decompress:none)
                  0000295e    00000002     --HOLE-- [fill = 0]
                  00002960    00000010     driverlib.a : dl_timer.o (.text.DL_Timer_setCaptureCompareValue)
                  00002970    00000008     empty.o (.text.SysTick_Handler)
                  00002978    00000008     libc.a : aeabi_portable.c.obj (.text.__aeabi_errno_addr)
                  00002980    00000008     libclang_rt.builtins.a : aeabi_memcpy.S.obj (.text.__aeabi_memcpy)
                  00002988    00000006     libc.a : e_asinf.c.obj (.text.OUTLINED_FUNCTION_0)
                  0000298e    00000002     --HOLE-- [fill = 0]
                  00002990    00000010     libclang_rt.builtins.a : mulsf3.S.obj (.tramp.__aeabi_fmul.1)
                  000029a0    00000006     libc.a : s_atanf.c.obj (.text.OUTLINED_FUNCTION_0)
                  000029a6    00000002     --HOLE-- [fill = 0]
                  000029a8    00000010     libclang_rt.builtins.a : divsf3.S.obj (.tramp.__aeabi_fdiv.1)
                  000029b8    00000006     libc.a : exit.c.obj (.text:abort)
                  000029be    00000004     libsysbm.a : hostexit.c.obj (.text.HOSTexit)
                  000029c2    00000004     libc.a : s_atanf.c.obj (.text.OUTLINED_FUNCTION_1)
                  000029c6    00000002     --HOLE-- [fill = 0]
                  000029c8    00000010     libclang_rt.builtins.a : addsf3.S.obj (.tramp.__aeabi_fadd.1)
                  000029d8    00000004     startup_mspm0g350x_ticlang.o (.text.Reset_Handler)
                  000029dc    00000004     libc.a : pre_init.c.obj (.text._system_pre_init)

.cinit     0    00002a68    00000030     
                  00002a68    0000000c     (__TI_handler_table)
                  00002a74    0000000b     (.cinit..data.load) [load image, compression = lzss]
                  00002a7f    00000001     --HOLE-- [fill = 0]
                  00002a80    00000008     (.cinit..bss.load) [load image, compression = zero_init]
                  00002a88    00000010     (__TI_cinit_table)

.rodata    0    000029e0    00000088     
                  000029e0    00000028     ti_msp_dl_config.o (.rodata.gSYSPLLConfig)
                  00002a08    00000020     libc.a : s_atanf.c.obj (.rodata.cst16)
                  00002a28    00000010     encoder.o (.rodata.cst16)
                  00002a38    0000000a     ti_msp_dl_config.o (.rodata.gSPI_ICM42688_config)
                  00002a42    0000000a     ti_msp_dl_config.o (.rodata.gUART0Config)
                  00002a4c    00000009     attitude.o (.rodata.str1.5028769590597028444.1)
                  00002a55    00000003     ti_msp_dl_config.o (.rodata.gPWMClockConfig)
                  00002a58    00000008     ti_msp_dl_config.o (.rodata.gPWMConfig)
                  00002a60    00000002     ti_msp_dl_config.o (.rodata.gSPI_ICM42688_clockConfig)
                  00002a62    00000002     ti_msp_dl_config.o (.rodata.gUART0ClockConfig)
                  00002a64    00000004     --HOLE-- [fill = 0]

.init_array 
*          0    00000000    00000000     UNINITIALIZED

.binit     0    00000000    00000000     

.bss       0    20200000    00000118     UNINITIALIZED
                  20200000    000000a0     (.common:gPWMBackup)
                  202000a0    00000050     uart_cmd.o (.bss.g_uartCmdBuffer)
                  202000f0    00000028     (.common:gSPI_ICM42688Backup)

.data      0    20200118    00000024     UNINITIALIZED
                  20200118    00000004     libc.a : aeabi_portable.c.obj (.data.__aeabi_errno)
                  2020011c    00000004     delay.o (.data.delay_times)
                  20200120    00000004     encoder.o (.data.g_encoderLeftCount)
                  20200124    00000004     encoder.o (.data.g_encoderRightCount)
                  20200128    00000004     attitude.o (.data.q0)
                  2020012c    00000004     attitude.o (.data.q1)
                  20200130    00000004     attitude.o (.data.q2)
                  20200134    00000004     attitude.o (.data.q3)
                  20200138    00000001     encoder.o (.data.g_encoderLeftLastState)
                  20200139    00000001     encoder.o (.data.g_encoderRightLastState)
                  2020013a    00000001     uart_cmd.o (.data.g_uartCmdIndex)
                  2020013b    00000001     uart_cmd.o (.data.g_uartCmdReady)

.stack     0    20207e00    00000200     UNINITIALIZED
                  20207e00    00000004     libc.a : boot_cortex_m.c.obj (.stack)
                  20207e04    000001fc     --HOLE--

__llvm_prf_cnts 
*          0    20200000    00000000     UNINITIALIZED

__llvm_prf_bits 
*          0    20200000    00000000     UNINITIALIZED

MODULE SUMMARY

       Module                         code    ro data   rw data
       ------                         ----    -------   -------
    .\
       ti_msp_dl_config.o             1552    75        200    
       startup_mspm0g350x_ticlang.o   6       192       0      
       empty.o                        76      0         0      
    +--+------------------------------+-------+---------+---------+
       Total:                         1634    267       200    
                                                               
    .\Src\
       attitude.o                     1396    9         16     
       icm42688.o                     1404    0         0      
       vofa.o                         752     0         0      
       uart_cmd.o                     120     0         82     
       encoder.o                      148     16        10     
       motor.o                        148     0         0      
       delay.o                        48      0         4      
    +--+------------------------------+-------+---------+---------+
       Total:                         4016    25        112    
                                                               
    C:/TI/mspm0_sdk_2_10_00_04/source/ti/driverlib/lib/ticlang/m0p/mspm0g1x0x_g3x0x/driverlib.a
       dl_timer.o                     356     0         0      
       dl_sysctl_mspm0g1x0x_g3x0x.o   316     0         0      
       dl_spi.o                       166     0         0      
       dl_uart.o                      90      0         0      
       dl_common.o                    10      0         0      
    +--+------------------------------+-------+---------+---------+
       Total:                         938     0         0      
                                                               
    D:\ti\ccs2050\ccs\tools\compiler\ti-cgt-armllvm_4.0.4.LTS\lib\armv6m-ti-none-eabi/c/libc.a
       s_atanf.c.obj                  466     32        0      
       e_sqrt.c.obj                   368     0         0      
       e_asinf.c.obj                  358     0         0      
       e_atan2f.c.obj                 280     0         0      
       e_sqrtf.c.obj                  160     0         0      
       memcpy16.S.obj                 154     0         0      
       copy_decompress_lzss.c.obj     124     0         0      
       autoinit.c.obj                 60      0         0      
       boot_cortex_m.c.obj            40      0         0      
       copy_zero_init.c.obj           22      0         0      
       copy_decompress_none.c.obj     18      0         0      
       aeabi_portable.c.obj           8       0         4      
       exit.c.obj                     6       0         0      
       pre_init.c.obj                 4       0         0      
    +--+------------------------------+-------+---------+---------+
       Total:                         2068    32        4      
                                                               
    D:\ti\ccs2050\ccs\tools\compiler\ti-cgt-armllvm_4.0.4.LTS\lib\armv6m-ti-none-eabi/c/libsysbm.a
       hostexit.c.obj                 4       0         0      
    +--+------------------------------+-------+---------+---------+
       Total:                         4       0         0      
                                                               
    D:\ti\ccs2050\ccs\tools\compiler\ti-cgt-armllvm_4.0.4.LTS\lib\armv6m-ti-none-eabi/libclang_rt.builtins.a
       adddf3.S.obj                   402     0         0      
       addsf3.S.obj                   232     0         0      
       muldf3.S.obj                   228     0         0      
       mulsf3.S.obj                   156     0         0      
       divsf3.S.obj                   146     0         0      
       comparesf2.S.obj               118     0         0      
       truncdfsf2.S.obj               116     0         0      
       aeabi_fcmp.S.obj               98      0         0      
       aeabi_uidivmod.S.obj           64      0         0      
       extendsfdf2.S.obj              64      0         0      
       floatsisf.S.obj                60      0         0      
       muldsi3.S.obj                  58      0         0      
       fixsfsi.S.obj                  56      0         0      
       floatunsisf.S.obj              40      0         0      
       aeabi_memcpy.S.obj             8       0         0      
       aeabi_div0.c.obj               2       0         0      
    +--+------------------------------+-------+---------+---------+
       Total:                         1848    0         0      
                                                               
       Stack:                         0       0         512    
       Linker Generated:              0       47        0      
    +--+------------------------------+-------+---------+---------+
       Grand Total:                   10508   371       828    


LINKER GENERATED COPY TABLES

__TI_cinit_table @ 00002a88 records: 2, size/record: 8, table size: 16
	.data: load addr=00002a74, load size=0000000b bytes, run addr=20200118, run size=00000024 bytes, compression=lzss
	.bss: load addr=00002a80, load size=00000008 bytes, run addr=20200000, run size=00000118 bytes, compression=zero_init


LINKER GENERATED HANDLER TABLE

__TI_handler_table @ 00002a68 records: 3, size/record: 4, table size: 12
	index: 0, handler: __TI_decompress_lzss
	index: 1, handler: __TI_decompress_none
	index: 2, handler: __TI_zero_init


FAR CALL TRAMPOLINES

callee name               trampoline name
   callee addr  tramp addr   call addr  call info
--------------  -----------  ---------  ----------------
__aeabi_fmul              $Tramp$TT$L$PI$$__aeabi_fmul
   00001ed5     00002990     0000298c   libc.a : e_asinf.c.obj (.text.OUTLINED_FUNCTION_0)
__aeabi_fdiv              $Tramp$TT$L$PI$$__aeabi_fdiv
   0000206d     000029a8     000029a4   libc.a : s_atanf.c.obj (.text.OUTLINED_FUNCTION_0)
__aeabi_fadd              $Tramp$TT$L$PI$$__aeabi_fadd
   00001997     000029c8     000029c4   libc.a : s_atanf.c.obj (.text.OUTLINED_FUNCTION_1)

[3 trampolines]
[3 trampoline calls]


GLOBAL SYMBOLS: SORTED ALPHABETICALLY BY Name 

address   name                                 
-------   ----                                 
0000118b  ADC0_IRQHandler                      
0000118b  ADC1_IRQHandler                      
0000118b  AES_IRQHandler                       
000029be  C$$EXIT                              
0000118b  CANFD0_IRQHandler                    
0000118b  DAC0_IRQHandler                      
000021e5  DL_Common_delayCycles                
00002405  DL_SPI_init                          
00002839  DL_SPI_receiveDataBlocking8          
00002929  DL_SPI_setClockConfig                
00002731  DL_SPI_transmitDataBlocking8         
00002859  DL_SYSCTL_configFCC                  
000018b1  DL_SYSCTL_configSYSPLL               
00002449  DL_SYSCTL_switchMCLKfromSYSOSCtoHSCLK
000016c9  DL_Timer_initFourCCPWMMode           
00002875  DL_Timer_setCaptCompUpdateMethod     
000028e5  DL_Timer_setCaptureCompareOutCtl     
00002961  DL_Timer_setCaptureCompareValue      
00002891  DL_Timer_setClockConfig              
00002375  DL_UART_init                         
0000293b  DL_UART_setClockConfig               
0000118b  DMA_IRQHandler                       
0000118b  Default_Handler                      
0000118b  GROUP0_IRQHandler                    
00001d19  GROUP1_IRQHandler                    
000029bf  HOSTexit                             
0000118b  HardFault_Handler                    
0000118b  I2C0_IRQHandler                      
0000118b  I2C1_IRQHandler                      
0000118b  NMI_Handler                          
0000118b  PendSV_Handler                       
0000118b  RTC_IRQHandler                       
000029d9  Reset_Handler                        
0000118b  SPI0_IRQHandler                      
0000118b  SPI1_IRQHandler                      
0000118b  SVC_Handler                          
00001a65  SYSCFG_DL_GPIO_init                  
00001dad  SYSCFG_DL_PWM_init                   
00002329  SYSCFG_DL_SPI_ICM42688_init          
00000739  SYSCFG_DL_SYSCTL_SYSPLL_init         
00001b35  SYSCFG_DL_SYSCTL_init                
00002761  SYSCFG_DL_SYSTICK_init               
000022c9  SYSCFG_DL_UART0_init                 
000026c1  SYSCFG_DL_init                       
000023bd  SYSCFG_DL_initPower                  
00002971  SysTick_Handler                      
0000118b  TIMA0_IRQHandler                     
0000118b  TIMA1_IRQHandler                     
0000118b  TIMG0_IRQHandler                     
0000118b  TIMG12_IRQHandler                    
0000118b  TIMG6_IRQHandler                     
0000118b  TIMG7_IRQHandler                     
0000118b  TIMG8_IRQHandler                     
0000216d  UART0_IRQHandler                     
0000118b  UART1_IRQHandler                     
0000118b  UART2_IRQHandler                     
0000118b  UART3_IRQHandler                     
20208000  __STACK_END                          
00000200  __STACK_SIZE                         
00000000  __TI_ATRegion0_region_sz             
00000000  __TI_ATRegion0_src_addr              
00000000  __TI_ATRegion0_trg_addr              
00000000  __TI_ATRegion1_region_sz             
00000000  __TI_ATRegion1_src_addr              
00000000  __TI_ATRegion1_trg_addr              
00000000  __TI_ATRegion2_region_sz             
00000000  __TI_ATRegion2_src_addr              
00000000  __TI_ATRegion2_trg_addr              
00002a88  __TI_CINIT_Base                      
00002a98  __TI_CINIT_Limit                     
00002a98  __TI_CINIT_Warm                      
00002a68  __TI_Handler_Table_Base              
00002a74  __TI_Handler_Table_Limit             
0000260d  __TI_auto_init_nobinit_nopinit       
000020f1  __TI_decompress_lzss                 
0000294d  __TI_decompress_none                 
ffffffff  __TI_pprof_out_hndl                  
ffffffff  __TI_prof_data_size                  
ffffffff  __TI_prof_data_start                 
00000000  __TI_static_base__                   
000028fd  __TI_zero_init_nomemset              
00001003  __adddf3                             
00001997  __addsf3                             
000021f1  __aeabi_d2f                          
00001003  __aeabi_dadd                         
000017cd  __aeabi_dmul                         
00000ff9  __aeabi_dsub                         
20200118  __aeabi_errno                        
00002979  __aeabi_errno_addr                   
00002555  __aeabi_f2d                          
000026f9  __aeabi_f2iz                         
00001997  __aeabi_fadd                         
00002265  __aeabi_fcmpeq                       
000022a1  __aeabi_fcmpge                       
000022b5  __aeabi_fcmpgt                       
0000228d  __aeabi_fcmple                       
00002279  __aeabi_fcmplt                       
0000206d  __aeabi_fdiv                         
00001ed5  __aeabi_fmul                         
0000198d  __aeabi_fsub                         
00002595  __aeabi_i2f                          
00001d17  __aeabi_idiv0                        
00002981  __aeabi_memcpy                       
00002981  __aeabi_memcpy4                      
00002981  __aeabi_memcpy8                      
000027c1  __aeabi_ui2f                         
00002515  __aeabi_uidiv                        
00002515  __aeabi_uidivmod                     
ffffffff  __binit__                            
00002649  __cmpsf2                             
0000206d  __divsf3                             
00002649  __eqsf2                              
00002555  __extendsfdf2                        
000026f9  __fixsfsi                            
00002595  __floatsisf                          
000027c1  __floatunsisf                        
000025d1  __gesf2                              
000025d1  __gtsf2                              
00002649  __lesf2                              
00002649  __ltsf2                              
UNDEFED   __mpu_init                           
000017cd  __muldf3                             
00002685  __muldsi3                            
00001ed5  __mulsf3                             
00002649  __nesf2                              
20207e00  __stack                              
20200000  __start___llvm_prf_bits              
20200000  __start___llvm_prf_cnts              
20200000  __stop___llvm_prf_bits               
20200000  __stop___llvm_prf_cnts               
00000ff9  __subdf3                             
0000198d  __subsf3                             
000021f1  __truncdfsf2                         
00002811  _c_int00_noargs                      
UNDEFED   _system_post_cinit                   
000029dd  _system_pre_init                     
000029b9  abort                                
000012fd  asinf                                
000015b1  atan2f                               
00000c85  atanf                                
0000145d  attitude_get_euler                   
000027e9  attitude_init                        
0000248d  attitude_print_euler                 
000000c1  attitude_update_from_icm42688        
ffffffff  binit                                
000028ad  delay_ms                             
00002915  delay_tick                           
2020011c  delay_times                          
20200000  gPWMBackup                           
202000f0  gSPI_ICM42688Backup                  
00001fe9  icm42688_get_who_am_i                
00000475  icm42688_init                        
00000e4d  icm42688_read_raw                    
00000000  interruptVectors                     
000024d1  main                                 
00001c7d  memcpy                               
00001e41  motor_set_pwm                        
0000118d  sqrt                                 
00001bdd  sqrtf                                
0000118d  sqrtl                                
000028c9  uart0_send_byte                      
000009e1  uart0_send_float                     
00002791  uart0_send_string                    


GLOBAL SYMBOLS: SORTED BY Symbol Address 

address   name                                 
-------   ----                                 
00000000  __TI_ATRegion0_region_sz             
00000000  __TI_ATRegion0_src_addr              
00000000  __TI_ATRegion0_trg_addr              
00000000  __TI_ATRegion1_region_sz             
00000000  __TI_ATRegion1_src_addr              
00000000  __TI_ATRegion1_trg_addr              
00000000  __TI_ATRegion2_region_sz             
00000000  __TI_ATRegion2_src_addr              
00000000  __TI_ATRegion2_trg_addr              
00000000  __TI_static_base__                   
00000000  interruptVectors                     
000000c1  attitude_update_from_icm42688        
00000200  __STACK_SIZE                         
00000475  icm42688_init                        
00000739  SYSCFG_DL_SYSCTL_SYSPLL_init         
000009e1  uart0_send_float                     
00000c85  atanf                                
00000e4d  icm42688_read_raw                    
00000ff9  __aeabi_dsub                         
00000ff9  __subdf3                             
00001003  __adddf3                             
00001003  __aeabi_dadd                         
0000118b  ADC0_IRQHandler                      
0000118b  ADC1_IRQHandler                      
0000118b  AES_IRQHandler                       
0000118b  CANFD0_IRQHandler                    
0000118b  DAC0_IRQHandler                      
0000118b  DMA_IRQHandler                       
0000118b  Default_Handler                      
0000118b  GROUP0_IRQHandler                    
0000118b  HardFault_Handler                    
0000118b  I2C0_IRQHandler                      
0000118b  I2C1_IRQHandler                      
0000118b  NMI_Handler                          
0000118b  PendSV_Handler                       
0000118b  RTC_IRQHandler                       
0000118b  SPI0_IRQHandler                      
0000118b  SPI1_IRQHandler                      
0000118b  SVC_Handler                          
0000118b  TIMA0_IRQHandler                     
0000118b  TIMA1_IRQHandler                     
0000118b  TIMG0_IRQHandler                     
0000118b  TIMG12_IRQHandler                    
0000118b  TIMG6_IRQHandler                     
0000118b  TIMG7_IRQHandler                     
0000118b  TIMG8_IRQHandler                     
0000118b  UART1_IRQHandler                     
0000118b  UART2_IRQHandler                     
0000118b  UART3_IRQHandler                     
0000118d  sqrt                                 
0000118d  sqrtl                                
000012fd  asinf                                
0000145d  attitude_get_euler                   
000015b1  atan2f                               
000016c9  DL_Timer_initFourCCPWMMode           
000017cd  __aeabi_dmul                         
000017cd  __muldf3                             
000018b1  DL_SYSCTL_configSYSPLL               
0000198d  __aeabi_fsub                         
0000198d  __subsf3                             
00001997  __addsf3                             
00001997  __aeabi_fadd                         
00001a65  SYSCFG_DL_GPIO_init                  
00001b35  SYSCFG_DL_SYSCTL_init                
00001bdd  sqrtf                                
00001c7d  memcpy                               
00001d17  __aeabi_idiv0                        
00001d19  GROUP1_IRQHandler                    
00001dad  SYSCFG_DL_PWM_init                   
00001e41  motor_set_pwm                        
00001ed5  __aeabi_fmul                         
00001ed5  __mulsf3                             
00001fe9  icm42688_get_who_am_i                
0000206d  __aeabi_fdiv                         
0000206d  __divsf3                             
000020f1  __TI_decompress_lzss                 
0000216d  UART0_IRQHandler                     
000021e5  DL_Common_delayCycles                
000021f1  __aeabi_d2f                          
000021f1  __truncdfsf2                         
00002265  __aeabi_fcmpeq                       
00002279  __aeabi_fcmplt                       
0000228d  __aeabi_fcmple                       
000022a1  __aeabi_fcmpge                       
000022b5  __aeabi_fcmpgt                       
000022c9  SYSCFG_DL_UART0_init                 
00002329  SYSCFG_DL_SPI_ICM42688_init          
00002375  DL_UART_init                         
000023bd  SYSCFG_DL_initPower                  
00002405  DL_SPI_init                          
00002449  DL_SYSCTL_switchMCLKfromSYSOSCtoHSCLK
0000248d  attitude_print_euler                 
000024d1  main                                 
00002515  __aeabi_uidiv                        
00002515  __aeabi_uidivmod                     
00002555  __aeabi_f2d                          
00002555  __extendsfdf2                        
00002595  __aeabi_i2f                          
00002595  __floatsisf                          
000025d1  __gesf2                              
000025d1  __gtsf2                              
0000260d  __TI_auto_init_nobinit_nopinit       
00002649  __cmpsf2                             
00002649  __eqsf2                              
00002649  __lesf2                              
00002649  __ltsf2                              
00002649  __nesf2                              
00002685  __muldsi3                            
000026c1  SYSCFG_DL_init                       
000026f9  __aeabi_f2iz                         
000026f9  __fixsfsi                            
00002731  DL_SPI_transmitDataBlocking8         
00002761  SYSCFG_DL_SYSTICK_init               
00002791  uart0_send_string                    
000027c1  __aeabi_ui2f                         
000027c1  __floatunsisf                        
000027e9  attitude_init                        
00002811  _c_int00_noargs                      
00002839  DL_SPI_receiveDataBlocking8          
00002859  DL_SYSCTL_configFCC                  
00002875  DL_Timer_setCaptCompUpdateMethod     
00002891  DL_Timer_setClockConfig              
000028ad  delay_ms                             
000028c9  uart0_send_byte                      
000028e5  DL_Timer_setCaptureCompareOutCtl     
000028fd  __TI_zero_init_nomemset              
00002915  delay_tick                           
00002929  DL_SPI_setClockConfig                
0000293b  DL_UART_setClockConfig               
0000294d  __TI_decompress_none                 
00002961  DL_Timer_setCaptureCompareValue      
00002971  SysTick_Handler                      
00002979  __aeabi_errno_addr                   
00002981  __aeabi_memcpy                       
00002981  __aeabi_memcpy4                      
00002981  __aeabi_memcpy8                      
000029b9  abort                                
000029be  C$$EXIT                              
000029bf  HOSTexit                             
000029d9  Reset_Handler                        
000029dd  _system_pre_init                     
00002a68  __TI_Handler_Table_Base              
00002a74  __TI_Handler_Table_Limit             
00002a88  __TI_CINIT_Base                      
00002a98  __TI_CINIT_Limit                     
00002a98  __TI_CINIT_Warm                      
20200000  __start___llvm_prf_bits              
20200000  __start___llvm_prf_cnts              
20200000  __stop___llvm_prf_bits               
20200000  __stop___llvm_prf_cnts               
20200000  gPWMBackup                           
202000f0  gSPI_ICM42688Backup                  
20200118  __aeabi_errno                        
2020011c  delay_times                          
20207e00  __stack                              
20208000  __STACK_END                          
ffffffff  __TI_pprof_out_hndl                  
ffffffff  __TI_prof_data_size                  
ffffffff  __TI_prof_data_start                 
ffffffff  __binit__                            
ffffffff  binit                                
UNDEFED   __mpu_init                           
UNDEFED   _system_post_cinit                   

[163 symbols]
