******************************************************************************
            TI ARM Clang Linker PC v4.0.4                      
******************************************************************************
>> Linked Thu Jul 16 20:35:18 2026

OUTPUT FILE NAME:   <empty_LP_MSPM0G3507_nortos_ticlang.out>
ENTRY POINT SYMBOL: "_c_int00_noargs"  address: 00001b4d


MEMORY CONFIGURATION

         name            origin    length      used     unused   attr    fill
----------------------  --------  ---------  --------  --------  ----  --------
  FLASH                 00000000   00020000  00001df0  0001e210  R  X
  SRAM                  20200000   00008000  000003a3  00007c5d  RW X
  BCR_CONFIG            41c00000   000000ff  00000000  000000ff  R   
  BSL_CONFIG            41c00100   00000080  00000000  00000080  R   


SEGMENT ALLOCATION MAP

run origin  load origin   length   init length attrs members
----------  ----------- ---------- ----------- ----- -------
00000000    00000000    00001df0   00001df0    r-x
  00000000    00000000    000000c0   000000c0    r-- .intvecs
  000000c0    000000c0    00001c98   00001c98    r-x .text
  00001d58    00001d58    00000060   00000060    r-- .rodata
  00001db8    00001db8    00000038   00000038    r-- .cinit
20200000    20200000    000001a6   00000000    rw-
  20200000    20200000    00000161   00000000    rw- .bss
  20200164    20200164    00000042   00000000    rw- .data
20207e00    20207e00    00000200   00000000    rw-
  20207e00    20207e00    00000200   00000000    rw- .stack


SECTION ALLOCATION MAP

 output                                  attributes/
section   page    origin      length       input sections
--------  ----  ----------  ----------   ----------------
.intvecs   0    00000000    000000c0     
                  00000000    000000c0     startup_mspm0g350x_ticlang.o (.intvecs)

.text      0    000000c0    00001c98     
                  000000c0    000005f2     vofa.o (.text.vofa_send_six_int)
                  000006b2    00000002     startup_mspm0g350x_ticlang.o (.text.Default_Handler)
                  000006b4    000002a8     ti_msp_dl_config.o (.text.SYSCFG_DL_SYSCTL_SYSPLL_init)
                  0000095c    000001f8     pid.o (.text.speed_pid_control_update)
                  00000b54    00000194     line_track.o (.text.line_track_update)
                  00000ce8    00000118     gray_serial.o (.text.gray_serial_read)
                  00000e00    00000104     driverlib.a : dl_timer.o (.text.DL_Timer_initFourCCPWMMode)
                  00000f04    000000dc                 : dl_sysctl_mspm0g1x0x_g3x0x.o (.text.DL_SYSCTL_configSYSPLL)
                  00000fe0    000000d0     ti_msp_dl_config.o (.text.SYSCFG_DL_GPIO_init)
                  000010b0    000000b8     encoder.o (.text.encoder_tick_1ms)
                  00001168    000000b4     pid.o (.text.speed_pid_init)
                  0000121c    000000a8     ti_msp_dl_config.o (.text.SYSCFG_DL_SYSCTL_init)
                  000012c4    000000a4     encoder.o (.text.encoder_init)
                  00001368    000000a2     libclang_rt.builtins.a : udivmoddi4.S.obj (.text)
                  0000140a    0000009a     libc.a : memcpy16.S.obj (.text:memcpy)
                  000014a4    00000094     encoder.o (.text.GROUP1_IRQHandler)
                  00001538    00000094     ti_msp_dl_config.o (.text.SYSCFG_DL_PWM_init)
                  000015cc    00000094     motor.o (.text.motor_set_pwm)
                  00001660    0000007c     libc.a : copy_decompress_lzss.c.obj (.text:decompress:lzss)
                  000016dc    00000078     uart_cmd.o (.text.UART0_IRQHandler)
                  00001754    00000060     ti_msp_dl_config.o (.text.SYSCFG_DL_UART0_init)
                  000017b4    00000056     libclang_rt.builtins.a : aeabi_idivmod.S.obj (.text.__aeabi_idivmod)
                  0000180a    00000002                            : aeabi_div0.c.obj (.text.__aeabi_idiv0)
                  0000180c    0000004c     ti_msp_dl_config.o (.text.SYSCFG_DL_SPI_ICM42688_init)
                  00001858    00000048     driverlib.a : dl_uart.o (.text.DL_UART_init)
                  000018a0    00000048     ti_msp_dl_config.o (.text.SYSCFG_DL_initPower)
                  000018e8    00000044     driverlib.a : dl_spi.o (.text.DL_SPI_init)
                  0000192c    00000044                 : dl_sysctl_mspm0g1x0x_g3x0x.o (.text.DL_SYSCTL_switchMCLKfromSYSOSCtoHSCLK)
                  00001970    00000042     empty.o (.text.main)
                  000019b2    00000002     libclang_rt.builtins.a : aeabi_div0.c.obj (.text.__aeabi_ldiv0)
                  000019b4    00000040                            : aeabi_uidivmod.S.obj (.text.__aeabi_uidivmod)
                  000019f4    0000003e                            : divmoddi4.c.obj (.text.__divmoddi4)
                  00001a32    00000002     --HOLE-- [fill = 0]
                  00001a34    0000003c     libc.a : autoinit.c.obj (.text:__TI_auto_init_nobinit_nopinit)
                  00001a70    0000003a     libclang_rt.builtins.a : muldsi3.S.obj (.text.__muldsi3)
                  00001aaa    00000002     --HOLE-- [fill = 0]
                  00001aac    00000038     ti_msp_dl_config.o (.text.SYSCFG_DL_init)
                  00001ae4    00000038     line_track.o (.text.line_track_init)
                  00001b1c    00000030     ti_msp_dl_config.o (.text.SYSCFG_DL_SYSTICK_init)
                  00001b4c    00000028     libc.a : boot_cortex_m.c.obj (.text:_c_int00_noargs)
                  00001b74    00000024     libclang_rt.builtins.a : muldi3.S.obj (.text.__muldi3)
                  00001b98    00000020     delay.o (.text.delay_tick)
                  00001bb8    0000001e     libclang_rt.builtins.a : ashldi3.S.obj (.text.__ashldi3)
                  00001bd6    00000002     --HOLE-- [fill = 0]
                  00001bd8    0000001c     driverlib.a : dl_sysctl_mspm0g1x0x_g3x0x.o (.text.DL_SYSCTL_configFCC)
                  00001bf4    0000001c                 : dl_timer.o (.text.DL_Timer_setCaptCompUpdateMethod)
                  00001c10    0000001c                 : dl_timer.o (.text.DL_Timer_setClockConfig)
                  00001c2c    0000001c     delay.o (.text.delay_ms)
                  00001c48    00000018     driverlib.a : dl_timer.o (.text.DL_Timer_setCaptureCompareOutCtl)
                  00001c60    00000016     libc.a : copy_zero_init.c.obj (.text:decompress:ZI:__TI_zero_init_nomemset)
                  00001c76    00000002     --HOLE-- [fill = 0]
                  00001c78    00000014     libclang_rt.builtins.a : aeabi_ldivmod.S.obj (.text.__aeabi_ldivmod)
                  00001c8c    00000014     encoder.o (.text.encoder_get_left_speed_mm_s)
                  00001ca0    00000014     encoder.o (.text.encoder_get_right_speed_mm_s)
                  00001cb4    00000014     pid.o (.text.speed_pid_set_speed)
                  00001cc8    00000012     driverlib.a : dl_spi.o (.text.DL_SPI_setClockConfig)
                  00001cda    00000012                 : dl_uart.o (.text.DL_UART_setClockConfig)
                  00001cec    00000012     libc.a : copy_decompress_none.c.obj (.text:decompress:none)
                  00001cfe    00000002     --HOLE-- [fill = 0]
                  00001d00    00000010     driverlib.a : dl_timer.o (.text.DL_Timer_setCaptureCompareValue)
                  00001d10    00000010     gray_serial.o (.text.gray_serial_init)
                  00001d20    0000000c     empty.o (.text.SysTick_Handler)
                  00001d2c    0000000a     driverlib.a : dl_common.o (.text.DL_Common_delayCycles)
                  00001d36    00000002     --HOLE-- [fill = 0]
                  00001d38    00000008     libclang_rt.builtins.a : aeabi_memcpy.S.obj (.text.__aeabi_memcpy)
                  00001d40    00000006     libc.a : exit.c.obj (.text:abort)
                  00001d46    00000004     libsysbm.a : hostexit.c.obj (.text.HOSTexit)
                  00001d4a    00000004     startup_mspm0g350x_ticlang.o (.text.Reset_Handler)
                  00001d4e    00000004     libc.a : pre_init.c.obj (.text._system_pre_init)
                  00001d52    00000006     --HOLE-- [fill = 0]

.cinit     0    00001db8    00000038     
                  00001db8    00000014     (.cinit..data.load) [load image, compression = lzss]
                  00001dcc    0000000c     (__TI_handler_table)
                  00001dd8    00000008     (.cinit..bss.load) [load image, compression = zero_init]
                  00001de0    00000010     (__TI_cinit_table)

.rodata    0    00001d58    00000060     
                  00001d58    00000028     ti_msp_dl_config.o (.rodata.gSYSPLLConfig)
                  00001d80    00000010     encoder.o (.rodata.cst16)
                  00001d90    0000000a     ti_msp_dl_config.o (.rodata.gSPI_ICM42688_config)
                  00001d9a    0000000a     ti_msp_dl_config.o (.rodata.gUART0Config)
                  00001da4    00000008     ti_msp_dl_config.o (.rodata.gPWMConfig)
                  00001dac    00000003     ti_msp_dl_config.o (.rodata.gPWMClockConfig)
                  00001daf    00000002     ti_msp_dl_config.o (.rodata.gSPI_ICM42688_clockConfig)
                  00001db1    00000002     ti_msp_dl_config.o (.rodata.gUART0ClockConfig)
                  00001db3    00000005     --HOLE-- [fill = 0]

.init_array 
*          0    00000000    00000000     UNINITIALIZED

.binit     0    00000000    00000000     

.bss       0    20200000    00000161     UNINITIALIZED
                  20200000    000000a0     (.common:gPWMBackup)
                  202000a0    00000050     uart_cmd.o (.bss.g_uartCmdBuffer)
                  202000f0    00000028     (.common:gSPI_ICM42688Backup)
                  20200118    00000014     line_track.o (.bss.g_lineTrackStatus)
                  2020012c    00000004     pid.o (.bss.g_leftSpeedPid.0)
                  20200130    00000004     pid.o (.bss.g_leftSpeedPid.1)
                  20200134    00000004     pid.o (.bss.g_leftSpeedPid.2)
                  20200138    00000004     pid.o (.bss.g_leftSpeedPid.3)
                  2020013c    00000004     pid.o (.bss.g_leftSpeedPid.4)
                  20200140    00000004     pid.o (.bss.g_leftSpeedPid.5)
                  20200144    00000004     pid.o (.bss.g_rightSpeedPid.0)
                  20200148    00000004     pid.o (.bss.g_rightSpeedPid.1)
                  2020014c    00000004     pid.o (.bss.g_rightSpeedPid.2)
                  20200150    00000004     pid.o (.bss.g_rightSpeedPid.3)
                  20200154    00000004     pid.o (.bss.g_rightSpeedPid.4)
                  20200158    00000004     pid.o (.bss.g_rightSpeedPid.5)
                  2020015c    00000001     pid.o (.bss.g_leftSpeedPid.6)
                  2020015d    00000003     --HOLE--
                  20200160    00000001     pid.o (.bss.g_rightSpeedPid.6)

.data      0    20200164    00000042     UNINITIALIZED
                  20200164    00000004     delay.o (.data.delay_ms_ticks)
                  20200168    00000004     delay.o (.data.delay_times)
                  2020016c    00000004     line_track.o (.data.g_baseSpeedMmS)
                  20200170    00000004     encoder.o (.data.g_encoderLeftCount)
                  20200174    00000004     encoder.o (.data.g_encoderLeftLastSpeedCount)
                  20200178    00000004     encoder.o (.data.g_encoderLeftSpeedMmS)
                  2020017c    00000004     encoder.o (.data.g_encoderRightCount)
                  20200180    00000004     encoder.o (.data.g_encoderRightLastSpeedCount)
                  20200184    00000004     encoder.o (.data.g_encoderRightSpeedMmS)
                  20200188    00000004     line_track.o (.data.g_lastError)
                  2020018c    00000004     pid.o (.data.g_leftPwm)
                  20200190    00000004     pid.o (.data.g_leftTargetMmS)
                  20200194    00000004     line_track.o (.data.g_previousError)
                  20200198    00000004     pid.o (.data.g_rightPwm)
                  2020019c    00000004     pid.o (.data.g_rightTargetMmS)
                  202001a0    00000001     encoder.o (.data.g_encoderLeftLastState)
                  202001a1    00000001     encoder.o (.data.g_encoderRightLastState)
                  202001a2    00000001     encoder.o (.data.g_encoderSpeedTickMs)
                  202001a3    00000001     line_track.o (.data.g_hasPreviousError)
                  202001a4    00000001     uart_cmd.o (.data.g_uartCmdIndex)
                  202001a5    00000001     uart_cmd.o (.data.g_uartCmdReady)

.stack     0    20207e00    00000200     UNINITIALIZED
                  20207e00    00000004     libc.a : boot_cortex_m.c.obj (.stack)
                  20207e04    000001fc     --HOLE--

__llvm_prf_cnts 
*          0    20200000    00000000     UNINITIALIZED

__llvm_prf_bits 
*          0    20200000    00000000     UNINITIALIZED

MODULE SUMMARY

       Module                         code   ro data   rw data
       ------                         ----   -------   -------
    .\
       ti_msp_dl_config.o             1552   75        200    
       startup_mspm0g350x_ticlang.o   6      192       0      
       empty.o                        78     0         0      
    +--+------------------------------+------+---------+---------+
       Total:                         1636   267       200    
                                                              
    .\Src\
       vofa.o                         1522   0         0      
       pid.o                          704    0         66     
       encoder.o                      536    16        27     
       line_track.o                   460    0         33     
       gray_serial.o                  296    0         0      
       uart_cmd.o                     120    0         82     
       motor.o                        148    0         0      
       delay.o                        60     0         8      
    +--+------------------------------+------+---------+---------+
       Total:                         3846   16        216    
                                                              
    C:/TI/mspm0_sdk_2_10_00_04/source/ti/driverlib/lib/ticlang/m0p/mspm0g1x0x_g3x0x/driverlib.a
       dl_timer.o                     356    0         0      
       dl_sysctl_mspm0g1x0x_g3x0x.o   316    0         0      
       dl_uart.o                      90     0         0      
       dl_spi.o                       86     0         0      
       dl_common.o                    10     0         0      
    +--+------------------------------+------+---------+---------+
       Total:                         858    0         0      
                                                              
    D:\ti\ccs2050\ccs\tools\compiler\ti-cgt-armllvm_4.0.4.LTS\lib\armv6m-ti-none-eabi/c/libc.a
       memcpy16.S.obj                 154    0         0      
       copy_decompress_lzss.c.obj     124    0         0      
       autoinit.c.obj                 60     0         0      
       boot_cortex_m.c.obj            40     0         0      
       copy_zero_init.c.obj           22     0         0      
       copy_decompress_none.c.obj     18     0         0      
       exit.c.obj                     6      0         0      
       pre_init.c.obj                 4      0         0      
    +--+------------------------------+------+---------+---------+
       Total:                         428    0         0      
                                                              
    D:\ti\ccs2050\ccs\tools\compiler\ti-cgt-armllvm_4.0.4.LTS\lib\armv6m-ti-none-eabi/c/libsysbm.a
       hostexit.c.obj                 4      0         0      
    +--+------------------------------+------+---------+---------+
       Total:                         4      0         0      
                                                              
    D:\ti\ccs2050\ccs\tools\compiler\ti-cgt-armllvm_4.0.4.LTS\lib\armv6m-ti-none-eabi/libclang_rt.builtins.a
       udivmoddi4.S.obj               162    0         0      
       aeabi_idivmod.S.obj            86     0         0      
       aeabi_uidivmod.S.obj           64     0         0      
       divmoddi4.c.obj                62     0         0      
       muldsi3.S.obj                  58     0         0      
       muldi3.S.obj                   36     0         0      
       ashldi3.S.obj                  30     0         0      
       aeabi_ldivmod.S.obj            20     0         0      
       aeabi_memcpy.S.obj             8      0         0      
       aeabi_div0.c.obj               4      0         0      
    +--+------------------------------+------+---------+---------+
       Total:                         530    0         0      
                                                              
       Stack:                         0      0         512    
       Linker Generated:              0      56        0      
    +--+------------------------------+------+---------+---------+
       Grand Total:                   7302   339       928    


LINKER GENERATED COPY TABLES

__TI_cinit_table @ 00001de0 records: 2, size/record: 8, table size: 16
	.data: load addr=00001db8, load size=00000014 bytes, run addr=20200164, run size=00000042 bytes, compression=lzss
	.bss: load addr=00001dd8, load size=00000008 bytes, run addr=20200000, run size=00000161 bytes, compression=zero_init


LINKER GENERATED HANDLER TABLE

__TI_handler_table @ 00001dcc records: 3, size/record: 4, table size: 12
	index: 0, handler: __TI_decompress_lzss
	index: 1, handler: __TI_decompress_none
	index: 2, handler: __TI_zero_init


GLOBAL SYMBOLS: SORTED ALPHABETICALLY BY Name 

address   name                                 
-------   ----                                 
000006b3  ADC0_IRQHandler                      
000006b3  ADC1_IRQHandler                      
000006b3  AES_IRQHandler                       
00001d46  C$$EXIT                              
000006b3  CANFD0_IRQHandler                    
000006b3  DAC0_IRQHandler                      
00001d2d  DL_Common_delayCycles                
000018e9  DL_SPI_init                          
00001cc9  DL_SPI_setClockConfig                
00001bd9  DL_SYSCTL_configFCC                  
00000f05  DL_SYSCTL_configSYSPLL               
0000192d  DL_SYSCTL_switchMCLKfromSYSOSCtoHSCLK
00000e01  DL_Timer_initFourCCPWMMode           
00001bf5  DL_Timer_setCaptCompUpdateMethod     
00001c49  DL_Timer_setCaptureCompareOutCtl     
00001d01  DL_Timer_setCaptureCompareValue      
00001c11  DL_Timer_setClockConfig              
00001859  DL_UART_init                         
00001cdb  DL_UART_setClockConfig               
000006b3  DMA_IRQHandler                       
000006b3  Default_Handler                      
000006b3  GROUP0_IRQHandler                    
000014a5  GROUP1_IRQHandler                    
00001d47  HOSTexit                             
000006b3  HardFault_Handler                    
000006b3  I2C0_IRQHandler                      
000006b3  I2C1_IRQHandler                      
000006b3  NMI_Handler                          
000006b3  PendSV_Handler                       
000006b3  RTC_IRQHandler                       
00001d4b  Reset_Handler                        
000006b3  SPI0_IRQHandler                      
000006b3  SPI1_IRQHandler                      
000006b3  SVC_Handler                          
00000fe1  SYSCFG_DL_GPIO_init                  
00001539  SYSCFG_DL_PWM_init                   
0000180d  SYSCFG_DL_SPI_ICM42688_init          
000006b5  SYSCFG_DL_SYSCTL_SYSPLL_init         
0000121d  SYSCFG_DL_SYSCTL_init                
00001b1d  SYSCFG_DL_SYSTICK_init               
00001755  SYSCFG_DL_UART0_init                 
00001aad  SYSCFG_DL_init                       
000018a1  SYSCFG_DL_initPower                  
00001d21  SysTick_Handler                      
000006b3  TIMA0_IRQHandler                     
000006b3  TIMA1_IRQHandler                     
000006b3  TIMG0_IRQHandler                     
000006b3  TIMG12_IRQHandler                    
000006b3  TIMG6_IRQHandler                     
000006b3  TIMG7_IRQHandler                     
000006b3  TIMG8_IRQHandler                     
000016dd  UART0_IRQHandler                     
000006b3  UART1_IRQHandler                     
000006b3  UART2_IRQHandler                     
000006b3  UART3_IRQHandler                     
20208000  __STACK_END                          
00000200  __STACK_SIZE                         
00000000  __TI_ATRegion0_region_sz             
00000000  __TI_ATRegion0_src_addr              
00000000  __TI_ATRegion0_trg_addr              
00000000  __TI_ATRegion1_region_sz             
00000000  __TI_ATRegion1_src_addr              
00000000  __TI_ATRegion1_trg_addr              
00000000  __TI_ATRegion2_region_sz             
00000000  __TI_ATRegion2_src_addr              
00000000  __TI_ATRegion2_trg_addr              
00001de0  __TI_CINIT_Base                      
00001df0  __TI_CINIT_Limit                     
00001df0  __TI_CINIT_Warm                      
00001dcc  __TI_Handler_Table_Base              
00001dd8  __TI_Handler_Table_Limit             
00001a35  __TI_auto_init_nobinit_nopinit       
00001661  __TI_decompress_lzss                 
00001ced  __TI_decompress_none                 
ffffffff  __TI_pprof_out_hndl                  
ffffffff  __TI_prof_data_size                  
ffffffff  __TI_prof_data_start                 
00000000  __TI_static_base__                   
00001c61  __TI_zero_init_nomemset              
000017b5  __aeabi_idiv                         
0000180b  __aeabi_idiv0                        
000017b5  __aeabi_idivmod                      
000019b3  __aeabi_ldiv0                        
00001c79  __aeabi_ldivmod                      
00001bb9  __aeabi_llsl                         
00001b75  __aeabi_lmul                         
00001d39  __aeabi_memcpy                       
00001d39  __aeabi_memcpy4                      
00001d39  __aeabi_memcpy8                      
000019b5  __aeabi_uidiv                        
000019b5  __aeabi_uidivmod                     
00001bb9  __ashldi3                            
ffffffff  __binit__                            
000019f5  __divmoddi4                          
UNDEFED   __mpu_init                           
00001b75  __muldi3                             
00001a71  __muldsi3                            
20207e00  __stack                              
20200000  __start___llvm_prf_bits              
20200000  __start___llvm_prf_cnts              
20200000  __stop___llvm_prf_bits               
20200000  __stop___llvm_prf_cnts               
00001369  __udivmoddi4                         
00001b4d  _c_int00_noargs                      
UNDEFED   _system_post_cinit                   
00001d4f  _system_pre_init                     
00001d41  abort                                
ffffffff  binit                                
00001c2d  delay_ms                             
00001b99  delay_tick                           
20200168  delay_times                          
00001c8d  encoder_get_left_speed_mm_s          
00001ca1  encoder_get_right_speed_mm_s         
000012c5  encoder_init                         
000010b1  encoder_tick_1ms                     
20200000  gPWMBackup                           
202000f0  gSPI_ICM42688Backup                  
00001d11  gray_serial_init                     
00000ce9  gray_serial_read                     
00000000  interruptVectors                     
00001ae5  line_track_init                      
00000b55  line_track_update                    
00001971  main                                 
0000140b  memcpy                               
000015cd  motor_set_pwm                        
0000095d  speed_pid_control_update             
00001169  speed_pid_init                       
00001cb5  speed_pid_set_speed                  
000000c1  vofa_send_six_int                    


GLOBAL SYMBOLS: SORTED BY Symbol Address 

address   name                                 
-------   ----                                 
00000000  __TI_ATRegion0_region_sz             
00000000  __TI_ATRegion0_src_addr              
00000000  __TI_ATRegion0_trg_addr              
00000000  __TI_ATRegion1_region_sz             
00000000  __TI_ATRegion1_src_addr              
00000000  __TI_ATRegion1_trg_addr              
00000000  __TI_ATRegion2_region_sz             
00000000  __TI_ATRegion2_src_addr              
00000000  __TI_ATRegion2_trg_addr              
00000000  __TI_static_base__                   
00000000  interruptVectors                     
000000c1  vofa_send_six_int                    
00000200  __STACK_SIZE                         
000006b3  ADC0_IRQHandler                      
000006b3  ADC1_IRQHandler                      
000006b3  AES_IRQHandler                       
000006b3  CANFD0_IRQHandler                    
000006b3  DAC0_IRQHandler                      
000006b3  DMA_IRQHandler                       
000006b3  Default_Handler                      
000006b3  GROUP0_IRQHandler                    
000006b3  HardFault_Handler                    
000006b3  I2C0_IRQHandler                      
000006b3  I2C1_IRQHandler                      
000006b3  NMI_Handler                          
000006b3  PendSV_Handler                       
000006b3  RTC_IRQHandler                       
000006b3  SPI0_IRQHandler                      
000006b3  SPI1_IRQHandler                      
000006b3  SVC_Handler                          
000006b3  TIMA0_IRQHandler                     
000006b3  TIMA1_IRQHandler                     
000006b3  TIMG0_IRQHandler                     
000006b3  TIMG12_IRQHandler                    
000006b3  TIMG6_IRQHandler                     
000006b3  TIMG7_IRQHandler                     
000006b3  TIMG8_IRQHandler                     
000006b3  UART1_IRQHandler                     
000006b3  UART2_IRQHandler                     
000006b3  UART3_IRQHandler                     
000006b5  SYSCFG_DL_SYSCTL_SYSPLL_init         
0000095d  speed_pid_control_update             
00000b55  line_track_update                    
00000ce9  gray_serial_read                     
00000e01  DL_Timer_initFourCCPWMMode           
00000f05  DL_SYSCTL_configSYSPLL               
00000fe1  SYSCFG_DL_GPIO_init                  
000010b1  encoder_tick_1ms                     
00001169  speed_pid_init                       
0000121d  SYSCFG_DL_SYSCTL_init                
000012c5  encoder_init                         
00001369  __udivmoddi4                         
0000140b  memcpy                               
000014a5  GROUP1_IRQHandler                    
00001539  SYSCFG_DL_PWM_init                   
000015cd  motor_set_pwm                        
00001661  __TI_decompress_lzss                 
000016dd  UART0_IRQHandler                     
00001755  SYSCFG_DL_UART0_init                 
000017b5  __aeabi_idiv                         
000017b5  __aeabi_idivmod                      
0000180b  __aeabi_idiv0                        
0000180d  SYSCFG_DL_SPI_ICM42688_init          
00001859  DL_UART_init                         
000018a1  SYSCFG_DL_initPower                  
000018e9  DL_SPI_init                          
0000192d  DL_SYSCTL_switchMCLKfromSYSOSCtoHSCLK
00001971  main                                 
000019b3  __aeabi_ldiv0                        
000019b5  __aeabi_uidiv                        
000019b5  __aeabi_uidivmod                     
000019f5  __divmoddi4                          
00001a35  __TI_auto_init_nobinit_nopinit       
00001a71  __muldsi3                            
00001aad  SYSCFG_DL_init                       
00001ae5  line_track_init                      
00001b1d  SYSCFG_DL_SYSTICK_init               
00001b4d  _c_int00_noargs                      
00001b75  __aeabi_lmul                         
00001b75  __muldi3                             
00001b99  delay_tick                           
00001bb9  __aeabi_llsl                         
00001bb9  __ashldi3                            
00001bd9  DL_SYSCTL_configFCC                  
00001bf5  DL_Timer_setCaptCompUpdateMethod     
00001c11  DL_Timer_setClockConfig              
00001c2d  delay_ms                             
00001c49  DL_Timer_setCaptureCompareOutCtl     
00001c61  __TI_zero_init_nomemset              
00001c79  __aeabi_ldivmod                      
00001c8d  encoder_get_left_speed_mm_s          
00001ca1  encoder_get_right_speed_mm_s         
00001cb5  speed_pid_set_speed                  
00001cc9  DL_SPI_setClockConfig                
00001cdb  DL_UART_setClockConfig               
00001ced  __TI_decompress_none                 
00001d01  DL_Timer_setCaptureCompareValue      
00001d11  gray_serial_init                     
00001d21  SysTick_Handler                      
00001d2d  DL_Common_delayCycles                
00001d39  __aeabi_memcpy                       
00001d39  __aeabi_memcpy4                      
00001d39  __aeabi_memcpy8                      
00001d41  abort                                
00001d46  C$$EXIT                              
00001d47  HOSTexit                             
00001d4b  Reset_Handler                        
00001d4f  _system_pre_init                     
00001dcc  __TI_Handler_Table_Base              
00001dd8  __TI_Handler_Table_Limit             
00001de0  __TI_CINIT_Base                      
00001df0  __TI_CINIT_Limit                     
00001df0  __TI_CINIT_Warm                      
20200000  __start___llvm_prf_bits              
20200000  __start___llvm_prf_cnts              
20200000  __stop___llvm_prf_bits               
20200000  __stop___llvm_prf_cnts               
20200000  gPWMBackup                           
202000f0  gSPI_ICM42688Backup                  
20200168  delay_times                          
20207e00  __stack                              
20208000  __STACK_END                          
ffffffff  __TI_pprof_out_hndl                  
ffffffff  __TI_prof_data_size                  
ffffffff  __TI_prof_data_start                 
ffffffff  __binit__                            
ffffffff  binit                                
UNDEFED   __mpu_init                           
UNDEFED   _system_post_cinit                   

[129 symbols]
