******************************************************************************
            TI ARM Clang Linker PC v4.0.4                      
******************************************************************************
>> Linked Fri Jul 17 09:14:24 2026

OUTPUT FILE NAME:   <empty_LP_MSPM0G3507_nortos_ticlang.out>
ENTRY POINT SYMBOL: "_c_int00_noargs"  address: 00003f6d


MEMORY CONFIGURATION

         name            origin    length      used     unused   attr    fill
----------------------  --------  ---------  --------  --------  ----  --------
  FLASH                 00000000   00020000  000043f0  0001bc10  R  X
  SRAM                  20200000   00008000  00000378  00007c88  RW X
  BCR_CONFIG            41c00000   000000ff  00000000  000000ff  R   
  BSL_CONFIG            41c00100   00000080  00000000  00000080  R   


SEGMENT ALLOCATION MAP

run origin  load origin   length   init length attrs members
----------  ----------- ---------- ----------- ----- -------
00000000    00000000    000043f0   000043f0    r-x
  00000000    00000000    000000c0   000000c0    r-- .intvecs
  000000c0    000000c0    00004120   00004120    r-x .text
  000041e0    000041e0    000001d8   000001d8    r-- .rodata
  000043b8    000043b8    00000038   00000038    r-- .cinit
20200000    20200000    00000178   00000000    rw-
  20200000    20200000    00000118   00000000    rw- .bss
  20200118    20200118    00000060   00000000    rw- .data
20207e00    20207e00    00000200   00000000    rw-
  20207e00    20207e00    00000200   00000000    rw- .stack


SECTION ALLOCATION MAP

 output                                  attributes/
section   page    origin      length       input sections
--------  ----  ----------  ----------   ----------------
.intvecs   0    00000000    000000c0     
                  00000000    000000c0     startup_mspm0g350x_ticlang.o (.intvecs)

.text      0    000000c0    00004120     
                  000000c0    00000798     attitude.o (.text.attitude_update_from_icm42688)
                  00000858    00000644     libc.a : k_rem_pio2.c.obj (.text.__kernel_rem_pio2)
                  00000e9c    000002f0     icm42688.o (.text.icm42688_init)
                  0000118c    000002a8     ti_msp_dl_config.o (.text.SYSCFG_DL_SYSCTL_SYSPLL_init)
                  00001434    000002a4     vofa.o (.text.uart0_send_float)
                  000016d8    000001d4     libc.a : s_cosf.c.obj (.text.cosf)
                  000018ac    000001c8            : s_atanf.c.obj (.text.atanf)
                  00001a74    000001c8            : s_sinf.c.obj (.text.sinf)
                  00001c3c    000001b0            : s_tanf.c.obj (.text.tanf)
                  00001dec    000001ac     icm42688.o (.text.icm42688_read_raw)
                  00001f98    00000192     libclang_rt.builtins.a : adddf3.S.obj (.text.adddf3_subdf3)
                  0000212a    00000002     startup_mspm0g350x_ticlang.o (.text.Default_Handler)
                  0000212c    00000178     vofa.o (.text.vofa_send_six_float)
                  000022a4    00000170     attitude.o (.text.attitude_calibrate_gyro)
                  00002414    00000144     libc.a : s_floor.c.obj (.text.floor)
                  00002558    0000012c            : s_tanf.c.obj (.text.__kernel_tandf)
                  00002684    00000118            : e_atan2f.c.obj (.text.atan2f)
                  0000279c    0000010c     libclang_rt.builtins.a : divdf3.S.obj (.text.__divdf3)
                  000028a8    00000104     driverlib.a : dl_timer.o (.text.DL_Timer_initFourCCPWMMode)
                  000029ac    000000e4     libclang_rt.builtins.a : muldf3.S.obj (.text.__muldf3)
                  00002a90    000000dc     driverlib.a : dl_sysctl_mspm0g1x0x_g3x0x.o (.text.DL_SYSCTL_configSYSPLL)
                  00002b6c    000000d8     libc.a : s_scalbn.c.obj (.text.scalbn)
                  00002c44    000000d8     libclang_rt.builtins.a : addsf3.S.obj (.text)
                  00002d1c    000000d0     ti_msp_dl_config.o (.text.SYSCFG_DL_GPIO_init)
                  00002dec    000000d0     empty.o (.text.main)
                  00002ebc    000000ac     libc.a : s_cosf.c.obj (.text.__kernel_sindf)
                  00002f68    000000ac            : s_sinf.c.obj (.text.__kernel_sindf)
                  00003014    000000a8     ti_msp_dl_config.o (.text.SYSCFG_DL_SYSCTL_init)
                  000030bc    000000a8     attitude.o (.text.attitude_init)
                  00003164    000000a0     libc.a : e_sqrtf.c.obj (.text.sqrtf)
                  00003204    0000009c            : s_cosf.c.obj (.text.__kernel_cosdf)
                  000032a0    0000009c            : s_sinf.c.obj (.text.__kernel_cosdf)
                  0000333c    0000009a            : memcpy16.S.obj (.text:memcpy)
                  000033d6    00000002     libclang_rt.builtins.a : aeabi_div0.c.obj (.text.__aeabi_idiv0)
                  000033d8    00000094     encoder.o (.text.GROUP1_IRQHandler)
                  0000346c    00000094     ti_msp_dl_config.o (.text.SYSCFG_DL_PWM_init)
                  00003500    0000008c     libclang_rt.builtins.a : mulsf3.S.obj (.text.__mulsf3)
                  0000358c    00000088     icm42688.o (.text.icm42688_write_reg)
                  00003614    00000084     icm42688.o (.text.icm42688_get_who_am_i)
                  00003698    00000082     libclang_rt.builtins.a : divsf3.S.obj (.text.__divsf3)
                  0000371a    00000002     --HOLE-- [fill = 0]
                  0000371c    0000007c     libc.a : copy_decompress_lzss.c.obj (.text:decompress:lzss)
                  00003798    00000078     uart_cmd.o (.text.UART0_IRQHandler)
                  00003810    00000074     libclang_rt.builtins.a : comparedf2.c.obj (.text.__gedf2)
                  00003884    0000000c     delay.o (.text.delay_get_ms)
                  00003890    00000074     libclang_rt.builtins.a : truncdfsf2.S.obj (.text.__truncdfsf2)
                  00003904    00000068                            : comparedf2.c.obj (.text.__ledf2)
                  0000396c    00000062                            : aeabi_dcmp.S.obj (.text.__aeabi_dcmp)
                  000039ce    00000002     --HOLE-- [fill = 0]
                  000039d0    00000062                            : aeabi_fcmp.S.obj (.text.__aeabi_fcmp)
                  00003a32    00000002     --HOLE-- [fill = 0]
                  00003a34    00000060     ti_msp_dl_config.o (.text.SYSCFG_DL_UART0_init)
                  00003a94    00000056     libclang_rt.builtins.a : aeabi_idivmod.S.obj (.text.__aeabi_idivmod)
                  00003aea    00000002     --HOLE-- [fill = 0]
                  00003aec    0000004c     ti_msp_dl_config.o (.text.SYSCFG_DL_SPI_ICM42688_init)
                  00003b38    0000004a     libclang_rt.builtins.a : fixdfsi.S.obj (.text.__fixdfsi)
                  00003b82    00000002     --HOLE-- [fill = 0]
                  00003b84    00000048     driverlib.a : dl_uart.o (.text.DL_UART_init)
                  00003bcc    00000048     ti_msp_dl_config.o (.text.SYSCFG_DL_initPower)
                  00003c14    00000044     driverlib.a : dl_spi.o (.text.DL_SPI_init)
                  00003c58    00000044                 : dl_sysctl_mspm0g1x0x_g3x0x.o (.text.DL_SYSCTL_switchMCLKfromSYSOSCtoHSCLK)
                  00003c9c    00000040     libclang_rt.builtins.a : aeabi_uidivmod.S.obj (.text.__aeabi_uidivmod)
                  00003cdc    00000040                            : extendsfdf2.S.obj (.text.__extendsfdf2)
                  00003d1c    0000003c                            : floatsisf.S.obj (.text.__floatsisf)
                  00003d58    0000003c                            : comparesf2.S.obj (.text.__gtsf2)
                  00003d94    0000003c     libc.a : autoinit.c.obj (.text:__TI_auto_init_nobinit_nopinit)
                  00003dd0    0000003a     libclang_rt.builtins.a : comparesf2.S.obj (.text.__eqsf2)
                  00003e0a    00000002     --HOLE-- [fill = 0]
                  00003e0c    0000003a                            : muldsi3.S.obj (.text.__muldsi3)
                  00003e46    00000002     --HOLE-- [fill = 0]
                  00003e48    00000038     ti_msp_dl_config.o (.text.SYSCFG_DL_init)
                  00003e80    00000038     libclang_rt.builtins.a : fixsfsi.S.obj (.text.__fixsfsi)
                  00003eb8    00000030     driverlib.a : dl_spi.o (.text.DL_SPI_transmitDataBlocking8)
                  00003ee8    00000030     ti_msp_dl_config.o (.text.SYSCFG_DL_SYSTICK_init)
                  00003f18    0000002c     libclang_rt.builtins.a : floatsidf.S.obj (.text.__floatsidf)
                  00003f44    00000028                            : floatunsisf.S.obj (.text.__floatunsisf)
                  00003f6c    00000028     libc.a : boot_cortex_m.c.obj (.text:_c_int00_noargs)
                  00003f94    00000024     attitude.o (.text.attitude_get_euler)
                  00003fb8    00000020     driverlib.a : dl_spi.o (.text.DL_SPI_receiveDataBlocking8)
                  00003fd8    00000020     delay.o (.text.delay_tick)
                  00003ff8    0000001c     driverlib.a : dl_sysctl_mspm0g1x0x_g3x0x.o (.text.DL_SYSCTL_configFCC)
                  00004014    0000001c                 : dl_timer.o (.text.DL_Timer_setCaptCompUpdateMethod)
                  00004030    0000001c                 : dl_timer.o (.text.DL_Timer_setClockConfig)
                  0000404c    0000001c     delay.o (.text.delay_ms)
                  00004068    00000018     driverlib.a : dl_timer.o (.text.DL_Timer_setCaptureCompareOutCtl)
                  00004080    00000016     libc.a : k_rem_pio2.c.obj (.text.OUTLINED_FUNCTION_0)
                  00004096    00000002     --HOLE-- [fill = 0]
                  00004098    00000010     libclang_rt.builtins.a : adddf3.S.obj (.tramp.__aeabi_dadd.1)
                  000040a8    00000016     libc.a : copy_zero_init.c.obj (.text:decompress:ZI:__TI_zero_init_nomemset)
                  000040be    00000012     driverlib.a : dl_spi.o (.text.DL_SPI_setClockConfig)
                  000040d0    00000012                 : dl_uart.o (.text.DL_UART_setClockConfig)
                  000040e2    00000012     libc.a : copy_decompress_none.c.obj (.text:decompress:none)
                  000040f4    00000010     driverlib.a : dl_timer.o (.text.DL_Timer_setCaptureCompareValue)
                  00004104    00000010     libc.a : k_rem_pio2.c.obj (.text.OUTLINED_FUNCTION_2)
                  00004114    0000000a     driverlib.a : dl_common.o (.text.DL_Common_delayCycles)
                  0000411e    0000000a     libc.a : s_tanf.c.obj (.text.OUTLINED_FUNCTION_0)
                  00004128    0000000a            : k_rem_pio2.c.obj (.text.OUTLINED_FUNCTION_1)
                  00004132    0000000a            : s_cosf.c.obj (.text.OUTLINED_FUNCTION_3)
                  0000413c    0000000a            : s_sinf.c.obj (.text.OUTLINED_FUNCTION_3)
                  00004146    00000008     empty.o (.text.SysTick_Handler)
                  0000414e    00000002     --HOLE-- [fill = 0]
                  00004150    00000008     libc.a : aeabi_portable.c.obj (.text.__aeabi_errno_addr)
                  00004158    00000008     libclang_rt.builtins.a : aeabi_memcpy.S.obj (.text.__aeabi_memcpy)
                  00004160    00000006     libc.a : s_atanf.c.obj (.text.OUTLINED_FUNCTION_0)
                  00004166    00000002     --HOLE-- [fill = 0]
                  00004168    00000010     libclang_rt.builtins.a : divsf3.S.obj (.tramp.__aeabi_fdiv.1)
                  00004178    00000006     libc.a : s_cosf.c.obj (.text.OUTLINED_FUNCTION_0)
                  0000417e    00000002     --HOLE-- [fill = 0]
                  00004180    00000010     libclang_rt.builtins.a : muldf3.S.obj (.tramp.__aeabi_dmul.1)
                  00004190    00000006     libc.a : s_sinf.c.obj (.text.OUTLINED_FUNCTION_0)
                  00004196    00000006            : s_cosf.c.obj (.text.OUTLINED_FUNCTION_1)
                  0000419c    00000006            : s_sinf.c.obj (.text.OUTLINED_FUNCTION_1)
                  000041a2    00000006            : exit.c.obj (.text:abort)
                  000041a8    00000004     libsysbm.a : hostexit.c.obj (.text.HOSTexit)
                  000041ac    00000004     libc.a : s_atanf.c.obj (.text.OUTLINED_FUNCTION_1)
                  000041b0    00000010     libclang_rt.builtins.a : addsf3.S.obj (.tramp.__aeabi_fadd.1)
                  000041c0    00000004     libc.a : s_tanf.c.obj (.text.OUTLINED_FUNCTION_1)
                  000041c4    00000004            : s_cosf.c.obj (.text.OUTLINED_FUNCTION_2)
                  000041c8    00000004            : s_sinf.c.obj (.text.OUTLINED_FUNCTION_2)
                  000041cc    00000004     startup_mspm0g350x_ticlang.o (.text.Reset_Handler)
                  000041d0    00000004     libc.a : pre_init.c.obj (.text._system_pre_init)
                  000041d4    0000000c     --HOLE-- [fill = 0]

.cinit     0    000043b8    00000038     
                  000043b8    0000000f     (.cinit..data.load) [load image, compression = lzss]
                  000043c7    00000001     --HOLE-- [fill = 0]
                  000043c8    0000000c     (__TI_handler_table)
                  000043d4    00000008     (.cinit..bss.load) [load image, compression = zero_init]
                  000043dc    00000010     (__TI_cinit_table)
                  000043ec    00000004     --HOLE-- [fill = 0]

.rodata    0    000041e0    000001d8     
                  000041e0    00000108     libc.a : k_rem_pio2.c.obj (.rodata.ipio2)
                  000042e8    00000040            : k_rem_pio2.c.obj (.rodata.PIo2)
                  00004328    00000028     ti_msp_dl_config.o (.rodata.gSYSPLLConfig)
                  00004350    00000020     libc.a : s_atanf.c.obj (.rodata.cst16)
                  00004370    00000010     encoder.o (.rodata.cst16)
                  00004380    00000010     libc.a : k_rem_pio2.c.obj (.rodata.cst16)
                  00004390    0000000a     ti_msp_dl_config.o (.rodata.gSPI_ICM42688_config)
                  0000439a    0000000a     ti_msp_dl_config.o (.rodata.gUART0Config)
                  000043a4    00000008     ti_msp_dl_config.o (.rodata.gPWMConfig)
                  000043ac    00000003     ti_msp_dl_config.o (.rodata.gPWMClockConfig)
                  000043af    00000002     ti_msp_dl_config.o (.rodata.gSPI_ICM42688_clockConfig)
                  000043b1    00000002     ti_msp_dl_config.o (.rodata.gUART0ClockConfig)
                  000043b3    00000005     --HOLE-- [fill = 0]

.init_array 
*          0    00000000    00000000     UNINITIALIZED

.binit     0    00000000    00000000     

.bss       0    20200000    00000118     UNINITIALIZED
                  20200000    000000a0     (.common:gPWMBackup)
                  202000a0    00000050     uart_cmd.o (.bss.g_uartCmdBuffer)
                  202000f0    00000028     (.common:gSPI_ICM42688Backup)

.data      0    20200118    00000060     UNINITIALIZED
                  20200118    00000004     libc.a : aeabi_portable.c.obj (.data.__aeabi_errno)
                  2020011c    00000004     attitude.o (.data.accCalSumX)
                  20200120    00000004     attitude.o (.data.accCalSumY)
                  20200124    00000004     attitude.o (.data.accCalSumZ)
                  20200128    00000004     attitude.o (.data.accFiltX)
                  2020012c    00000004     attitude.o (.data.accFiltY)
                  20200130    00000004     attitude.o (.data.accFiltZ)
                  20200134    00000004     delay.o (.data.delay_ms_ticks)
                  20200138    00000004     delay.o (.data.delay_times)
                  2020013c    00000004     encoder.o (.data.g_encoderLeftCount)
                  20200140    00000004     encoder.o (.data.g_encoderRightCount)
                  20200144    00000004     attitude.o (.data.gyroBiasX)
                  20200148    00000004     attitude.o (.data.gyroBiasY)
                  2020014c    00000004     attitude.o (.data.gyroBiasZ)
                  20200150    00000004     attitude.o (.data.gyroCalSumX)
                  20200154    00000004     attitude.o (.data.gyroCalSumY)
                  20200158    00000004     attitude.o (.data.gyroCalSumZ)
                  2020015c    00000004     attitude.o (.data.pitchDeg)
                  20200160    00000004     attitude.o (.data.pitchZeroDeg)
                  20200164    00000004     attitude.o (.data.rollDeg)
                  20200168    00000004     attitude.o (.data.rollZeroDeg)
                  2020016c    00000004     attitude.o (.data.yawDeg)
                  20200170    00000002     attitude.o (.data.gyroCalCount)
                  20200172    00000001     attitude.o (.data.accFilterReady)
                  20200173    00000001     encoder.o (.data.g_encoderLeftLastState)
                  20200174    00000001     encoder.o (.data.g_encoderRightLastState)
                  20200175    00000001     uart_cmd.o (.data.g_uartCmdIndex)
                  20200176    00000001     uart_cmd.o (.data.g_uartCmdReady)
                  20200177    00000001     attitude.o (.data.gyroCalibrated)

.stack     0    20207e00    00000200     UNINITIALIZED
                  20207e00    00000004     libc.a : boot_cortex_m.c.obj (.stack)
                  20207e04    000001fc     --HOLE--

__llvm_prf_cnts 
*          0    20200000    00000000     UNINITIALIZED

__llvm_prf_bits 
*          0    20200000    00000000     UNINITIALIZED

MODULE SUMMARY

       Module                         code    ro data   rw data
       ------                         ----    -------   -------
    .\
       ti_msp_dl_config.o             1552    75        200    
       empty.o                        216     0         0      
       startup_mspm0g350x_ticlang.o   6       192       0      
    +--+------------------------------+-------+---------+---------+
       Total:                         1774    267       200    
                                                               
    .\Src\
       attitude.o                     2516    0         72     
       icm42688.o                     1448    0         0      
       vofa.o                         1052    0         0      
       uart_cmd.o                     120     0         82     
       encoder.o                      148     16        10     
       delay.o                        72      0         8      
    +--+------------------------------+-------+---------+---------+
       Total:                         5356    16        172    
                                                               
    C:/TI/mspm0_sdk_2_10_00_04/source/ti/driverlib/lib/ticlang/m0p/mspm0g1x0x_g3x0x/driverlib.a
       dl_timer.o                     356     0         0      
       dl_sysctl_mspm0g1x0x_g3x0x.o   316     0         0      
       dl_spi.o                       166     0         0      
       dl_uart.o                      90      0         0      
       dl_common.o                    10      0         0      
    +--+------------------------------+-------+---------+---------+
       Total:                         938     0         0      
                                                               
    D:\ti\ccs2050\ccs\tools\compiler\ti-cgt-armllvm_4.0.4.LTS\lib\armv6m-ti-none-eabi/c/libc.a
       k_rem_pio2.c.obj               1652    344       0      
       s_cosf.c.obj                   822     0         0      
       s_sinf.c.obj                   810     0         0      
       s_tanf.c.obj                   746     0         0      
       s_atanf.c.obj                  466     32        0      
       s_floor.c.obj                  324     0         0      
       e_atan2f.c.obj                 280     0         0      
       s_scalbn.c.obj                 216     0         0      
       e_sqrtf.c.obj                  160     0         0      
       memcpy16.S.obj                 154     0         0      
       copy_decompress_lzss.c.obj     124     0         0      
       autoinit.c.obj                 60      0         0      
       boot_cortex_m.c.obj            40      0         0      
       copy_zero_init.c.obj           22      0         0      
       copy_decompress_none.c.obj     18      0         0      
       aeabi_portable.c.obj           8       0         4      
       exit.c.obj                     6       0         0      
       pre_init.c.obj                 4       0         0      
    +--+------------------------------+-------+---------+---------+
       Total:                         5912    376       4      
                                                               
    D:\ti\ccs2050\ccs\tools\compiler\ti-cgt-armllvm_4.0.4.LTS\lib\armv6m-ti-none-eabi/c/libsysbm.a
       hostexit.c.obj                 4       0         0      
    +--+------------------------------+-------+---------+---------+
       Total:                         4       0         0      
                                                               
    D:\ti\ccs2050\ccs\tools\compiler\ti-cgt-armllvm_4.0.4.LTS\lib\armv6m-ti-none-eabi/libclang_rt.builtins.a
       adddf3.S.obj                   418     0         0      
       divdf3.S.obj                   268     0         0      
       muldf3.S.obj                   244     0         0      
       addsf3.S.obj                   232     0         0      
       comparedf2.c.obj               220     0         0      
       divsf3.S.obj                   146     0         0      
       mulsf3.S.obj                   140     0         0      
       comparesf2.S.obj               118     0         0      
       truncdfsf2.S.obj               116     0         0      
       aeabi_dcmp.S.obj               98      0         0      
       aeabi_fcmp.S.obj               98      0         0      
       aeabi_idivmod.S.obj            86      0         0      
       fixdfsi.S.obj                  74      0         0      
       aeabi_uidivmod.S.obj           64      0         0      
       extendsfdf2.S.obj              64      0         0      
       floatsisf.S.obj                60      0         0      
       muldsi3.S.obj                  58      0         0      
       fixsfsi.S.obj                  56      0         0      
       floatsidf.S.obj                44      0         0      
       floatunsisf.S.obj              40      0         0      
       aeabi_memcpy.S.obj             8       0         0      
       aeabi_div0.c.obj               2       0         0      
    +--+------------------------------+-------+---------+---------+
       Total:                         2654    0         0      
                                                               
       Stack:                         0       0         512    
       Linker Generated:              0       51        0      
    +--+------------------------------+-------+---------+---------+
       Grand Total:                   16638   710       888    


LINKER GENERATED COPY TABLES

__TI_cinit_table @ 000043dc records: 2, size/record: 8, table size: 16
	.data: load addr=000043b8, load size=0000000f bytes, run addr=20200118, run size=00000060 bytes, compression=lzss
	.bss: load addr=000043d4, load size=00000008 bytes, run addr=20200000, run size=00000118 bytes, compression=zero_init


LINKER GENERATED HANDLER TABLE

__TI_handler_table @ 000043c8 records: 3, size/record: 4, table size: 12
	index: 0, handler: __TI_decompress_lzss
	index: 1, handler: __TI_decompress_none
	index: 2, handler: __TI_zero_init


FAR CALL TRAMPOLINES

callee name               trampoline name
   callee addr  tramp addr   call addr  call info
--------------  -----------  ---------  ----------------
__aeabi_dadd              $Tramp$TT$L$PI$$__aeabi_dadd
   00001fa3     00004098     00004094   libc.a : k_rem_pio2.c.obj (.text.OUTLINED_FUNCTION_0)
                             00004126          : s_tanf.c.obj (.text.OUTLINED_FUNCTION_0)
                             00004130          : k_rem_pio2.c.obj (.text.OUTLINED_FUNCTION_1)
                             0000413a          : s_cosf.c.obj (.text.OUTLINED_FUNCTION_3)
                             00004144          : s_sinf.c.obj (.text.OUTLINED_FUNCTION_3)
__aeabi_fdiv              $Tramp$TT$L$PI$$__aeabi_fdiv
   00003699     00004168     00004164   libc.a : s_atanf.c.obj (.text.OUTLINED_FUNCTION_0)
__aeabi_dmul              $Tramp$TT$L$PI$$__aeabi_dmul
   000029ad     00004180     0000417c   libc.a : s_cosf.c.obj (.text.OUTLINED_FUNCTION_0)
                             00004194          : s_sinf.c.obj (.text.OUTLINED_FUNCTION_0)
                             0000419a          : s_cosf.c.obj (.text.OUTLINED_FUNCTION_1)
                             000041a0          : s_sinf.c.obj (.text.OUTLINED_FUNCTION_1)
__aeabi_fadd              $Tramp$TT$L$PI$$__aeabi_fadd
   00002c4f     000041b0     000041ae   libc.a : s_atanf.c.obj (.text.OUTLINED_FUNCTION_1)

[4 trampolines]
[11 trampoline calls]


GLOBAL SYMBOLS: SORTED ALPHABETICALLY BY Name 

address   name                                 
-------   ----                                 
0000212b  ADC0_IRQHandler                      
0000212b  ADC1_IRQHandler                      
0000212b  AES_IRQHandler                       
000041a8  C$$EXIT                              
0000212b  CANFD0_IRQHandler                    
0000212b  DAC0_IRQHandler                      
00004115  DL_Common_delayCycles                
00003c15  DL_SPI_init                          
00003fb9  DL_SPI_receiveDataBlocking8          
000040bf  DL_SPI_setClockConfig                
00003eb9  DL_SPI_transmitDataBlocking8         
00003ff9  DL_SYSCTL_configFCC                  
00002a91  DL_SYSCTL_configSYSPLL               
00003c59  DL_SYSCTL_switchMCLKfromSYSOSCtoHSCLK
000028a9  DL_Timer_initFourCCPWMMode           
00004015  DL_Timer_setCaptCompUpdateMethod     
00004069  DL_Timer_setCaptureCompareOutCtl     
000040f5  DL_Timer_setCaptureCompareValue      
00004031  DL_Timer_setClockConfig              
00003b85  DL_UART_init                         
000040d1  DL_UART_setClockConfig               
0000212b  DMA_IRQHandler                       
0000212b  Default_Handler                      
0000212b  GROUP0_IRQHandler                    
000033d9  GROUP1_IRQHandler                    
000041a9  HOSTexit                             
0000212b  HardFault_Handler                    
0000212b  I2C0_IRQHandler                      
0000212b  I2C1_IRQHandler                      
0000212b  NMI_Handler                          
0000212b  PendSV_Handler                       
0000212b  RTC_IRQHandler                       
000041cd  Reset_Handler                        
0000212b  SPI0_IRQHandler                      
0000212b  SPI1_IRQHandler                      
0000212b  SVC_Handler                          
00002d1d  SYSCFG_DL_GPIO_init                  
0000346d  SYSCFG_DL_PWM_init                   
00003aed  SYSCFG_DL_SPI_ICM42688_init          
0000118d  SYSCFG_DL_SYSCTL_SYSPLL_init         
00003015  SYSCFG_DL_SYSCTL_init                
00003ee9  SYSCFG_DL_SYSTICK_init               
00003a35  SYSCFG_DL_UART0_init                 
00003e49  SYSCFG_DL_init                       
00003bcd  SYSCFG_DL_initPower                  
00004147  SysTick_Handler                      
0000212b  TIMA0_IRQHandler                     
0000212b  TIMA1_IRQHandler                     
0000212b  TIMG0_IRQHandler                     
0000212b  TIMG12_IRQHandler                    
0000212b  TIMG6_IRQHandler                     
0000212b  TIMG7_IRQHandler                     
0000212b  TIMG8_IRQHandler                     
00003799  UART0_IRQHandler                     
0000212b  UART1_IRQHandler                     
0000212b  UART2_IRQHandler                     
0000212b  UART3_IRQHandler                     
20208000  __STACK_END                          
00000200  __STACK_SIZE                         
00000000  __TI_ATRegion0_region_sz             
00000000  __TI_ATRegion0_src_addr              
00000000  __TI_ATRegion0_trg_addr              
00000000  __TI_ATRegion1_region_sz             
00000000  __TI_ATRegion1_src_addr              
00000000  __TI_ATRegion1_trg_addr              
00000000  __TI_ATRegion2_region_sz             
00000000  __TI_ATRegion2_src_addr              
00000000  __TI_ATRegion2_trg_addr              
000043dc  __TI_CINIT_Base                      
000043ec  __TI_CINIT_Limit                     
000043ec  __TI_CINIT_Warm                      
000043c8  __TI_Handler_Table_Base              
000043d4  __TI_Handler_Table_Limit             
00003d95  __TI_auto_init_nobinit_nopinit       
0000371d  __TI_decompress_lzss                 
000040e3  __TI_decompress_none                 
ffffffff  __TI_pprof_out_hndl                  
ffffffff  __TI_prof_data_size                  
ffffffff  __TI_prof_data_start                 
00000000  __TI_static_base__                   
000040a9  __TI_zero_init_nomemset              
00001fa3  __adddf3                             
00002c4f  __addsf3                             
00003891  __aeabi_d2f                          
00003b39  __aeabi_d2iz                         
00001fa3  __aeabi_dadd                         
0000396d  __aeabi_dcmpeq                       
000039a9  __aeabi_dcmpge                       
000039bd  __aeabi_dcmpgt                       
00003995  __aeabi_dcmple                       
00003981  __aeabi_dcmplt                       
0000279d  __aeabi_ddiv                         
000029ad  __aeabi_dmul                         
00001f99  __aeabi_dsub                         
20200118  __aeabi_errno                        
00004151  __aeabi_errno_addr                   
00003cdd  __aeabi_f2d                          
00003e81  __aeabi_f2iz                         
00002c4f  __aeabi_fadd                         
000039d1  __aeabi_fcmpeq                       
00003a0d  __aeabi_fcmpge                       
00003a21  __aeabi_fcmpgt                       
000039f9  __aeabi_fcmple                       
000039e5  __aeabi_fcmplt                       
00003699  __aeabi_fdiv                         
00003501  __aeabi_fmul                         
00002c45  __aeabi_fsub                         
00003f19  __aeabi_i2d                          
00003d1d  __aeabi_i2f                          
00003a95  __aeabi_idiv                         
000033d7  __aeabi_idiv0                        
00003a95  __aeabi_idivmod                      
00004159  __aeabi_memcpy                       
00004159  __aeabi_memcpy4                      
00004159  __aeabi_memcpy8                      
00003f45  __aeabi_ui2f                         
00003c9d  __aeabi_uidiv                        
00003c9d  __aeabi_uidivmod                     
ffffffff  __binit__                            
00003905  __cmpdf2                             
00003dd1  __cmpsf2                             
0000279d  __divdf3                             
00003699  __divsf3                             
00003905  __eqdf2                              
00003dd1  __eqsf2                              
00003cdd  __extendsfdf2                        
00003b39  __fixdfsi                            
00003e81  __fixsfsi                            
00003f19  __floatsidf                          
00003d1d  __floatsisf                          
00003f45  __floatunsisf                        
00003811  __gedf2                              
00003d59  __gesf2                              
00003811  __gtdf2                              
00003d59  __gtsf2                              
00000859  __kernel_rem_pio2                    
00003905  __ledf2                              
00003dd1  __lesf2                              
00003905  __ltdf2                              
00003dd1  __ltsf2                              
UNDEFED   __mpu_init                           
000029ad  __muldf3                             
00003e0d  __muldsi3                            
00003501  __mulsf3                             
00003905  __nedf2                              
00003dd1  __nesf2                              
20207e00  __stack                              
20200000  __start___llvm_prf_bits              
20200000  __start___llvm_prf_cnts              
20200000  __stop___llvm_prf_bits               
20200000  __stop___llvm_prf_cnts               
00001f99  __subdf3                             
00002c45  __subsf3                             
00003891  __truncdfsf2                         
00003f6d  _c_int00_noargs                      
UNDEFED   _system_post_cinit                   
000041d1  _system_pre_init                     
000041a3  abort                                
00002685  atan2f                               
000018ad  atanf                                
000022a5  attitude_calibrate_gyro              
00003f95  attitude_get_euler                   
000030bd  attitude_init                        
000000c1  attitude_update_from_icm42688        
ffffffff  binit                                
000016d9  cosf                                 
00003885  delay_get_ms                         
0000404d  delay_ms                             
00003fd9  delay_tick                           
20200138  delay_times                          
00002415  floor                                
00002415  floorl                               
20200000  gPWMBackup                           
202000f0  gSPI_ICM42688Backup                  
00003615  icm42688_get_who_am_i                
00000e9d  icm42688_init                        
00001ded  icm42688_read_raw                    
00000000  interruptVectors                     
00002b6d  ldexp                                
00002b6d  ldexpl                               
00002ded  main                                 
0000333d  memcpy                               
00002b6d  scalbn                               
00002b6d  scalbnl                              
00001a75  sinf                                 
00003165  sqrtf                                
00001c3d  tanf                                 
00001435  uart0_send_float                     
0000212d  vofa_send_six_float                  


GLOBAL SYMBOLS: SORTED BY Symbol Address 

address   name                                 
-------   ----                                 
00000000  __TI_ATRegion0_region_sz             
00000000  __TI_ATRegion0_src_addr              
00000000  __TI_ATRegion0_trg_addr              
00000000  __TI_ATRegion1_region_sz             
00000000  __TI_ATRegion1_src_addr              
00000000  __TI_ATRegion1_trg_addr              
00000000  __TI_ATRegion2_region_sz             
00000000  __TI_ATRegion2_src_addr              
00000000  __TI_ATRegion2_trg_addr              
00000000  __TI_static_base__                   
00000000  interruptVectors                     
000000c1  attitude_update_from_icm42688        
00000200  __STACK_SIZE                         
00000859  __kernel_rem_pio2                    
00000e9d  icm42688_init                        
0000118d  SYSCFG_DL_SYSCTL_SYSPLL_init         
00001435  uart0_send_float                     
000016d9  cosf                                 
000018ad  atanf                                
00001a75  sinf                                 
00001c3d  tanf                                 
00001ded  icm42688_read_raw                    
00001f99  __aeabi_dsub                         
00001f99  __subdf3                             
00001fa3  __adddf3                             
00001fa3  __aeabi_dadd                         
0000212b  ADC0_IRQHandler                      
0000212b  ADC1_IRQHandler                      
0000212b  AES_IRQHandler                       
0000212b  CANFD0_IRQHandler                    
0000212b  DAC0_IRQHandler                      
0000212b  DMA_IRQHandler                       
0000212b  Default_Handler                      
0000212b  GROUP0_IRQHandler                    
0000212b  HardFault_Handler                    
0000212b  I2C0_IRQHandler                      
0000212b  I2C1_IRQHandler                      
0000212b  NMI_Handler                          
0000212b  PendSV_Handler                       
0000212b  RTC_IRQHandler                       
0000212b  SPI0_IRQHandler                      
0000212b  SPI1_IRQHandler                      
0000212b  SVC_Handler                          
0000212b  TIMA0_IRQHandler                     
0000212b  TIMA1_IRQHandler                     
0000212b  TIMG0_IRQHandler                     
0000212b  TIMG12_IRQHandler                    
0000212b  TIMG6_IRQHandler                     
0000212b  TIMG7_IRQHandler                     
0000212b  TIMG8_IRQHandler                     
0000212b  UART1_IRQHandler                     
0000212b  UART2_IRQHandler                     
0000212b  UART3_IRQHandler                     
0000212d  vofa_send_six_float                  
000022a5  attitude_calibrate_gyro              
00002415  floor                                
00002415  floorl                               
00002685  atan2f                               
0000279d  __aeabi_ddiv                         
0000279d  __divdf3                             
000028a9  DL_Timer_initFourCCPWMMode           
000029ad  __aeabi_dmul                         
000029ad  __muldf3                             
00002a91  DL_SYSCTL_configSYSPLL               
00002b6d  ldexp                                
00002b6d  ldexpl                               
00002b6d  scalbn                               
00002b6d  scalbnl                              
00002c45  __aeabi_fsub                         
00002c45  __subsf3                             
00002c4f  __addsf3                             
00002c4f  __aeabi_fadd                         
00002d1d  SYSCFG_DL_GPIO_init                  
00002ded  main                                 
00003015  SYSCFG_DL_SYSCTL_init                
000030bd  attitude_init                        
00003165  sqrtf                                
0000333d  memcpy                               
000033d7  __aeabi_idiv0                        
000033d9  GROUP1_IRQHandler                    
0000346d  SYSCFG_DL_PWM_init                   
00003501  __aeabi_fmul                         
00003501  __mulsf3                             
00003615  icm42688_get_who_am_i                
00003699  __aeabi_fdiv                         
00003699  __divsf3                             
0000371d  __TI_decompress_lzss                 
00003799  UART0_IRQHandler                     
00003811  __gedf2                              
00003811  __gtdf2                              
00003885  delay_get_ms                         
00003891  __aeabi_d2f                          
00003891  __truncdfsf2                         
00003905  __cmpdf2                             
00003905  __eqdf2                              
00003905  __ledf2                              
00003905  __ltdf2                              
00003905  __nedf2                              
0000396d  __aeabi_dcmpeq                       
00003981  __aeabi_dcmplt                       
00003995  __aeabi_dcmple                       
000039a9  __aeabi_dcmpge                       
000039bd  __aeabi_dcmpgt                       
000039d1  __aeabi_fcmpeq                       
000039e5  __aeabi_fcmplt                       
000039f9  __aeabi_fcmple                       
00003a0d  __aeabi_fcmpge                       
00003a21  __aeabi_fcmpgt                       
00003a35  SYSCFG_DL_UART0_init                 
00003a95  __aeabi_idiv                         
00003a95  __aeabi_idivmod                      
00003aed  SYSCFG_DL_SPI_ICM42688_init          
00003b39  __aeabi_d2iz                         
00003b39  __fixdfsi                            
00003b85  DL_UART_init                         
00003bcd  SYSCFG_DL_initPower                  
00003c15  DL_SPI_init                          
00003c59  DL_SYSCTL_switchMCLKfromSYSOSCtoHSCLK
00003c9d  __aeabi_uidiv                        
00003c9d  __aeabi_uidivmod                     
00003cdd  __aeabi_f2d                          
00003cdd  __extendsfdf2                        
00003d1d  __aeabi_i2f                          
00003d1d  __floatsisf                          
00003d59  __gesf2                              
00003d59  __gtsf2                              
00003d95  __TI_auto_init_nobinit_nopinit       
00003dd1  __cmpsf2                             
00003dd1  __eqsf2                              
00003dd1  __lesf2                              
00003dd1  __ltsf2                              
00003dd1  __nesf2                              
00003e0d  __muldsi3                            
00003e49  SYSCFG_DL_init                       
00003e81  __aeabi_f2iz                         
00003e81  __fixsfsi                            
00003eb9  DL_SPI_transmitDataBlocking8         
00003ee9  SYSCFG_DL_SYSTICK_init               
00003f19  __aeabi_i2d                          
00003f19  __floatsidf                          
00003f45  __aeabi_ui2f                         
00003f45  __floatunsisf                        
00003f6d  _c_int00_noargs                      
00003f95  attitude_get_euler                   
00003fb9  DL_SPI_receiveDataBlocking8          
00003fd9  delay_tick                           
00003ff9  DL_SYSCTL_configFCC                  
00004015  DL_Timer_setCaptCompUpdateMethod     
00004031  DL_Timer_setClockConfig              
0000404d  delay_ms                             
00004069  DL_Timer_setCaptureCompareOutCtl     
000040a9  __TI_zero_init_nomemset              
000040bf  DL_SPI_setClockConfig                
000040d1  DL_UART_setClockConfig               
000040e3  __TI_decompress_none                 
000040f5  DL_Timer_setCaptureCompareValue      
00004115  DL_Common_delayCycles                
00004147  SysTick_Handler                      
00004151  __aeabi_errno_addr                   
00004159  __aeabi_memcpy                       
00004159  __aeabi_memcpy4                      
00004159  __aeabi_memcpy8                      
000041a3  abort                                
000041a8  C$$EXIT                              
000041a9  HOSTexit                             
000041cd  Reset_Handler                        
000041d1  _system_pre_init                     
000043c8  __TI_Handler_Table_Base              
000043d4  __TI_Handler_Table_Limit             
000043dc  __TI_CINIT_Base                      
000043ec  __TI_CINIT_Limit                     
000043ec  __TI_CINIT_Warm                      
20200000  __start___llvm_prf_bits              
20200000  __start___llvm_prf_cnts              
20200000  __stop___llvm_prf_bits               
20200000  __stop___llvm_prf_cnts               
20200000  gPWMBackup                           
202000f0  gSPI_ICM42688Backup                  
20200118  __aeabi_errno                        
20200138  delay_times                          
20207e00  __stack                              
20208000  __STACK_END                          
ffffffff  __TI_pprof_out_hndl                  
ffffffff  __TI_prof_data_size                  
ffffffff  __TI_prof_data_start                 
ffffffff  __binit__                            
ffffffff  binit                                
UNDEFED   __mpu_init                           
UNDEFED   _system_post_cinit                   

[189 symbols]
