******************************************************************************
            TI ARM Clang Linker PC v4.0.4                      
******************************************************************************
>> Linked Thu Jul 16 20:11:53 2026

OUTPUT FILE NAME:   <empty_LP_MSPM0G3507_nortos_ticlang.out>
ENTRY POINT SYMBOL: "_c_int00_noargs"  address: 00001b39


MEMORY CONFIGURATION

         name            origin    length      used     unused   attr    fill
----------------------  --------  ---------  --------  --------  ----  --------
  FLASH                 00000000   00020000  00001dd8  0001e228  R  X
  SRAM                  20200000   00008000  000003a3  00007c5d  RW X
  BCR_CONFIG            41c00000   000000ff  00000000  000000ff  R   
  BSL_CONFIG            41c00100   00000080  00000000  00000080  R   


SEGMENT ALLOCATION MAP

run origin  load origin   length   init length attrs members
----------  ----------- ---------- ----------- ----- -------
00000000    00000000    00001dd8   00001dd8    r-x
  00000000    00000000    000000c0   000000c0    r-- .intvecs
  000000c0    000000c0    00001c80   00001c80    r-x .text
  00001d40    00001d40    00000060   00000060    r-- .rodata
  00001da0    00001da0    00000038   00000038    r-- .cinit
20200000    20200000    000001a6   00000000    rw-
  20200000    20200000    00000161   00000000    rw- .bss
  20200164    20200164    00000042   00000000    rw- .data
20207e00    20207e00    00000200   00000000    rw-
  20207e00    20207e00    00000200   00000000    rw- .stack


SECTION ALLOCATION MAP

 output                                  attributes/
section   page    origin      length       input sections
--------  ----  ----------  ----------   ----------------
.intvecs   0    00000000    000000c0     
                  00000000    000000c0     startup_mspm0g350x_ticlang.o (.intvecs)

.text      0    000000c0    00001c80     
                  000000c0    000005f2     vofa.o (.text.vofa_send_six_int)
                  000006b2    00000002     startup_mspm0g350x_ticlang.o (.text.Default_Handler)
                  000006b4    000002a8     ti_msp_dl_config.o (.text.SYSCFG_DL_SYSCTL_SYSPLL_init)
                  0000095c    000001f8     pid.o (.text.speed_pid_control_update)
                  00000b54    00000180     line_track.o (.text.line_track_update)
                  00000cd4    00000118     gray_serial.o (.text.gray_serial_read)
                  00000dec    00000104     driverlib.a : dl_timer.o (.text.DL_Timer_initFourCCPWMMode)
                  00000ef0    000000dc                 : dl_sysctl_mspm0g1x0x_g3x0x.o (.text.DL_SYSCTL_configSYSPLL)
                  00000fcc    000000d0     ti_msp_dl_config.o (.text.SYSCFG_DL_GPIO_init)
                  0000109c    000000b8     encoder.o (.text.encoder_tick_1ms)
                  00001154    000000b4     pid.o (.text.speed_pid_init)
                  00001208    000000a8     ti_msp_dl_config.o (.text.SYSCFG_DL_SYSCTL_init)
                  000012b0    000000a4     encoder.o (.text.encoder_init)
                  00001354    000000a2     libclang_rt.builtins.a : udivmoddi4.S.obj (.text)
                  000013f6    0000009a     libc.a : memcpy16.S.obj (.text:memcpy)
                  00001490    00000094     encoder.o (.text.GROUP1_IRQHandler)
                  00001524    00000094     ti_msp_dl_config.o (.text.SYSCFG_DL_PWM_init)
                  000015b8    00000094     motor.o (.text.motor_set_pwm)
                  0000164c    0000007c     libc.a : copy_decompress_lzss.c.obj (.text:decompress:lzss)
                  000016c8    00000078     uart_cmd.o (.text.UART0_IRQHandler)
                  00001740    00000060     ti_msp_dl_config.o (.text.SYSCFG_DL_UART0_init)
                  000017a0    00000056     libclang_rt.builtins.a : aeabi_idivmod.S.obj (.text.__aeabi_idivmod)
                  000017f6    00000002                            : aeabi_div0.c.obj (.text.__aeabi_idiv0)
                  000017f8    0000004c     ti_msp_dl_config.o (.text.SYSCFG_DL_SPI_ICM42688_init)
                  00001844    00000048     driverlib.a : dl_uart.o (.text.DL_UART_init)
                  0000188c    00000048     ti_msp_dl_config.o (.text.SYSCFG_DL_initPower)
                  000018d4    00000044     driverlib.a : dl_spi.o (.text.DL_SPI_init)
                  00001918    00000044                 : dl_sysctl_mspm0g1x0x_g3x0x.o (.text.DL_SYSCTL_switchMCLKfromSYSOSCtoHSCLK)
                  0000195c    00000042     empty.o (.text.main)
                  0000199e    00000002     libclang_rt.builtins.a : aeabi_div0.c.obj (.text.__aeabi_ldiv0)
                  000019a0    00000040                            : aeabi_uidivmod.S.obj (.text.__aeabi_uidivmod)
                  000019e0    0000003e                            : divmoddi4.c.obj (.text.__divmoddi4)
                  00001a1e    00000002     --HOLE-- [fill = 0]
                  00001a20    0000003c     libc.a : autoinit.c.obj (.text:__TI_auto_init_nobinit_nopinit)
                  00001a5c    0000003a     libclang_rt.builtins.a : muldsi3.S.obj (.text.__muldsi3)
                  00001a96    00000002     --HOLE-- [fill = 0]
                  00001a98    00000038     ti_msp_dl_config.o (.text.SYSCFG_DL_init)
                  00001ad0    00000038     line_track.o (.text.line_track_init)
                  00001b08    00000030     ti_msp_dl_config.o (.text.SYSCFG_DL_SYSTICK_init)
                  00001b38    00000028     libc.a : boot_cortex_m.c.obj (.text:_c_int00_noargs)
                  00001b60    00000024     libclang_rt.builtins.a : muldi3.S.obj (.text.__muldi3)
                  00001b84    00000020     delay.o (.text.delay_tick)
                  00001ba4    0000001e     libclang_rt.builtins.a : ashldi3.S.obj (.text.__ashldi3)
                  00001bc2    00000002     --HOLE-- [fill = 0]
                  00001bc4    0000001c     driverlib.a : dl_sysctl_mspm0g1x0x_g3x0x.o (.text.DL_SYSCTL_configFCC)
                  00001be0    0000001c                 : dl_timer.o (.text.DL_Timer_setCaptCompUpdateMethod)
                  00001bfc    0000001c                 : dl_timer.o (.text.DL_Timer_setClockConfig)
                  00001c18    0000001c     delay.o (.text.delay_ms)
                  00001c34    00000018     driverlib.a : dl_timer.o (.text.DL_Timer_setCaptureCompareOutCtl)
                  00001c4c    00000016     libc.a : copy_zero_init.c.obj (.text:decompress:ZI:__TI_zero_init_nomemset)
                  00001c62    00000002     --HOLE-- [fill = 0]
                  00001c64    00000014     libclang_rt.builtins.a : aeabi_ldivmod.S.obj (.text.__aeabi_ldivmod)
                  00001c78    00000014     encoder.o (.text.encoder_get_left_speed_mm_s)
                  00001c8c    00000014     encoder.o (.text.encoder_get_right_speed_mm_s)
                  00001ca0    00000014     pid.o (.text.speed_pid_set_speed)
                  00001cb4    00000012     driverlib.a : dl_spi.o (.text.DL_SPI_setClockConfig)
                  00001cc6    00000012                 : dl_uart.o (.text.DL_UART_setClockConfig)
                  00001cd8    00000012     libc.a : copy_decompress_none.c.obj (.text:decompress:none)
                  00001cea    00000002     --HOLE-- [fill = 0]
                  00001cec    00000010     driverlib.a : dl_timer.o (.text.DL_Timer_setCaptureCompareValue)
                  00001cfc    00000010     gray_serial.o (.text.gray_serial_init)
                  00001d0c    0000000c     empty.o (.text.SysTick_Handler)
                  00001d18    0000000a     driverlib.a : dl_common.o (.text.DL_Common_delayCycles)
                  00001d22    00000002     --HOLE-- [fill = 0]
                  00001d24    00000008     libclang_rt.builtins.a : aeabi_memcpy.S.obj (.text.__aeabi_memcpy)
                  00001d2c    00000006     libc.a : exit.c.obj (.text:abort)
                  00001d32    00000004     libsysbm.a : hostexit.c.obj (.text.HOSTexit)
                  00001d36    00000004     startup_mspm0g350x_ticlang.o (.text.Reset_Handler)
                  00001d3a    00000004     libc.a : pre_init.c.obj (.text._system_pre_init)
                  00001d3e    00000002     --HOLE-- [fill = 0]

.cinit     0    00001da0    00000038     
                  00001da0    00000014     (.cinit..data.load) [load image, compression = lzss]
                  00001db4    0000000c     (__TI_handler_table)
                  00001dc0    00000008     (.cinit..bss.load) [load image, compression = zero_init]
                  00001dc8    00000010     (__TI_cinit_table)

.rodata    0    00001d40    00000060     
                  00001d40    00000028     ti_msp_dl_config.o (.rodata.gSYSPLLConfig)
                  00001d68    00000010     encoder.o (.rodata.cst16)
                  00001d78    0000000a     ti_msp_dl_config.o (.rodata.gSPI_ICM42688_config)
                  00001d82    0000000a     ti_msp_dl_config.o (.rodata.gUART0Config)
                  00001d8c    00000008     ti_msp_dl_config.o (.rodata.gPWMConfig)
                  00001d94    00000003     ti_msp_dl_config.o (.rodata.gPWMClockConfig)
                  00001d97    00000002     ti_msp_dl_config.o (.rodata.gSPI_ICM42688_clockConfig)
                  00001d99    00000002     ti_msp_dl_config.o (.rodata.gUART0ClockConfig)
                  00001d9b    00000005     --HOLE-- [fill = 0]

.init_array 
*          0    00000000    00000000     UNINITIALIZED

.binit     0    00000000    00000000     

.bss       0    20200000    00000161     UNINITIALIZED
                  20200000    000000a0     (.common:gPWMBackup)
                  202000a0    00000050     uart_cmd.o (.bss.g_uartCmdBuffer)
                  202000f0    00000028     (.common:gSPI_ICM42688Backup)
                  20200118    00000014     line_track.o (.bss.g_lineTrackStatus)
                  2020012c    00000004     pid.o (.bss.g_leftSpeedPid.0)
                  20200130    00000004     pid.o (.bss.g_leftSpeedPid.1)
                  20200134    00000004     pid.o (.bss.g_leftSpeedPid.2)
                  20200138    00000004     pid.o (.bss.g_leftSpeedPid.3)
                  2020013c    00000004     pid.o (.bss.g_leftSpeedPid.4)
                  20200140    00000004     pid.o (.bss.g_leftSpeedPid.5)
                  20200144    00000004     pid.o (.bss.g_rightSpeedPid.0)
                  20200148    00000004     pid.o (.bss.g_rightSpeedPid.1)
                  2020014c    00000004     pid.o (.bss.g_rightSpeedPid.2)
                  20200150    00000004     pid.o (.bss.g_rightSpeedPid.3)
                  20200154    00000004     pid.o (.bss.g_rightSpeedPid.4)
                  20200158    00000004     pid.o (.bss.g_rightSpeedPid.5)
                  2020015c    00000001     pid.o (.bss.g_leftSpeedPid.6)
                  2020015d    00000003     --HOLE--
                  20200160    00000001     pid.o (.bss.g_rightSpeedPid.6)

.data      0    20200164    00000042     UNINITIALIZED
                  20200164    00000004     delay.o (.data.delay_ms_ticks)
                  20200168    00000004     delay.o (.data.delay_times)
                  2020016c    00000004     line_track.o (.data.g_baseSpeedMmS)
                  20200170    00000004     encoder.o (.data.g_encoderLeftCount)
                  20200174    00000004     encoder.o (.data.g_encoderLeftLastSpeedCount)
                  20200178    00000004     encoder.o (.data.g_encoderLeftSpeedMmS)
                  2020017c    00000004     encoder.o (.data.g_encoderRightCount)
                  20200180    00000004     encoder.o (.data.g_encoderRightLastSpeedCount)
                  20200184    00000004     encoder.o (.data.g_encoderRightSpeedMmS)
                  20200188    00000004     line_track.o (.data.g_lastError)
                  2020018c    00000004     pid.o (.data.g_leftPwm)
                  20200190    00000004     pid.o (.data.g_leftTargetMmS)
                  20200194    00000004     line_track.o (.data.g_previousError)
                  20200198    00000004     pid.o (.data.g_rightPwm)
                  2020019c    00000004     pid.o (.data.g_rightTargetMmS)
                  202001a0    00000001     encoder.o (.data.g_encoderLeftLastState)
                  202001a1    00000001     encoder.o (.data.g_encoderRightLastState)
                  202001a2    00000001     encoder.o (.data.g_encoderSpeedTickMs)
                  202001a3    00000001     line_track.o (.data.g_hasPreviousError)
                  202001a4    00000001     uart_cmd.o (.data.g_uartCmdIndex)
                  202001a5    00000001     uart_cmd.o (.data.g_uartCmdReady)

.stack     0    20207e00    00000200     UNINITIALIZED
                  20207e00    00000004     libc.a : boot_cortex_m.c.obj (.stack)
                  20207e04    000001fc     --HOLE--

__llvm_prf_cnts 
*          0    20200000    00000000     UNINITIALIZED

__llvm_prf_bits 
*          0    20200000    00000000     UNINITIALIZED

MODULE SUMMARY

       Module                         code   ro data   rw data
       ------                         ----   -------   -------
    .\
       ti_msp_dl_config.o             1552   75        200    
       startup_mspm0g350x_ticlang.o   6      192       0      
       empty.o                        78     0         0      
    +--+------------------------------+------+---------+---------+
       Total:                         1636   267       200    
                                                              
    .\Src\
       vofa.o                         1522   0         0      
       pid.o                          704    0         66     
       encoder.o                      536    16        27     
       line_track.o                   440    0         33     
       gray_serial.o                  296    0         0      
       uart_cmd.o                     120    0         82     
       motor.o                        148    0         0      
       delay.o                        60     0         8      
    +--+------------------------------+------+---------+---------+
       Total:                         3826   16        216    
                                                              
    C:/TI/mspm0_sdk_2_10_00_04/source/ti/driverlib/lib/ticlang/m0p/mspm0g1x0x_g3x0x/driverlib.a
       dl_timer.o                     356    0         0      
       dl_sysctl_mspm0g1x0x_g3x0x.o   316    0         0      
       dl_uart.o                      90     0         0      
       dl_spi.o                       86     0         0      
       dl_common.o                    10     0         0      
    +--+------------------------------+------+---------+---------+
       Total:                         858    0         0      
                                                              
    D:\ti\ccs2050\ccs\tools\compiler\ti-cgt-armllvm_4.0.4.LTS\lib\armv6m-ti-none-eabi/c/libc.a
       memcpy16.S.obj                 154    0         0      
       copy_decompress_lzss.c.obj     124    0         0      
       autoinit.c.obj                 60     0         0      
       boot_cortex_m.c.obj            40     0         0      
       copy_zero_init.c.obj           22     0         0      
       copy_decompress_none.c.obj     18     0         0      
       exit.c.obj                     6      0         0      
       pre_init.c.obj                 4      0         0      
    +--+------------------------------+------+---------+---------+
       Total:                         428    0         0      
                                                              
    D:\ti\ccs2050\ccs\tools\compiler\ti-cgt-armllvm_4.0.4.LTS\lib\armv6m-ti-none-eabi/c/libsysbm.a
       hostexit.c.obj                 4      0         0      
    +--+------------------------------+------+---------+---------+
       Total:                         4      0         0      
                                                              
    D:\ti\ccs2050\ccs\tools\compiler\ti-cgt-armllvm_4.0.4.LTS\lib\armv6m-ti-none-eabi/libclang_rt.builtins.a
       udivmoddi4.S.obj               162    0         0      
       aeabi_idivmod.S.obj            86     0         0      
       aeabi_uidivmod.S.obj           64     0         0      
       divmoddi4.c.obj                62     0         0      
       muldsi3.S.obj                  58     0         0      
       muldi3.S.obj                   36     0         0      
       ashldi3.S.obj                  30     0         0      
       aeabi_ldivmod.S.obj            20     0         0      
       aeabi_memcpy.S.obj             8      0         0      
       aeabi_div0.c.obj               4      0         0      
    +--+------------------------------+------+---------+---------+
       Total:                         530    0         0      
                                                              
       Stack:                         0      0         512    
       Linker Generated:              0      56        0      
    +--+------------------------------+------+---------+---------+
       Grand Total:                   7282   339       928    


LINKER GENERATED COPY TABLES

__TI_cinit_table @ 00001dc8 records: 2, size/record: 8, table size: 16
	.data: load addr=00001da0, load size=00000014 bytes, run addr=20200164, run size=00000042 bytes, compression=lzss
	.bss: load addr=00001dc0, load size=00000008 bytes, run addr=20200000, run size=00000161 bytes, compression=zero_init


LINKER GENERATED HANDLER TABLE

__TI_handler_table @ 00001db4 records: 3, size/record: 4, table size: 12
	index: 0, handler: __TI_decompress_lzss
	index: 1, handler: __TI_decompress_none
	index: 2, handler: __TI_zero_init


GLOBAL SYMBOLS: SORTED ALPHABETICALLY BY Name 

address   name                                 
-------   ----                                 
000006b3  ADC0_IRQHandler                      
000006b3  ADC1_IRQHandler                      
000006b3  AES_IRQHandler                       
00001d32  C$$EXIT                              
000006b3  CANFD0_IRQHandler                    
000006b3  DAC0_IRQHandler                      
00001d19  DL_Common_delayCycles                
000018d5  DL_SPI_init                          
00001cb5  DL_SPI_setClockConfig                
00001bc5  DL_SYSCTL_configFCC                  
00000ef1  DL_SYSCTL_configSYSPLL               
00001919  DL_SYSCTL_switchMCLKfromSYSOSCtoHSCLK
00000ded  DL_Timer_initFourCCPWMMode           
00001be1  DL_Timer_setCaptCompUpdateMethod     
00001c35  DL_Timer_setCaptureCompareOutCtl     
00001ced  DL_Timer_setCaptureCompareValue      
00001bfd  DL_Timer_setClockConfig              
00001845  DL_UART_init                         
00001cc7  DL_UART_setClockConfig               
000006b3  DMA_IRQHandler                       
000006b3  Default_Handler                      
000006b3  GROUP0_IRQHandler                    
00001491  GROUP1_IRQHandler                    
00001d33  HOSTexit                             
000006b3  HardFault_Handler                    
000006b3  I2C0_IRQHandler                      
000006b3  I2C1_IRQHandler                      
000006b3  NMI_Handler                          
000006b3  PendSV_Handler                       
000006b3  RTC_IRQHandler                       
00001d37  Reset_Handler                        
000006b3  SPI0_IRQHandler                      
000006b3  SPI1_IRQHandler                      
000006b3  SVC_Handler                          
00000fcd  SYSCFG_DL_GPIO_init                  
00001525  SYSCFG_DL_PWM_init                   
000017f9  SYSCFG_DL_SPI_ICM42688_init          
000006b5  SYSCFG_DL_SYSCTL_SYSPLL_init         
00001209  SYSCFG_DL_SYSCTL_init                
00001b09  SYSCFG_DL_SYSTICK_init               
00001741  SYSCFG_DL_UART0_init                 
00001a99  SYSCFG_DL_init                       
0000188d  SYSCFG_DL_initPower                  
00001d0d  SysTick_Handler                      
000006b3  TIMA0_IRQHandler                     
000006b3  TIMA1_IRQHandler                     
000006b3  TIMG0_IRQHandler                     
000006b3  TIMG12_IRQHandler                    
000006b3  TIMG6_IRQHandler                     
000006b3  TIMG7_IRQHandler                     
000006b3  TIMG8_IRQHandler                     
000016c9  UART0_IRQHandler                     
000006b3  UART1_IRQHandler                     
000006b3  UART2_IRQHandler                     
000006b3  UART3_IRQHandler                     
20208000  __STACK_END                          
00000200  __STACK_SIZE                         
00000000  __TI_ATRegion0_region_sz             
00000000  __TI_ATRegion0_src_addr              
00000000  __TI_ATRegion0_trg_addr              
00000000  __TI_ATRegion1_region_sz             
00000000  __TI_ATRegion1_src_addr              
00000000  __TI_ATRegion1_trg_addr              
00000000  __TI_ATRegion2_region_sz             
00000000  __TI_ATRegion2_src_addr              
00000000  __TI_ATRegion2_trg_addr              
00001dc8  __TI_CINIT_Base                      
00001dd8  __TI_CINIT_Limit                     
00001dd8  __TI_CINIT_Warm                      
00001db4  __TI_Handler_Table_Base              
00001dc0  __TI_Handler_Table_Limit             
00001a21  __TI_auto_init_nobinit_nopinit       
0000164d  __TI_decompress_lzss                 
00001cd9  __TI_decompress_none                 
ffffffff  __TI_pprof_out_hndl                  
ffffffff  __TI_prof_data_size                  
ffffffff  __TI_prof_data_start                 
00000000  __TI_static_base__                   
00001c4d  __TI_zero_init_nomemset              
000017a1  __aeabi_idiv                         
000017f7  __aeabi_idiv0                        
000017a1  __aeabi_idivmod                      
0000199f  __aeabi_ldiv0                        
00001c65  __aeabi_ldivmod                      
00001ba5  __aeabi_llsl                         
00001b61  __aeabi_lmul                         
00001d25  __aeabi_memcpy                       
00001d25  __aeabi_memcpy4                      
00001d25  __aeabi_memcpy8                      
000019a1  __aeabi_uidiv                        
000019a1  __aeabi_uidivmod                     
00001ba5  __ashldi3                            
ffffffff  __binit__                            
000019e1  __divmoddi4                          
UNDEFED   __mpu_init                           
00001b61  __muldi3                             
00001a5d  __muldsi3                            
20207e00  __stack                              
20200000  __start___llvm_prf_bits              
20200000  __start___llvm_prf_cnts              
20200000  __stop___llvm_prf_bits               
20200000  __stop___llvm_prf_cnts               
00001355  __udivmoddi4                         
00001b39  _c_int00_noargs                      
UNDEFED   _system_post_cinit                   
00001d3b  _system_pre_init                     
00001d2d  abort                                
ffffffff  binit                                
00001c19  delay_ms                             
00001b85  delay_tick                           
20200168  delay_times                          
00001c79  encoder_get_left_speed_mm_s          
00001c8d  encoder_get_right_speed_mm_s         
000012b1  encoder_init                         
0000109d  encoder_tick_1ms                     
20200000  gPWMBackup                           
202000f0  gSPI_ICM42688Backup                  
00001cfd  gray_serial_init                     
00000cd5  gray_serial_read                     
00000000  interruptVectors                     
00001ad1  line_track_init                      
00000b55  line_track_update                    
0000195d  main                                 
000013f7  memcpy                               
000015b9  motor_set_pwm                        
0000095d  speed_pid_control_update             
00001155  speed_pid_init                       
00001ca1  speed_pid_set_speed                  
000000c1  vofa_send_six_int                    


GLOBAL SYMBOLS: SORTED BY Symbol Address 

address   name                                 
-------   ----                                 
00000000  __TI_ATRegion0_region_sz             
00000000  __TI_ATRegion0_src_addr              
00000000  __TI_ATRegion0_trg_addr              
00000000  __TI_ATRegion1_region_sz             
00000000  __TI_ATRegion1_src_addr              
00000000  __TI_ATRegion1_trg_addr              
00000000  __TI_ATRegion2_region_sz             
00000000  __TI_ATRegion2_src_addr              
00000000  __TI_ATRegion2_trg_addr              
00000000  __TI_static_base__                   
00000000  interruptVectors                     
000000c1  vofa_send_six_int                    
00000200  __STACK_SIZE                         
000006b3  ADC0_IRQHandler                      
000006b3  ADC1_IRQHandler                      
000006b3  AES_IRQHandler                       
000006b3  CANFD0_IRQHandler                    
000006b3  DAC0_IRQHandler                      
000006b3  DMA_IRQHandler                       
000006b3  Default_Handler                      
000006b3  GROUP0_IRQHandler                    
000006b3  HardFault_Handler                    
000006b3  I2C0_IRQHandler                      
000006b3  I2C1_IRQHandler                      
000006b3  NMI_Handler                          
000006b3  PendSV_Handler                       
000006b3  RTC_IRQHandler                       
000006b3  SPI0_IRQHandler                      
000006b3  SPI1_IRQHandler                      
000006b3  SVC_Handler                          
000006b3  TIMA0_IRQHandler                     
000006b3  TIMA1_IRQHandler                     
000006b3  TIMG0_IRQHandler                     
000006b3  TIMG12_IRQHandler                    
000006b3  TIMG6_IRQHandler                     
000006b3  TIMG7_IRQHandler                     
000006b3  TIMG8_IRQHandler                     
000006b3  UART1_IRQHandler                     
000006b3  UART2_IRQHandler                     
000006b3  UART3_IRQHandler                     
000006b5  SYSCFG_DL_SYSCTL_SYSPLL_init         
0000095d  speed_pid_control_update             
00000b55  line_track_update                    
00000cd5  gray_serial_read                     
00000ded  DL_Timer_initFourCCPWMMode           
00000ef1  DL_SYSCTL_configSYSPLL               
00000fcd  SYSCFG_DL_GPIO_init                  
0000109d  encoder_tick_1ms                     
00001155  speed_pid_init                       
00001209  SYSCFG_DL_SYSCTL_init                
000012b1  encoder_init                         
00001355  __udivmoddi4                         
000013f7  memcpy                               
00001491  GROUP1_IRQHandler                    
00001525  SYSCFG_DL_PWM_init                   
000015b9  motor_set_pwm                        
0000164d  __TI_decompress_lzss                 
000016c9  UART0_IRQHandler                     
00001741  SYSCFG_DL_UART0_init                 
000017a1  __aeabi_idiv                         
000017a1  __aeabi_idivmod                      
000017f7  __aeabi_idiv0                        
000017f9  SYSCFG_DL_SPI_ICM42688_init          
00001845  DL_UART_init                         
0000188d  SYSCFG_DL_initPower                  
000018d5  DL_SPI_init                          
00001919  DL_SYSCTL_switchMCLKfromSYSOSCtoHSCLK
0000195d  main                                 
0000199f  __aeabi_ldiv0                        
000019a1  __aeabi_uidiv                        
000019a1  __aeabi_uidivmod                     
000019e1  __divmoddi4                          
00001a21  __TI_auto_init_nobinit_nopinit       
00001a5d  __muldsi3                            
00001a99  SYSCFG_DL_init                       
00001ad1  line_track_init                      
00001b09  SYSCFG_DL_SYSTICK_init               
00001b39  _c_int00_noargs                      
00001b61  __aeabi_lmul                         
00001b61  __muldi3                             
00001b85  delay_tick                           
00001ba5  __aeabi_llsl                         
00001ba5  __ashldi3                            
00001bc5  DL_SYSCTL_configFCC                  
00001be1  DL_Timer_setCaptCompUpdateMethod     
00001bfd  DL_Timer_setClockConfig              
00001c19  delay_ms                             
00001c35  DL_Timer_setCaptureCompareOutCtl     
00001c4d  __TI_zero_init_nomemset              
00001c65  __aeabi_ldivmod                      
00001c79  encoder_get_left_speed_mm_s          
00001c8d  encoder_get_right_speed_mm_s         
00001ca1  speed_pid_set_speed                  
00001cb5  DL_SPI_setClockConfig                
00001cc7  DL_UART_setClockConfig               
00001cd9  __TI_decompress_none                 
00001ced  DL_Timer_setCaptureCompareValue      
00001cfd  gray_serial_init                     
00001d0d  SysTick_Handler                      
00001d19  DL_Common_delayCycles                
00001d25  __aeabi_memcpy                       
00001d25  __aeabi_memcpy4                      
00001d25  __aeabi_memcpy8                      
00001d2d  abort                                
00001d32  C$$EXIT                              
00001d33  HOSTexit                             
00001d37  Reset_Handler                        
00001d3b  _system_pre_init                     
00001db4  __TI_Handler_Table_Base              
00001dc0  __TI_Handler_Table_Limit             
00001dc8  __TI_CINIT_Base                      
00001dd8  __TI_CINIT_Limit                     
00001dd8  __TI_CINIT_Warm                      
20200000  __start___llvm_prf_bits              
20200000  __start___llvm_prf_cnts              
20200000  __stop___llvm_prf_bits               
20200000  __stop___llvm_prf_cnts               
20200000  gPWMBackup                           
202000f0  gSPI_ICM42688Backup                  
20200168  delay_times                          
20207e00  __stack                              
20208000  __STACK_END                          
ffffffff  __TI_pprof_out_hndl                  
ffffffff  __TI_prof_data_size                  
ffffffff  __TI_prof_data_start                 
ffffffff  __binit__                            
ffffffff  binit                                
UNDEFED   __mpu_init                           
UNDEFED   _system_post_cinit                   

[129 symbols]
