******************************************************************************
            TI ARM Clang Linker PC v4.0.4                      
******************************************************************************
>> Linked Fri Jul 17 10:52:01 2026

OUTPUT FILE NAME:   <empty_LP_MSPM0G3507_nortos_ticlang.out>
ENTRY POINT SYMBOL: "_c_int00_noargs"  address: 00004969


MEMORY CONFIGURATION

         name            origin    length      used     unused   attr    fill
----------------------  --------  ---------  --------  --------  ----  --------
  FLASH                 00000000   00020000  00004eb8  0001b148  R  X
  SRAM                  20200000   00008000  000003f7  00007c09  RW X
  BCR_CONFIG            41c00000   000000ff  00000000  000000ff  R   
  BSL_CONFIG            41c00100   00000080  00000000  00000080  R   


SEGMENT ALLOCATION MAP

run origin  load origin   length   init length attrs members
----------  ----------- ---------- ----------- ----- -------
00000000    00000000    00004eb8   00004eb8    r-x
  00000000    00000000    000000c0   000000c0    r-- .intvecs
  000000c0    000000c0    00004be0   00004be0    r-x .text
  00004ca0    00004ca0    000001d8   000001d8    r-- .rodata
  00004e78    00004e78    00000040   00000040    r-- .cinit
20200000    20200000    000001fa   00000000    rw-
  20200000    20200000    00000171   00000000    rw- .bss
  20200174    20200174    00000086   00000000    rw- .data
20207e00    20207e00    00000200   00000000    rw-
  20207e00    20207e00    00000200   00000000    rw- .stack


SECTION ALLOCATION MAP

 output                                  attributes/
section   page    origin      length       input sections
--------  ----  ----------  ----------   ----------------
.intvecs   0    00000000    000000c0     
                  00000000    000000c0     startup_mspm0g350x_ticlang.o (.intvecs)

.text      0    000000c0    00004be0     
                  000000c0    00000794     attitude.o (.text.attitude_update_from_icm42688)
                  00000854    00000644     libc.a : k_rem_pio2.c.obj (.text.__kernel_rem_pio2)
                  00000e98    000005f2     vofa.o (.text.vofa_send_six_int)
                  0000148a    00000002     startup_mspm0g350x_ticlang.o (.text.Default_Handler)
                  0000148c    000002f0     icm42688.o (.text.icm42688_init)
                  0000177c    000002a8     ti_msp_dl_config.o (.text.SYSCFG_DL_SYSCTL_SYSPLL_init)
                  00001a24    000001f8     pid.o (.text.speed_pid_control_update)
                  00001c1c    000001d4     libc.a : s_cosf.c.obj (.text.cosf)
                  00001df0    000001c8            : s_atanf.c.obj (.text.atanf)
                  00001fb8    000001c8            : s_sinf.c.obj (.text.sinf)
                  00002180    000001b0            : s_tanf.c.obj (.text.tanf)
                  00002330    000001ac     angle_control.o (.text.angle_control_update)
                  000024dc    000001ac     icm42688.o (.text.icm42688_read_raw)
                  00002688    00000192     libclang_rt.builtins.a : adddf3.S.obj (.text.adddf3_subdf3)
                  0000281a    00000002                            : aeabi_div0.c.obj (.text.__aeabi_idiv0)
                  0000281c    00000170     attitude.o (.text.attitude_calibrate_gyro)
                  0000298c    00000144     libc.a : s_floor.c.obj (.text.floor)
                  00002ad0    0000012c            : s_tanf.c.obj (.text.__kernel_tandf)
                  00002bfc    00000118            : e_atan2f.c.obj (.text.atan2f)
                  00002d14    0000010c     libclang_rt.builtins.a : divdf3.S.obj (.text.__divdf3)
                  00002e20    00000104     driverlib.a : dl_timer.o (.text.DL_Timer_initFourCCPWMMode)
                  00002f24    000000e4     libclang_rt.builtins.a : muldf3.S.obj (.text.__muldf3)
                  00003008    000000dc     driverlib.a : dl_sysctl_mspm0g1x0x_g3x0x.o (.text.DL_SYSCTL_configSYSPLL)
                  000030e4    000000d8     libc.a : s_scalbn.c.obj (.text.scalbn)
                  000031bc    000000d8     libclang_rt.builtins.a : addsf3.S.obj (.text)
                  00003294    000000d4     angle_control.o (.text.angle_control_lock_current_yaw)
                  00003368    000000d0     ti_msp_dl_config.o (.text.SYSCFG_DL_GPIO_init)
                  00003438    000000b8     encoder.o (.text.encoder_tick_1ms)
                  000034f0    000000b4     pid.o (.text.speed_pid_init)
                  000035a4    000000ac     libc.a : s_cosf.c.obj (.text.__kernel_sindf)
                  00003650    000000ac            : s_sinf.c.obj (.text.__kernel_sindf)
                  000036fc    000000a8     ti_msp_dl_config.o (.text.SYSCFG_DL_SYSCTL_init)
                  000037a4    000000a8     attitude.o (.text.attitude_init)
                  0000384c    000000a4     encoder.o (.text.encoder_init)
                  000038f0    000000a2     libclang_rt.builtins.a : udivmoddi4.S.obj (.text)
                  00003992    00000002                            : aeabi_div0.c.obj (.text.__aeabi_ldiv0)
                  00003994    000000a0     libc.a : e_sqrtf.c.obj (.text.sqrtf)
                  00003a34    0000009c            : s_cosf.c.obj (.text.__kernel_cosdf)
                  00003ad0    0000009c            : s_sinf.c.obj (.text.__kernel_cosdf)
                  00003b6c    0000009c     empty.o (.text.main)
                  00003c08    0000009a     libc.a : memcpy16.S.obj (.text:memcpy)
                  00003ca2    00000002     --HOLE-- [fill = 0]
                  00003ca4    00000094     encoder.o (.text.GROUP1_IRQHandler)
                  00003d38    00000094     ti_msp_dl_config.o (.text.SYSCFG_DL_PWM_init)
                  00003dcc    00000094     motor.o (.text.motor_set_pwm)
                  00003e60    0000008c     libclang_rt.builtins.a : mulsf3.S.obj (.text.__mulsf3)
                  00003eec    00000088     icm42688.o (.text.icm42688_write_reg)
                  00003f74    00000084     icm42688.o (.text.icm42688_get_who_am_i)
                  00003ff8    00000082     libclang_rt.builtins.a : divsf3.S.obj (.text.__divsf3)
                  0000407a    00000002     --HOLE-- [fill = 0]
                  0000407c    0000007c     libc.a : copy_decompress_lzss.c.obj (.text:decompress:lzss)
                  000040f8    00000078     uart_cmd.o (.text.UART0_IRQHandler)
                  00004170    00000074     libclang_rt.builtins.a : comparedf2.c.obj (.text.__gedf2)
                  000041e4    0000000c     empty.o (.text.SysTick_Handler)
                  000041f0    00000074     libclang_rt.builtins.a : truncdfsf2.S.obj (.text.__truncdfsf2)
                  00004264    00000068                            : comparedf2.c.obj (.text.__ledf2)
                  000042cc    00000062                            : aeabi_dcmp.S.obj (.text.__aeabi_dcmp)
                  0000432e    00000002     --HOLE-- [fill = 0]
                  00004330    00000062                            : aeabi_fcmp.S.obj (.text.__aeabi_fcmp)
                  00004392    00000002     --HOLE-- [fill = 0]
                  00004394    00000060     ti_msp_dl_config.o (.text.SYSCFG_DL_UART0_init)
                  000043f4    00000056     libclang_rt.builtins.a : aeabi_idivmod.S.obj (.text.__aeabi_idivmod)
                  0000444a    00000002     --HOLE-- [fill = 0]
                  0000444c    0000004c     ti_msp_dl_config.o (.text.SYSCFG_DL_SPI_ICM42688_init)
                  00004498    0000004a     libclang_rt.builtins.a : fixdfsi.S.obj (.text.__fixdfsi)
                  000044e2    00000002     --HOLE-- [fill = 0]
                  000044e4    00000048     driverlib.a : dl_uart.o (.text.DL_UART_init)
                  0000452c    00000048     ti_msp_dl_config.o (.text.SYSCFG_DL_initPower)
                  00004574    00000044     driverlib.a : dl_spi.o (.text.DL_SPI_init)
                  000045b8    00000044                 : dl_sysctl_mspm0g1x0x_g3x0x.o (.text.DL_SYSCTL_switchMCLKfromSYSOSCtoHSCLK)
                  000045fc    00000040     libclang_rt.builtins.a : aeabi_uidivmod.S.obj (.text.__aeabi_uidivmod)
                  0000463c    00000040                            : extendsfdf2.S.obj (.text.__extendsfdf2)
                  0000467c    0000003e                            : divmoddi4.c.obj (.text.__divmoddi4)
                  000046ba    00000002     --HOLE-- [fill = 0]
                  000046bc    0000003c                            : floatsisf.S.obj (.text.__floatsisf)
                  000046f8    0000003c                            : comparesf2.S.obj (.text.__gtsf2)
                  00004734    0000003c     libc.a : autoinit.c.obj (.text:__TI_auto_init_nobinit_nopinit)
                  00004770    0000003a     libclang_rt.builtins.a : comparesf2.S.obj (.text.__eqsf2)
                  000047aa    00000002     --HOLE-- [fill = 0]
                  000047ac    0000003a                            : muldsi3.S.obj (.text.__muldsi3)
                  000047e6    00000002     --HOLE-- [fill = 0]
                  000047e8    00000038     ti_msp_dl_config.o (.text.SYSCFG_DL_init)
                  00004820    00000038     libclang_rt.builtins.a : fixsfsi.S.obj (.text.__fixsfsi)
                  00004858    00000034     angle_control.o (.text.angle_control_init)
                  0000488c    00000030     driverlib.a : dl_spi.o (.text.DL_SPI_transmitDataBlocking8)
                  000048bc    00000030     ti_msp_dl_config.o (.text.SYSCFG_DL_SYSTICK_init)
                  000048ec    0000002c     libclang_rt.builtins.a : floatsidf.S.obj (.text.__floatsidf)
                  00004918    00000028                            : floatunsisf.S.obj (.text.__floatunsisf)
                  00004940    00000028     angle_control.o (.text.angle_control_enable)
                  00004968    00000028     libc.a : boot_cortex_m.c.obj (.text:_c_int00_noargs)
                  00004990    00000024     libclang_rt.builtins.a : muldi3.S.obj (.text.__muldi3)
                  000049b4    00000024     attitude.o (.text.attitude_get_euler)
                  000049d8    00000020     driverlib.a : dl_spi.o (.text.DL_SPI_receiveDataBlocking8)
                  000049f8    00000020     angle_control.o (.text.angle_control_set_base_speed)
                  00004a18    00000020     delay.o (.text.delay_tick)
                  00004a38    0000001e     libclang_rt.builtins.a : ashldi3.S.obj (.text.__ashldi3)
                  00004a56    00000002     --HOLE-- [fill = 0]
                  00004a58    0000001c     driverlib.a : dl_sysctl_mspm0g1x0x_g3x0x.o (.text.DL_SYSCTL_configFCC)
                  00004a74    0000001c                 : dl_timer.o (.text.DL_Timer_setCaptCompUpdateMethod)
                  00004a90    0000001c                 : dl_timer.o (.text.DL_Timer_setClockConfig)
                  00004aac    0000001c     delay.o (.text.delay_ms)
                  00004ac8    00000018     driverlib.a : dl_timer.o (.text.DL_Timer_setCaptureCompareOutCtl)
                  00004ae0    00000016     libc.a : k_rem_pio2.c.obj (.text.OUTLINED_FUNCTION_0)
                  00004af6    00000002     --HOLE-- [fill = 0]
                  00004af8    00000010     libclang_rt.builtins.a : adddf3.S.obj (.tramp.__aeabi_dadd.1)
                  00004b08    00000016     libc.a : copy_zero_init.c.obj (.text:decompress:ZI:__TI_zero_init_nomemset)
                  00004b1e    00000002     --HOLE-- [fill = 0]
                  00004b20    00000014     libclang_rt.builtins.a : aeabi_ldivmod.S.obj (.text.__aeabi_ldivmod)
                  00004b34    00000014     encoder.o (.text.encoder_get_left_speed_mm_s)
                  00004b48    00000014     encoder.o (.text.encoder_get_right_speed_mm_s)
                  00004b5c    00000014     pid.o (.text.speed_pid_set_speed)
                  00004b70    00000014     pid.o (.text.speed_pid_stop)
                  00004b84    00000012     driverlib.a : dl_spi.o (.text.DL_SPI_setClockConfig)
                  00004b96    00000012                 : dl_uart.o (.text.DL_UART_setClockConfig)
                  00004ba8    00000012     libc.a : copy_decompress_none.c.obj (.text:decompress:none)
                  00004bba    00000002     --HOLE-- [fill = 0]
                  00004bbc    00000010     driverlib.a : dl_timer.o (.text.DL_Timer_setCaptureCompareValue)
                  00004bcc    00000010     libc.a : k_rem_pio2.c.obj (.text.OUTLINED_FUNCTION_2)
                  00004bdc    0000000c     delay.o (.text.delay_get_ms)
                  00004be8    0000000a     driverlib.a : dl_common.o (.text.DL_Common_delayCycles)
                  00004bf2    0000000a     libc.a : s_tanf.c.obj (.text.OUTLINED_FUNCTION_0)
                  00004bfc    0000000a            : k_rem_pio2.c.obj (.text.OUTLINED_FUNCTION_1)
                  00004c06    0000000a            : s_cosf.c.obj (.text.OUTLINED_FUNCTION_3)
                  00004c10    0000000a            : s_sinf.c.obj (.text.OUTLINED_FUNCTION_3)
                  00004c1a    00000002     --HOLE-- [fill = 0]
                  00004c1c    00000008            : aeabi_portable.c.obj (.text.__aeabi_errno_addr)
                  00004c24    00000008     libclang_rt.builtins.a : aeabi_memcpy.S.obj (.text.__aeabi_memcpy)
                  00004c2c    00000006     libc.a : s_atanf.c.obj (.text.OUTLINED_FUNCTION_0)
                  00004c32    00000002     --HOLE-- [fill = 0]
                  00004c34    00000010     libclang_rt.builtins.a : divsf3.S.obj (.tramp.__aeabi_fdiv.1)
                  00004c44    00000006     libc.a : s_cosf.c.obj (.text.OUTLINED_FUNCTION_0)
                  00004c4a    00000002     --HOLE-- [fill = 0]
                  00004c4c    00000010     libclang_rt.builtins.a : muldf3.S.obj (.tramp.__aeabi_dmul.1)
                  00004c5c    00000006     libc.a : s_sinf.c.obj (.text.OUTLINED_FUNCTION_0)
                  00004c62    00000006            : s_cosf.c.obj (.text.OUTLINED_FUNCTION_1)
                  00004c68    00000006            : s_sinf.c.obj (.text.OUTLINED_FUNCTION_1)
                  00004c6e    00000006            : exit.c.obj (.text:abort)
                  00004c74    00000004     libsysbm.a : hostexit.c.obj (.text.HOSTexit)
                  00004c78    00000004     libc.a : s_atanf.c.obj (.text.OUTLINED_FUNCTION_1)
                  00004c7c    00000010     libclang_rt.builtins.a : addsf3.S.obj (.tramp.__aeabi_fadd.1)
                  00004c8c    00000004     libc.a : s_tanf.c.obj (.text.OUTLINED_FUNCTION_1)
                  00004c90    00000004            : s_cosf.c.obj (.text.OUTLINED_FUNCTION_2)
                  00004c94    00000004            : s_sinf.c.obj (.text.OUTLINED_FUNCTION_2)
                  00004c98    00000004     startup_mspm0g350x_ticlang.o (.text.Reset_Handler)
                  00004c9c    00000004     libc.a : pre_init.c.obj (.text._system_pre_init)

.cinit     0    00004e78    00000040     
                  00004e78    00000016     (.cinit..data.load) [load image, compression = lzss]
                  00004e8e    00000002     --HOLE-- [fill = 0]
                  00004e90    0000000c     (__TI_handler_table)
                  00004e9c    00000008     (.cinit..bss.load) [load image, compression = zero_init]
                  00004ea4    00000010     (__TI_cinit_table)
                  00004eb4    00000004     --HOLE-- [fill = 0]

.rodata    0    00004ca0    000001d8     
                  00004ca0    00000108     libc.a : k_rem_pio2.c.obj (.rodata.ipio2)
                  00004da8    00000040            : k_rem_pio2.c.obj (.rodata.PIo2)
                  00004de8    00000028     ti_msp_dl_config.o (.rodata.gSYSPLLConfig)
                  00004e10    00000020     libc.a : s_atanf.c.obj (.rodata.cst16)
                  00004e30    00000010     encoder.o (.rodata.cst16)
                  00004e40    00000010     libc.a : k_rem_pio2.c.obj (.rodata.cst16)
                  00004e50    0000000a     ti_msp_dl_config.o (.rodata.gSPI_ICM42688_config)
                  00004e5a    0000000a     ti_msp_dl_config.o (.rodata.gUART0Config)
                  00004e64    00000008     ti_msp_dl_config.o (.rodata.gPWMConfig)
                  00004e6c    00000003     ti_msp_dl_config.o (.rodata.gPWMClockConfig)
                  00004e6f    00000002     ti_msp_dl_config.o (.rodata.gSPI_ICM42688_clockConfig)
                  00004e71    00000002     ti_msp_dl_config.o (.rodata.gUART0ClockConfig)
                  00004e73    00000005     --HOLE-- [fill = 0]

.init_array 
*          0    00000000    00000000     UNINITIALIZED

.binit     0    00000000    00000000     

.bss       0    20200000    00000171     UNINITIALIZED
                  20200000    000000a0     (.common:gPWMBackup)
                  202000a0    00000050     uart_cmd.o (.bss.g_uartCmdBuffer)
                  202000f0    00000028     (.common:gSPI_ICM42688Backup)
                  20200118    00000024     angle_control.o (.bss.g_angleControlStatus)
                  2020013c    00000004     pid.o (.bss.g_leftSpeedPid.0)
                  20200140    00000004     pid.o (.bss.g_leftSpeedPid.1)
                  20200144    00000004     pid.o (.bss.g_leftSpeedPid.2)
                  20200148    00000004     pid.o (.bss.g_leftSpeedPid.3)
                  2020014c    00000004     pid.o (.bss.g_leftSpeedPid.4)
                  20200150    00000004     pid.o (.bss.g_leftSpeedPid.5)
                  20200154    00000004     pid.o (.bss.g_rightSpeedPid.0)
                  20200158    00000004     pid.o (.bss.g_rightSpeedPid.1)
                  2020015c    00000004     pid.o (.bss.g_rightSpeedPid.2)
                  20200160    00000004     pid.o (.bss.g_rightSpeedPid.3)
                  20200164    00000004     pid.o (.bss.g_rightSpeedPid.4)
                  20200168    00000004     pid.o (.bss.g_rightSpeedPid.5)
                  2020016c    00000001     pid.o (.bss.g_leftSpeedPid.6)
                  2020016d    00000003     --HOLE--
                  20200170    00000001     pid.o (.bss.g_rightSpeedPid.6)

.data      0    20200174    00000086     UNINITIALIZED
                  20200174    00000004     libc.a : aeabi_portable.c.obj (.data.__aeabi_errno)
                  20200178    00000004     attitude.o (.data.accCalSumX)
                  2020017c    00000004     attitude.o (.data.accCalSumY)
                  20200180    00000004     attitude.o (.data.accCalSumZ)
                  20200184    00000004     attitude.o (.data.accFiltX)
                  20200188    00000004     attitude.o (.data.accFiltY)
                  2020018c    00000004     attitude.o (.data.accFiltZ)
                  20200190    00000004     delay.o (.data.delay_ms_ticks)
                  20200194    00000004     delay.o (.data.delay_times)
                  20200198    00000004     encoder.o (.data.g_encoderLeftCount)
                  2020019c    00000004     encoder.o (.data.g_encoderLeftLastSpeedCount)
                  202001a0    00000004     encoder.o (.data.g_encoderLeftSpeedMmS)
                  202001a4    00000004     encoder.o (.data.g_encoderRightCount)
                  202001a8    00000004     encoder.o (.data.g_encoderRightLastSpeedCount)
                  202001ac    00000004     encoder.o (.data.g_encoderRightSpeedMmS)
                  202001b0    00000004     angle_control.o (.data.g_lastErrorDeg)
                  202001b4    00000004     pid.o (.data.g_leftPwm)
                  202001b8    00000004     pid.o (.data.g_leftTargetMmS)
                  202001bc    00000004     pid.o (.data.g_rightPwm)
                  202001c0    00000004     pid.o (.data.g_rightTargetMmS)
                  202001c4    00000004     attitude.o (.data.gyroBiasX)
                  202001c8    00000004     attitude.o (.data.gyroBiasY)
                  202001cc    00000004     attitude.o (.data.gyroBiasZ)
                  202001d0    00000004     attitude.o (.data.gyroCalSumX)
                  202001d4    00000004     attitude.o (.data.gyroCalSumY)
                  202001d8    00000004     attitude.o (.data.gyroCalSumZ)
                  202001dc    00000004     attitude.o (.data.pitchDeg)
                  202001e0    00000004     attitude.o (.data.pitchZeroDeg)
                  202001e4    00000004     attitude.o (.data.rollDeg)
                  202001e8    00000004     attitude.o (.data.rollZeroDeg)
                  202001ec    00000004     attitude.o (.data.yawDeg)
                  202001f0    00000002     attitude.o (.data.gyroCalCount)
                  202001f2    00000001     attitude.o (.data.accFilterReady)
                  202001f3    00000001     encoder.o (.data.g_encoderLeftLastState)
                  202001f4    00000001     encoder.o (.data.g_encoderRightLastState)
                  202001f5    00000001     encoder.o (.data.g_encoderSpeedTickMs)
                  202001f6    00000001     angle_control.o (.data.g_hasLastError)
                  202001f7    00000001     uart_cmd.o (.data.g_uartCmdIndex)
                  202001f8    00000001     uart_cmd.o (.data.g_uartCmdReady)
                  202001f9    00000001     attitude.o (.data.gyroCalibrated)

.stack     0    20207e00    00000200     UNINITIALIZED
                  20207e00    00000004     libc.a : boot_cortex_m.c.obj (.stack)
                  20207e04    000001fc     --HOLE--

__llvm_prf_cnts 
*          0    20200000    00000000     UNINITIALIZED

__llvm_prf_bits 
*          0    20200000    00000000     UNINITIALIZED

MODULE SUMMARY

       Module                         code    ro data   rw data
       ------                         ----    -------   -------
    .\
       ti_msp_dl_config.o             1552    75        200    
       startup_mspm0g350x_ticlang.o   6       192       0      
       empty.o                        168     0         0      
    +--+------------------------------+-------+---------+---------+
       Total:                         1726    267       200    
                                                               
    .\Src\
       attitude.o                     2512    0         72     
       vofa.o                         1522    0         0      
       icm42688.o                     1448    0         0      
       angle_control.o                764     0         41     
       pid.o                          724     0         66     
       encoder.o                      536     16        27     
       uart_cmd.o                     120     0         82     
       motor.o                        148     0         0      
       delay.o                        72      0         8      
    +--+------------------------------+-------+---------+---------+
       Total:                         7846    16        296    
                                                               
    C:/TI/mspm0_sdk_2_10_00_04/source/ti/driverlib/lib/ticlang/m0p/mspm0g1x0x_g3x0x/driverlib.a
       dl_timer.o                     356     0         0      
       dl_sysctl_mspm0g1x0x_g3x0x.o   316     0         0      
       dl_spi.o                       166     0         0      
       dl_uart.o                      90      0         0      
       dl_common.o                    10      0         0      
    +--+------------------------------+-------+---------+---------+
       Total:                         938     0         0      
                                                               
    D:\ti\ccs2050\ccs\tools\compiler\ti-cgt-armllvm_4.0.4.LTS\lib\armv6m-ti-none-eabi/c/libc.a
       k_rem_pio2.c.obj               1652    344       0      
       s_cosf.c.obj                   822     0         0      
       s_sinf.c.obj                   810     0         0      
       s_tanf.c.obj                   746     0         0      
       s_atanf.c.obj                  466     32        0      
       s_floor.c.obj                  324     0         0      
       e_atan2f.c.obj                 280     0         0      
       s_scalbn.c.obj                 216     0         0      
       e_sqrtf.c.obj                  160     0         0      
       memcpy16.S.obj                 154     0         0      
       copy_decompress_lzss.c.obj     124     0         0      
       autoinit.c.obj                 60      0         0      
       boot_cortex_m.c.obj            40      0         0      
       copy_zero_init.c.obj           22      0         0      
       copy_decompress_none.c.obj     18      0         0      
       aeabi_portable.c.obj           8       0         4      
       exit.c.obj                     6       0         0      
       pre_init.c.obj                 4       0         0      
    +--+------------------------------+-------+---------+---------+
       Total:                         5912    376       4      
                                                               
    D:\ti\ccs2050\ccs\tools\compiler\ti-cgt-armllvm_4.0.4.LTS\lib\armv6m-ti-none-eabi/c/libsysbm.a
       hostexit.c.obj                 4       0         0      
    +--+------------------------------+-------+---------+---------+
       Total:                         4       0         0      
                                                               
    D:\ti\ccs2050\ccs\tools\compiler\ti-cgt-armllvm_4.0.4.LTS\lib\armv6m-ti-none-eabi/libclang_rt.builtins.a
       adddf3.S.obj                   418     0         0      
       divdf3.S.obj                   268     0         0      
       muldf3.S.obj                   244     0         0      
       addsf3.S.obj                   232     0         0      
       comparedf2.c.obj               220     0         0      
       udivmoddi4.S.obj               162     0         0      
       divsf3.S.obj                   146     0         0      
       mulsf3.S.obj                   140     0         0      
       comparesf2.S.obj               118     0         0      
       truncdfsf2.S.obj               116     0         0      
       aeabi_dcmp.S.obj               98      0         0      
       aeabi_fcmp.S.obj               98      0         0      
       aeabi_idivmod.S.obj            86      0         0      
       fixdfsi.S.obj                  74      0         0      
       aeabi_uidivmod.S.obj           64      0         0      
       extendsfdf2.S.obj              64      0         0      
       divmoddi4.c.obj                62      0         0      
       floatsisf.S.obj                60      0         0      
       muldsi3.S.obj                  58      0         0      
       fixsfsi.S.obj                  56      0         0      
       floatsidf.S.obj                44      0         0      
       floatunsisf.S.obj              40      0         0      
       muldi3.S.obj                   36      0         0      
       ashldi3.S.obj                  30      0         0      
       aeabi_ldivmod.S.obj            20      0         0      
       aeabi_memcpy.S.obj             8       0         0      
       aeabi_div0.c.obj               4       0         0      
    +--+------------------------------+-------+---------+---------+
       Total:                         2966    0         0      
                                                               
       Stack:                         0       0         512    
       Linker Generated:              0       58        0      
    +--+------------------------------+-------+---------+---------+
       Grand Total:                   19392   717       1012   


LINKER GENERATED COPY TABLES

__TI_cinit_table @ 00004ea4 records: 2, size/record: 8, table size: 16
	.data: load addr=00004e78, load size=00000016 bytes, run addr=20200174, run size=00000086 bytes, compression=lzss
	.bss: load addr=00004e9c, load size=00000008 bytes, run addr=20200000, run size=00000171 bytes, compression=zero_init


LINKER GENERATED HANDLER TABLE

__TI_handler_table @ 00004e90 records: 3, size/record: 4, table size: 12
	index: 0, handler: __TI_decompress_lzss
	index: 1, handler: __TI_decompress_none
	index: 2, handler: __TI_zero_init


FAR CALL TRAMPOLINES

callee name               trampoline name
   callee addr  tramp addr   call addr  call info
--------------  -----------  ---------  ----------------
__aeabi_dadd              $Tramp$TT$L$PI$$__aeabi_dadd
   00002693     00004af8     00004af4   libc.a : k_rem_pio2.c.obj (.text.OUTLINED_FUNCTION_0)
                             00004bfa          : s_tanf.c.obj (.text.OUTLINED_FUNCTION_0)
                             00004c04          : k_rem_pio2.c.obj (.text.OUTLINED_FUNCTION_1)
                             00004c0e          : s_cosf.c.obj (.text.OUTLINED_FUNCTION_3)
                             00004c18          : s_sinf.c.obj (.text.OUTLINED_FUNCTION_3)
__aeabi_fdiv              $Tramp$TT$L$PI$$__aeabi_fdiv
   00003ff9     00004c34     00004c30   libc.a : s_atanf.c.obj (.text.OUTLINED_FUNCTION_0)
__aeabi_dmul              $Tramp$TT$L$PI$$__aeabi_dmul
   00002f25     00004c4c     00004c48   libc.a : s_cosf.c.obj (.text.OUTLINED_FUNCTION_0)
                             00004c60          : s_sinf.c.obj (.text.OUTLINED_FUNCTION_0)
                             00004c66          : s_cosf.c.obj (.text.OUTLINED_FUNCTION_1)
                             00004c6c          : s_sinf.c.obj (.text.OUTLINED_FUNCTION_1)
__aeabi_fadd              $Tramp$TT$L$PI$$__aeabi_fadd
   000031c7     00004c7c     00004c7a   libc.a : s_atanf.c.obj (.text.OUTLINED_FUNCTION_1)

[4 trampolines]
[11 trampoline calls]


GLOBAL SYMBOLS: SORTED ALPHABETICALLY BY Name 

address   name                                 
-------   ----                                 
0000148b  ADC0_IRQHandler                      
0000148b  ADC1_IRQHandler                      
0000148b  AES_IRQHandler                       
00004c74  C$$EXIT                              
0000148b  CANFD0_IRQHandler                    
0000148b  DAC0_IRQHandler                      
00004be9  DL_Common_delayCycles                
00004575  DL_SPI_init                          
000049d9  DL_SPI_receiveDataBlocking8          
00004b85  DL_SPI_setClockConfig                
0000488d  DL_SPI_transmitDataBlocking8         
00004a59  DL_SYSCTL_configFCC                  
00003009  DL_SYSCTL_configSYSPLL               
000045b9  DL_SYSCTL_switchMCLKfromSYSOSCtoHSCLK
00002e21  DL_Timer_initFourCCPWMMode           
00004a75  DL_Timer_setCaptCompUpdateMethod     
00004ac9  DL_Timer_setCaptureCompareOutCtl     
00004bbd  DL_Timer_setCaptureCompareValue      
00004a91  DL_Timer_setClockConfig              
000044e5  DL_UART_init                         
00004b97  DL_UART_setClockConfig               
0000148b  DMA_IRQHandler                       
0000148b  Default_Handler                      
0000148b  GROUP0_IRQHandler                    
00003ca5  GROUP1_IRQHandler                    
00004c75  HOSTexit                             
0000148b  HardFault_Handler                    
0000148b  I2C0_IRQHandler                      
0000148b  I2C1_IRQHandler                      
0000148b  NMI_Handler                          
0000148b  PendSV_Handler                       
0000148b  RTC_IRQHandler                       
00004c99  Reset_Handler                        
0000148b  SPI0_IRQHandler                      
0000148b  SPI1_IRQHandler                      
0000148b  SVC_Handler                          
00003369  SYSCFG_DL_GPIO_init                  
00003d39  SYSCFG_DL_PWM_init                   
0000444d  SYSCFG_DL_SPI_ICM42688_init          
0000177d  SYSCFG_DL_SYSCTL_SYSPLL_init         
000036fd  SYSCFG_DL_SYSCTL_init                
000048bd  SYSCFG_DL_SYSTICK_init               
00004395  SYSCFG_DL_UART0_init                 
000047e9  SYSCFG_DL_init                       
0000452d  SYSCFG_DL_initPower                  
000041e5  SysTick_Handler                      
0000148b  TIMA0_IRQHandler                     
0000148b  TIMA1_IRQHandler                     
0000148b  TIMG0_IRQHandler                     
0000148b  TIMG12_IRQHandler                    
0000148b  TIMG6_IRQHandler                     
0000148b  TIMG7_IRQHandler                     
0000148b  TIMG8_IRQHandler                     
000040f9  UART0_IRQHandler                     
0000148b  UART1_IRQHandler                     
0000148b  UART2_IRQHandler                     
0000148b  UART3_IRQHandler                     
20208000  __STACK_END                          
00000200  __STACK_SIZE                         
00000000  __TI_ATRegion0_region_sz             
00000000  __TI_ATRegion0_src_addr              
00000000  __TI_ATRegion0_trg_addr              
00000000  __TI_ATRegion1_region_sz             
00000000  __TI_ATRegion1_src_addr              
00000000  __TI_ATRegion1_trg_addr              
00000000  __TI_ATRegion2_region_sz             
00000000  __TI_ATRegion2_src_addr              
00000000  __TI_ATRegion2_trg_addr              
00004ea4  __TI_CINIT_Base                      
00004eb4  __TI_CINIT_Limit                     
00004eb4  __TI_CINIT_Warm                      
00004e90  __TI_Handler_Table_Base              
00004e9c  __TI_Handler_Table_Limit             
00004735  __TI_auto_init_nobinit_nopinit       
0000407d  __TI_decompress_lzss                 
00004ba9  __TI_decompress_none                 
ffffffff  __TI_pprof_out_hndl                  
ffffffff  __TI_prof_data_size                  
ffffffff  __TI_prof_data_start                 
00000000  __TI_static_base__                   
00004b09  __TI_zero_init_nomemset              
00002693  __adddf3                             
000031c7  __addsf3                             
000041f1  __aeabi_d2f                          
00004499  __aeabi_d2iz                         
00002693  __aeabi_dadd                         
000042cd  __aeabi_dcmpeq                       
00004309  __aeabi_dcmpge                       
0000431d  __aeabi_dcmpgt                       
000042f5  __aeabi_dcmple                       
000042e1  __aeabi_dcmplt                       
00002d15  __aeabi_ddiv                         
00002f25  __aeabi_dmul                         
00002689  __aeabi_dsub                         
20200174  __aeabi_errno                        
00004c1d  __aeabi_errno_addr                   
0000463d  __aeabi_f2d                          
00004821  __aeabi_f2iz                         
000031c7  __aeabi_fadd                         
00004331  __aeabi_fcmpeq                       
0000436d  __aeabi_fcmpge                       
00004381  __aeabi_fcmpgt                       
00004359  __aeabi_fcmple                       
00004345  __aeabi_fcmplt                       
00003ff9  __aeabi_fdiv                         
00003e61  __aeabi_fmul                         
000031bd  __aeabi_fsub                         
000048ed  __aeabi_i2d                          
000046bd  __aeabi_i2f                          
000043f5  __aeabi_idiv                         
0000281b  __aeabi_idiv0                        
000043f5  __aeabi_idivmod                      
00003993  __aeabi_ldiv0                        
00004b21  __aeabi_ldivmod                      
00004a39  __aeabi_llsl                         
00004991  __aeabi_lmul                         
00004c25  __aeabi_memcpy                       
00004c25  __aeabi_memcpy4                      
00004c25  __aeabi_memcpy8                      
00004919  __aeabi_ui2f                         
000045fd  __aeabi_uidiv                        
000045fd  __aeabi_uidivmod                     
00004a39  __ashldi3                            
ffffffff  __binit__                            
00004265  __cmpdf2                             
00004771  __cmpsf2                             
00002d15  __divdf3                             
0000467d  __divmoddi4                          
00003ff9  __divsf3                             
00004265  __eqdf2                              
00004771  __eqsf2                              
0000463d  __extendsfdf2                        
00004499  __fixdfsi                            
00004821  __fixsfsi                            
000048ed  __floatsidf                          
000046bd  __floatsisf                          
00004919  __floatunsisf                        
00004171  __gedf2                              
000046f9  __gesf2                              
00004171  __gtdf2                              
000046f9  __gtsf2                              
00000855  __kernel_rem_pio2                    
00004265  __ledf2                              
00004771  __lesf2                              
00004265  __ltdf2                              
00004771  __ltsf2                              
UNDEFED   __mpu_init                           
00002f25  __muldf3                             
00004991  __muldi3                             
000047ad  __muldsi3                            
00003e61  __mulsf3                             
00004265  __nedf2                              
00004771  __nesf2                              
20207e00  __stack                              
20200000  __start___llvm_prf_bits              
20200000  __start___llvm_prf_cnts              
20200000  __stop___llvm_prf_bits               
20200000  __stop___llvm_prf_cnts               
00002689  __subdf3                             
000031bd  __subsf3                             
000041f1  __truncdfsf2                         
000038f1  __udivmoddi4                         
00004969  _c_int00_noargs                      
UNDEFED   _system_post_cinit                   
00004c9d  _system_pre_init                     
00004c6f  abort                                
00004941  angle_control_enable                 
00004859  angle_control_init                   
00003295  angle_control_lock_current_yaw       
000049f9  angle_control_set_base_speed         
00002331  angle_control_update                 
00002bfd  atan2f                               
00001df1  atanf                                
0000281d  attitude_calibrate_gyro              
000049b5  attitude_get_euler                   
000037a5  attitude_init                        
000000c1  attitude_update_from_icm42688        
ffffffff  binit                                
00001c1d  cosf                                 
00004bdd  delay_get_ms                         
00004aad  delay_ms                             
00004a19  delay_tick                           
20200194  delay_times                          
00004b35  encoder_get_left_speed_mm_s          
00004b49  encoder_get_right_speed_mm_s         
0000384d  encoder_init                         
00003439  encoder_tick_1ms                     
0000298d  floor                                
0000298d  floorl                               
20200000  gPWMBackup                           
202000f0  gSPI_ICM42688Backup                  
00003f75  icm42688_get_who_am_i                
0000148d  icm42688_init                        
000024dd  icm42688_read_raw                    
00000000  interruptVectors                     
000030e5  ldexp                                
000030e5  ldexpl                               
00003b6d  main                                 
00003c09  memcpy                               
00003dcd  motor_set_pwm                        
000030e5  scalbn                               
000030e5  scalbnl                              
00001fb9  sinf                                 
00001a25  speed_pid_control_update             
000034f1  speed_pid_init                       
00004b5d  speed_pid_set_speed                  
00004b71  speed_pid_stop                       
00003995  sqrtf                                
00002181  tanf                                 
00000e99  vofa_send_six_int                    


GLOBAL SYMBOLS: SORTED BY Symbol Address 

address   name                                 
-------   ----                                 
00000000  __TI_ATRegion0_region_sz             
00000000  __TI_ATRegion0_src_addr              
00000000  __TI_ATRegion0_trg_addr              
00000000  __TI_ATRegion1_region_sz             
00000000  __TI_ATRegion1_src_addr              
00000000  __TI_ATRegion1_trg_addr              
00000000  __TI_ATRegion2_region_sz             
00000000  __TI_ATRegion2_src_addr              
00000000  __TI_ATRegion2_trg_addr              
00000000  __TI_static_base__                   
00000000  interruptVectors                     
000000c1  attitude_update_from_icm42688        
00000200  __STACK_SIZE                         
00000855  __kernel_rem_pio2                    
00000e99  vofa_send_six_int                    
0000148b  ADC0_IRQHandler                      
0000148b  ADC1_IRQHandler                      
0000148b  AES_IRQHandler                       
0000148b  CANFD0_IRQHandler                    
0000148b  DAC0_IRQHandler                      
0000148b  DMA_IRQHandler                       
0000148b  Default_Handler                      
0000148b  GROUP0_IRQHandler                    
0000148b  HardFault_Handler                    
0000148b  I2C0_IRQHandler                      
0000148b  I2C1_IRQHandler                      
0000148b  NMI_Handler                          
0000148b  PendSV_Handler                       
0000148b  RTC_IRQHandler                       
0000148b  SPI0_IRQHandler                      
0000148b  SPI1_IRQHandler                      
0000148b  SVC_Handler                          
0000148b  TIMA0_IRQHandler                     
0000148b  TIMA1_IRQHandler                     
0000148b  TIMG0_IRQHandler                     
0000148b  TIMG12_IRQHandler                    
0000148b  TIMG6_IRQHandler                     
0000148b  TIMG7_IRQHandler                     
0000148b  TIMG8_IRQHandler                     
0000148b  UART1_IRQHandler                     
0000148b  UART2_IRQHandler                     
0000148b  UART3_IRQHandler                     
0000148d  icm42688_init                        
0000177d  SYSCFG_DL_SYSCTL_SYSPLL_init         
00001a25  speed_pid_control_update             
00001c1d  cosf                                 
00001df1  atanf                                
00001fb9  sinf                                 
00002181  tanf                                 
00002331  angle_control_update                 
000024dd  icm42688_read_raw                    
00002689  __aeabi_dsub                         
00002689  __subdf3                             
00002693  __adddf3                             
00002693  __aeabi_dadd                         
0000281b  __aeabi_idiv0                        
0000281d  attitude_calibrate_gyro              
0000298d  floor                                
0000298d  floorl                               
00002bfd  atan2f                               
00002d15  __aeabi_ddiv                         
00002d15  __divdf3                             
00002e21  DL_Timer_initFourCCPWMMode           
00002f25  __aeabi_dmul                         
00002f25  __muldf3                             
00003009  DL_SYSCTL_configSYSPLL               
000030e5  ldexp                                
000030e5  ldexpl                               
000030e5  scalbn                               
000030e5  scalbnl                              
000031bd  __aeabi_fsub                         
000031bd  __subsf3                             
000031c7  __addsf3                             
000031c7  __aeabi_fadd                         
00003295  angle_control_lock_current_yaw       
00003369  SYSCFG_DL_GPIO_init                  
00003439  encoder_tick_1ms                     
000034f1  speed_pid_init                       
000036fd  SYSCFG_DL_SYSCTL_init                
000037a5  attitude_init                        
0000384d  encoder_init                         
000038f1  __udivmoddi4                         
00003993  __aeabi_ldiv0                        
00003995  sqrtf                                
00003b6d  main                                 
00003c09  memcpy                               
00003ca5  GROUP1_IRQHandler                    
00003d39  SYSCFG_DL_PWM_init                   
00003dcd  motor_set_pwm                        
00003e61  __aeabi_fmul                         
00003e61  __mulsf3                             
00003f75  icm42688_get_who_am_i                
00003ff9  __aeabi_fdiv                         
00003ff9  __divsf3                             
0000407d  __TI_decompress_lzss                 
000040f9  UART0_IRQHandler                     
00004171  __gedf2                              
00004171  __gtdf2                              
000041e5  SysTick_Handler                      
000041f1  __aeabi_d2f                          
000041f1  __truncdfsf2                         
00004265  __cmpdf2                             
00004265  __eqdf2                              
00004265  __ledf2                              
00004265  __ltdf2                              
00004265  __nedf2                              
000042cd  __aeabi_dcmpeq                       
000042e1  __aeabi_dcmplt                       
000042f5  __aeabi_dcmple                       
00004309  __aeabi_dcmpge                       
0000431d  __aeabi_dcmpgt                       
00004331  __aeabi_fcmpeq                       
00004345  __aeabi_fcmplt                       
00004359  __aeabi_fcmple                       
0000436d  __aeabi_fcmpge                       
00004381  __aeabi_fcmpgt                       
00004395  SYSCFG_DL_UART0_init                 
000043f5  __aeabi_idiv                         
000043f5  __aeabi_idivmod                      
0000444d  SYSCFG_DL_SPI_ICM42688_init          
00004499  __aeabi_d2iz                         
00004499  __fixdfsi                            
000044e5  DL_UART_init                         
0000452d  SYSCFG_DL_initPower                  
00004575  DL_SPI_init                          
000045b9  DL_SYSCTL_switchMCLKfromSYSOSCtoHSCLK
000045fd  __aeabi_uidiv                        
000045fd  __aeabi_uidivmod                     
0000463d  __aeabi_f2d                          
0000463d  __extendsfdf2                        
0000467d  __divmoddi4                          
000046bd  __aeabi_i2f                          
000046bd  __floatsisf                          
000046f9  __gesf2                              
000046f9  __gtsf2                              
00004735  __TI_auto_init_nobinit_nopinit       
00004771  __cmpsf2                             
00004771  __eqsf2                              
00004771  __lesf2                              
00004771  __ltsf2                              
00004771  __nesf2                              
000047ad  __muldsi3                            
000047e9  SYSCFG_DL_init                       
00004821  __aeabi_f2iz                         
00004821  __fixsfsi                            
00004859  angle_control_init                   
0000488d  DL_SPI_transmitDataBlocking8         
000048bd  SYSCFG_DL_SYSTICK_init               
000048ed  __aeabi_i2d                          
000048ed  __floatsidf                          
00004919  __aeabi_ui2f                         
00004919  __floatunsisf                        
00004941  angle_control_enable                 
00004969  _c_int00_noargs                      
00004991  __aeabi_lmul                         
00004991  __muldi3                             
000049b5  attitude_get_euler                   
000049d9  DL_SPI_receiveDataBlocking8          
000049f9  angle_control_set_base_speed         
00004a19  delay_tick                           
00004a39  __aeabi_llsl                         
00004a39  __ashldi3                            
00004a59  DL_SYSCTL_configFCC                  
00004a75  DL_Timer_setCaptCompUpdateMethod     
00004a91  DL_Timer_setClockConfig              
00004aad  delay_ms                             
00004ac9  DL_Timer_setCaptureCompareOutCtl     
00004b09  __TI_zero_init_nomemset              
00004b21  __aeabi_ldivmod                      
00004b35  encoder_get_left_speed_mm_s          
00004b49  encoder_get_right_speed_mm_s         
00004b5d  speed_pid_set_speed                  
00004b71  speed_pid_stop                       
00004b85  DL_SPI_setClockConfig                
00004b97  DL_UART_setClockConfig               
00004ba9  __TI_decompress_none                 
00004bbd  DL_Timer_setCaptureCompareValue      
00004bdd  delay_get_ms                         
00004be9  DL_Common_delayCycles                
00004c1d  __aeabi_errno_addr                   
00004c25  __aeabi_memcpy                       
00004c25  __aeabi_memcpy4                      
00004c25  __aeabi_memcpy8                      
00004c6f  abort                                
00004c74  C$$EXIT                              
00004c75  HOSTexit                             
00004c99  Reset_Handler                        
00004c9d  _system_pre_init                     
00004e90  __TI_Handler_Table_Base              
00004e9c  __TI_Handler_Table_Limit             
00004ea4  __TI_CINIT_Base                      
00004eb4  __TI_CINIT_Limit                     
00004eb4  __TI_CINIT_Warm                      
20200000  __start___llvm_prf_bits              
20200000  __start___llvm_prf_cnts              
20200000  __stop___llvm_prf_bits               
20200000  __stop___llvm_prf_cnts               
20200000  gPWMBackup                           
202000f0  gSPI_ICM42688Backup                  
20200174  __aeabi_errno                        
20200194  delay_times                          
20207e00  __stack                              
20208000  __STACK_END                          
ffffffff  __TI_pprof_out_hndl                  
ffffffff  __TI_prof_data_size                  
ffffffff  __TI_prof_data_start                 
ffffffff  __binit__                            
ffffffff  binit                                
UNDEFED   __mpu_init                           
UNDEFED   _system_post_cinit                   

[210 symbols]
