******************************************************************************
            TI ARM Clang Linker PC v4.0.4                      
******************************************************************************
>> Linked Sat Jul 18 10:28:39 2026

OUTPUT FILE NAME:   <empty_LP_MSPM0G3507_nortos_ticlang.out>
ENTRY POINT SYMBOL: "_c_int00_noargs"  address: 000052cd


MEMORY CONFIGURATION

         name            origin    length      used     unused   attr    fill
----------------------  --------  ---------  --------  --------  ----  --------
  FLASH                 00000000   00020000  000058e8  0001a718  R  X
  SRAM                  20200000   00008000  0000041c  00007be4  RW X
  BCR_CONFIG            41c00000   000000ff  00000000  000000ff  R   
  BSL_CONFIG            41c00100   00000080  00000000  00000080  R   


SEGMENT ALLOCATION MAP

run origin  load origin   length   init length attrs members
----------  ----------- ---------- ----------- ----- -------
00000000    00000000    000058e8   000058e8    r-x
  00000000    00000000    000000c0   000000c0    r-- .intvecs
  000000c0    000000c0    00005610   00005610    r-x .text
  000056d0    000056d0    000001d8   000001d8    r-- .rodata
  000058a8    000058a8    00000040   00000040    r-- .cinit
20200000    20200000    0000021f   00000000    rw-
  20200000    20200000    00000185   00000000    rw- .bss
  20200188    20200188    00000097   00000000    rw- .data
20207e00    20207e00    00000200   00000000    rw-
  20207e00    20207e00    00000200   00000000    rw- .stack


SECTION ALLOCATION MAP

 output                                  attributes/
section   page    origin      length       input sections
--------  ----  ----------  ----------   ----------------
.intvecs   0    00000000    000000c0     
                  00000000    000000c0     startup_mspm0g350x_ticlang.o (.intvecs)

.text      0    000000c0    00005610     
                  000000c0    00000794     attitude.o (.text.attitude_update_from_icm42688)
                  00000854    00000644     libc.a : k_rem_pio2.c.obj (.text.__kernel_rem_pio2)
                  00000e98    000005f2     vofa.o (.text.vofa_send_six_int)
                  0000148a    00000002     startup_mspm0g350x_ticlang.o (.text.Default_Handler)
                  0000148c    000002f0     icm42688.o (.text.icm42688_init)
                  0000177c    000002a8     ti_msp_dl_config.o (.text.SYSCFG_DL_SYSCTL_SYSPLL_init)
                  00001a24    00000284     task2_abcd.o (.text.task2_stop_for_ms)
                  00001ca8    00000234     pid.o (.text.speed_pid_control_update)
                  00001edc    000001d4     libc.a : s_cosf.c.obj (.text.cosf)
                  000020b0    000001c8            : s_atanf.c.obj (.text.atanf)
                  00002278    000001c8            : s_sinf.c.obj (.text.sinf)
                  00002440    000001b4     task2_abcd.o (.text.task2_abcd_run)
                  000025f4    000001b0     libc.a : s_tanf.c.obj (.text.tanf)
                  000027a4    000001ac     angle_control.o (.text.angle_control_update)
                  00002950    000001ac     icm42688.o (.text.icm42688_read_raw)
                  00002afc    00000194     line_track.o (.text.line_track_update)
                  00002c90    00000192     libclang_rt.builtins.a : adddf3.S.obj (.text.adddf3_subdf3)
                  00002e22    00000002                            : aeabi_div0.c.obj (.text.__aeabi_idiv0)
                  00002e24    00000170     attitude.o (.text.attitude_calibrate_gyro)
                  00002f94    00000144     libc.a : s_floor.c.obj (.text.floor)
                  000030d8    0000012c            : s_tanf.c.obj (.text.__kernel_tandf)
                  00003204    00000118            : e_atan2f.c.obj (.text.atan2f)
                  0000331c    00000118     gray_serial.o (.text.gray_serial_read)
                  00003434    0000010c     libclang_rt.builtins.a : divdf3.S.obj (.text.__divdf3)
                  00003540    00000108     task2_abcd.o (.text.task2_drive_straight_mm)
                  00003648    00000104     driverlib.a : dl_timer.o (.text.DL_Timer_initFourCCPWMMode)
                  0000374c    000000e4     libclang_rt.builtins.a : muldf3.S.obj (.text.__muldf3)
                  00003830    000000e0     task2_abcd.o (.text.task2_follow_arc_mm)
                  00003910    000000dc     driverlib.a : dl_sysctl_mspm0g1x0x_g3x0x.o (.text.DL_SYSCTL_configSYSPLL)
                  000039ec    000000d8     libc.a : s_scalbn.c.obj (.text.scalbn)
                  00003ac4    000000d8     libclang_rt.builtins.a : addsf3.S.obj (.text)
                  00003b9c    000000d4     ti_msp_dl_config.o (.text.SYSCFG_DL_GPIO_init)
                  00003c70    000000d4     angle_control.o (.text.angle_control_lock_current_yaw)
                  00003d44    000000b8     encoder.o (.text.encoder_tick_1ms)
                  00003dfc    000000b4     pid.o (.text.speed_pid_init)
                  00003eb0    000000ac     libc.a : s_cosf.c.obj (.text.__kernel_sindf)
                  00003f5c    000000ac            : s_sinf.c.obj (.text.__kernel_sindf)
                  00004008    000000a8     ti_msp_dl_config.o (.text.SYSCFG_DL_SYSCTL_init)
                  000040b0    000000a8     attitude.o (.text.attitude_init)
                  00004158    000000a4     encoder.o (.text.encoder_init)
                  000041fc    000000a2     libclang_rt.builtins.a : udivmoddi4.S.obj (.text)
                  0000429e    00000002                            : aeabi_div0.c.obj (.text.__aeabi_ldiv0)
                  000042a0    000000a0     libc.a : e_sqrtf.c.obj (.text.sqrtf)
                  00004340    0000009c            : s_cosf.c.obj (.text.__kernel_cosdf)
                  000043dc    0000009c            : s_sinf.c.obj (.text.__kernel_cosdf)
                  00004478    0000009a            : memcpy16.S.obj (.text:memcpy)
                  00004512    00000002     --HOLE-- [fill = 0]
                  00004514    00000094     encoder.o (.text.GROUP1_IRQHandler)
                  000045a8    00000094     ti_msp_dl_config.o (.text.SYSCFG_DL_PWM_init)
                  0000463c    00000094     motor.o (.text.motor_set_pwm)
                  000046d0    0000008c     libclang_rt.builtins.a : mulsf3.S.obj (.text.__mulsf3)
                  0000475c    00000088     icm42688.o (.text.icm42688_write_reg)
                  000047e4    00000084     icm42688.o (.text.icm42688_get_who_am_i)
                  00004868    00000082     libclang_rt.builtins.a : divsf3.S.obj (.text.__divsf3)
                  000048ea    00000002     --HOLE-- [fill = 0]
                  000048ec    0000007c     libc.a : copy_decompress_lzss.c.obj (.text:decompress:lzss)
                  00004968    00000078     uart_cmd.o (.text.UART0_IRQHandler)
                  000049e0    00000078     encoder.o (.text.encoder_reset_count)
                  00004a58    00000074     libclang_rt.builtins.a : comparedf2.c.obj (.text.__gedf2)
                  00004acc    00000004     libsysbm.a : hostexit.c.obj (.text.HOSTexit)
                  00004ad0    00000074     libclang_rt.builtins.a : truncdfsf2.S.obj (.text.__truncdfsf2)
                  00004b44    00000068                            : comparedf2.c.obj (.text.__ledf2)
                  00004bac    00000062                            : aeabi_dcmp.S.obj (.text.__aeabi_dcmp)
                  00004c0e    00000002     --HOLE-- [fill = 0]
                  00004c10    00000062                            : aeabi_fcmp.S.obj (.text.__aeabi_fcmp)
                  00004c72    00000002     --HOLE-- [fill = 0]
                  00004c74    00000060     ti_msp_dl_config.o (.text.SYSCFG_DL_UART0_init)
                  00004cd4    00000056     libclang_rt.builtins.a : aeabi_idivmod.S.obj (.text.__aeabi_idivmod)
                  00004d2a    00000002     --HOLE-- [fill = 0]
                  00004d2c    0000004c     ti_msp_dl_config.o (.text.SYSCFG_DL_SPI_ICM42688_init)
                  00004d78    0000004c     pid.o (.text.speed_pid_stop)
                  00004dc4    0000004a     libclang_rt.builtins.a : fixdfsi.S.obj (.text.__fixdfsi)
                  00004e0e    00000002     --HOLE-- [fill = 0]
                  00004e10    00000048     driverlib.a : dl_uart.o (.text.DL_UART_init)
                  00004e58    00000048     ti_msp_dl_config.o (.text.SYSCFG_DL_initPower)
                  00004ea0    00000044     driverlib.a : dl_spi.o (.text.DL_SPI_init)
                  00004ee4    00000044                 : dl_sysctl_mspm0g1x0x_g3x0x.o (.text.DL_SYSCTL_switchMCLKfromSYSOSCtoHSCLK)
                  00004f28    00000040     libclang_rt.builtins.a : aeabi_uidivmod.S.obj (.text.__aeabi_uidivmod)
                  00004f68    00000040                            : extendsfdf2.S.obj (.text.__extendsfdf2)
                  00004fa8    0000003e                            : divmoddi4.c.obj (.text.__divmoddi4)
                  00004fe6    00000002     --HOLE-- [fill = 0]
                  00004fe8    0000003c                            : floatsisf.S.obj (.text.__floatsisf)
                  00005024    0000003c                            : comparesf2.S.obj (.text.__gtsf2)
                  00005060    0000003c     libc.a : autoinit.c.obj (.text:__TI_auto_init_nobinit_nopinit)
                  0000509c    0000003a     libclang_rt.builtins.a : comparesf2.S.obj (.text.__eqsf2)
                  000050d6    00000002     --HOLE-- [fill = 0]
                  000050d8    0000003a                            : muldsi3.S.obj (.text.__muldsi3)
                  00005112    00000002     --HOLE-- [fill = 0]
                  00005114    00000038     ti_msp_dl_config.o (.text.SYSCFG_DL_init)
                  0000514c    00000038     libclang_rt.builtins.a : fixsfsi.S.obj (.text.__fixsfsi)
                  00005184    00000038     line_track.o (.text.line_track_init)
                  000051bc    00000034     angle_control.o (.text.angle_control_init)
                  000051f0    00000030     driverlib.a : dl_spi.o (.text.DL_SPI_transmitDataBlocking8)
                  00005220    00000030     ti_msp_dl_config.o (.text.SYSCFG_DL_SYSTICK_init)
                  00005250    0000002c     libclang_rt.builtins.a : floatsidf.S.obj (.text.__floatsidf)
                  0000527c    00000028                            : floatunsisf.S.obj (.text.__floatunsisf)
                  000052a4    00000028     angle_control.o (.text.angle_control_enable)
                  000052cc    00000028     libc.a : boot_cortex_m.c.obj (.text:_c_int00_noargs)
                  000052f4    00000024     libclang_rt.builtins.a : muldi3.S.obj (.text.__muldi3)
                  00005318    00000024     angle_control.o (.text.angle_control_stop)
                  0000533c    00000024     attitude.o (.text.attitude_get_euler)
                  00005360    00000020     driverlib.a : dl_spi.o (.text.DL_SPI_receiveDataBlocking8)
                  00005380    00000020     angle_control.o (.text.angle_control_set_base_speed)
                  000053a0    00000020     delay.o (.text.delay_tick)
                  000053c0    0000001e     libclang_rt.builtins.a : ashldi3.S.obj (.text.__ashldi3)
                  000053de    00000002     --HOLE-- [fill = 0]
                  000053e0    0000001c     driverlib.a : dl_sysctl_mspm0g1x0x_g3x0x.o (.text.DL_SYSCTL_configFCC)
                  000053fc    0000001c                 : dl_timer.o (.text.DL_Timer_setCaptCompUpdateMethod)
                  00005418    0000001c                 : dl_timer.o (.text.DL_Timer_setClockConfig)
                  00005434    0000001c     delay.o (.text.delay_ms)
                  00005450    00000018     driverlib.a : dl_timer.o (.text.DL_Timer_setCaptureCompareOutCtl)
                  00005468    00000016     libc.a : k_rem_pio2.c.obj (.text.OUTLINED_FUNCTION_0)
                  0000547e    00000002     --HOLE-- [fill = 0]
                  00005480    00000010     libclang_rt.builtins.a : adddf3.S.obj (.tramp.__aeabi_dadd.1)
                  00005490    00000016     libc.a : copy_zero_init.c.obj (.text:decompress:ZI:__TI_zero_init_nomemset)
                  000054a6    00000002     --HOLE-- [fill = 0]
                  000054a8    00000014     libclang_rt.builtins.a : aeabi_ldivmod.S.obj (.text.__aeabi_ldivmod)
                  000054bc    00000014                            : aeabi_uldivmod.S.obj (.text.__aeabi_uldivmod)
                  000054d0    00000014     board_notify.o (.text.board_notify_init)
                  000054e4    00000014     encoder.o (.text.encoder_get_left_count)
                  000054f8    00000014     encoder.o (.text.encoder_get_left_speed_mm_s)
                  0000550c    00000014     encoder.o (.text.encoder_get_right_count)
                  00005520    00000014     encoder.o (.text.encoder_get_right_speed_mm_s)
                  00005534    00000014     pid.o (.text.speed_pid_set_speed)
                  00005548    00000012     driverlib.a : dl_spi.o (.text.DL_SPI_setClockConfig)
                  0000555a    00000012                 : dl_uart.o (.text.DL_UART_setClockConfig)
                  0000556c    00000012     libc.a : copy_decompress_none.c.obj (.text:decompress:none)
                  0000557e    00000002     --HOLE-- [fill = 0]
                  00005580    00000010     driverlib.a : dl_timer.o (.text.DL_Timer_setCaptureCompareValue)
                  00005590    00000010     libc.a : k_rem_pio2.c.obj (.text.OUTLINED_FUNCTION_2)
                  000055a0    00000010     board_notify.o (.text.board_notify_led_off)
                  000055b0    00000010     board_notify.o (.text.board_notify_led_on)
                  000055c0    00000010     gray_serial.o (.text.gray_serial_init)
                  000055d0    0000000c     empty.o (.text.SysTick_Handler)
                  000055dc    0000000c     board_notify.o (.text.board_notify_buzzer_off)
                  000055e8    0000000c     board_notify.o (.text.board_notify_buzzer_on)
                  000055f4    0000000c     delay.o (.text.delay_get_ms)
                  00005600    0000000c     line_track.o (.text.line_track_set_base_speed)
                  0000560c    0000000a     driverlib.a : dl_common.o (.text.DL_Common_delayCycles)
                  00005616    0000000a     libc.a : s_tanf.c.obj (.text.OUTLINED_FUNCTION_0)
                  00005620    0000000a            : k_rem_pio2.c.obj (.text.OUTLINED_FUNCTION_1)
                  0000562a    0000000a            : s_cosf.c.obj (.text.OUTLINED_FUNCTION_3)
                  00005634    0000000a            : s_sinf.c.obj (.text.OUTLINED_FUNCTION_3)
                  0000563e    0000000a     empty.o (.text.main)
                  00005648    00000008     libc.a : aeabi_portable.c.obj (.text.__aeabi_errno_addr)
                  00005650    00000008     libclang_rt.builtins.a : aeabi_memcpy.S.obj (.text.__aeabi_memcpy)
                  00005658    00000006     libc.a : s_atanf.c.obj (.text.OUTLINED_FUNCTION_0)
                  0000565e    00000002     --HOLE-- [fill = 0]
                  00005660    00000010     libclang_rt.builtins.a : divsf3.S.obj (.tramp.__aeabi_fdiv.1)
                  00005670    00000006     libc.a : s_cosf.c.obj (.text.OUTLINED_FUNCTION_0)
                  00005676    00000002     --HOLE-- [fill = 0]
                  00005678    00000010     libclang_rt.builtins.a : muldf3.S.obj (.tramp.__aeabi_dmul.1)
                  00005688    00000006     libc.a : s_sinf.c.obj (.text.OUTLINED_FUNCTION_0)
                  0000568e    00000006            : s_cosf.c.obj (.text.OUTLINED_FUNCTION_1)
                  00005694    00000006            : s_sinf.c.obj (.text.OUTLINED_FUNCTION_1)
                  0000569a    00000006            : exit.c.obj (.text:abort)
                  000056a0    00000004            : s_atanf.c.obj (.text.OUTLINED_FUNCTION_1)
                  000056a4    00000010     libclang_rt.builtins.a : addsf3.S.obj (.tramp.__aeabi_fadd.1)
                  000056b4    00000004     libc.a : s_tanf.c.obj (.text.OUTLINED_FUNCTION_1)
                  000056b8    00000004            : s_cosf.c.obj (.text.OUTLINED_FUNCTION_2)
                  000056bc    00000004            : s_sinf.c.obj (.text.OUTLINED_FUNCTION_2)
                  000056c0    00000004     startup_mspm0g350x_ticlang.o (.text.Reset_Handler)
                  000056c4    00000004     libc.a : pre_init.c.obj (.text._system_pre_init)
                  000056c8    00000008     --HOLE-- [fill = 0]

.cinit     0    000058a8    00000040     
                  000058a8    0000001b     (.cinit..data.load) [load image, compression = lzss]
                  000058c3    00000001     --HOLE-- [fill = 0]
                  000058c4    0000000c     (__TI_handler_table)
                  000058d0    00000008     (.cinit..bss.load) [load image, compression = zero_init]
                  000058d8    00000010     (__TI_cinit_table)

.rodata    0    000056d0    000001d8     
                  000056d0    00000108     libc.a : k_rem_pio2.c.obj (.rodata.ipio2)
                  000057d8    00000040            : k_rem_pio2.c.obj (.rodata.PIo2)
                  00005818    00000028     ti_msp_dl_config.o (.rodata.gSYSPLLConfig)
                  00005840    00000020     libc.a : s_atanf.c.obj (.rodata.cst16)
                  00005860    00000010     encoder.o (.rodata.cst16)
                  00005870    00000010     libc.a : k_rem_pio2.c.obj (.rodata.cst16)
                  00005880    0000000a     ti_msp_dl_config.o (.rodata.gSPI_ICM42688_config)
                  0000588a    0000000a     ti_msp_dl_config.o (.rodata.gUART0Config)
                  00005894    00000008     ti_msp_dl_config.o (.rodata.gPWMConfig)
                  0000589c    00000003     ti_msp_dl_config.o (.rodata.gPWMClockConfig)
                  0000589f    00000002     ti_msp_dl_config.o (.rodata.gSPI_ICM42688_clockConfig)
                  000058a1    00000002     ti_msp_dl_config.o (.rodata.gUART0ClockConfig)
                  000058a3    00000005     --HOLE-- [fill = 0]

.init_array 
*          0    00000000    00000000     UNINITIALIZED

.binit     0    00000000    00000000     

.bss       0    20200000    00000185     UNINITIALIZED
                  20200000    000000a0     (.common:gPWMBackup)
                  202000a0    00000050     uart_cmd.o (.bss.g_uartCmdBuffer)
                  202000f0    00000028     (.common:gSPI_ICM42688Backup)
                  20200118    00000024     angle_control.o (.bss.g_angleControlStatus)
                  2020013c    00000014     line_track.o (.bss.g_lineTrackStatus)
                  20200150    00000004     pid.o (.bss.g_leftSpeedPid.0)
                  20200154    00000004     pid.o (.bss.g_leftSpeedPid.1)
                  20200158    00000004     pid.o (.bss.g_leftSpeedPid.2)
                  2020015c    00000004     pid.o (.bss.g_leftSpeedPid.3)
                  20200160    00000004     pid.o (.bss.g_leftSpeedPid.4)
                  20200164    00000004     pid.o (.bss.g_leftSpeedPid.5)
                  20200168    00000004     pid.o (.bss.g_rightSpeedPid.0)
                  2020016c    00000004     pid.o (.bss.g_rightSpeedPid.1)
                  20200170    00000004     pid.o (.bss.g_rightSpeedPid.2)
                  20200174    00000004     pid.o (.bss.g_rightSpeedPid.3)
                  20200178    00000004     pid.o (.bss.g_rightSpeedPid.4)
                  2020017c    00000004     pid.o (.bss.g_rightSpeedPid.5)
                  20200180    00000001     pid.o (.bss.g_leftSpeedPid.6)
                  20200181    00000003     --HOLE--
                  20200184    00000001     pid.o (.bss.g_rightSpeedPid.6)

.data      0    20200188    00000097     UNINITIALIZED
                  20200188    00000004     libc.a : aeabi_portable.c.obj (.data.__aeabi_errno)
                  2020018c    00000004     attitude.o (.data.accCalSumX)
                  20200190    00000004     attitude.o (.data.accCalSumY)
                  20200194    00000004     attitude.o (.data.accCalSumZ)
                  20200198    00000004     attitude.o (.data.accFiltX)
                  2020019c    00000004     attitude.o (.data.accFiltY)
                  202001a0    00000004     attitude.o (.data.accFiltZ)
                  202001a4    00000004     delay.o (.data.delay_ms_ticks)
                  202001a8    00000004     delay.o (.data.delay_times)
                  202001ac    00000004     line_track.o (.data.g_baseSpeedMmS)
                  202001b0    00000004     encoder.o (.data.g_encoderLeftCount)
                  202001b4    00000004     encoder.o (.data.g_encoderLeftLastSpeedCount)
                  202001b8    00000004     encoder.o (.data.g_encoderLeftSpeedMmS)
                  202001bc    00000004     encoder.o (.data.g_encoderRightCount)
                  202001c0    00000004     encoder.o (.data.g_encoderRightLastSpeedCount)
                  202001c4    00000004     encoder.o (.data.g_encoderRightSpeedMmS)
                  202001c8    00000004     line_track.o (.data.g_lastError)
                  202001cc    00000004     angle_control.o (.data.g_lastErrorDeg)
                  202001d0    00000004     pid.o (.data.g_leftPwm)
                  202001d4    00000004     pid.o (.data.g_leftTargetMmS)
                  202001d8    00000004     line_track.o (.data.g_previousError)
                  202001dc    00000004     pid.o (.data.g_rightPwm)
                  202001e0    00000004     pid.o (.data.g_rightTargetMmS)
                  202001e4    00000004     task2_abcd.o (.data.g_task2LastAttitudeMs)
                  202001e8    00000004     attitude.o (.data.gyroBiasX)
                  202001ec    00000004     attitude.o (.data.gyroBiasY)
                  202001f0    00000004     attitude.o (.data.gyroBiasZ)
                  202001f4    00000004     attitude.o (.data.gyroCalSumX)
                  202001f8    00000004     attitude.o (.data.gyroCalSumY)
                  202001fc    00000004     attitude.o (.data.gyroCalSumZ)
                  20200200    00000004     attitude.o (.data.pitchDeg)
                  20200204    00000004     attitude.o (.data.pitchZeroDeg)
                  20200208    00000004     attitude.o (.data.rollDeg)
                  2020020c    00000004     attitude.o (.data.rollZeroDeg)
                  20200210    00000004     attitude.o (.data.yawDeg)
                  20200214    00000002     attitude.o (.data.gyroCalCount)
                  20200216    00000001     attitude.o (.data.accFilterReady)
                  20200217    00000001     encoder.o (.data.g_encoderLeftLastState)
                  20200218    00000001     encoder.o (.data.g_encoderRightLastState)
                  20200219    00000001     encoder.o (.data.g_encoderSpeedTickMs)
                  2020021a    00000001     angle_control.o (.data.g_hasLastError)
                  2020021b    00000001     line_track.o (.data.g_hasPreviousError)
                  2020021c    00000001     uart_cmd.o (.data.g_uartCmdIndex)
                  2020021d    00000001     uart_cmd.o (.data.g_uartCmdReady)
                  2020021e    00000001     attitude.o (.data.gyroCalibrated)

.stack     0    20207e00    00000200     UNINITIALIZED
                  20207e00    00000004     libc.a : boot_cortex_m.c.obj (.stack)
                  20207e04    000001fc     --HOLE--

__llvm_prf_cnts 
*          0    20200000    00000000     UNINITIALIZED

__llvm_prf_bits 
*          0    20200000    00000000     UNINITIALIZED

MODULE SUMMARY

       Module                         code    ro data   rw data
       ------                         ----    -------   -------
    .\
       ti_msp_dl_config.o             1556    75        200    
       startup_mspm0g350x_ticlang.o   6       192       0      
       empty.o                        22      0         0      
    +--+------------------------------+-------+---------+---------+
       Total:                         1584    267       200    
                                                               
    .\Src\
       attitude.o                     2512    0         72     
       task2_abcd.o                   1568    0         4      
       vofa.o                         1522    0         0      
       icm42688.o                     1448    0         0      
       pid.o                          840     0         66     
       angle_control.o                800     0         41     
       encoder.o                      696     16        27     
       line_track.o                   472     0         33     
       gray_serial.o                  296     0         0      
       uart_cmd.o                     120     0         82     
       motor.o                        148     0         0      
       delay.o                        72      0         8      
       board_notify.o                 76      0         0      
    +--+------------------------------+-------+---------+---------+
       Total:                         10570   16        333    
                                                               
    C:/TI/mspm0_sdk_2_10_00_04/source/ti/driverlib/lib/ticlang/m0p/mspm0g1x0x_g3x0x/driverlib.a
       dl_timer.o                     356     0         0      
       dl_sysctl_mspm0g1x0x_g3x0x.o   316     0         0      
       dl_spi.o                       166     0         0      
       dl_uart.o                      90      0         0      
       dl_common.o                    10      0         0      
    +--+------------------------------+-------+---------+---------+
       Total:                         938     0         0      
                                                               
    D:\ti\ccs2050\ccs\tools\compiler\ti-cgt-armllvm_4.0.4.LTS\lib\armv6m-ti-none-eabi/c/libc.a
       k_rem_pio2.c.obj               1652    344       0      
       s_cosf.c.obj                   822     0         0      
       s_sinf.c.obj                   810     0         0      
       s_tanf.c.obj                   746     0         0      
       s_atanf.c.obj                  466     32        0      
       s_floor.c.obj                  324     0         0      
       e_atan2f.c.obj                 280     0         0      
       s_scalbn.c.obj                 216     0         0      
       e_sqrtf.c.obj                  160     0         0      
       memcpy16.S.obj                 154     0         0      
       copy_decompress_lzss.c.obj     124     0         0      
       autoinit.c.obj                 60      0         0      
       boot_cortex_m.c.obj            40      0         0      
       copy_zero_init.c.obj           22      0         0      
       copy_decompress_none.c.obj     18      0         0      
       aeabi_portable.c.obj           8       0         4      
       exit.c.obj                     6       0         0      
       pre_init.c.obj                 4       0         0      
    +--+------------------------------+-------+---------+---------+
       Total:                         5912    376       4      
                                                               
    D:\ti\ccs2050\ccs\tools\compiler\ti-cgt-armllvm_4.0.4.LTS\lib\armv6m-ti-none-eabi/c/libsysbm.a
       hostexit.c.obj                 4       0         0      
    +--+------------------------------+-------+---------+---------+
       Total:                         4       0         0      
                                                               
    D:\ti\ccs2050\ccs\tools\compiler\ti-cgt-armllvm_4.0.4.LTS\lib\armv6m-ti-none-eabi/libclang_rt.builtins.a
       adddf3.S.obj                   418     0         0      
       divdf3.S.obj                   268     0         0      
       muldf3.S.obj                   244     0         0      
       addsf3.S.obj                   232     0         0      
       comparedf2.c.obj               220     0         0      
       udivmoddi4.S.obj               162     0         0      
       divsf3.S.obj                   146     0         0      
       mulsf3.S.obj                   140     0         0      
       comparesf2.S.obj               118     0         0      
       truncdfsf2.S.obj               116     0         0      
       aeabi_dcmp.S.obj               98      0         0      
       aeabi_fcmp.S.obj               98      0         0      
       aeabi_idivmod.S.obj            86      0         0      
       fixdfsi.S.obj                  74      0         0      
       aeabi_uidivmod.S.obj           64      0         0      
       extendsfdf2.S.obj              64      0         0      
       divmoddi4.c.obj                62      0         0      
       floatsisf.S.obj                60      0         0      
       muldsi3.S.obj                  58      0         0      
       fixsfsi.S.obj                  56      0         0      
       floatsidf.S.obj                44      0         0      
       floatunsisf.S.obj              40      0         0      
       muldi3.S.obj                   36      0         0      
       ashldi3.S.obj                  30      0         0      
       aeabi_ldivmod.S.obj            20      0         0      
       aeabi_uldivmod.S.obj           20      0         0      
       aeabi_memcpy.S.obj             8       0         0      
       aeabi_div0.c.obj               4       0         0      
    +--+------------------------------+-------+---------+---------+
       Total:                         2986    0         0      
                                                               
       Stack:                         0       0         512    
       Linker Generated:              0       63        0      
    +--+------------------------------+-------+---------+---------+
       Grand Total:                   21994   722       1049   


LINKER GENERATED COPY TABLES

__TI_cinit_table @ 000058d8 records: 2, size/record: 8, table size: 16
	.data: load addr=000058a8, load size=0000001b bytes, run addr=20200188, run size=00000097 bytes, compression=lzss
	.bss: load addr=000058d0, load size=00000008 bytes, run addr=20200000, run size=00000185 bytes, compression=zero_init


LINKER GENERATED HANDLER TABLE

__TI_handler_table @ 000058c4 records: 3, size/record: 4, table size: 12
	index: 0, handler: __TI_decompress_lzss
	index: 1, handler: __TI_decompress_none
	index: 2, handler: __TI_zero_init


FAR CALL TRAMPOLINES

callee name               trampoline name
   callee addr  tramp addr   call addr  call info
--------------  -----------  ---------  ----------------
__aeabi_dadd              $Tramp$TT$L$PI$$__aeabi_dadd
   00002c9b     00005480     0000547c   libc.a : k_rem_pio2.c.obj (.text.OUTLINED_FUNCTION_0)
                             0000561e          : s_tanf.c.obj (.text.OUTLINED_FUNCTION_0)
                             00005628          : k_rem_pio2.c.obj (.text.OUTLINED_FUNCTION_1)
                             00005632          : s_cosf.c.obj (.text.OUTLINED_FUNCTION_3)
                             0000563c          : s_sinf.c.obj (.text.OUTLINED_FUNCTION_3)
__aeabi_fdiv              $Tramp$TT$L$PI$$__aeabi_fdiv
   00004869     00005660     0000565c   libc.a : s_atanf.c.obj (.text.OUTLINED_FUNCTION_0)
__aeabi_dmul              $Tramp$TT$L$PI$$__aeabi_dmul
   0000374d     00005678     00005674   libc.a : s_cosf.c.obj (.text.OUTLINED_FUNCTION_0)
                             0000568c          : s_sinf.c.obj (.text.OUTLINED_FUNCTION_0)
                             00005692          : s_cosf.c.obj (.text.OUTLINED_FUNCTION_1)
                             00005698          : s_sinf.c.obj (.text.OUTLINED_FUNCTION_1)
__aeabi_fadd              $Tramp$TT$L$PI$$__aeabi_fadd
   00003acf     000056a4     000056a2   libc.a : s_atanf.c.obj (.text.OUTLINED_FUNCTION_1)

[4 trampolines]
[11 trampoline calls]


GLOBAL SYMBOLS: SORTED ALPHABETICALLY BY Name 

address   name                                 
-------   ----                                 
0000148b  ADC0_IRQHandler                      
0000148b  ADC1_IRQHandler                      
0000148b  AES_IRQHandler                       
00004acc  C$$EXIT                              
0000148b  CANFD0_IRQHandler                    
0000148b  DAC0_IRQHandler                      
0000560d  DL_Common_delayCycles                
00004ea1  DL_SPI_init                          
00005361  DL_SPI_receiveDataBlocking8          
00005549  DL_SPI_setClockConfig                
000051f1  DL_SPI_transmitDataBlocking8         
000053e1  DL_SYSCTL_configFCC                  
00003911  DL_SYSCTL_configSYSPLL               
00004ee5  DL_SYSCTL_switchMCLKfromSYSOSCtoHSCLK
00003649  DL_Timer_initFourCCPWMMode           
000053fd  DL_Timer_setCaptCompUpdateMethod     
00005451  DL_Timer_setCaptureCompareOutCtl     
00005581  DL_Timer_setCaptureCompareValue      
00005419  DL_Timer_setClockConfig              
00004e11  DL_UART_init                         
0000555b  DL_UART_setClockConfig               
0000148b  DMA_IRQHandler                       
0000148b  Default_Handler                      
0000148b  GROUP0_IRQHandler                    
00004515  GROUP1_IRQHandler                    
00004acd  HOSTexit                             
0000148b  HardFault_Handler                    
0000148b  I2C0_IRQHandler                      
0000148b  I2C1_IRQHandler                      
0000148b  NMI_Handler                          
0000148b  PendSV_Handler                       
0000148b  RTC_IRQHandler                       
000056c1  Reset_Handler                        
0000148b  SPI0_IRQHandler                      
0000148b  SPI1_IRQHandler                      
0000148b  SVC_Handler                          
00003b9d  SYSCFG_DL_GPIO_init                  
000045a9  SYSCFG_DL_PWM_init                   
00004d2d  SYSCFG_DL_SPI_ICM42688_init          
0000177d  SYSCFG_DL_SYSCTL_SYSPLL_init         
00004009  SYSCFG_DL_SYSCTL_init                
00005221  SYSCFG_DL_SYSTICK_init               
00004c75  SYSCFG_DL_UART0_init                 
00005115  SYSCFG_DL_init                       
00004e59  SYSCFG_DL_initPower                  
000055d1  SysTick_Handler                      
0000148b  TIMA0_IRQHandler                     
0000148b  TIMA1_IRQHandler                     
0000148b  TIMG0_IRQHandler                     
0000148b  TIMG12_IRQHandler                    
0000148b  TIMG6_IRQHandler                     
0000148b  TIMG7_IRQHandler                     
0000148b  TIMG8_IRQHandler                     
00004969  UART0_IRQHandler                     
0000148b  UART1_IRQHandler                     
0000148b  UART2_IRQHandler                     
0000148b  UART3_IRQHandler                     
20208000  __STACK_END                          
00000200  __STACK_SIZE                         
00000000  __TI_ATRegion0_region_sz             
00000000  __TI_ATRegion0_src_addr              
00000000  __TI_ATRegion0_trg_addr              
00000000  __TI_ATRegion1_region_sz             
00000000  __TI_ATRegion1_src_addr              
00000000  __TI_ATRegion1_trg_addr              
00000000  __TI_ATRegion2_region_sz             
00000000  __TI_ATRegion2_src_addr              
00000000  __TI_ATRegion2_trg_addr              
000058d8  __TI_CINIT_Base                      
000058e8  __TI_CINIT_Limit                     
000058e8  __TI_CINIT_Warm                      
000058c4  __TI_Handler_Table_Base              
000058d0  __TI_Handler_Table_Limit             
00005061  __TI_auto_init_nobinit_nopinit       
000048ed  __TI_decompress_lzss                 
0000556d  __TI_decompress_none                 
ffffffff  __TI_pprof_out_hndl                  
ffffffff  __TI_prof_data_size                  
ffffffff  __TI_prof_data_start                 
00000000  __TI_static_base__                   
00005491  __TI_zero_init_nomemset              
00002c9b  __adddf3                             
00003acf  __addsf3                             
00004ad1  __aeabi_d2f                          
00004dc5  __aeabi_d2iz                         
00002c9b  __aeabi_dadd                         
00004bad  __aeabi_dcmpeq                       
00004be9  __aeabi_dcmpge                       
00004bfd  __aeabi_dcmpgt                       
00004bd5  __aeabi_dcmple                       
00004bc1  __aeabi_dcmplt                       
00003435  __aeabi_ddiv                         
0000374d  __aeabi_dmul                         
00002c91  __aeabi_dsub                         
20200188  __aeabi_errno                        
00005649  __aeabi_errno_addr                   
00004f69  __aeabi_f2d                          
0000514d  __aeabi_f2iz                         
00003acf  __aeabi_fadd                         
00004c11  __aeabi_fcmpeq                       
00004c4d  __aeabi_fcmpge                       
00004c61  __aeabi_fcmpgt                       
00004c39  __aeabi_fcmple                       
00004c25  __aeabi_fcmplt                       
00004869  __aeabi_fdiv                         
000046d1  __aeabi_fmul                         
00003ac5  __aeabi_fsub                         
00005251  __aeabi_i2d                          
00004fe9  __aeabi_i2f                          
00004cd5  __aeabi_idiv                         
00002e23  __aeabi_idiv0                        
00004cd5  __aeabi_idivmod                      
0000429f  __aeabi_ldiv0                        
000054a9  __aeabi_ldivmod                      
000053c1  __aeabi_llsl                         
000052f5  __aeabi_lmul                         
00005651  __aeabi_memcpy                       
00005651  __aeabi_memcpy4                      
00005651  __aeabi_memcpy8                      
0000527d  __aeabi_ui2f                         
00004f29  __aeabi_uidiv                        
00004f29  __aeabi_uidivmod                     
000054bd  __aeabi_uldivmod                     
000053c1  __ashldi3                            
ffffffff  __binit__                            
00004b45  __cmpdf2                             
0000509d  __cmpsf2                             
00003435  __divdf3                             
00004fa9  __divmoddi4                          
00004869  __divsf3                             
00004b45  __eqdf2                              
0000509d  __eqsf2                              
00004f69  __extendsfdf2                        
00004dc5  __fixdfsi                            
0000514d  __fixsfsi                            
00005251  __floatsidf                          
00004fe9  __floatsisf                          
0000527d  __floatunsisf                        
00004a59  __gedf2                              
00005025  __gesf2                              
00004a59  __gtdf2                              
00005025  __gtsf2                              
00000855  __kernel_rem_pio2                    
00004b45  __ledf2                              
0000509d  __lesf2                              
00004b45  __ltdf2                              
0000509d  __ltsf2                              
UNDEFED   __mpu_init                           
0000374d  __muldf3                             
000052f5  __muldi3                             
000050d9  __muldsi3                            
000046d1  __mulsf3                             
00004b45  __nedf2                              
0000509d  __nesf2                              
20207e00  __stack                              
20200000  __start___llvm_prf_bits              
20200000  __start___llvm_prf_cnts              
20200000  __stop___llvm_prf_bits               
20200000  __stop___llvm_prf_cnts               
00002c91  __subdf3                             
00003ac5  __subsf3                             
00004ad1  __truncdfsf2                         
000041fd  __udivmoddi4                         
000052cd  _c_int00_noargs                      
UNDEFED   _system_post_cinit                   
000056c5  _system_pre_init                     
0000569b  abort                                
000052a5  angle_control_enable                 
000051bd  angle_control_init                   
00003c71  angle_control_lock_current_yaw       
00005381  angle_control_set_base_speed         
00005319  angle_control_stop                   
000027a5  angle_control_update                 
00003205  atan2f                               
000020b1  atanf                                
00002e25  attitude_calibrate_gyro              
0000533d  attitude_get_euler                   
000040b1  attitude_init                        
000000c1  attitude_update_from_icm42688        
ffffffff  binit                                
000055dd  board_notify_buzzer_off              
000055e9  board_notify_buzzer_on               
000054d1  board_notify_init                    
000055a1  board_notify_led_off                 
000055b1  board_notify_led_on                  
00001edd  cosf                                 
000055f5  delay_get_ms                         
00005435  delay_ms                             
000053a1  delay_tick                           
202001a8  delay_times                          
000054e5  encoder_get_left_count               
000054f9  encoder_get_left_speed_mm_s          
0000550d  encoder_get_right_count              
00005521  encoder_get_right_speed_mm_s         
00004159  encoder_init                         
000049e1  encoder_reset_count                  
00003d45  encoder_tick_1ms                     
00002f95  floor                                
00002f95  floorl                               
20200000  gPWMBackup                           
202000f0  gSPI_ICM42688Backup                  
000055c1  gray_serial_init                     
0000331d  gray_serial_read                     
000047e5  icm42688_get_who_am_i                
0000148d  icm42688_init                        
00002951  icm42688_read_raw                    
00000000  interruptVectors                     
000039ed  ldexp                                
000039ed  ldexpl                               
00005185  line_track_init                      
00005601  line_track_set_base_speed            
00002afd  line_track_update                    
0000563f  main                                 
00004479  memcpy                               
0000463d  motor_set_pwm                        
000039ed  scalbn                               
000039ed  scalbnl                              
00002279  sinf                                 
00001ca9  speed_pid_control_update             
00003dfd  speed_pid_init                       
00005535  speed_pid_set_speed                  
00004d79  speed_pid_stop                       
000042a1  sqrtf                                
000025f5  tanf                                 
00002441  task2_abcd_run                       
00000e99  vofa_send_six_int                    


GLOBAL SYMBOLS: SORTED BY Symbol Address 

address   name                                 
-------   ----                                 
00000000  __TI_ATRegion0_region_sz             
00000000  __TI_ATRegion0_src_addr              
00000000  __TI_ATRegion0_trg_addr              
00000000  __TI_ATRegion1_region_sz             
00000000  __TI_ATRegion1_src_addr              
00000000  __TI_ATRegion1_trg_addr              
00000000  __TI_ATRegion2_region_sz             
00000000  __TI_ATRegion2_src_addr              
00000000  __TI_ATRegion2_trg_addr              
00000000  __TI_static_base__                   
00000000  interruptVectors                     
000000c1  attitude_update_from_icm42688        
00000200  __STACK_SIZE                         
00000855  __kernel_rem_pio2                    
00000e99  vofa_send_six_int                    
0000148b  ADC0_IRQHandler                      
0000148b  ADC1_IRQHandler                      
0000148b  AES_IRQHandler                       
0000148b  CANFD0_IRQHandler                    
0000148b  DAC0_IRQHandler                      
0000148b  DMA_IRQHandler                       
0000148b  Default_Handler                      
0000148b  GROUP0_IRQHandler                    
0000148b  HardFault_Handler                    
0000148b  I2C0_IRQHandler                      
0000148b  I2C1_IRQHandler                      
0000148b  NMI_Handler                          
0000148b  PendSV_Handler                       
0000148b  RTC_IRQHandler                       
0000148b  SPI0_IRQHandler                      
0000148b  SPI1_IRQHandler                      
0000148b  SVC_Handler                          
0000148b  TIMA0_IRQHandler                     
0000148b  TIMA1_IRQHandler                     
0000148b  TIMG0_IRQHandler                     
0000148b  TIMG12_IRQHandler                    
0000148b  TIMG6_IRQHandler                     
0000148b  TIMG7_IRQHandler                     
0000148b  TIMG8_IRQHandler                     
0000148b  UART1_IRQHandler                     
0000148b  UART2_IRQHandler                     
0000148b  UART3_IRQHandler                     
0000148d  icm42688_init                        
0000177d  SYSCFG_DL_SYSCTL_SYSPLL_init         
00001ca9  speed_pid_control_update             
00001edd  cosf                                 
000020b1  atanf                                
00002279  sinf                                 
00002441  task2_abcd_run                       
000025f5  tanf                                 
000027a5  angle_control_update                 
00002951  icm42688_read_raw                    
00002afd  line_track_update                    
00002c91  __aeabi_dsub                         
00002c91  __subdf3                             
00002c9b  __adddf3                             
00002c9b  __aeabi_dadd                         
00002e23  __aeabi_idiv0                        
00002e25  attitude_calibrate_gyro              
00002f95  floor                                
00002f95  floorl                               
00003205  atan2f                               
0000331d  gray_serial_read                     
00003435  __aeabi_ddiv                         
00003435  __divdf3                             
00003649  DL_Timer_initFourCCPWMMode           
0000374d  __aeabi_dmul                         
0000374d  __muldf3                             
00003911  DL_SYSCTL_configSYSPLL               
000039ed  ldexp                                
000039ed  ldexpl                               
000039ed  scalbn                               
000039ed  scalbnl                              
00003ac5  __aeabi_fsub                         
00003ac5  __subsf3                             
00003acf  __addsf3                             
00003acf  __aeabi_fadd                         
00003b9d  SYSCFG_DL_GPIO_init                  
00003c71  angle_control_lock_current_yaw       
00003d45  encoder_tick_1ms                     
00003dfd  speed_pid_init                       
00004009  SYSCFG_DL_SYSCTL_init                
000040b1  attitude_init                        
00004159  encoder_init                         
000041fd  __udivmoddi4                         
0000429f  __aeabi_ldiv0                        
000042a1  sqrtf                                
00004479  memcpy                               
00004515  GROUP1_IRQHandler                    
000045a9  SYSCFG_DL_PWM_init                   
0000463d  motor_set_pwm                        
000046d1  __aeabi_fmul                         
000046d1  __mulsf3                             
000047e5  icm42688_get_who_am_i                
00004869  __aeabi_fdiv                         
00004869  __divsf3                             
000048ed  __TI_decompress_lzss                 
00004969  UART0_IRQHandler                     
000049e1  encoder_reset_count                  
00004a59  __gedf2                              
00004a59  __gtdf2                              
00004acc  C$$EXIT                              
00004acd  HOSTexit                             
00004ad1  __aeabi_d2f                          
00004ad1  __truncdfsf2                         
00004b45  __cmpdf2                             
00004b45  __eqdf2                              
00004b45  __ledf2                              
00004b45  __ltdf2                              
00004b45  __nedf2                              
00004bad  __aeabi_dcmpeq                       
00004bc1  __aeabi_dcmplt                       
00004bd5  __aeabi_dcmple                       
00004be9  __aeabi_dcmpge                       
00004bfd  __aeabi_dcmpgt                       
00004c11  __aeabi_fcmpeq                       
00004c25  __aeabi_fcmplt                       
00004c39  __aeabi_fcmple                       
00004c4d  __aeabi_fcmpge                       
00004c61  __aeabi_fcmpgt                       
00004c75  SYSCFG_DL_UART0_init                 
00004cd5  __aeabi_idiv                         
00004cd5  __aeabi_idivmod                      
00004d2d  SYSCFG_DL_SPI_ICM42688_init          
00004d79  speed_pid_stop                       
00004dc5  __aeabi_d2iz                         
00004dc5  __fixdfsi                            
00004e11  DL_UART_init                         
00004e59  SYSCFG_DL_initPower                  
00004ea1  DL_SPI_init                          
00004ee5  DL_SYSCTL_switchMCLKfromSYSOSCtoHSCLK
00004f29  __aeabi_uidiv                        
00004f29  __aeabi_uidivmod                     
00004f69  __aeabi_f2d                          
00004f69  __extendsfdf2                        
00004fa9  __divmoddi4                          
00004fe9  __aeabi_i2f                          
00004fe9  __floatsisf                          
00005025  __gesf2                              
00005025  __gtsf2                              
00005061  __TI_auto_init_nobinit_nopinit       
0000509d  __cmpsf2                             
0000509d  __eqsf2                              
0000509d  __lesf2                              
0000509d  __ltsf2                              
0000509d  __nesf2                              
000050d9  __muldsi3                            
00005115  SYSCFG_DL_init                       
0000514d  __aeabi_f2iz                         
0000514d  __fixsfsi                            
00005185  line_track_init                      
000051bd  angle_control_init                   
000051f1  DL_SPI_transmitDataBlocking8         
00005221  SYSCFG_DL_SYSTICK_init               
00005251  __aeabi_i2d                          
00005251  __floatsidf                          
0000527d  __aeabi_ui2f                         
0000527d  __floatunsisf                        
000052a5  angle_control_enable                 
000052cd  _c_int00_noargs                      
000052f5  __aeabi_lmul                         
000052f5  __muldi3                             
00005319  angle_control_stop                   
0000533d  attitude_get_euler                   
00005361  DL_SPI_receiveDataBlocking8          
00005381  angle_control_set_base_speed         
000053a1  delay_tick                           
000053c1  __aeabi_llsl                         
000053c1  __ashldi3                            
000053e1  DL_SYSCTL_configFCC                  
000053fd  DL_Timer_setCaptCompUpdateMethod     
00005419  DL_Timer_setClockConfig              
00005435  delay_ms                             
00005451  DL_Timer_setCaptureCompareOutCtl     
00005491  __TI_zero_init_nomemset              
000054a9  __aeabi_ldivmod                      
000054bd  __aeabi_uldivmod                     
000054d1  board_notify_init                    
000054e5  encoder_get_left_count               
000054f9  encoder_get_left_speed_mm_s          
0000550d  encoder_get_right_count              
00005521  encoder_get_right_speed_mm_s         
00005535  speed_pid_set_speed                  
00005549  DL_SPI_setClockConfig                
0000555b  DL_UART_setClockConfig               
0000556d  __TI_decompress_none                 
00005581  DL_Timer_setCaptureCompareValue      
000055a1  board_notify_led_off                 
000055b1  board_notify_led_on                  
000055c1  gray_serial_init                     
000055d1  SysTick_Handler                      
000055dd  board_notify_buzzer_off              
000055e9  board_notify_buzzer_on               
000055f5  delay_get_ms                         
00005601  line_track_set_base_speed            
0000560d  DL_Common_delayCycles                
0000563f  main                                 
00005649  __aeabi_errno_addr                   
00005651  __aeabi_memcpy                       
00005651  __aeabi_memcpy4                      
00005651  __aeabi_memcpy8                      
0000569b  abort                                
000056c1  Reset_Handler                        
000056c5  _system_pre_init                     
000058c4  __TI_Handler_Table_Base              
000058d0  __TI_Handler_Table_Limit             
000058d8  __TI_CINIT_Base                      
000058e8  __TI_CINIT_Limit                     
000058e8  __TI_CINIT_Warm                      
20200000  __start___llvm_prf_bits              
20200000  __start___llvm_prf_cnts              
20200000  __stop___llvm_prf_bits               
20200000  __stop___llvm_prf_cnts               
20200000  gPWMBackup                           
202000f0  gSPI_ICM42688Backup                  
20200188  __aeabi_errno                        
202001a8  delay_times                          
20207e00  __stack                              
20208000  __STACK_END                          
ffffffff  __TI_pprof_out_hndl                  
ffffffff  __TI_prof_data_size                  
ffffffff  __TI_prof_data_start                 
ffffffff  __binit__                            
ffffffff  binit                                
UNDEFED   __mpu_init                           
UNDEFED   _system_post_cinit                   

[226 symbols]
