******************************************************************************
            TI ARM Clang Linker PC v4.0.4                      
******************************************************************************
>> Linked Sat Jul 18 14:37:08 2026

OUTPUT FILE NAME:   <empty_LP_MSPM0G3507_nortos_ticlang.out>
ENTRY POINT SYMBOL: "_c_int00_noargs"  address: 000057fd


MEMORY CONFIGURATION

         name            origin    length      used     unused   attr    fill
----------------------  --------  ---------  --------  --------  ----  --------
  FLASH                 00000000   00020000  00005e28  0001a1d8  R  X
  SRAM                  20200000   00008000  00000420  00007be0  RW X
  BCR_CONFIG            41c00000   000000ff  00000000  000000ff  R   
  BSL_CONFIG            41c00100   00000080  00000000  00000080  R   


SEGMENT ALLOCATION MAP

run origin  load origin   length   init length attrs members
----------  ----------- ---------- ----------- ----- -------
00000000    00000000    00005e28   00005e28    r-x
  00000000    00000000    000000c0   000000c0    r-- .intvecs
  000000c0    000000c0    00005b50   00005b50    r-x .text
  00005c10    00005c10    000001d8   000001d8    r-- .rodata
  00005de8    00005de8    00000040   00000040    r-- .cinit
20200000    20200000    00000223   00000000    rw-
  20200000    20200000    00000185   00000000    rw- .bss
  20200188    20200188    0000009b   00000000    rw- .data
20207e00    20207e00    00000200   00000000    rw-
  20207e00    20207e00    00000200   00000000    rw- .stack


SECTION ALLOCATION MAP

 output                                  attributes/
section   page    origin      length       input sections
--------  ----  ----------  ----------   ----------------
.intvecs   0    00000000    000000c0     
                  00000000    000000c0     startup_mspm0g350x_ticlang.o (.intvecs)

.text      0    000000c0    00005b50     
                  000000c0    00000794     attitude.o (.text.attitude_update_from_icm42688)
                  00000854    00000644     libc.a : k_rem_pio2.c.obj (.text.__kernel_rem_pio2)
                  00000e98    00000624     task3_acbd.o (.text.task3_acbd_run)
                  000014bc    000005f2     vofa.o (.text.vofa_send_six_int)
                  00001aae    00000002     startup_mspm0g350x_ticlang.o (.text.Default_Handler)
                  00001ab0    000002f0     icm42688.o (.text.icm42688_init)
                  00001da0    000002a8     ti_msp_dl_config.o (.text.SYSCFG_DL_SYSCTL_SYSPLL_init)
                  00002048    00000284     task3_acbd.o (.text.task3_stop_for_ms)
                  000022cc    00000234     pid.o (.text.speed_pid_control_update)
                  00002500    000001d4     libc.a : s_cosf.c.obj (.text.cosf)
                  000026d4    000001c8            : s_atanf.c.obj (.text.atanf)
                  0000289c    000001c8            : s_sinf.c.obj (.text.sinf)
                  00002a64    000001b0            : s_tanf.c.obj (.text.tanf)
                  00002c14    000001ac     angle_control.o (.text.angle_control_update)
                  00002dc0    000001ac     icm42688.o (.text.icm42688_read_raw)
                  00002f6c    000001a4     line_track.o (.text.line_track_update_with_raw_impl)
                  00003110    00000192     libclang_rt.builtins.a : adddf3.S.obj (.text.adddf3_subdf3)
                  000032a2    00000002                            : aeabi_div0.c.obj (.text.__aeabi_idiv0)
                  000032a4    00000178     task3_acbd.o (.text.task3_follow_arc_until_lost)
                  0000341c    00000170     attitude.o (.text.attitude_calibrate_gyro)
                  0000358c    00000144     libc.a : s_floor.c.obj (.text.floor)
                  000036d0    00000130     task3_acbd.o (.text.task3_drive_straight_distance)
                  00003800    0000012c     libc.a : s_tanf.c.obj (.text.__kernel_tandf)
                  0000392c    00000118            : e_atan2f.c.obj (.text.atan2f)
                  00003a44    00000118     gray_serial.o (.text.gray_serial_read)
                  00003b5c    0000010c     libclang_rt.builtins.a : divdf3.S.obj (.text.__divdf3)
                  00003c68    00000104     driverlib.a : dl_timer.o (.text.DL_Timer_initFourCCPWMMode)
                  00003d6c    000000e4     libclang_rt.builtins.a : muldf3.S.obj (.text.__muldf3)
                  00003e50    000000dc     driverlib.a : dl_sysctl_mspm0g1x0x_g3x0x.o (.text.DL_SYSCTL_configSYSPLL)
                  00003f2c    000000d8     libc.a : s_scalbn.c.obj (.text.scalbn)
                  00004004    000000d8     libclang_rt.builtins.a : addsf3.S.obj (.text)
                  000040dc    000000d4     ti_msp_dl_config.o (.text.SYSCFG_DL_GPIO_init)
                  000041b0    000000c8     angle_control.o (.text.angle_control_set_target_yaw)
                  00004278    000000b8     encoder.o (.text.encoder_tick_1ms)
                  00004330    000000b4     pid.o (.text.speed_pid_init)
                  000043e4    000000ac     libc.a : s_cosf.c.obj (.text.__kernel_sindf)
                  00004490    000000ac            : s_sinf.c.obj (.text.__kernel_sindf)
                  0000453c    000000a8     ti_msp_dl_config.o (.text.SYSCFG_DL_SYSCTL_init)
                  000045e4    000000a8     attitude.o (.text.attitude_init)
                  0000468c    000000a4     encoder.o (.text.encoder_init)
                  00004730    000000a2     libclang_rt.builtins.a : udivmoddi4.S.obj (.text)
                  000047d2    00000002                            : aeabi_div0.c.obj (.text.__aeabi_ldiv0)
                  000047d4    000000a0     libc.a : e_sqrtf.c.obj (.text.sqrtf)
                  00004874    0000009c            : s_cosf.c.obj (.text.__kernel_cosdf)
                  00004910    0000009c            : s_sinf.c.obj (.text.__kernel_cosdf)
                  000049ac    0000009a            : memcpy16.S.obj (.text:memcpy)
                  00004a46    00000002     --HOLE-- [fill = 0]
                  00004a48    00000094     encoder.o (.text.GROUP1_IRQHandler)
                  00004adc    00000094     ti_msp_dl_config.o (.text.SYSCFG_DL_PWM_init)
                  00004b70    00000094     motor.o (.text.motor_set_pwm)
                  00004c04    0000008c     libclang_rt.builtins.a : mulsf3.S.obj (.text.__mulsf3)
                  00004c90    00000088     icm42688.o (.text.icm42688_write_reg)
                  00004d18    00000084     icm42688.o (.text.icm42688_get_who_am_i)
                  00004d9c    00000082     libclang_rt.builtins.a : divsf3.S.obj (.text.__divsf3)
                  00004e1e    00000002     --HOLE-- [fill = 0]
                  00004e20    0000007c     libc.a : copy_decompress_lzss.c.obj (.text:decompress:lzss)
                  00004e9c    00000078     uart_cmd.o (.text.UART0_IRQHandler)
                  00004f14    00000078     encoder.o (.text.encoder_reset_count)
                  00004f8c    00000074     libclang_rt.builtins.a : comparedf2.c.obj (.text.__gedf2)
                  00005000    00000074                            : truncdfsf2.S.obj (.text.__truncdfsf2)
                  00005074    00000068                            : comparedf2.c.obj (.text.__ledf2)
                  000050dc    00000062                            : aeabi_dcmp.S.obj (.text.__aeabi_dcmp)
                  0000513e    00000002     --HOLE-- [fill = 0]
                  00005140    00000062                            : aeabi_fcmp.S.obj (.text.__aeabi_fcmp)
                  000051a2    00000002     --HOLE-- [fill = 0]
                  000051a4    00000060     ti_msp_dl_config.o (.text.SYSCFG_DL_UART0_init)
                  00005204    00000056     libclang_rt.builtins.a : aeabi_idivmod.S.obj (.text.__aeabi_idivmod)
                  0000525a    00000002     --HOLE-- [fill = 0]
                  0000525c    0000004c     ti_msp_dl_config.o (.text.SYSCFG_DL_SPI_ICM42688_init)
                  000052a8    0000004c     pid.o (.text.speed_pid_stop)
                  000052f4    0000004a     libclang_rt.builtins.a : fixdfsi.S.obj (.text.__fixdfsi)
                  0000533e    00000002     --HOLE-- [fill = 0]
                  00005340    00000048     driverlib.a : dl_uart.o (.text.DL_UART_init)
                  00005388    00000048     ti_msp_dl_config.o (.text.SYSCFG_DL_initPower)
                  000053d0    00000044     driverlib.a : dl_spi.o (.text.DL_SPI_init)
                  00005414    00000044                 : dl_sysctl_mspm0g1x0x_g3x0x.o (.text.DL_SYSCTL_switchMCLKfromSYSOSCtoHSCLK)
                  00005458    00000040     libclang_rt.builtins.a : aeabi_uidivmod.S.obj (.text.__aeabi_uidivmod)
                  00005498    00000040                            : extendsfdf2.S.obj (.text.__extendsfdf2)
                  000054d8    0000003e                            : divmoddi4.c.obj (.text.__divmoddi4)
                  00005516    00000002     --HOLE-- [fill = 0]
                  00005518    0000003c                            : floatsisf.S.obj (.text.__floatsisf)
                  00005554    0000003c                            : comparesf2.S.obj (.text.__gtsf2)
                  00005590    0000003c     libc.a : autoinit.c.obj (.text:__TI_auto_init_nobinit_nopinit)
                  000055cc    0000003a     libclang_rt.builtins.a : comparesf2.S.obj (.text.__eqsf2)
                  00005606    00000002     --HOLE-- [fill = 0]
                  00005608    0000003a                            : muldsi3.S.obj (.text.__muldsi3)
                  00005642    00000002     --HOLE-- [fill = 0]
                  00005644    00000038     ti_msp_dl_config.o (.text.SYSCFG_DL_init)
                  0000567c    00000038     libclang_rt.builtins.a : fixsfsi.S.obj (.text.__fixsfsi)
                  000056b4    00000038     line_track.o (.text.line_track_init)
                  000056ec    00000034     angle_control.o (.text.angle_control_init)
                  00005720    00000030     driverlib.a : dl_spi.o (.text.DL_SPI_transmitDataBlocking8)
                  00005750    00000030     ti_msp_dl_config.o (.text.SYSCFG_DL_SYSTICK_init)
                  00005780    0000002c     libclang_rt.builtins.a : floatsidf.S.obj (.text.__floatsidf)
                  000057ac    00000028                            : floatunsisf.S.obj (.text.__floatunsisf)
                  000057d4    00000028     angle_control.o (.text.angle_control_enable)
                  000057fc    00000028     libc.a : boot_cortex_m.c.obj (.text:_c_int00_noargs)
                  00005824    00000024     libclang_rt.builtins.a : muldi3.S.obj (.text.__muldi3)
                  00005848    00000024     angle_control.o (.text.angle_control_stop)
                  0000586c    00000024     attitude.o (.text.attitude_get_euler)
                  00005890    00000020     driverlib.a : dl_spi.o (.text.DL_SPI_receiveDataBlocking8)
                  000058b0    00000020     angle_control.o (.text.angle_control_set_base_speed)
                  000058d0    00000020     delay.o (.text.delay_tick)
                  000058f0    0000001e     libclang_rt.builtins.a : ashldi3.S.obj (.text.__ashldi3)
                  0000590e    00000002     --HOLE-- [fill = 0]
                  00005910    0000001c     driverlib.a : dl_sysctl_mspm0g1x0x_g3x0x.o (.text.DL_SYSCTL_configFCC)
                  0000592c    0000001c                 : dl_timer.o (.text.DL_Timer_setCaptCompUpdateMethod)
                  00005948    0000001c                 : dl_timer.o (.text.DL_Timer_setClockConfig)
                  00005964    0000001c     delay.o (.text.delay_ms)
                  00005980    00000018     driverlib.a : dl_timer.o (.text.DL_Timer_setCaptureCompareOutCtl)
                  00005998    00000016     libc.a : k_rem_pio2.c.obj (.text.OUTLINED_FUNCTION_0)
                  000059ae    00000002     --HOLE-- [fill = 0]
                  000059b0    00000010     libclang_rt.builtins.a : adddf3.S.obj (.tramp.__aeabi_dadd.1)
                  000059c0    00000016     libc.a : copy_zero_init.c.obj (.text:decompress:ZI:__TI_zero_init_nomemset)
                  000059d6    00000002     --HOLE-- [fill = 0]
                  000059d8    00000014     libclang_rt.builtins.a : aeabi_ldivmod.S.obj (.text.__aeabi_ldivmod)
                  000059ec    00000014                            : aeabi_uldivmod.S.obj (.text.__aeabi_uldivmod)
                  00005a00    00000014     board_notify.o (.text.board_notify_init)
                  00005a14    00000014     encoder.o (.text.encoder_get_left_count)
                  00005a28    00000014     encoder.o (.text.encoder_get_left_speed_mm_s)
                  00005a3c    00000014     encoder.o (.text.encoder_get_right_count)
                  00005a50    00000014     encoder.o (.text.encoder_get_right_speed_mm_s)
                  00005a64    00000014     pid.o (.text.speed_pid_set_speed)
                  00005a78    00000012     driverlib.a : dl_spi.o (.text.DL_SPI_setClockConfig)
                  00005a8a    00000012                 : dl_uart.o (.text.DL_UART_setClockConfig)
                  00005a9c    00000012     libc.a : copy_decompress_none.c.obj (.text:decompress:none)
                  00005aae    00000002     --HOLE-- [fill = 0]
                  00005ab0    00000010     driverlib.a : dl_timer.o (.text.DL_Timer_setCaptureCompareValue)
                  00005ac0    00000010     libc.a : k_rem_pio2.c.obj (.text.OUTLINED_FUNCTION_2)
                  00005ad0    00000010     board_notify.o (.text.board_notify_led_off)
                  00005ae0    00000010     board_notify.o (.text.board_notify_led_on)
                  00005af0    00000010     gray_serial.o (.text.gray_serial_init)
                  00005b00    0000000c     empty.o (.text.SysTick_Handler)
                  00005b0c    0000000c     board_notify.o (.text.board_notify_buzzer_off)
                  00005b18    0000000c     board_notify.o (.text.board_notify_buzzer_on)
                  00005b24    0000000c     delay.o (.text.delay_get_ms)
                  00005b30    0000000c     line_track.o (.text.line_track_set_base_speed)
                  00005b3c    0000000a     driverlib.a : dl_common.o (.text.DL_Common_delayCycles)
                  00005b46    0000000a     libc.a : s_tanf.c.obj (.text.OUTLINED_FUNCTION_0)
                  00005b50    0000000a            : k_rem_pio2.c.obj (.text.OUTLINED_FUNCTION_1)
                  00005b5a    0000000a            : s_cosf.c.obj (.text.OUTLINED_FUNCTION_3)
                  00005b64    0000000a            : s_sinf.c.obj (.text.OUTLINED_FUNCTION_3)
                  00005b6e    0000000a     line_track.o (.text.line_track_update_with_raw)
                  00005b78    0000000a     line_track.o (.text.line_track_update_with_raw_search_on_lost)
                  00005b82    0000000a     empty.o (.text.main)
                  00005b8c    00000008     libc.a : aeabi_portable.c.obj (.text.__aeabi_errno_addr)
                  00005b94    00000008     libclang_rt.builtins.a : aeabi_memcpy.S.obj (.text.__aeabi_memcpy)
                  00005b9c    00000006     libc.a : s_atanf.c.obj (.text.OUTLINED_FUNCTION_0)
                  00005ba2    00000002     --HOLE-- [fill = 0]
                  00005ba4    00000010     libclang_rt.builtins.a : divsf3.S.obj (.tramp.__aeabi_fdiv.1)
                  00005bb4    00000006     libc.a : s_cosf.c.obj (.text.OUTLINED_FUNCTION_0)
                  00005bba    00000002     --HOLE-- [fill = 0]
                  00005bbc    00000010     libclang_rt.builtins.a : muldf3.S.obj (.tramp.__aeabi_dmul.1)
                  00005bcc    00000006     libc.a : s_sinf.c.obj (.text.OUTLINED_FUNCTION_0)
                  00005bd2    00000006            : s_cosf.c.obj (.text.OUTLINED_FUNCTION_1)
                  00005bd8    00000006            : s_sinf.c.obj (.text.OUTLINED_FUNCTION_1)
                  00005bde    00000006            : exit.c.obj (.text:abort)
                  00005be4    00000004     libsysbm.a : hostexit.c.obj (.text.HOSTexit)
                  00005be8    00000004     libc.a : s_atanf.c.obj (.text.OUTLINED_FUNCTION_1)
                  00005bec    00000010     libclang_rt.builtins.a : addsf3.S.obj (.tramp.__aeabi_fadd.1)
                  00005bfc    00000004     libc.a : s_tanf.c.obj (.text.OUTLINED_FUNCTION_1)
                  00005c00    00000004            : s_cosf.c.obj (.text.OUTLINED_FUNCTION_2)
                  00005c04    00000004            : s_sinf.c.obj (.text.OUTLINED_FUNCTION_2)
                  00005c08    00000004     startup_mspm0g350x_ticlang.o (.text.Reset_Handler)
                  00005c0c    00000004     libc.a : pre_init.c.obj (.text._system_pre_init)

.cinit     0    00005de8    00000040     
                  00005de8    0000001b     (.cinit..data.load) [load image, compression = lzss]
                  00005e03    00000001     --HOLE-- [fill = 0]
                  00005e04    0000000c     (__TI_handler_table)
                  00005e10    00000008     (.cinit..bss.load) [load image, compression = zero_init]
                  00005e18    00000010     (__TI_cinit_table)

.rodata    0    00005c10    000001d8     
                  00005c10    00000108     libc.a : k_rem_pio2.c.obj (.rodata.ipio2)
                  00005d18    00000040            : k_rem_pio2.c.obj (.rodata.PIo2)
                  00005d58    00000028     ti_msp_dl_config.o (.rodata.gSYSPLLConfig)
                  00005d80    00000020     libc.a : s_atanf.c.obj (.rodata.cst16)
                  00005da0    00000010     encoder.o (.rodata.cst16)
                  00005db0    00000010     libc.a : k_rem_pio2.c.obj (.rodata.cst16)
                  00005dc0    0000000a     ti_msp_dl_config.o (.rodata.gSPI_ICM42688_config)
                  00005dca    0000000a     ti_msp_dl_config.o (.rodata.gUART0Config)
                  00005dd4    00000008     ti_msp_dl_config.o (.rodata.gPWMConfig)
                  00005ddc    00000003     ti_msp_dl_config.o (.rodata.gPWMClockConfig)
                  00005ddf    00000002     ti_msp_dl_config.o (.rodata.gSPI_ICM42688_clockConfig)
                  00005de1    00000002     ti_msp_dl_config.o (.rodata.gUART0ClockConfig)
                  00005de3    00000005     --HOLE-- [fill = 0]

.init_array 
*          0    00000000    00000000     UNINITIALIZED

.binit     0    00000000    00000000     

.bss       0    20200000    00000185     UNINITIALIZED
                  20200000    000000a0     (.common:gPWMBackup)
                  202000a0    00000050     uart_cmd.o (.bss.g_uartCmdBuffer)
                  202000f0    00000028     (.common:gSPI_ICM42688Backup)
                  20200118    00000024     angle_control.o (.bss.g_angleControlStatus)
                  2020013c    00000014     line_track.o (.bss.g_lineTrackStatus)
                  20200150    00000004     pid.o (.bss.g_leftSpeedPid.0)
                  20200154    00000004     pid.o (.bss.g_leftSpeedPid.1)
                  20200158    00000004     pid.o (.bss.g_leftSpeedPid.2)
                  2020015c    00000004     pid.o (.bss.g_leftSpeedPid.3)
                  20200160    00000004     pid.o (.bss.g_leftSpeedPid.4)
                  20200164    00000004     pid.o (.bss.g_leftSpeedPid.5)
                  20200168    00000004     pid.o (.bss.g_rightSpeedPid.0)
                  2020016c    00000004     pid.o (.bss.g_rightSpeedPid.1)
                  20200170    00000004     pid.o (.bss.g_rightSpeedPid.2)
                  20200174    00000004     pid.o (.bss.g_rightSpeedPid.3)
                  20200178    00000004     pid.o (.bss.g_rightSpeedPid.4)
                  2020017c    00000004     pid.o (.bss.g_rightSpeedPid.5)
                  20200180    00000001     pid.o (.bss.g_leftSpeedPid.6)
                  20200181    00000003     --HOLE--
                  20200184    00000001     pid.o (.bss.g_rightSpeedPid.6)

.data      0    20200188    0000009b     UNINITIALIZED
                  20200188    00000004     libc.a : aeabi_portable.c.obj (.data.__aeabi_errno)
                  2020018c    00000004     attitude.o (.data.accCalSumX)
                  20200190    00000004     attitude.o (.data.accCalSumY)
                  20200194    00000004     attitude.o (.data.accCalSumZ)
                  20200198    00000004     attitude.o (.data.accFiltX)
                  2020019c    00000004     attitude.o (.data.accFiltY)
                  202001a0    00000004     attitude.o (.data.accFiltZ)
                  202001a4    00000004     delay.o (.data.delay_ms_ticks)
                  202001a8    00000004     delay.o (.data.delay_times)
                  202001ac    00000004     line_track.o (.data.g_baseSpeedMmS)
                  202001b0    00000004     encoder.o (.data.g_encoderLeftCount)
                  202001b4    00000004     encoder.o (.data.g_encoderLeftLastSpeedCount)
                  202001b8    00000004     encoder.o (.data.g_encoderLeftSpeedMmS)
                  202001bc    00000004     encoder.o (.data.g_encoderRightCount)
                  202001c0    00000004     encoder.o (.data.g_encoderRightLastSpeedCount)
                  202001c4    00000004     encoder.o (.data.g_encoderRightSpeedMmS)
                  202001c8    00000004     line_track.o (.data.g_lastError)
                  202001cc    00000004     angle_control.o (.data.g_lastErrorDeg)
                  202001d0    00000004     pid.o (.data.g_leftPwm)
                  202001d4    00000004     pid.o (.data.g_leftTargetMmS)
                  202001d8    00000004     line_track.o (.data.g_previousError)
                  202001dc    00000004     pid.o (.data.g_rightPwm)
                  202001e0    00000004     pid.o (.data.g_rightTargetMmS)
                  202001e4    00000004     task3_acbd.o (.data.g_task3LastAttitudeMs)
                  202001e8    00000004     task3_acbd.o (.data.g_task3StartYawDeg)
                  202001ec    00000004     attitude.o (.data.gyroBiasX)
                  202001f0    00000004     attitude.o (.data.gyroBiasY)
                  202001f4    00000004     attitude.o (.data.gyroBiasZ)
                  202001f8    00000004     attitude.o (.data.gyroCalSumX)
                  202001fc    00000004     attitude.o (.data.gyroCalSumY)
                  20200200    00000004     attitude.o (.data.gyroCalSumZ)
                  20200204    00000004     attitude.o (.data.pitchDeg)
                  20200208    00000004     attitude.o (.data.pitchZeroDeg)
                  2020020c    00000004     attitude.o (.data.rollDeg)
                  20200210    00000004     attitude.o (.data.rollZeroDeg)
                  20200214    00000004     attitude.o (.data.yawDeg)
                  20200218    00000002     attitude.o (.data.gyroCalCount)
                  2020021a    00000001     attitude.o (.data.accFilterReady)
                  2020021b    00000001     encoder.o (.data.g_encoderLeftLastState)
                  2020021c    00000001     encoder.o (.data.g_encoderRightLastState)
                  2020021d    00000001     encoder.o (.data.g_encoderSpeedTickMs)
                  2020021e    00000001     angle_control.o (.data.g_hasLastError)
                  2020021f    00000001     line_track.o (.data.g_hasPreviousError)
                  20200220    00000001     uart_cmd.o (.data.g_uartCmdIndex)
                  20200221    00000001     uart_cmd.o (.data.g_uartCmdReady)
                  20200222    00000001     attitude.o (.data.gyroCalibrated)

.stack     0    20207e00    00000200     UNINITIALIZED
                  20207e00    00000004     libc.a : boot_cortex_m.c.obj (.stack)
                  20207e04    000001fc     --HOLE--

__llvm_prf_cnts 
*          0    20200000    00000000     UNINITIALIZED

__llvm_prf_bits 
*          0    20200000    00000000     UNINITIALIZED

MODULE SUMMARY

       Module                         code    ro data   rw data
       ------                         ----    -------   -------
    .\
       ti_msp_dl_config.o             1556    75        200    
       startup_mspm0g350x_ticlang.o   6       192       0      
       empty.o                        22      0         0      
    +--+------------------------------+-------+---------+---------+
       Total:                         1584    267       200    
                                                               
    .\Src\
       task3_acbd.o                   2896    0         8      
       attitude.o                     2512    0         72     
       vofa.o                         1522    0         0      
       icm42688.o                     1448    0         0      
       pid.o                          840     0         66     
       angle_control.o                788     0         41     
       encoder.o                      696     16        27     
       line_track.o                   508     0         33     
       gray_serial.o                  296     0         0      
       uart_cmd.o                     120     0         82     
       motor.o                        148     0         0      
       delay.o                        72      0         8      
       board_notify.o                 76      0         0      
    +--+------------------------------+-------+---------+---------+
       Total:                         11922   16        337    
                                                               
    C:/TI/mspm0_sdk_2_10_00_04/source/ti/driverlib/lib/ticlang/m0p/mspm0g1x0x_g3x0x/driverlib.a
       dl_timer.o                     356     0         0      
       dl_sysctl_mspm0g1x0x_g3x0x.o   316     0         0      
       dl_spi.o                       166     0         0      
       dl_uart.o                      90      0         0      
       dl_common.o                    10      0         0      
    +--+------------------------------+-------+---------+---------+
       Total:                         938     0         0      
                                                               
    D:\ti\ccs2050\ccs\tools\compiler\ti-cgt-armllvm_4.0.4.LTS\lib\armv6m-ti-none-eabi/c/libc.a
       k_rem_pio2.c.obj               1652    344       0      
       s_cosf.c.obj                   822     0         0      
       s_sinf.c.obj                   810     0         0      
       s_tanf.c.obj                   746     0         0      
       s_atanf.c.obj                  466     32        0      
       s_floor.c.obj                  324     0         0      
       e_atan2f.c.obj                 280     0         0      
       s_scalbn.c.obj                 216     0         0      
       e_sqrtf.c.obj                  160     0         0      
       memcpy16.S.obj                 154     0         0      
       copy_decompress_lzss.c.obj     124     0         0      
       autoinit.c.obj                 60      0         0      
       boot_cortex_m.c.obj            40      0         0      
       copy_zero_init.c.obj           22      0         0      
       copy_decompress_none.c.obj     18      0         0      
       aeabi_portable.c.obj           8       0         4      
       exit.c.obj                     6       0         0      
       pre_init.c.obj                 4       0         0      
    +--+------------------------------+-------+---------+---------+
       Total:                         5912    376       4      
                                                               
    D:\ti\ccs2050\ccs\tools\compiler\ti-cgt-armllvm_4.0.4.LTS\lib\armv6m-ti-none-eabi/c/libsysbm.a
       hostexit.c.obj                 4       0         0      
    +--+------------------------------+-------+---------+---------+
       Total:                         4       0         0      
                                                               
    D:\ti\ccs2050\ccs\tools\compiler\ti-cgt-armllvm_4.0.4.LTS\lib\armv6m-ti-none-eabi/libclang_rt.builtins.a
       adddf3.S.obj                   418     0         0      
       divdf3.S.obj                   268     0         0      
       muldf3.S.obj                   244     0         0      
       addsf3.S.obj                   232     0         0      
       comparedf2.c.obj               220     0         0      
       udivmoddi4.S.obj               162     0         0      
       divsf3.S.obj                   146     0         0      
       mulsf3.S.obj                   140     0         0      
       comparesf2.S.obj               118     0         0      
       truncdfsf2.S.obj               116     0         0      
       aeabi_dcmp.S.obj               98      0         0      
       aeabi_fcmp.S.obj               98      0         0      
       aeabi_idivmod.S.obj            86      0         0      
       fixdfsi.S.obj                  74      0         0      
       aeabi_uidivmod.S.obj           64      0         0      
       extendsfdf2.S.obj              64      0         0      
       divmoddi4.c.obj                62      0         0      
       floatsisf.S.obj                60      0         0      
       muldsi3.S.obj                  58      0         0      
       fixsfsi.S.obj                  56      0         0      
       floatsidf.S.obj                44      0         0      
       floatunsisf.S.obj              40      0         0      
       muldi3.S.obj                   36      0         0      
       ashldi3.S.obj                  30      0         0      
       aeabi_ldivmod.S.obj            20      0         0      
       aeabi_uldivmod.S.obj           20      0         0      
       aeabi_memcpy.S.obj             8       0         0      
       aeabi_div0.c.obj               4       0         0      
    +--+------------------------------+-------+---------+---------+
       Total:                         2986    0         0      
                                                               
       Stack:                         0       0         512    
       Linker Generated:              0       63        0      
    +--+------------------------------+-------+---------+---------+
       Grand Total:                   23346   722       1053   


LINKER GENERATED COPY TABLES

__TI_cinit_table @ 00005e18 records: 2, size/record: 8, table size: 16
	.data: load addr=00005de8, load size=0000001b bytes, run addr=20200188, run size=0000009b bytes, compression=lzss
	.bss: load addr=00005e10, load size=00000008 bytes, run addr=20200000, run size=00000185 bytes, compression=zero_init


LINKER GENERATED HANDLER TABLE

__TI_handler_table @ 00005e04 records: 3, size/record: 4, table size: 12
	index: 0, handler: __TI_decompress_lzss
	index: 1, handler: __TI_decompress_none
	index: 2, handler: __TI_zero_init


FAR CALL TRAMPOLINES

callee name               trampoline name
   callee addr  tramp addr   call addr  call info
--------------  -----------  ---------  ----------------
__aeabi_dadd              $Tramp$TT$L$PI$$__aeabi_dadd
   0000311b     000059b0     000059ac   libc.a : k_rem_pio2.c.obj (.text.OUTLINED_FUNCTION_0)
                             00005b4e          : s_tanf.c.obj (.text.OUTLINED_FUNCTION_0)
                             00005b58          : k_rem_pio2.c.obj (.text.OUTLINED_FUNCTION_1)
                             00005b62          : s_cosf.c.obj (.text.OUTLINED_FUNCTION_3)
                             00005b6c          : s_sinf.c.obj (.text.OUTLINED_FUNCTION_3)
__aeabi_fdiv              $Tramp$TT$L$PI$$__aeabi_fdiv
   00004d9d     00005ba4     00005ba0   libc.a : s_atanf.c.obj (.text.OUTLINED_FUNCTION_0)
__aeabi_dmul              $Tramp$TT$L$PI$$__aeabi_dmul
   00003d6d     00005bbc     00005bb8   libc.a : s_cosf.c.obj (.text.OUTLINED_FUNCTION_0)
                             00005bd0          : s_sinf.c.obj (.text.OUTLINED_FUNCTION_0)
                             00005bd6          : s_cosf.c.obj (.text.OUTLINED_FUNCTION_1)
                             00005bdc          : s_sinf.c.obj (.text.OUTLINED_FUNCTION_1)
__aeabi_fadd              $Tramp$TT$L$PI$$__aeabi_fadd
   0000400f     00005bec     00005bea   libc.a : s_atanf.c.obj (.text.OUTLINED_FUNCTION_1)

[4 trampolines]
[11 trampoline calls]


GLOBAL SYMBOLS: SORTED ALPHABETICALLY BY Name 

address   name                                     
-------   ----                                     
00001aaf  ADC0_IRQHandler                          
00001aaf  ADC1_IRQHandler                          
00001aaf  AES_IRQHandler                           
00005be4  C$$EXIT                                  
00001aaf  CANFD0_IRQHandler                        
00001aaf  DAC0_IRQHandler                          
00005b3d  DL_Common_delayCycles                    
000053d1  DL_SPI_init                              
00005891  DL_SPI_receiveDataBlocking8              
00005a79  DL_SPI_setClockConfig                    
00005721  DL_SPI_transmitDataBlocking8             
00005911  DL_SYSCTL_configFCC                      
00003e51  DL_SYSCTL_configSYSPLL                   
00005415  DL_SYSCTL_switchMCLKfromSYSOSCtoHSCLK    
00003c69  DL_Timer_initFourCCPWMMode               
0000592d  DL_Timer_setCaptCompUpdateMethod         
00005981  DL_Timer_setCaptureCompareOutCtl         
00005ab1  DL_Timer_setCaptureCompareValue          
00005949  DL_Timer_setClockConfig                  
00005341  DL_UART_init                             
00005a8b  DL_UART_setClockConfig                   
00001aaf  DMA_IRQHandler                           
00001aaf  Default_Handler                          
00001aaf  GROUP0_IRQHandler                        
00004a49  GROUP1_IRQHandler                        
00005be5  HOSTexit                                 
00001aaf  HardFault_Handler                        
00001aaf  I2C0_IRQHandler                          
00001aaf  I2C1_IRQHandler                          
00001aaf  NMI_Handler                              
00001aaf  PendSV_Handler                           
00001aaf  RTC_IRQHandler                           
00005c09  Reset_Handler                            
00001aaf  SPI0_IRQHandler                          
00001aaf  SPI1_IRQHandler                          
00001aaf  SVC_Handler                              
000040dd  SYSCFG_DL_GPIO_init                      
00004add  SYSCFG_DL_PWM_init                       
0000525d  SYSCFG_DL_SPI_ICM42688_init              
00001da1  SYSCFG_DL_SYSCTL_SYSPLL_init             
0000453d  SYSCFG_DL_SYSCTL_init                    
00005751  SYSCFG_DL_SYSTICK_init                   
000051a5  SYSCFG_DL_UART0_init                     
00005645  SYSCFG_DL_init                           
00005389  SYSCFG_DL_initPower                      
00005b01  SysTick_Handler                          
00001aaf  TIMA0_IRQHandler                         
00001aaf  TIMA1_IRQHandler                         
00001aaf  TIMG0_IRQHandler                         
00001aaf  TIMG12_IRQHandler                        
00001aaf  TIMG6_IRQHandler                         
00001aaf  TIMG7_IRQHandler                         
00001aaf  TIMG8_IRQHandler                         
00004e9d  UART0_IRQHandler                         
00001aaf  UART1_IRQHandler                         
00001aaf  UART2_IRQHandler                         
00001aaf  UART3_IRQHandler                         
20208000  __STACK_END                              
00000200  __STACK_SIZE                             
00000000  __TI_ATRegion0_region_sz                 
00000000  __TI_ATRegion0_src_addr                  
00000000  __TI_ATRegion0_trg_addr                  
00000000  __TI_ATRegion1_region_sz                 
00000000  __TI_ATRegion1_src_addr                  
00000000  __TI_ATRegion1_trg_addr                  
00000000  __TI_ATRegion2_region_sz                 
00000000  __TI_ATRegion2_src_addr                  
00000000  __TI_ATRegion2_trg_addr                  
00005e18  __TI_CINIT_Base                          
00005e28  __TI_CINIT_Limit                         
00005e28  __TI_CINIT_Warm                          
00005e04  __TI_Handler_Table_Base                  
00005e10  __TI_Handler_Table_Limit                 
00005591  __TI_auto_init_nobinit_nopinit           
00004e21  __TI_decompress_lzss                     
00005a9d  __TI_decompress_none                     
ffffffff  __TI_pprof_out_hndl                      
ffffffff  __TI_prof_data_size                      
ffffffff  __TI_prof_data_start                     
00000000  __TI_static_base__                       
000059c1  __TI_zero_init_nomemset                  
0000311b  __adddf3                                 
0000400f  __addsf3                                 
00005001  __aeabi_d2f                              
000052f5  __aeabi_d2iz                             
0000311b  __aeabi_dadd                             
000050dd  __aeabi_dcmpeq                           
00005119  __aeabi_dcmpge                           
0000512d  __aeabi_dcmpgt                           
00005105  __aeabi_dcmple                           
000050f1  __aeabi_dcmplt                           
00003b5d  __aeabi_ddiv                             
00003d6d  __aeabi_dmul                             
00003111  __aeabi_dsub                             
20200188  __aeabi_errno                            
00005b8d  __aeabi_errno_addr                       
00005499  __aeabi_f2d                              
0000567d  __aeabi_f2iz                             
0000400f  __aeabi_fadd                             
00005141  __aeabi_fcmpeq                           
0000517d  __aeabi_fcmpge                           
00005191  __aeabi_fcmpgt                           
00005169  __aeabi_fcmple                           
00005155  __aeabi_fcmplt                           
00004d9d  __aeabi_fdiv                             
00004c05  __aeabi_fmul                             
00004005  __aeabi_fsub                             
00005781  __aeabi_i2d                              
00005519  __aeabi_i2f                              
00005205  __aeabi_idiv                             
000032a3  __aeabi_idiv0                            
00005205  __aeabi_idivmod                          
000047d3  __aeabi_ldiv0                            
000059d9  __aeabi_ldivmod                          
000058f1  __aeabi_llsl                             
00005825  __aeabi_lmul                             
00005b95  __aeabi_memcpy                           
00005b95  __aeabi_memcpy4                          
00005b95  __aeabi_memcpy8                          
000057ad  __aeabi_ui2f                             
00005459  __aeabi_uidiv                            
00005459  __aeabi_uidivmod                         
000059ed  __aeabi_uldivmod                         
000058f1  __ashldi3                                
ffffffff  __binit__                                
00005075  __cmpdf2                                 
000055cd  __cmpsf2                                 
00003b5d  __divdf3                                 
000054d9  __divmoddi4                              
00004d9d  __divsf3                                 
00005075  __eqdf2                                  
000055cd  __eqsf2                                  
00005499  __extendsfdf2                            
000052f5  __fixdfsi                                
0000567d  __fixsfsi                                
00005781  __floatsidf                              
00005519  __floatsisf                              
000057ad  __floatunsisf                            
00004f8d  __gedf2                                  
00005555  __gesf2                                  
00004f8d  __gtdf2                                  
00005555  __gtsf2                                  
00000855  __kernel_rem_pio2                        
00005075  __ledf2                                  
000055cd  __lesf2                                  
00005075  __ltdf2                                  
000055cd  __ltsf2                                  
UNDEFED   __mpu_init                               
00003d6d  __muldf3                                 
00005825  __muldi3                                 
00005609  __muldsi3                                
00004c05  __mulsf3                                 
00005075  __nedf2                                  
000055cd  __nesf2                                  
20207e00  __stack                                  
20200000  __start___llvm_prf_bits                  
20200000  __start___llvm_prf_cnts                  
20200000  __stop___llvm_prf_bits                   
20200000  __stop___llvm_prf_cnts                   
00003111  __subdf3                                 
00004005  __subsf3                                 
00005001  __truncdfsf2                             
00004731  __udivmoddi4                             
000057fd  _c_int00_noargs                          
UNDEFED   _system_post_cinit                       
00005c0d  _system_pre_init                         
00005bdf  abort                                    
000057d5  angle_control_enable                     
000056ed  angle_control_init                       
000058b1  angle_control_set_base_speed             
000041b1  angle_control_set_target_yaw             
00005849  angle_control_stop                       
00002c15  angle_control_update                     
0000392d  atan2f                                   
000026d5  atanf                                    
0000341d  attitude_calibrate_gyro                  
0000586d  attitude_get_euler                       
000045e5  attitude_init                            
000000c1  attitude_update_from_icm42688            
ffffffff  binit                                    
00005b0d  board_notify_buzzer_off                  
00005b19  board_notify_buzzer_on                   
00005a01  board_notify_init                        
00005ad1  board_notify_led_off                     
00005ae1  board_notify_led_on                      
00002501  cosf                                     
00005b25  delay_get_ms                             
00005965  delay_ms                                 
000058d1  delay_tick                               
202001a8  delay_times                              
00005a15  encoder_get_left_count                   
00005a29  encoder_get_left_speed_mm_s              
00005a3d  encoder_get_right_count                  
00005a51  encoder_get_right_speed_mm_s             
0000468d  encoder_init                             
00004f15  encoder_reset_count                      
00004279  encoder_tick_1ms                         
0000358d  floor                                    
0000358d  floorl                                   
20200000  gPWMBackup                               
202000f0  gSPI_ICM42688Backup                      
00005af1  gray_serial_init                         
00003a45  gray_serial_read                         
00004d19  icm42688_get_who_am_i                    
00001ab1  icm42688_init                            
00002dc1  icm42688_read_raw                        
00000000  interruptVectors                         
00003f2d  ldexp                                    
00003f2d  ldexpl                                   
000056b5  line_track_init                          
00005b31  line_track_set_base_speed                
00005b6f  line_track_update_with_raw               
00005b79  line_track_update_with_raw_search_on_lost
00005b83  main                                     
000049ad  memcpy                                   
00004b71  motor_set_pwm                            
00003f2d  scalbn                                   
00003f2d  scalbnl                                  
0000289d  sinf                                     
000022cd  speed_pid_control_update                 
00004331  speed_pid_init                           
00005a65  speed_pid_set_speed                      
000052a9  speed_pid_stop                           
000047d5  sqrtf                                    
00002a65  tanf                                     
00000e99  task3_acbd_run                           
000014bd  vofa_send_six_int                        


GLOBAL SYMBOLS: SORTED BY Symbol Address 

address   name                                     
-------   ----                                     
00000000  __TI_ATRegion0_region_sz                 
00000000  __TI_ATRegion0_src_addr                  
00000000  __TI_ATRegion0_trg_addr                  
00000000  __TI_ATRegion1_region_sz                 
00000000  __TI_ATRegion1_src_addr                  
00000000  __TI_ATRegion1_trg_addr                  
00000000  __TI_ATRegion2_region_sz                 
00000000  __TI_ATRegion2_src_addr                  
00000000  __TI_ATRegion2_trg_addr                  
00000000  __TI_static_base__                       
00000000  interruptVectors                         
000000c1  attitude_update_from_icm42688            
00000200  __STACK_SIZE                             
00000855  __kernel_rem_pio2                        
00000e99  task3_acbd_run                           
000014bd  vofa_send_six_int                        
00001aaf  ADC0_IRQHandler                          
00001aaf  ADC1_IRQHandler                          
00001aaf  AES_IRQHandler                           
00001aaf  CANFD0_IRQHandler                        
00001aaf  DAC0_IRQHandler                          
00001aaf  DMA_IRQHandler                           
00001aaf  Default_Handler                          
00001aaf  GROUP0_IRQHandler                        
00001aaf  HardFault_Handler                        
00001aaf  I2C0_IRQHandler                          
00001aaf  I2C1_IRQHandler                          
00001aaf  NMI_Handler                              
00001aaf  PendSV_Handler                           
00001aaf  RTC_IRQHandler                           
00001aaf  SPI0_IRQHandler                          
00001aaf  SPI1_IRQHandler                          
00001aaf  SVC_Handler                              
00001aaf  TIMA0_IRQHandler                         
00001aaf  TIMA1_IRQHandler                         
00001aaf  TIMG0_IRQHandler                         
00001aaf  TIMG12_IRQHandler                        
00001aaf  TIMG6_IRQHandler                         
00001aaf  TIMG7_IRQHandler                         
00001aaf  TIMG8_IRQHandler                         
00001aaf  UART1_IRQHandler                         
00001aaf  UART2_IRQHandler                         
00001aaf  UART3_IRQHandler                         
00001ab1  icm42688_init                            
00001da1  SYSCFG_DL_SYSCTL_SYSPLL_init             
000022cd  speed_pid_control_update                 
00002501  cosf                                     
000026d5  atanf                                    
0000289d  sinf                                     
00002a65  tanf                                     
00002c15  angle_control_update                     
00002dc1  icm42688_read_raw                        
00003111  __aeabi_dsub                             
00003111  __subdf3                                 
0000311b  __adddf3                                 
0000311b  __aeabi_dadd                             
000032a3  __aeabi_idiv0                            
0000341d  attitude_calibrate_gyro                  
0000358d  floor                                    
0000358d  floorl                                   
0000392d  atan2f                                   
00003a45  gray_serial_read                         
00003b5d  __aeabi_ddiv                             
00003b5d  __divdf3                                 
00003c69  DL_Timer_initFourCCPWMMode               
00003d6d  __aeabi_dmul                             
00003d6d  __muldf3                                 
00003e51  DL_SYSCTL_configSYSPLL                   
00003f2d  ldexp                                    
00003f2d  ldexpl                                   
00003f2d  scalbn                                   
00003f2d  scalbnl                                  
00004005  __aeabi_fsub                             
00004005  __subsf3                                 
0000400f  __addsf3                                 
0000400f  __aeabi_fadd                             
000040dd  SYSCFG_DL_GPIO_init                      
000041b1  angle_control_set_target_yaw             
00004279  encoder_tick_1ms                         
00004331  speed_pid_init                           
0000453d  SYSCFG_DL_SYSCTL_init                    
000045e5  attitude_init                            
0000468d  encoder_init                             
00004731  __udivmoddi4                             
000047d3  __aeabi_ldiv0                            
000047d5  sqrtf                                    
000049ad  memcpy                                   
00004a49  GROUP1_IRQHandler                        
00004add  SYSCFG_DL_PWM_init                       
00004b71  motor_set_pwm                            
00004c05  __aeabi_fmul                             
00004c05  __mulsf3                                 
00004d19  icm42688_get_who_am_i                    
00004d9d  __aeabi_fdiv                             
00004d9d  __divsf3                                 
00004e21  __TI_decompress_lzss                     
00004e9d  UART0_IRQHandler                         
00004f15  encoder_reset_count                      
00004f8d  __gedf2                                  
00004f8d  __gtdf2                                  
00005001  __aeabi_d2f                              
00005001  __truncdfsf2                             
00005075  __cmpdf2                                 
00005075  __eqdf2                                  
00005075  __ledf2                                  
00005075  __ltdf2                                  
00005075  __nedf2                                  
000050dd  __aeabi_dcmpeq                           
000050f1  __aeabi_dcmplt                           
00005105  __aeabi_dcmple                           
00005119  __aeabi_dcmpge                           
0000512d  __aeabi_dcmpgt                           
00005141  __aeabi_fcmpeq                           
00005155  __aeabi_fcmplt                           
00005169  __aeabi_fcmple                           
0000517d  __aeabi_fcmpge                           
00005191  __aeabi_fcmpgt                           
000051a5  SYSCFG_DL_UART0_init                     
00005205  __aeabi_idiv                             
00005205  __aeabi_idivmod                          
0000525d  SYSCFG_DL_SPI_ICM42688_init              
000052a9  speed_pid_stop                           
000052f5  __aeabi_d2iz                             
000052f5  __fixdfsi                                
00005341  DL_UART_init                             
00005389  SYSCFG_DL_initPower                      
000053d1  DL_SPI_init                              
00005415  DL_SYSCTL_switchMCLKfromSYSOSCtoHSCLK    
00005459  __aeabi_uidiv                            
00005459  __aeabi_uidivmod                         
00005499  __aeabi_f2d                              
00005499  __extendsfdf2                            
000054d9  __divmoddi4                              
00005519  __aeabi_i2f                              
00005519  __floatsisf                              
00005555  __gesf2                                  
00005555  __gtsf2                                  
00005591  __TI_auto_init_nobinit_nopinit           
000055cd  __cmpsf2                                 
000055cd  __eqsf2                                  
000055cd  __lesf2                                  
000055cd  __ltsf2                                  
000055cd  __nesf2                                  
00005609  __muldsi3                                
00005645  SYSCFG_DL_init                           
0000567d  __aeabi_f2iz                             
0000567d  __fixsfsi                                
000056b5  line_track_init                          
000056ed  angle_control_init                       
00005721  DL_SPI_transmitDataBlocking8             
00005751  SYSCFG_DL_SYSTICK_init                   
00005781  __aeabi_i2d                              
00005781  __floatsidf                              
000057ad  __aeabi_ui2f                             
000057ad  __floatunsisf                            
000057d5  angle_control_enable                     
000057fd  _c_int00_noargs                          
00005825  __aeabi_lmul                             
00005825  __muldi3                                 
00005849  angle_control_stop                       
0000586d  attitude_get_euler                       
00005891  DL_SPI_receiveDataBlocking8              
000058b1  angle_control_set_base_speed             
000058d1  delay_tick                               
000058f1  __aeabi_llsl                             
000058f1  __ashldi3                                
00005911  DL_SYSCTL_configFCC                      
0000592d  DL_Timer_setCaptCompUpdateMethod         
00005949  DL_Timer_setClockConfig                  
00005965  delay_ms                                 
00005981  DL_Timer_setCaptureCompareOutCtl         
000059c1  __TI_zero_init_nomemset                  
000059d9  __aeabi_ldivmod                          
000059ed  __aeabi_uldivmod                         
00005a01  board_notify_init                        
00005a15  encoder_get_left_count                   
00005a29  encoder_get_left_speed_mm_s              
00005a3d  encoder_get_right_count                  
00005a51  encoder_get_right_speed_mm_s             
00005a65  speed_pid_set_speed                      
00005a79  DL_SPI_setClockConfig                    
00005a8b  DL_UART_setClockConfig                   
00005a9d  __TI_decompress_none                     
00005ab1  DL_Timer_setCaptureCompareValue          
00005ad1  board_notify_led_off                     
00005ae1  board_notify_led_on                      
00005af1  gray_serial_init                         
00005b01  SysTick_Handler                          
00005b0d  board_notify_buzzer_off                  
00005b19  board_notify_buzzer_on                   
00005b25  delay_get_ms                             
00005b31  line_track_set_base_speed                
00005b3d  DL_Common_delayCycles                    
00005b6f  line_track_update_with_raw               
00005b79  line_track_update_with_raw_search_on_lost
00005b83  main                                     
00005b8d  __aeabi_errno_addr                       
00005b95  __aeabi_memcpy                           
00005b95  __aeabi_memcpy4                          
00005b95  __aeabi_memcpy8                          
00005bdf  abort                                    
00005be4  C$$EXIT                                  
00005be5  HOSTexit                                 
00005c09  Reset_Handler                            
00005c0d  _system_pre_init                         
00005e04  __TI_Handler_Table_Base                  
00005e10  __TI_Handler_Table_Limit                 
00005e18  __TI_CINIT_Base                          
00005e28  __TI_CINIT_Limit                         
00005e28  __TI_CINIT_Warm                          
20200000  __start___llvm_prf_bits                  
20200000  __start___llvm_prf_cnts                  
20200000  __stop___llvm_prf_bits                   
20200000  __stop___llvm_prf_cnts                   
20200000  gPWMBackup                               
202000f0  gSPI_ICM42688Backup                      
20200188  __aeabi_errno                            
202001a8  delay_times                              
20207e00  __stack                                  
20208000  __STACK_END                              
ffffffff  __TI_pprof_out_hndl                      
ffffffff  __TI_prof_data_size                      
ffffffff  __TI_prof_data_start                     
ffffffff  __binit__                                
ffffffff  binit                                    
UNDEFED   __mpu_init                               
UNDEFED   _system_post_cinit                       

[227 symbols]
