******************************************************************************
            TI ARM Clang Linker PC v4.0.4                      
******************************************************************************
>> Linked Fri Jul 10 15:58:53 2026

OUTPUT FILE NAME:   <empty_LP_MSPM0G3507_nortos_ticlang.out>
ENTRY POINT SYMBOL: "_c_int00_noargs"  address: 00000909


MEMORY CONFIGURATION

         name            origin    length      used     unused   attr    fill
----------------------  --------  ---------  --------  --------  ----  --------
  FLASH                 00000000   00020000  00000ab0  0001f550  R  X
  SRAM                  20200000   00008000  000002a4  00007d5c  RW X
  BCR_CONFIG            41c00000   000000ff  00000000  000000ff  R   
  BSL_CONFIG            41c00100   00000080  00000000  00000080  R   


SEGMENT ALLOCATION MAP

run origin  load origin   length   init length attrs members
----------  ----------- ---------- ----------- ----- -------
00000000    00000000    00000ab0   00000ab0    r-x
  00000000    00000000    000000c0   000000c0    r-- .intvecs
  000000c0    000000c0    00000988   00000988    r-x .text
  00000a48    00000a48    00000038   00000038    r-- .rodata
  00000a80    00000a80    00000030   00000030    r-- .cinit
20200000    20200000    000000a4   00000000    rw-
  20200000    20200000    000000a0   00000000    rw- .bss
  202000a0    202000a0    00000004   00000000    rw- .data
20207e00    20207e00    00000200   00000000    rw-
  20207e00    20207e00    00000200   00000000    rw- .stack


SECTION ALLOCATION MAP

 output                                  attributes/
section   page    origin      length       input sections
--------  ----  ----------  ----------   ----------------
.intvecs   0    00000000    000000c0     
                  00000000    000000c0     startup_mspm0g350x_ticlang.o (.intvecs)

.text      0    000000c0    00000988     
                  000000c0    000002a8     ti_msp_dl_config.o (.text.SYSCFG_DL_SYSCTL_SYSPLL_init)
                  00000368    00000104     driverlib.a : dl_timer.o (.text.DL_Timer_initFourCCPWMMode)
                  0000046c    000000dc                 : dl_sysctl_mspm0g1x0x_g3x0x.o (.text.DL_SYSCTL_configSYSPLL)
                  00000548    000000a8     ti_msp_dl_config.o (.text.SYSCFG_DL_SYSCTL_init)
                  000005f0    0000009a     libc.a : memcpy16.S.obj (.text:memcpy)
                  0000068a    00000002     startup_mspm0g350x_ticlang.o (.text.Default_Handler)
                  0000068c    00000094     ti_msp_dl_config.o (.text.SYSCFG_DL_PWM_init)
                  00000720    0000007c     libc.a : copy_decompress_lzss.c.obj (.text:decompress:lzss)
                  0000079c    00000048     ti_msp_dl_config.o (.text.SYSCFG_DL_GPIO_init)
                  000007e4    00000044     driverlib.a : dl_sysctl_mspm0g1x0x_g3x0x.o (.text.DL_SYSCTL_switchMCLKfromSYSOSCtoHSCLK)
                  00000828    00000040     libclang_rt.builtins.a : aeabi_uidivmod.S.obj (.text.__aeabi_uidivmod)
                  00000868    0000003c     libc.a : autoinit.c.obj (.text:__TI_auto_init_nobinit_nopinit)
                  000008a4    00000034     ti_msp_dl_config.o (.text.SYSCFG_DL_initPower)
                  000008d8    00000030     ti_msp_dl_config.o (.text.SYSCFG_DL_SYSTICK_init)
                  00000908    00000028     libc.a : boot_cortex_m.c.obj (.text:_c_int00_noargs)
                  00000930    00000024     ti_msp_dl_config.o (.text.SYSCFG_DL_init)
                  00000954    0000001c     driverlib.a : dl_sysctl_mspm0g1x0x_g3x0x.o (.text.DL_SYSCTL_configFCC)
                  00000970    0000001c                 : dl_timer.o (.text.DL_Timer_setCaptCompUpdateMethod)
                  0000098c    0000001c                 : dl_timer.o (.text.DL_Timer_setClockConfig)
                  000009a8    00000018                 : dl_timer.o (.text.DL_Timer_setCaptureCompareOutCtl)
                  000009c0    00000016     libc.a : copy_zero_init.c.obj (.text:decompress:ZI:__TI_zero_init_nomemset)
                  000009d6    00000002     libclang_rt.builtins.a : aeabi_div0.c.obj (.text.__aeabi_idiv0)
                  000009d8    00000014     delay.o (.text.delay_tick)
                  000009ec    00000012     libc.a : copy_decompress_none.c.obj (.text:decompress:none)
                  000009fe    00000002     --HOLE-- [fill = 0]
                  00000a00    00000010     driverlib.a : dl_timer.o (.text.DL_Timer_setCaptureCompareValue)
                  00000a10    0000000a                 : dl_common.o (.text.DL_Common_delayCycles)
                  00000a1a    00000008     empty.o (.text.SysTick_Handler)
                  00000a22    00000002     --HOLE-- [fill = 0]
                  00000a24    00000008     libclang_rt.builtins.a : aeabi_memcpy.S.obj (.text.__aeabi_memcpy)
                  00000a2c    00000006     empty.o (.text.main)
                  00000a32    00000006     libc.a : exit.c.obj (.text:abort)
                  00000a38    00000004     libsysbm.a : hostexit.c.obj (.text.HOSTexit)
                  00000a3c    00000004     startup_mspm0g350x_ticlang.o (.text.Reset_Handler)
                  00000a40    00000004     libc.a : pre_init.c.obj (.text._system_pre_init)
                  00000a44    00000004     --HOLE-- [fill = 0]

.cinit     0    00000a80    00000030     
                  00000a80    0000000c     (__TI_handler_table)
                  00000a8c    00000008     (.cinit..bss.load) [load image, compression = zero_init]
                  00000a94    00000007     (.cinit..data.load) [load image, compression = lzss]
                  00000a9b    00000001     --HOLE-- [fill = 0]
                  00000a9c    00000010     (__TI_cinit_table)
                  00000aac    00000004     --HOLE-- [fill = 0]

.rodata    0    00000a48    00000038     
                  00000a48    00000028     ti_msp_dl_config.o (.rodata.gSYSPLLConfig)
                  00000a70    00000008     ti_msp_dl_config.o (.rodata.gPWMConfig)
                  00000a78    00000003     ti_msp_dl_config.o (.rodata.gPWMClockConfig)
                  00000a7b    00000005     --HOLE-- [fill = 0]

.init_array 
*          0    00000000    00000000     UNINITIALIZED

.binit     0    00000000    00000000     

.bss       0    20200000    000000a0     UNINITIALIZED
                  20200000    000000a0     (.common:gPWMBackup)

.data      0    202000a0    00000004     UNINITIALIZED
                  202000a0    00000004     delay.o (.data.delay_times)

.stack     0    20207e00    00000200     UNINITIALIZED
                  20207e00    00000004     libc.a : boot_cortex_m.c.obj (.stack)
                  20207e04    000001fc     --HOLE--

__llvm_prf_cnts 
*          0    20200000    00000000     UNINITIALIZED

__llvm_prf_bits 
*          0    20200000    00000000     UNINITIALIZED

MODULE SUMMARY

       Module                         code   ro data   rw data
       ------                         ----   -------   -------
    .\
       ti_msp_dl_config.o             1204   51        160    
       startup_mspm0g350x_ticlang.o   6      192       0      
       empty.o                        14     0         0      
    +--+------------------------------+------+---------+---------+
       Total:                         1224   243       160    
                                                              
    .\Src\
       delay.o                        20     0         4      
    +--+------------------------------+------+---------+---------+
       Total:                         20     0         4      
                                                              
    C:/TI/mspm0_sdk_2_10_00_04/source/ti/driverlib/lib/ticlang/m0p/mspm0g1x0x_g3x0x/driverlib.a
       dl_timer.o                     356    0         0      
       dl_sysctl_mspm0g1x0x_g3x0x.o   316    0         0      
       dl_common.o                    10     0         0      
    +--+------------------------------+------+---------+---------+
       Total:                         682    0         0      
                                                              
    D:\ti\ccs2050\ccs\tools\compiler\ti-cgt-armllvm_4.0.4.LTS\lib\armv6m-ti-none-eabi/c/libc.a
       memcpy16.S.obj                 154    0         0      
       copy_decompress_lzss.c.obj     124    0         0      
       autoinit.c.obj                 60     0         0      
       boot_cortex_m.c.obj            40     0         0      
       copy_zero_init.c.obj           22     0         0      
       copy_decompress_none.c.obj     18     0         0      
       exit.c.obj                     6      0         0      
       pre_init.c.obj                 4      0         0      
    +--+------------------------------+------+---------+---------+
       Total:                         428    0         0      
                                                              
    D:\ti\ccs2050\ccs\tools\compiler\ti-cgt-armllvm_4.0.4.LTS\lib\armv6m-ti-none-eabi/c/libsysbm.a
       hostexit.c.obj                 4      0         0      
    +--+------------------------------+------+---------+---------+
       Total:                         4      0         0      
                                                              
    D:\ti\ccs2050\ccs\tools\compiler\ti-cgt-armllvm_4.0.4.LTS\lib\armv6m-ti-none-eabi/libclang_rt.builtins.a
       aeabi_uidivmod.S.obj           64     0         0      
       aeabi_memcpy.S.obj             8      0         0      
       aeabi_div0.c.obj               2      0         0      
    +--+------------------------------+------+---------+---------+
       Total:                         74     0         0      
                                                              
       Stack:                         0      0         512    
       Linker Generated:              0      43        0      
    +--+------------------------------+------+---------+---------+
       Grand Total:                   2432   286       676    


LINKER GENERATED COPY TABLES

__TI_cinit_table @ 00000a9c records: 2, size/record: 8, table size: 16
	.bss: load addr=00000a8c, load size=00000008 bytes, run addr=20200000, run size=000000a0 bytes, compression=zero_init
	.data: load addr=00000a94, load size=00000007 bytes, run addr=202000a0, run size=00000004 bytes, compression=lzss


LINKER GENERATED HANDLER TABLE

__TI_handler_table @ 00000a80 records: 3, size/record: 4, table size: 12
	index: 0, handler: __TI_decompress_lzss
	index: 1, handler: __TI_decompress_none
	index: 2, handler: __TI_zero_init


GLOBAL SYMBOLS: SORTED ALPHABETICALLY BY Name 

address   name                                 
-------   ----                                 
0000068b  ADC0_IRQHandler                      
0000068b  ADC1_IRQHandler                      
0000068b  AES_IRQHandler                       
00000a38  C$$EXIT                              
0000068b  CANFD0_IRQHandler                    
0000068b  DAC0_IRQHandler                      
00000a11  DL_Common_delayCycles                
00000955  DL_SYSCTL_configFCC                  
0000046d  DL_SYSCTL_configSYSPLL               
000007e5  DL_SYSCTL_switchMCLKfromSYSOSCtoHSCLK
00000369  DL_Timer_initFourCCPWMMode           
00000971  DL_Timer_setCaptCompUpdateMethod     
000009a9  DL_Timer_setCaptureCompareOutCtl     
00000a01  DL_Timer_setCaptureCompareValue      
0000098d  DL_Timer_setClockConfig              
0000068b  DMA_IRQHandler                       
0000068b  Default_Handler                      
0000068b  GROUP0_IRQHandler                    
0000068b  GROUP1_IRQHandler                    
00000a39  HOSTexit                             
0000068b  HardFault_Handler                    
0000068b  I2C0_IRQHandler                      
0000068b  I2C1_IRQHandler                      
0000068b  NMI_Handler                          
0000068b  PendSV_Handler                       
0000068b  RTC_IRQHandler                       
00000a3d  Reset_Handler                        
0000068b  SPI0_IRQHandler                      
0000068b  SPI1_IRQHandler                      
0000068b  SVC_Handler                          
0000079d  SYSCFG_DL_GPIO_init                  
0000068d  SYSCFG_DL_PWM_init                   
000000c1  SYSCFG_DL_SYSCTL_SYSPLL_init         
00000549  SYSCFG_DL_SYSCTL_init                
000008d9  SYSCFG_DL_SYSTICK_init               
00000931  SYSCFG_DL_init                       
000008a5  SYSCFG_DL_initPower                  
00000a1b  SysTick_Handler                      
0000068b  TIMA0_IRQHandler                     
0000068b  TIMA1_IRQHandler                     
0000068b  TIMG0_IRQHandler                     
0000068b  TIMG12_IRQHandler                    
0000068b  TIMG6_IRQHandler                     
0000068b  TIMG7_IRQHandler                     
0000068b  TIMG8_IRQHandler                     
0000068b  UART0_IRQHandler                     
0000068b  UART1_IRQHandler                     
0000068b  UART2_IRQHandler                     
0000068b  UART3_IRQHandler                     
20208000  __STACK_END                          
00000200  __STACK_SIZE                         
00000000  __TI_ATRegion0_region_sz             
00000000  __TI_ATRegion0_src_addr              
00000000  __TI_ATRegion0_trg_addr              
00000000  __TI_ATRegion1_region_sz             
00000000  __TI_ATRegion1_src_addr              
00000000  __TI_ATRegion1_trg_addr              
00000000  __TI_ATRegion2_region_sz             
00000000  __TI_ATRegion2_src_addr              
00000000  __TI_ATRegion2_trg_addr              
00000a9c  __TI_CINIT_Base                      
00000aac  __TI_CINIT_Limit                     
00000aac  __TI_CINIT_Warm                      
00000a80  __TI_Handler_Table_Base              
00000a8c  __TI_Handler_Table_Limit             
00000869  __TI_auto_init_nobinit_nopinit       
00000721  __TI_decompress_lzss                 
000009ed  __TI_decompress_none                 
ffffffff  __TI_pprof_out_hndl                  
ffffffff  __TI_prof_data_size                  
ffffffff  __TI_prof_data_start                 
00000000  __TI_static_base__                   
000009c1  __TI_zero_init_nomemset              
000009d7  __aeabi_idiv0                        
00000a25  __aeabi_memcpy                       
00000a25  __aeabi_memcpy4                      
00000a25  __aeabi_memcpy8                      
00000829  __aeabi_uidiv                        
00000829  __aeabi_uidivmod                     
ffffffff  __binit__                            
UNDEFED   __mpu_init                           
20207e00  __stack                              
20200000  __start___llvm_prf_bits              
20200000  __start___llvm_prf_cnts              
20200000  __stop___llvm_prf_bits               
20200000  __stop___llvm_prf_cnts               
00000909  _c_int00_noargs                      
UNDEFED   _system_post_cinit                   
00000a41  _system_pre_init                     
00000a33  abort                                
ffffffff  binit                                
000009d9  delay_tick                           
202000a0  delay_times                          
20200000  gPWMBackup                           
00000000  interruptVectors                     
00000a2d  main                                 
000005f1  memcpy                               


GLOBAL SYMBOLS: SORTED BY Symbol Address 

address   name                                 
-------   ----                                 
00000000  __TI_ATRegion0_region_sz             
00000000  __TI_ATRegion0_src_addr              
00000000  __TI_ATRegion0_trg_addr              
00000000  __TI_ATRegion1_region_sz             
00000000  __TI_ATRegion1_src_addr              
00000000  __TI_ATRegion1_trg_addr              
00000000  __TI_ATRegion2_region_sz             
00000000  __TI_ATRegion2_src_addr              
00000000  __TI_ATRegion2_trg_addr              
00000000  __TI_static_base__                   
00000000  interruptVectors                     
000000c1  SYSCFG_DL_SYSCTL_SYSPLL_init         
00000200  __STACK_SIZE                         
00000369  DL_Timer_initFourCCPWMMode           
0000046d  DL_SYSCTL_configSYSPLL               
00000549  SYSCFG_DL_SYSCTL_init                
000005f1  memcpy                               
0000068b  ADC0_IRQHandler                      
0000068b  ADC1_IRQHandler                      
0000068b  AES_IRQHandler                       
0000068b  CANFD0_IRQHandler                    
0000068b  DAC0_IRQHandler                      
0000068b  DMA_IRQHandler                       
0000068b  Default_Handler                      
0000068b  GROUP0_IRQHandler                    
0000068b  GROUP1_IRQHandler                    
0000068b  HardFault_Handler                    
0000068b  I2C0_IRQHandler                      
0000068b  I2C1_IRQHandler                      
0000068b  NMI_Handler                          
0000068b  PendSV_Handler                       
0000068b  RTC_IRQHandler                       
0000068b  SPI0_IRQHandler                      
0000068b  SPI1_IRQHandler                      
0000068b  SVC_Handler                          
0000068b  TIMA0_IRQHandler                     
0000068b  TIMA1_IRQHandler                     
0000068b  TIMG0_IRQHandler                     
0000068b  TIMG12_IRQHandler                    
0000068b  TIMG6_IRQHandler                     
0000068b  TIMG7_IRQHandler                     
0000068b  TIMG8_IRQHandler                     
0000068b  UART0_IRQHandler                     
0000068b  UART1_IRQHandler                     
0000068b  UART2_IRQHandler                     
0000068b  UART3_IRQHandler                     
0000068d  SYSCFG_DL_PWM_init                   
00000721  __TI_decompress_lzss                 
0000079d  SYSCFG_DL_GPIO_init                  
000007e5  DL_SYSCTL_switchMCLKfromSYSOSCtoHSCLK
00000829  __aeabi_uidiv                        
00000829  __aeabi_uidivmod                     
00000869  __TI_auto_init_nobinit_nopinit       
000008a5  SYSCFG_DL_initPower                  
000008d9  SYSCFG_DL_SYSTICK_init               
00000909  _c_int00_noargs                      
00000931  SYSCFG_DL_init                       
00000955  DL_SYSCTL_configFCC                  
00000971  DL_Timer_setCaptCompUpdateMethod     
0000098d  DL_Timer_setClockConfig              
000009a9  DL_Timer_setCaptureCompareOutCtl     
000009c1  __TI_zero_init_nomemset              
000009d7  __aeabi_idiv0                        
000009d9  delay_tick                           
000009ed  __TI_decompress_none                 
00000a01  DL_Timer_setCaptureCompareValue      
00000a11  DL_Common_delayCycles                
00000a1b  SysTick_Handler                      
00000a25  __aeabi_memcpy                       
00000a25  __aeabi_memcpy4                      
00000a25  __aeabi_memcpy8                      
00000a2d  main                                 
00000a33  abort                                
00000a38  C$$EXIT                              
00000a39  HOSTexit                             
00000a3d  Reset_Handler                        
00000a41  _system_pre_init                     
00000a80  __TI_Handler_Table_Base              
00000a8c  __TI_Handler_Table_Limit             
00000a9c  __TI_CINIT_Base                      
00000aac  __TI_CINIT_Limit                     
00000aac  __TI_CINIT_Warm                      
20200000  __start___llvm_prf_bits              
20200000  __start___llvm_prf_cnts              
20200000  __stop___llvm_prf_bits               
20200000  __stop___llvm_prf_cnts               
20200000  gPWMBackup                           
202000a0  delay_times                          
20207e00  __stack                              
20208000  __STACK_END                          
ffffffff  __TI_pprof_out_hndl                  
ffffffff  __TI_prof_data_size                  
ffffffff  __TI_prof_data_start                 
ffffffff  __binit__                            
ffffffff  binit                                
UNDEFED   __mpu_init                           
UNDEFED   _system_post_cinit                   

[97 symbols]
