******************************************************************************
            TI ARM Clang Linker PC v4.0.4                      
******************************************************************************
>> Linked Sat Jul 11 11:15:17 2026

OUTPUT FILE NAME:   <empty_LP_MSPM0G3507_nortos_ticlang.out>
ENTRY POINT SYMBOL: "_c_int00_noargs"  address: 00001669


MEMORY CONFIGURATION

         name            origin    length      used     unused   attr    fill
----------------------  --------  ---------  --------  --------  ----  --------
  FLASH                 00000000   00020000  000018b0  0001e750  R  X
  SRAM                  20200000   00008000  00000304  00007cfc  RW X
  BCR_CONFIG            41c00000   000000ff  00000000  000000ff  R   
  BSL_CONFIG            41c00100   00000080  00000000  00000080  R   


SEGMENT ALLOCATION MAP

run origin  load origin   length   init length attrs members
----------  ----------- ---------- ----------- ----- -------
00000000    00000000    000018b0   000018b0    r-x
  00000000    00000000    000000c0   000000c0    r-- .intvecs
  000000c0    000000c0    00001770   00001770    r-x .text
  00001830    00001830    00000050   00000050    r-- .rodata
  00001880    00001880    00000030   00000030    r-- .cinit
20200000    20200000    00000107   00000000    rw-
  20200000    20200000    000000d5   00000000    rw- .bss
  202000d8    202000d8    0000002f   00000000    rw- .data
20207e00    20207e00    00000200   00000000    rw-
  20207e00    20207e00    00000200   00000000    rw- .stack


SECTION ALLOCATION MAP

 output                                  attributes/
section   page    origin      length       input sections
--------  ----  ----------  ----------   ----------------
.intvecs   0    00000000    000000c0     
                  00000000    000000c0     startup_mspm0g350x_ticlang.o (.intvecs)

.text      0    000000c0    00001770     
                  000000c0    000005f2     vofa.o (.text.vofa_send_six_int)
                  000006b2    00000002     startup_mspm0g350x_ticlang.o (.text.Default_Handler)
                  000006b4    000002a8     ti_msp_dl_config.o (.text.SYSCFG_DL_SYSCTL_SYSPLL_init)
                  0000095c    000001d0     pid.o (.text.speed_pid_control_update)
                  00000b2c    00000104     driverlib.a : dl_timer.o (.text.DL_Timer_initFourCCPWMMode)
                  00000c30    000000dc                 : dl_sysctl_mspm0g1x0x_g3x0x.o (.text.DL_SYSCTL_configSYSPLL)
                  00000d0c    000000b8     encoder.o (.text.encoder_tick_1ms)
                  00000dc4    000000a8     ti_msp_dl_config.o (.text.SYSCFG_DL_GPIO_init)
                  00000e6c    000000a8     ti_msp_dl_config.o (.text.SYSCFG_DL_SYSCTL_init)
                  00000f14    000000a4     encoder.o (.text.encoder_init)
                  00000fb8    000000a2     libclang_rt.builtins.a : udivmoddi4.S.obj (.text)
                  0000105a    0000009a     libc.a : memcpy16.S.obj (.text:memcpy)
                  000010f4    00000094     encoder.o (.text.GROUP1_IRQHandler)
                  00001188    00000094     ti_msp_dl_config.o (.text.SYSCFG_DL_PWM_init)
                  0000121c    00000094     motor.o (.text.motor_set_pwm)
                  000012b0    00000090     pid.o (.text.speed_pid_init)
                  00001340    0000007c     libc.a : copy_decompress_lzss.c.obj (.text:decompress:lzss)
                  000013bc    00000060     ti_msp_dl_config.o (.text.SYSCFG_DL_UART0_init)
                  0000141c    00000048     driverlib.a : dl_uart.o (.text.DL_UART_init)
                  00001464    00000044                 : dl_sysctl_mspm0g1x0x_g3x0x.o (.text.DL_SYSCTL_switchMCLKfromSYSOSCtoHSCLK)
                  000014a8    00000040     ti_msp_dl_config.o (.text.SYSCFG_DL_initPower)
                  000014e8    00000040     libclang_rt.builtins.a : aeabi_uidivmod.S.obj (.text.__aeabi_uidivmod)
                  00001528    0000003e                            : divmoddi4.c.obj (.text.__divmoddi4)
                  00001566    00000002                            : aeabi_div0.c.obj (.text.__aeabi_idiv0)
                  00001568    0000003c     libc.a : autoinit.c.obj (.text:__TI_auto_init_nobinit_nopinit)
                  000015a4    0000003a     libclang_rt.builtins.a : muldsi3.S.obj (.text.__muldsi3)
                  000015de    00000002                            : aeabi_div0.c.obj (.text.__aeabi_ldiv0)
                  000015e0    00000030     ti_msp_dl_config.o (.text.SYSCFG_DL_SYSTICK_init)
                  00001610    0000002e     empty.o (.text.main)
                  0000163e    00000002     --HOLE-- [fill = 0]
                  00001640    00000028     ti_msp_dl_config.o (.text.SYSCFG_DL_init)
                  00001668    00000028     libc.a : boot_cortex_m.c.obj (.text:_c_int00_noargs)
                  00001690    00000024     libclang_rt.builtins.a : muldi3.S.obj (.text.__muldi3)
                  000016b4    0000001e                            : ashldi3.S.obj (.text.__ashldi3)
                  000016d2    00000002     --HOLE-- [fill = 0]
                  000016d4    0000001c     driverlib.a : dl_sysctl_mspm0g1x0x_g3x0x.o (.text.DL_SYSCTL_configFCC)
                  000016f0    0000001c                 : dl_timer.o (.text.DL_Timer_setCaptCompUpdateMethod)
                  0000170c    0000001c                 : dl_timer.o (.text.DL_Timer_setClockConfig)
                  00001728    0000001c     delay.o (.text.delay_ms)
                  00001744    00000018     driverlib.a : dl_timer.o (.text.DL_Timer_setCaptureCompareOutCtl)
                  0000175c    00000016     libc.a : copy_zero_init.c.obj (.text:decompress:ZI:__TI_zero_init_nomemset)
                  00001772    00000002     --HOLE-- [fill = 0]
                  00001774    00000014     libclang_rt.builtins.a : aeabi_ldivmod.S.obj (.text.__aeabi_ldivmod)
                  00001788    00000014     delay.o (.text.delay_tick)
                  0000179c    00000014     encoder.o (.text.encoder_get_left_speed_mm_s)
                  000017b0    00000014     encoder.o (.text.encoder_get_right_speed_mm_s)
                  000017c4    00000012     driverlib.a : dl_uart.o (.text.DL_UART_setClockConfig)
                  000017d6    00000012     libc.a : copy_decompress_none.c.obj (.text:decompress:none)
                  000017e8    00000010     driverlib.a : dl_timer.o (.text.DL_Timer_setCaptureCompareValue)
                  000017f8    0000000c     empty.o (.text.SysTick_Handler)
                  00001804    0000000a     driverlib.a : dl_common.o (.text.DL_Common_delayCycles)
                  0000180e    00000002     --HOLE-- [fill = 0]
                  00001810    00000008     libclang_rt.builtins.a : aeabi_memcpy.S.obj (.text.__aeabi_memcpy)
                  00001818    00000006     libc.a : exit.c.obj (.text:abort)
                  0000181e    00000004     libsysbm.a : hostexit.c.obj (.text.HOSTexit)
                  00001822    00000004     startup_mspm0g350x_ticlang.o (.text.Reset_Handler)
                  00001826    00000004     libc.a : pre_init.c.obj (.text._system_pre_init)
                  0000182a    00000006     --HOLE-- [fill = 0]

.cinit     0    00001880    00000030     
                  00001880    0000000c     (.cinit..data.load) [load image, compression = lzss]
                  0000188c    0000000c     (__TI_handler_table)
                  00001898    00000008     (.cinit..bss.load) [load image, compression = zero_init]
                  000018a0    00000010     (__TI_cinit_table)

.rodata    0    00001830    00000050     
                  00001830    00000028     ti_msp_dl_config.o (.rodata.gSYSPLLConfig)
                  00001858    00000010     encoder.o (.rodata.cst16)
                  00001868    0000000a     ti_msp_dl_config.o (.rodata.gUART0Config)
                  00001872    00000002     ti_msp_dl_config.o (.rodata.gUART0ClockConfig)
                  00001874    00000008     ti_msp_dl_config.o (.rodata.gPWMConfig)
                  0000187c    00000003     ti_msp_dl_config.o (.rodata.gPWMClockConfig)
                  0000187f    00000001     --HOLE-- [fill = 0]

.init_array 
*          0    00000000    00000000     UNINITIALIZED

.binit     0    00000000    00000000     

.bss       0    20200000    000000d5     UNINITIALIZED
                  20200000    000000a0     (.common:gPWMBackup)
                  202000a0    0000001c     pid.o (.bss.g_rightSpeedPid)
                  202000bc    00000004     pid.o (.bss.g_leftSpeedPid.0)
                  202000c0    00000004     pid.o (.bss.g_leftSpeedPid.1)
                  202000c4    00000004     pid.o (.bss.g_leftSpeedPid.2)
                  202000c8    00000004     pid.o (.bss.g_leftSpeedPid.3)
                  202000cc    00000004     pid.o (.bss.g_leftSpeedPid.4)
                  202000d0    00000004     pid.o (.bss.g_leftSpeedPid.5)
                  202000d4    00000001     pid.o (.bss.g_leftSpeedPid.6)

.data      0    202000d8    0000002f     UNINITIALIZED
                  202000d8    00000004     delay.o (.data.delay_times)
                  202000dc    00000004     encoder.o (.data.g_encoderLeftCount)
                  202000e0    00000004     encoder.o (.data.g_encoderLeftLastSpeedCount)
                  202000e4    00000004     encoder.o (.data.g_encoderLeftSpeedMmS)
                  202000e8    00000004     encoder.o (.data.g_encoderRightCount)
                  202000ec    00000004     encoder.o (.data.g_encoderRightLastSpeedCount)
                  202000f0    00000004     encoder.o (.data.g_encoderRightSpeedMmS)
                  202000f4    00000004     pid.o (.data.g_leftPwm)
                  202000f8    00000004     pid.o (.data.g_leftTargetMmS)
                  202000fc    00000004     pid.o (.data.g_rightPwm)
                  20200100    00000004     pid.o (.data.g_rightTargetMmS)
                  20200104    00000001     encoder.o (.data.g_encoderLeftLastState)
                  20200105    00000001     encoder.o (.data.g_encoderRightLastState)
                  20200106    00000001     encoder.o (.data.g_encoderSpeedTickMs)

.stack     0    20207e00    00000200     UNINITIALIZED
                  20207e00    00000004     libc.a : boot_cortex_m.c.obj (.stack)
                  20207e04    000001fc     --HOLE--

__llvm_prf_cnts 
*          0    20200000    00000000     UNINITIALIZED

__llvm_prf_bits 
*          0    20200000    00000000     UNINITIALIZED

MODULE SUMMARY

       Module                         code   ro data   rw data
       ------                         ----   -------   -------
    .\
       ti_msp_dl_config.o             1412   63        160    
       startup_mspm0g350x_ticlang.o   6      192       0      
       empty.o                        58     0         0      
    +--+------------------------------+------+---------+---------+
       Total:                         1476   255       160    
                                                              
    .\Src\
       vofa.o                         1522   0         0      
       pid.o                          608    0         69     
       encoder.o                      536    16        27     
       motor.o                        148    0         0      
       delay.o                        48     0         4      
    +--+------------------------------+------+---------+---------+
       Total:                         2862   16        100    
                                                              
    C:/TI/mspm0_sdk_2_10_00_04/source/ti/driverlib/lib/ticlang/m0p/mspm0g1x0x_g3x0x/driverlib.a
       dl_timer.o                     356    0         0      
       dl_sysctl_mspm0g1x0x_g3x0x.o   316    0         0      
       dl_uart.o                      90     0         0      
       dl_common.o                    10     0         0      
    +--+------------------------------+------+---------+---------+
       Total:                         772    0         0      
                                                              
    D:\ti\ccs2050\ccs\tools\compiler\ti-cgt-armllvm_4.0.4.LTS\lib\armv6m-ti-none-eabi/c/libc.a
       memcpy16.S.obj                 154    0         0      
       copy_decompress_lzss.c.obj     124    0         0      
       autoinit.c.obj                 60     0         0      
       boot_cortex_m.c.obj            40     0         0      
       copy_zero_init.c.obj           22     0         0      
       copy_decompress_none.c.obj     18     0         0      
       exit.c.obj                     6      0         0      
       pre_init.c.obj                 4      0         0      
    +--+------------------------------+------+---------+---------+
       Total:                         428    0         0      
                                                              
    D:\ti\ccs2050\ccs\tools\compiler\ti-cgt-armllvm_4.0.4.LTS\lib\armv6m-ti-none-eabi/c/libsysbm.a
       hostexit.c.obj                 4      0         0      
    +--+------------------------------+------+---------+---------+
       Total:                         4      0         0      
                                                              
    D:\ti\ccs2050\ccs\tools\compiler\ti-cgt-armllvm_4.0.4.LTS\lib\armv6m-ti-none-eabi/libclang_rt.builtins.a
       udivmoddi4.S.obj               162    0         0      
       aeabi_uidivmod.S.obj           64     0         0      
       divmoddi4.c.obj                62     0         0      
       muldsi3.S.obj                  58     0         0      
       muldi3.S.obj                   36     0         0      
       ashldi3.S.obj                  30     0         0      
       aeabi_ldivmod.S.obj            20     0         0      
       aeabi_memcpy.S.obj             8      0         0      
       aeabi_div0.c.obj               4      0         0      
    +--+------------------------------+------+---------+---------+
       Total:                         444    0         0      
                                                              
       Stack:                         0      0         512    
       Linker Generated:              0      48        0      
    +--+------------------------------+------+---------+---------+
       Grand Total:                   5986   319       772    


LINKER GENERATED COPY TABLES

__TI_cinit_table @ 000018a0 records: 2, size/record: 8, table size: 16
	.data: load addr=00001880, load size=0000000c bytes, run addr=202000d8, run size=0000002f bytes, compression=lzss
	.bss: load addr=00001898, load size=00000008 bytes, run addr=20200000, run size=000000d5 bytes, compression=zero_init


LINKER GENERATED HANDLER TABLE

__TI_handler_table @ 0000188c records: 3, size/record: 4, table size: 12
	index: 0, handler: __TI_decompress_lzss
	index: 1, handler: __TI_decompress_none
	index: 2, handler: __TI_zero_init


GLOBAL SYMBOLS: SORTED ALPHABETICALLY BY Name 

address   name                                 
-------   ----                                 
000006b3  ADC0_IRQHandler                      
000006b3  ADC1_IRQHandler                      
000006b3  AES_IRQHandler                       
0000181e  C$$EXIT                              
000006b3  CANFD0_IRQHandler                    
000006b3  DAC0_IRQHandler                      
00001805  DL_Common_delayCycles                
000016d5  DL_SYSCTL_configFCC                  
00000c31  DL_SYSCTL_configSYSPLL               
00001465  DL_SYSCTL_switchMCLKfromSYSOSCtoHSCLK
00000b2d  DL_Timer_initFourCCPWMMode           
000016f1  DL_Timer_setCaptCompUpdateMethod     
00001745  DL_Timer_setCaptureCompareOutCtl     
000017e9  DL_Timer_setCaptureCompareValue      
0000170d  DL_Timer_setClockConfig              
0000141d  DL_UART_init                         
000017c5  DL_UART_setClockConfig               
000006b3  DMA_IRQHandler                       
000006b3  Default_Handler                      
000006b3  GROUP0_IRQHandler                    
000010f5  GROUP1_IRQHandler                    
0000181f  HOSTexit                             
000006b3  HardFault_Handler                    
000006b3  I2C0_IRQHandler                      
000006b3  I2C1_IRQHandler                      
000006b3  NMI_Handler                          
000006b3  PendSV_Handler                       
000006b3  RTC_IRQHandler                       
00001823  Reset_Handler                        
000006b3  SPI0_IRQHandler                      
000006b3  SPI1_IRQHandler                      
000006b3  SVC_Handler                          
00000dc5  SYSCFG_DL_GPIO_init                  
00001189  SYSCFG_DL_PWM_init                   
000006b5  SYSCFG_DL_SYSCTL_SYSPLL_init         
00000e6d  SYSCFG_DL_SYSCTL_init                
000015e1  SYSCFG_DL_SYSTICK_init               
000013bd  SYSCFG_DL_UART0_init                 
00001641  SYSCFG_DL_init                       
000014a9  SYSCFG_DL_initPower                  
000017f9  SysTick_Handler                      
000006b3  TIMA0_IRQHandler                     
000006b3  TIMA1_IRQHandler                     
000006b3  TIMG0_IRQHandler                     
000006b3  TIMG12_IRQHandler                    
000006b3  TIMG6_IRQHandler                     
000006b3  TIMG7_IRQHandler                     
000006b3  TIMG8_IRQHandler                     
000006b3  UART0_IRQHandler                     
000006b3  UART1_IRQHandler                     
000006b3  UART2_IRQHandler                     
000006b3  UART3_IRQHandler                     
20208000  __STACK_END                          
00000200  __STACK_SIZE                         
00000000  __TI_ATRegion0_region_sz             
00000000  __TI_ATRegion0_src_addr              
00000000  __TI_ATRegion0_trg_addr              
00000000  __TI_ATRegion1_region_sz             
00000000  __TI_ATRegion1_src_addr              
00000000  __TI_ATRegion1_trg_addr              
00000000  __TI_ATRegion2_region_sz             
00000000  __TI_ATRegion2_src_addr              
00000000  __TI_ATRegion2_trg_addr              
000018a0  __TI_CINIT_Base                      
000018b0  __TI_CINIT_Limit                     
000018b0  __TI_CINIT_Warm                      
0000188c  __TI_Handler_Table_Base              
00001898  __TI_Handler_Table_Limit             
00001569  __TI_auto_init_nobinit_nopinit       
00001341  __TI_decompress_lzss                 
000017d7  __TI_decompress_none                 
ffffffff  __TI_pprof_out_hndl                  
ffffffff  __TI_prof_data_size                  
ffffffff  __TI_prof_data_start                 
00000000  __TI_static_base__                   
0000175d  __TI_zero_init_nomemset              
00001567  __aeabi_idiv0                        
000015df  __aeabi_ldiv0                        
00001775  __aeabi_ldivmod                      
000016b5  __aeabi_llsl                         
00001691  __aeabi_lmul                         
00001811  __aeabi_memcpy                       
00001811  __aeabi_memcpy4                      
00001811  __aeabi_memcpy8                      
000014e9  __aeabi_uidiv                        
000014e9  __aeabi_uidivmod                     
000016b5  __ashldi3                            
ffffffff  __binit__                            
00001529  __divmoddi4                          
UNDEFED   __mpu_init                           
00001691  __muldi3                             
000015a5  __muldsi3                            
20207e00  __stack                              
20200000  __start___llvm_prf_bits              
20200000  __start___llvm_prf_cnts              
20200000  __stop___llvm_prf_bits               
20200000  __stop___llvm_prf_cnts               
00000fb9  __udivmoddi4                         
00001669  _c_int00_noargs                      
UNDEFED   _system_post_cinit                   
00001827  _system_pre_init                     
00001819  abort                                
ffffffff  binit                                
00001729  delay_ms                             
00001789  delay_tick                           
202000d8  delay_times                          
0000179d  encoder_get_left_speed_mm_s          
000017b1  encoder_get_right_speed_mm_s         
00000f15  encoder_init                         
00000d0d  encoder_tick_1ms                     
20200000  gPWMBackup                           
00000000  interruptVectors                     
00001611  main                                 
0000105b  memcpy                               
0000121d  motor_set_pwm                        
0000095d  speed_pid_control_update             
000012b1  speed_pid_init                       
000000c1  vofa_send_six_int                    


GLOBAL SYMBOLS: SORTED BY Symbol Address 

address   name                                 
-------   ----                                 
00000000  __TI_ATRegion0_region_sz             
00000000  __TI_ATRegion0_src_addr              
00000000  __TI_ATRegion0_trg_addr              
00000000  __TI_ATRegion1_region_sz             
00000000  __TI_ATRegion1_src_addr              
00000000  __TI_ATRegion1_trg_addr              
00000000  __TI_ATRegion2_region_sz             
00000000  __TI_ATRegion2_src_addr              
00000000  __TI_ATRegion2_trg_addr              
00000000  __TI_static_base__                   
00000000  interruptVectors                     
000000c1  vofa_send_six_int                    
00000200  __STACK_SIZE                         
000006b3  ADC0_IRQHandler                      
000006b3  ADC1_IRQHandler                      
000006b3  AES_IRQHandler                       
000006b3  CANFD0_IRQHandler                    
000006b3  DAC0_IRQHandler                      
000006b3  DMA_IRQHandler                       
000006b3  Default_Handler                      
000006b3  GROUP0_IRQHandler                    
000006b3  HardFault_Handler                    
000006b3  I2C0_IRQHandler                      
000006b3  I2C1_IRQHandler                      
000006b3  NMI_Handler                          
000006b3  PendSV_Handler                       
000006b3  RTC_IRQHandler                       
000006b3  SPI0_IRQHandler                      
000006b3  SPI1_IRQHandler                      
000006b3  SVC_Handler                          
000006b3  TIMA0_IRQHandler                     
000006b3  TIMA1_IRQHandler                     
000006b3  TIMG0_IRQHandler                     
000006b3  TIMG12_IRQHandler                    
000006b3  TIMG6_IRQHandler                     
000006b3  TIMG7_IRQHandler                     
000006b3  TIMG8_IRQHandler                     
000006b3  UART0_IRQHandler                     
000006b3  UART1_IRQHandler                     
000006b3  UART2_IRQHandler                     
000006b3  UART3_IRQHandler                     
000006b5  SYSCFG_DL_SYSCTL_SYSPLL_init         
0000095d  speed_pid_control_update             
00000b2d  DL_Timer_initFourCCPWMMode           
00000c31  DL_SYSCTL_configSYSPLL               
00000d0d  encoder_tick_1ms                     
00000dc5  SYSCFG_DL_GPIO_init                  
00000e6d  SYSCFG_DL_SYSCTL_init                
00000f15  encoder_init                         
00000fb9  __udivmoddi4                         
0000105b  memcpy                               
000010f5  GROUP1_IRQHandler                    
00001189  SYSCFG_DL_PWM_init                   
0000121d  motor_set_pwm                        
000012b1  speed_pid_init                       
00001341  __TI_decompress_lzss                 
000013bd  SYSCFG_DL_UART0_init                 
0000141d  DL_UART_init                         
00001465  DL_SYSCTL_switchMCLKfromSYSOSCtoHSCLK
000014a9  SYSCFG_DL_initPower                  
000014e9  __aeabi_uidiv                        
000014e9  __aeabi_uidivmod                     
00001529  __divmoddi4                          
00001567  __aeabi_idiv0                        
00001569  __TI_auto_init_nobinit_nopinit       
000015a5  __muldsi3                            
000015df  __aeabi_ldiv0                        
000015e1  SYSCFG_DL_SYSTICK_init               
00001611  main                                 
00001641  SYSCFG_DL_init                       
00001669  _c_int00_noargs                      
00001691  __aeabi_lmul                         
00001691  __muldi3                             
000016b5  __aeabi_llsl                         
000016b5  __ashldi3                            
000016d5  DL_SYSCTL_configFCC                  
000016f1  DL_Timer_setCaptCompUpdateMethod     
0000170d  DL_Timer_setClockConfig              
00001729  delay_ms                             
00001745  DL_Timer_setCaptureCompareOutCtl     
0000175d  __TI_zero_init_nomemset              
00001775  __aeabi_ldivmod                      
00001789  delay_tick                           
0000179d  encoder_get_left_speed_mm_s          
000017b1  encoder_get_right_speed_mm_s         
000017c5  DL_UART_setClockConfig               
000017d7  __TI_decompress_none                 
000017e9  DL_Timer_setCaptureCompareValue      
000017f9  SysTick_Handler                      
00001805  DL_Common_delayCycles                
00001811  __aeabi_memcpy                       
00001811  __aeabi_memcpy4                      
00001811  __aeabi_memcpy8                      
00001819  abort                                
0000181e  C$$EXIT                              
0000181f  HOSTexit                             
00001823  Reset_Handler                        
00001827  _system_pre_init                     
0000188c  __TI_Handler_Table_Base              
00001898  __TI_Handler_Table_Limit             
000018a0  __TI_CINIT_Base                      
000018b0  __TI_CINIT_Limit                     
000018b0  __TI_CINIT_Warm                      
20200000  __start___llvm_prf_bits              
20200000  __start___llvm_prf_cnts              
20200000  __stop___llvm_prf_bits               
20200000  __stop___llvm_prf_cnts               
20200000  gPWMBackup                           
202000d8  delay_times                          
20207e00  __stack                              
20208000  __STACK_END                          
ffffffff  __TI_pprof_out_hndl                  
ffffffff  __TI_prof_data_size                  
ffffffff  __TI_prof_data_start                 
ffffffff  __binit__                            
ffffffff  binit                                
UNDEFED   __mpu_init                           
UNDEFED   _system_post_cinit                   

[118 symbols]
