******************************************************************************
            TI ARM Clang Linker PC v4.0.4                      
******************************************************************************
>> Linked Mon Jul 20 10:20:26 2026

OUTPUT FILE NAME:   <empty_LP_MSPM0G3507_nortos_ticlang.out>
ENTRY POINT SYMBOL: "_c_int00_noargs"  address: 000057ed


MEMORY CONFIGURATION

         name            origin    length      used     unused   attr    fill
----------------------  --------  ---------  --------  --------  ----  --------
  FLASH                 00000000   00020000  00005e18  0001a1e8  R  X
  SRAM                  20200000   00008000  00000420  00007be0  RW X
  BCR_CONFIG            41c00000   000000ff  00000000  000000ff  R   
  BSL_CONFIG            41c00100   00000080  00000000  00000080  R   


SEGMENT ALLOCATION MAP

run origin  load origin   length   init length attrs members
----------  ----------- ---------- ----------- ----- -------
00000000    00000000    00005e18   00005e18    r-x
  00000000    00000000    000000c0   000000c0    r-- .intvecs
  000000c0    000000c0    00005b40   00005b40    r-x .text
  00005c00    00005c00    000001d8   000001d8    r-- .rodata
  00005dd8    00005dd8    00000040   00000040    r-- .cinit
20200000    20200000    00000223   00000000    rw-
  20200000    20200000    00000185   00000000    rw- .bss
  20200188    20200188    0000009b   00000000    rw- .data
20207e00    20207e00    00000200   00000000    rw-
  20207e00    20207e00    00000200   00000000    rw- .stack


SECTION ALLOCATION MAP

 output                                  attributes/
section   page    origin      length       input sections
--------  ----  ----------  ----------   ----------------
.intvecs   0    00000000    000000c0     
                  00000000    000000c0     startup_mspm0g350x_ticlang.o (.intvecs)

.text      0    000000c0    00005b40     
                  000000c0    00000794     attitude.o (.text.attitude_update_from_icm42688)
                  00000854    0000066c     task2_abcd.o (.text.task2_abcd_run)
                  00000ec0    00000644     libc.a : k_rem_pio2.c.obj (.text.__kernel_rem_pio2)
                  00001504    000005f2     vofa.o (.text.vofa_send_six_int)
                  00001af6    00000002     startup_mspm0g350x_ticlang.o (.text.Default_Handler)
                  00001af8    000002f0     icm42688.o (.text.icm42688_init)
                  00001de8    000002a8     ti_msp_dl_config.o (.text.SYSCFG_DL_SYSCTL_SYSPLL_init)
                  00002090    00000284     task2_abcd.o (.text.task2_stop_for_ms)
                  00002314    00000234     pid.o (.text.speed_pid_control_update)
                  00002548    000001d4     libc.a : s_cosf.c.obj (.text.cosf)
                  0000271c    000001c8            : s_atanf.c.obj (.text.atanf)
                  000028e4    000001c8            : s_sinf.c.obj (.text.sinf)
                  00002aac    000001b0            : s_tanf.c.obj (.text.tanf)
                  00002c5c    000001ac     angle_control.o (.text.angle_control_update)
                  00002e08    000001ac     icm42688.o (.text.icm42688_read_raw)
                  00002fb4    000001a4     line_track.o (.text.line_track_update_with_raw_impl)
                  00003158    00000192     libclang_rt.builtins.a : adddf3.S.obj (.text.adddf3_subdf3)
                  000032ea    00000002                            : aeabi_div0.c.obj (.text.__aeabi_idiv0)
                  000032ec    00000170     attitude.o (.text.attitude_calibrate_gyro)
                  0000345c    0000015c     task2_abcd.o (.text.task2_drive_straight_until_line)
                  000035b8    00000144     libc.a : s_floor.c.obj (.text.floor)
                  000036fc    0000012c            : s_tanf.c.obj (.text.__kernel_tandf)
                  00003828    00000118            : e_atan2f.c.obj (.text.atan2f)
                  00003940    00000118     gray_serial.o (.text.gray_serial_read)
                  00003a58    0000010c     libclang_rt.builtins.a : divdf3.S.obj (.text.__divdf3)
                  00003b64    00000104     driverlib.a : dl_timer.o (.text.DL_Timer_initFourCCPWMMode)
                  00003c68    000000ec     task2_abcd.o (.text.task2_follow_arc_until_lost)
                  00003d54    000000e4     libclang_rt.builtins.a : muldf3.S.obj (.text.__muldf3)
                  00003e38    000000dc     driverlib.a : dl_sysctl_mspm0g1x0x_g3x0x.o (.text.DL_SYSCTL_configSYSPLL)
                  00003f14    000000d8     libc.a : s_scalbn.c.obj (.text.scalbn)
                  00003fec    000000d8     libclang_rt.builtins.a : addsf3.S.obj (.text)
                  000040c4    000000d4     ti_msp_dl_config.o (.text.SYSCFG_DL_GPIO_init)
                  00004198    000000c8     angle_control.o (.text.angle_control_set_target_yaw)
                  00004260    000000b8     encoder.o (.text.encoder_tick_1ms)
                  00004318    000000b4     pid.o (.text.speed_pid_init)
                  000043cc    000000ac     libc.a : s_cosf.c.obj (.text.__kernel_sindf)
                  00004478    000000ac            : s_sinf.c.obj (.text.__kernel_sindf)
                  00004524    000000a8     ti_msp_dl_config.o (.text.SYSCFG_DL_SYSCTL_init)
                  000045cc    000000a8     attitude.o (.text.attitude_init)
                  00004674    000000a4     encoder.o (.text.encoder_init)
                  00004718    000000a2     libclang_rt.builtins.a : udivmoddi4.S.obj (.text)
                  000047ba    00000002                            : aeabi_div0.c.obj (.text.__aeabi_ldiv0)
                  000047bc    000000a0     libc.a : e_sqrtf.c.obj (.text.sqrtf)
                  0000485c    0000009c            : s_cosf.c.obj (.text.__kernel_cosdf)
                  000048f8    0000009c            : s_sinf.c.obj (.text.__kernel_cosdf)
                  00004994    0000009a            : memcpy16.S.obj (.text:memcpy)
                  00004a2e    00000002     --HOLE-- [fill = 0]
                  00004a30    00000094     encoder.o (.text.GROUP1_IRQHandler)
                  00004ac4    00000094     ti_msp_dl_config.o (.text.SYSCFG_DL_PWM_init)
                  00004b58    00000094     motor.o (.text.motor_set_pwm)
                  00004bec    0000008c     libclang_rt.builtins.a : mulsf3.S.obj (.text.__mulsf3)
                  00004c78    00000088     icm42688.o (.text.icm42688_write_reg)
                  00004d00    00000084     icm42688.o (.text.icm42688_get_who_am_i)
                  00004d84    00000082     libclang_rt.builtins.a : divsf3.S.obj (.text.__divsf3)
                  00004e06    00000002     --HOLE-- [fill = 0]
                  00004e08    0000007c     libc.a : copy_decompress_lzss.c.obj (.text:decompress:lzss)
                  00004e84    00000078     uart_cmd.o (.text.UART0_IRQHandler)
                  00004efc    00000078     encoder.o (.text.encoder_reset_count)
                  00004f74    00000074     libclang_rt.builtins.a : comparedf2.c.obj (.text.__gedf2)
                  00004fe8    00000008     libc.a : aeabi_portable.c.obj (.text.__aeabi_errno_addr)
                  00004ff0    00000074     libclang_rt.builtins.a : truncdfsf2.S.obj (.text.__truncdfsf2)
                  00005064    00000068                            : comparedf2.c.obj (.text.__ledf2)
                  000050cc    00000062                            : aeabi_dcmp.S.obj (.text.__aeabi_dcmp)
                  0000512e    00000002     --HOLE-- [fill = 0]
                  00005130    00000062                            : aeabi_fcmp.S.obj (.text.__aeabi_fcmp)
                  00005192    00000002     --HOLE-- [fill = 0]
                  00005194    00000060     ti_msp_dl_config.o (.text.SYSCFG_DL_UART0_init)
                  000051f4    00000056     libclang_rt.builtins.a : aeabi_idivmod.S.obj (.text.__aeabi_idivmod)
                  0000524a    00000002     --HOLE-- [fill = 0]
                  0000524c    0000004c     ti_msp_dl_config.o (.text.SYSCFG_DL_SPI_ICM42688_init)
                  00005298    0000004c     pid.o (.text.speed_pid_stop)
                  000052e4    0000004a     libclang_rt.builtins.a : fixdfsi.S.obj (.text.__fixdfsi)
                  0000532e    00000002     --HOLE-- [fill = 0]
                  00005330    00000048     driverlib.a : dl_uart.o (.text.DL_UART_init)
                  00005378    00000048     ti_msp_dl_config.o (.text.SYSCFG_DL_initPower)
                  000053c0    00000044     driverlib.a : dl_spi.o (.text.DL_SPI_init)
                  00005404    00000044                 : dl_sysctl_mspm0g1x0x_g3x0x.o (.text.DL_SYSCTL_switchMCLKfromSYSOSCtoHSCLK)
                  00005448    00000040     libclang_rt.builtins.a : aeabi_uidivmod.S.obj (.text.__aeabi_uidivmod)
                  00005488    00000040                            : extendsfdf2.S.obj (.text.__extendsfdf2)
                  000054c8    0000003e                            : divmoddi4.c.obj (.text.__divmoddi4)
                  00005506    00000002     --HOLE-- [fill = 0]
                  00005508    0000003c                            : floatsisf.S.obj (.text.__floatsisf)
                  00005544    0000003c                            : comparesf2.S.obj (.text.__gtsf2)
                  00005580    0000003c     libc.a : autoinit.c.obj (.text:__TI_auto_init_nobinit_nopinit)
                  000055bc    0000003a     libclang_rt.builtins.a : comparesf2.S.obj (.text.__eqsf2)
                  000055f6    00000002     --HOLE-- [fill = 0]
                  000055f8    0000003a                            : muldsi3.S.obj (.text.__muldsi3)
                  00005632    00000002     --HOLE-- [fill = 0]
                  00005634    00000038     ti_msp_dl_config.o (.text.SYSCFG_DL_init)
                  0000566c    00000038     libclang_rt.builtins.a : fixsfsi.S.obj (.text.__fixsfsi)
                  000056a4    00000038     line_track.o (.text.line_track_init)
                  000056dc    00000034     angle_control.o (.text.angle_control_init)
                  00005710    00000030     driverlib.a : dl_spi.o (.text.DL_SPI_transmitDataBlocking8)
                  00005740    00000030     ti_msp_dl_config.o (.text.SYSCFG_DL_SYSTICK_init)
                  00005770    0000002c     libclang_rt.builtins.a : floatsidf.S.obj (.text.__floatsidf)
                  0000579c    00000028                            : floatunsisf.S.obj (.text.__floatunsisf)
                  000057c4    00000028     angle_control.o (.text.angle_control_enable)
                  000057ec    00000028     libc.a : boot_cortex_m.c.obj (.text:_c_int00_noargs)
                  00005814    00000024     libclang_rt.builtins.a : muldi3.S.obj (.text.__muldi3)
                  00005838    00000024     angle_control.o (.text.angle_control_stop)
                  0000585c    00000024     attitude.o (.text.attitude_get_euler)
                  00005880    00000020     driverlib.a : dl_spi.o (.text.DL_SPI_receiveDataBlocking8)
                  000058a0    00000020     angle_control.o (.text.angle_control_set_base_speed)
                  000058c0    00000020     delay.o (.text.delay_tick)
                  000058e0    0000001e     libclang_rt.builtins.a : ashldi3.S.obj (.text.__ashldi3)
                  000058fe    00000002     --HOLE-- [fill = 0]
                  00005900    0000001c     driverlib.a : dl_sysctl_mspm0g1x0x_g3x0x.o (.text.DL_SYSCTL_configFCC)
                  0000591c    0000001c                 : dl_timer.o (.text.DL_Timer_setCaptCompUpdateMethod)
                  00005938    0000001c                 : dl_timer.o (.text.DL_Timer_setClockConfig)
                  00005954    0000001c     delay.o (.text.delay_ms)
                  00005970    00000018     driverlib.a : dl_timer.o (.text.DL_Timer_setCaptureCompareOutCtl)
                  00005988    00000016     libc.a : k_rem_pio2.c.obj (.text.OUTLINED_FUNCTION_0)
                  0000599e    00000002     --HOLE-- [fill = 0]
                  000059a0    00000010     libclang_rt.builtins.a : adddf3.S.obj (.tramp.__aeabi_dadd.1)
                  000059b0    00000016     libc.a : copy_zero_init.c.obj (.text:decompress:ZI:__TI_zero_init_nomemset)
                  000059c6    00000002     --HOLE-- [fill = 0]
                  000059c8    00000014     libclang_rt.builtins.a : aeabi_ldivmod.S.obj (.text.__aeabi_ldivmod)
                  000059dc    00000014                            : aeabi_uldivmod.S.obj (.text.__aeabi_uldivmod)
                  000059f0    00000014     board_notify.o (.text.board_notify_init)
                  00005a04    00000014     encoder.o (.text.encoder_get_left_count)
                  00005a18    00000014     encoder.o (.text.encoder_get_left_speed_mm_s)
                  00005a2c    00000014     encoder.o (.text.encoder_get_right_count)
                  00005a40    00000014     encoder.o (.text.encoder_get_right_speed_mm_s)
                  00005a54    00000014     pid.o (.text.speed_pid_set_speed)
                  00005a68    00000012     driverlib.a : dl_spi.o (.text.DL_SPI_setClockConfig)
                  00005a7a    00000012                 : dl_uart.o (.text.DL_UART_setClockConfig)
                  00005a8c    00000012     libc.a : copy_decompress_none.c.obj (.text:decompress:none)
                  00005a9e    00000002     --HOLE-- [fill = 0]
                  00005aa0    00000010     driverlib.a : dl_timer.o (.text.DL_Timer_setCaptureCompareValue)
                  00005ab0    00000010     libc.a : k_rem_pio2.c.obj (.text.OUTLINED_FUNCTION_2)
                  00005ac0    00000010     board_notify.o (.text.board_notify_led_off)
                  00005ad0    00000010     board_notify.o (.text.board_notify_led_on)
                  00005ae0    00000010     gray_serial.o (.text.gray_serial_init)
                  00005af0    0000000c     empty.o (.text.SysTick_Handler)
                  00005afc    0000000c     board_notify.o (.text.board_notify_buzzer_off)
                  00005b08    0000000c     board_notify.o (.text.board_notify_buzzer_on)
                  00005b14    0000000c     delay.o (.text.delay_get_ms)
                  00005b20    0000000c     line_track.o (.text.line_track_set_base_speed)
                  00005b2c    0000000a     driverlib.a : dl_common.o (.text.DL_Common_delayCycles)
                  00005b36    0000000a     libc.a : s_tanf.c.obj (.text.OUTLINED_FUNCTION_0)
                  00005b40    0000000a            : k_rem_pio2.c.obj (.text.OUTLINED_FUNCTION_1)
                  00005b4a    0000000a            : s_cosf.c.obj (.text.OUTLINED_FUNCTION_3)
                  00005b54    0000000a            : s_sinf.c.obj (.text.OUTLINED_FUNCTION_3)
                  00005b5e    0000000a     line_track.o (.text.line_track_update_with_raw)
                  00005b68    0000000a     line_track.o (.text.line_track_update_with_raw_search_on_lost)
                  00005b72    0000000a     empty.o (.text.main)
                  00005b7c    00000008     libclang_rt.builtins.a : aeabi_memcpy.S.obj (.text.__aeabi_memcpy)
                  00005b84    00000006     libc.a : s_atanf.c.obj (.text.OUTLINED_FUNCTION_0)
                  00005b8a    00000002     --HOLE-- [fill = 0]
                  00005b8c    00000010     libclang_rt.builtins.a : divsf3.S.obj (.tramp.__aeabi_fdiv.1)
                  00005b9c    00000006     libc.a : s_cosf.c.obj (.text.OUTLINED_FUNCTION_0)
                  00005ba2    00000002     --HOLE-- [fill = 0]
                  00005ba4    00000010     libclang_rt.builtins.a : muldf3.S.obj (.tramp.__aeabi_dmul.1)
                  00005bb4    00000006     libc.a : s_sinf.c.obj (.text.OUTLINED_FUNCTION_0)
                  00005bba    00000006            : s_cosf.c.obj (.text.OUTLINED_FUNCTION_1)
                  00005bc0    00000006            : s_sinf.c.obj (.text.OUTLINED_FUNCTION_1)
                  00005bc6    00000006            : exit.c.obj (.text:abort)
                  00005bcc    00000004     libsysbm.a : hostexit.c.obj (.text.HOSTexit)
                  00005bd0    00000004     libc.a : s_atanf.c.obj (.text.OUTLINED_FUNCTION_1)
                  00005bd4    00000010     libclang_rt.builtins.a : addsf3.S.obj (.tramp.__aeabi_fadd.1)
                  00005be4    00000004     libc.a : s_tanf.c.obj (.text.OUTLINED_FUNCTION_1)
                  00005be8    00000004            : s_cosf.c.obj (.text.OUTLINED_FUNCTION_2)
                  00005bec    00000004            : s_sinf.c.obj (.text.OUTLINED_FUNCTION_2)
                  00005bf0    00000004     startup_mspm0g350x_ticlang.o (.text.Reset_Handler)
                  00005bf4    00000004     libc.a : pre_init.c.obj (.text._system_pre_init)
                  00005bf8    00000008     --HOLE-- [fill = 0]

.cinit     0    00005dd8    00000040     
                  00005dd8    0000001b     (.cinit..data.load) [load image, compression = lzss]
                  00005df3    00000001     --HOLE-- [fill = 0]
                  00005df4    0000000c     (__TI_handler_table)
                  00005e00    00000008     (.cinit..bss.load) [load image, compression = zero_init]
                  00005e08    00000010     (__TI_cinit_table)

.rodata    0    00005c00    000001d8     
                  00005c00    00000108     libc.a : k_rem_pio2.c.obj (.rodata.ipio2)
                  00005d08    00000040            : k_rem_pio2.c.obj (.rodata.PIo2)
                  00005d48    00000028     ti_msp_dl_config.o (.rodata.gSYSPLLConfig)
                  00005d70    00000020     libc.a : s_atanf.c.obj (.rodata.cst16)
                  00005d90    00000010     encoder.o (.rodata.cst16)
                  00005da0    00000010     libc.a : k_rem_pio2.c.obj (.rodata.cst16)
                  00005db0    0000000a     ti_msp_dl_config.o (.rodata.gSPI_ICM42688_config)
                  00005dba    0000000a     ti_msp_dl_config.o (.rodata.gUART0Config)
                  00005dc4    00000008     ti_msp_dl_config.o (.rodata.gPWMConfig)
                  00005dcc    00000003     ti_msp_dl_config.o (.rodata.gPWMClockConfig)
                  00005dcf    00000002     ti_msp_dl_config.o (.rodata.gSPI_ICM42688_clockConfig)
                  00005dd1    00000002     ti_msp_dl_config.o (.rodata.gUART0ClockConfig)
                  00005dd3    00000005     --HOLE-- [fill = 0]

.init_array 
*          0    00000000    00000000     UNINITIALIZED

.binit     0    00000000    00000000     

.bss       0    20200000    00000185     UNINITIALIZED
                  20200000    000000a0     (.common:gPWMBackup)
                  202000a0    00000050     uart_cmd.o (.bss.g_uartCmdBuffer)
                  202000f0    00000028     (.common:gSPI_ICM42688Backup)
                  20200118    00000024     angle_control.o (.bss.g_angleControlStatus)
                  2020013c    00000014     line_track.o (.bss.g_lineTrackStatus)
                  20200150    00000004     pid.o (.bss.g_leftSpeedPid.0)
                  20200154    00000004     pid.o (.bss.g_leftSpeedPid.1)
                  20200158    00000004     pid.o (.bss.g_leftSpeedPid.2)
                  2020015c    00000004     pid.o (.bss.g_leftSpeedPid.3)
                  20200160    00000004     pid.o (.bss.g_leftSpeedPid.4)
                  20200164    00000004     pid.o (.bss.g_leftSpeedPid.5)
                  20200168    00000004     pid.o (.bss.g_rightSpeedPid.0)
                  2020016c    00000004     pid.o (.bss.g_rightSpeedPid.1)
                  20200170    00000004     pid.o (.bss.g_rightSpeedPid.2)
                  20200174    00000004     pid.o (.bss.g_rightSpeedPid.3)
                  20200178    00000004     pid.o (.bss.g_rightSpeedPid.4)
                  2020017c    00000004     pid.o (.bss.g_rightSpeedPid.5)
                  20200180    00000001     pid.o (.bss.g_leftSpeedPid.6)
                  20200181    00000003     --HOLE--
                  20200184    00000001     pid.o (.bss.g_rightSpeedPid.6)

.data      0    20200188    0000009b     UNINITIALIZED
                  20200188    00000004     libc.a : aeabi_portable.c.obj (.data.__aeabi_errno)
                  2020018c    00000004     attitude.o (.data.accCalSumX)
                  20200190    00000004     attitude.o (.data.accCalSumY)
                  20200194    00000004     attitude.o (.data.accCalSumZ)
                  20200198    00000004     attitude.o (.data.accFiltX)
                  2020019c    00000004     attitude.o (.data.accFiltY)
                  202001a0    00000004     attitude.o (.data.accFiltZ)
                  202001a4    00000004     delay.o (.data.delay_ms_ticks)
                  202001a8    00000004     delay.o (.data.delay_times)
                  202001ac    00000004     line_track.o (.data.g_baseSpeedMmS)
                  202001b0    00000004     encoder.o (.data.g_encoderLeftCount)
                  202001b4    00000004     encoder.o (.data.g_encoderLeftLastSpeedCount)
                  202001b8    00000004     encoder.o (.data.g_encoderLeftSpeedMmS)
                  202001bc    00000004     encoder.o (.data.g_encoderRightCount)
                  202001c0    00000004     encoder.o (.data.g_encoderRightLastSpeedCount)
                  202001c4    00000004     encoder.o (.data.g_encoderRightSpeedMmS)
                  202001c8    00000004     line_track.o (.data.g_lastError)
                  202001cc    00000004     angle_control.o (.data.g_lastErrorDeg)
                  202001d0    00000004     pid.o (.data.g_leftPwm)
                  202001d4    00000004     pid.o (.data.g_leftTargetMmS)
                  202001d8    00000004     line_track.o (.data.g_previousError)
                  202001dc    00000004     pid.o (.data.g_rightPwm)
                  202001e0    00000004     pid.o (.data.g_rightTargetMmS)
                  202001e4    00000004     task2_abcd.o (.data.g_task2LastAttitudeMs)
                  202001e8    00000004     task2_abcd.o (.data.g_task2StartYawDeg)
                  202001ec    00000004     attitude.o (.data.gyroBiasX)
                  202001f0    00000004     attitude.o (.data.gyroBiasY)
                  202001f4    00000004     attitude.o (.data.gyroBiasZ)
                  202001f8    00000004     attitude.o (.data.gyroCalSumX)
                  202001fc    00000004     attitude.o (.data.gyroCalSumY)
                  20200200    00000004     attitude.o (.data.gyroCalSumZ)
                  20200204    00000004     attitude.o (.data.pitchDeg)
                  20200208    00000004     attitude.o (.data.pitchZeroDeg)
                  2020020c    00000004     attitude.o (.data.rollDeg)
                  20200210    00000004     attitude.o (.data.rollZeroDeg)
                  20200214    00000004     attitude.o (.data.yawDeg)
                  20200218    00000002     attitude.o (.data.gyroCalCount)
                  2020021a    00000001     attitude.o (.data.accFilterReady)
                  2020021b    00000001     encoder.o (.data.g_encoderLeftLastState)
                  2020021c    00000001     encoder.o (.data.g_encoderRightLastState)
                  2020021d    00000001     encoder.o (.data.g_encoderSpeedTickMs)
                  2020021e    00000001     angle_control.o (.data.g_hasLastError)
                  2020021f    00000001     line_track.o (.data.g_hasPreviousError)
                  20200220    00000001     uart_cmd.o (.data.g_uartCmdIndex)
                  20200221    00000001     uart_cmd.o (.data.g_uartCmdReady)
                  20200222    00000001     attitude.o (.data.gyroCalibrated)

.stack     0    20207e00    00000200     UNINITIALIZED
                  20207e00    00000004     libc.a : boot_cortex_m.c.obj (.stack)
                  20207e04    000001fc     --HOLE--

__llvm_prf_cnts 
*          0    20200000    00000000     UNINITIALIZED

__llvm_prf_bits 
*          0    20200000    00000000     UNINITIALIZED

MODULE SUMMARY

       Module                         code    ro data   rw data
       ------                         ----    -------   -------
    .\
       ti_msp_dl_config.o             1556    75        200    
       startup_mspm0g350x_ticlang.o   6       192       0      
       empty.o                        22      0         0      
    +--+------------------------------+-------+---------+---------+
       Total:                         1584    267       200    
                                                               
    .\Src\
       task2_abcd.o                   2872    0         8      
       attitude.o                     2512    0         72     
       vofa.o                         1522    0         0      
       icm42688.o                     1448    0         0      
       pid.o                          840     0         66     
       angle_control.o                788     0         41     
       encoder.o                      696     16        27     
       line_track.o                   508     0         33     
       gray_serial.o                  296     0         0      
       uart_cmd.o                     120     0         82     
       motor.o                        148     0         0      
       delay.o                        72      0         8      
       board_notify.o                 76      0         0      
    +--+------------------------------+-------+---------+---------+
       Total:                         11898   16        337    
                                                               
    C:/TI/mspm0_sdk_2_10_00_04/source/ti/driverlib/lib/ticlang/m0p/mspm0g1x0x_g3x0x/driverlib.a
       dl_timer.o                     356     0         0      
       dl_sysctl_mspm0g1x0x_g3x0x.o   316     0         0      
       dl_spi.o                       166     0         0      
       dl_uart.o                      90      0         0      
       dl_common.o                    10      0         0      
    +--+------------------------------+-------+---------+---------+
       Total:                         938     0         0      
                                                               
    D:\ti\ccs2050\ccs\tools\compiler\ti-cgt-armllvm_4.0.4.LTS\lib\armv6m-ti-none-eabi/c/libc.a
       k_rem_pio2.c.obj               1652    344       0      
       s_cosf.c.obj                   822     0         0      
       s_sinf.c.obj                   810     0         0      
       s_tanf.c.obj                   746     0         0      
       s_atanf.c.obj                  466     32        0      
       s_floor.c.obj                  324     0         0      
       e_atan2f.c.obj                 280     0         0      
       s_scalbn.c.obj                 216     0         0      
       e_sqrtf.c.obj                  160     0         0      
       memcpy16.S.obj                 154     0         0      
       copy_decompress_lzss.c.obj     124     0         0      
       autoinit.c.obj                 60      0         0      
       boot_cortex_m.c.obj            40      0         0      
       copy_zero_init.c.obj           22      0         0      
       copy_decompress_none.c.obj     18      0         0      
       aeabi_portable.c.obj           8       0         4      
       exit.c.obj                     6       0         0      
       pre_init.c.obj                 4       0         0      
    +--+------------------------------+-------+---------+---------+
       Total:                         5912    376       4      
                                                               
    D:\ti\ccs2050\ccs\tools\compiler\ti-cgt-armllvm_4.0.4.LTS\lib\armv6m-ti-none-eabi/c/libsysbm.a
       hostexit.c.obj                 4       0         0      
    +--+------------------------------+-------+---------+---------+
       Total:                         4       0         0      
                                                               
    D:\ti\ccs2050\ccs\tools\compiler\ti-cgt-armllvm_4.0.4.LTS\lib\armv6m-ti-none-eabi/libclang_rt.builtins.a
       adddf3.S.obj                   418     0         0      
       divdf3.S.obj                   268     0         0      
       muldf3.S.obj                   244     0         0      
       addsf3.S.obj                   232     0         0      
       comparedf2.c.obj               220     0         0      
       udivmoddi4.S.obj               162     0         0      
       divsf3.S.obj                   146     0         0      
       mulsf3.S.obj                   140     0         0      
       comparesf2.S.obj               118     0         0      
       truncdfsf2.S.obj               116     0         0      
       aeabi_dcmp.S.obj               98      0         0      
       aeabi_fcmp.S.obj               98      0         0      
       aeabi_idivmod.S.obj            86      0         0      
       fixdfsi.S.obj                  74      0         0      
       aeabi_uidivmod.S.obj           64      0         0      
       extendsfdf2.S.obj              64      0         0      
       divmoddi4.c.obj                62      0         0      
       floatsisf.S.obj                60      0         0      
       muldsi3.S.obj                  58      0         0      
       fixsfsi.S.obj                  56      0         0      
       floatsidf.S.obj                44      0         0      
       floatunsisf.S.obj              40      0         0      
       muldi3.S.obj                   36      0         0      
       ashldi3.S.obj                  30      0         0      
       aeabi_ldivmod.S.obj            20      0         0      
       aeabi_uldivmod.S.obj           20      0         0      
       aeabi_memcpy.S.obj             8       0         0      
       aeabi_div0.c.obj               4       0         0      
    +--+------------------------------+-------+---------+---------+
       Total:                         2986    0         0      
                                                               
       Stack:                         0       0         512    
       Linker Generated:              0       63        0      
    +--+------------------------------+-------+---------+---------+
       Grand Total:                   23322   722       1053   


LINKER GENERATED COPY TABLES

__TI_cinit_table @ 00005e08 records: 2, size/record: 8, table size: 16
	.data: load addr=00005dd8, load size=0000001b bytes, run addr=20200188, run size=0000009b bytes, compression=lzss
	.bss: load addr=00005e00, load size=00000008 bytes, run addr=20200000, run size=00000185 bytes, compression=zero_init


LINKER GENERATED HANDLER TABLE

__TI_handler_table @ 00005df4 records: 3, size/record: 4, table size: 12
	index: 0, handler: __TI_decompress_lzss
	index: 1, handler: __TI_decompress_none
	index: 2, handler: __TI_zero_init


FAR CALL TRAMPOLINES

callee name               trampoline name
   callee addr  tramp addr   call addr  call info
--------------  -----------  ---------  ----------------
__aeabi_dadd              $Tramp$TT$L$PI$$__aeabi_dadd
   00003163     000059a0     0000599c   libc.a : k_rem_pio2.c.obj (.text.OUTLINED_FUNCTION_0)
                             00005b3e          : s_tanf.c.obj (.text.OUTLINED_FUNCTION_0)
                             00005b48          : k_rem_pio2.c.obj (.text.OUTLINED_FUNCTION_1)
                             00005b52          : s_cosf.c.obj (.text.OUTLINED_FUNCTION_3)
                             00005b5c          : s_sinf.c.obj (.text.OUTLINED_FUNCTION_3)
__aeabi_fdiv              $Tramp$TT$L$PI$$__aeabi_fdiv
   00004d85     00005b8c     00005b88   libc.a : s_atanf.c.obj (.text.OUTLINED_FUNCTION_0)
__aeabi_dmul              $Tramp$TT$L$PI$$__aeabi_dmul
   00003d55     00005ba4     00005ba0   libc.a : s_cosf.c.obj (.text.OUTLINED_FUNCTION_0)
                             00005bb8          : s_sinf.c.obj (.text.OUTLINED_FUNCTION_0)
                             00005bbe          : s_cosf.c.obj (.text.OUTLINED_FUNCTION_1)
                             00005bc4          : s_sinf.c.obj (.text.OUTLINED_FUNCTION_1)
__aeabi_fadd              $Tramp$TT$L$PI$$__aeabi_fadd
   00003ff7     00005bd4     00005bd2   libc.a : s_atanf.c.obj (.text.OUTLINED_FUNCTION_1)

[4 trampolines]
[11 trampoline calls]


GLOBAL SYMBOLS: SORTED ALPHABETICALLY BY Name 

address   name                                     
-------   ----                                     
00001af7  ADC0_IRQHandler                          
00001af7  ADC1_IRQHandler                          
00001af7  AES_IRQHandler                           
00005bcc  C$$EXIT                                  
00001af7  CANFD0_IRQHandler                        
00001af7  DAC0_IRQHandler                          
00005b2d  DL_Common_delayCycles                    
000053c1  DL_SPI_init                              
00005881  DL_SPI_receiveDataBlocking8              
00005a69  DL_SPI_setClockConfig                    
00005711  DL_SPI_transmitDataBlocking8             
00005901  DL_SYSCTL_configFCC                      
00003e39  DL_SYSCTL_configSYSPLL                   
00005405  DL_SYSCTL_switchMCLKfromSYSOSCtoHSCLK    
00003b65  DL_Timer_initFourCCPWMMode               
0000591d  DL_Timer_setCaptCompUpdateMethod         
00005971  DL_Timer_setCaptureCompareOutCtl         
00005aa1  DL_Timer_setCaptureCompareValue          
00005939  DL_Timer_setClockConfig                  
00005331  DL_UART_init                             
00005a7b  DL_UART_setClockConfig                   
00001af7  DMA_IRQHandler                           
00001af7  Default_Handler                          
00001af7  GROUP0_IRQHandler                        
00004a31  GROUP1_IRQHandler                        
00005bcd  HOSTexit                                 
00001af7  HardFault_Handler                        
00001af7  I2C0_IRQHandler                          
00001af7  I2C1_IRQHandler                          
00001af7  NMI_Handler                              
00001af7  PendSV_Handler                           
00001af7  RTC_IRQHandler                           
00005bf1  Reset_Handler                            
00001af7  SPI0_IRQHandler                          
00001af7  SPI1_IRQHandler                          
00001af7  SVC_Handler                              
000040c5  SYSCFG_DL_GPIO_init                      
00004ac5  SYSCFG_DL_PWM_init                       
0000524d  SYSCFG_DL_SPI_ICM42688_init              
00001de9  SYSCFG_DL_SYSCTL_SYSPLL_init             
00004525  SYSCFG_DL_SYSCTL_init                    
00005741  SYSCFG_DL_SYSTICK_init                   
00005195  SYSCFG_DL_UART0_init                     
00005635  SYSCFG_DL_init                           
00005379  SYSCFG_DL_initPower                      
00005af1  SysTick_Handler                          
00001af7  TIMA0_IRQHandler                         
00001af7  TIMA1_IRQHandler                         
00001af7  TIMG0_IRQHandler                         
00001af7  TIMG12_IRQHandler                        
00001af7  TIMG6_IRQHandler                         
00001af7  TIMG7_IRQHandler                         
00001af7  TIMG8_IRQHandler                         
00004e85  UART0_IRQHandler                         
00001af7  UART1_IRQHandler                         
00001af7  UART2_IRQHandler                         
00001af7  UART3_IRQHandler                         
20208000  __STACK_END                              
00000200  __STACK_SIZE                             
00000000  __TI_ATRegion0_region_sz                 
00000000  __TI_ATRegion0_src_addr                  
00000000  __TI_ATRegion0_trg_addr                  
00000000  __TI_ATRegion1_region_sz                 
00000000  __TI_ATRegion1_src_addr                  
00000000  __TI_ATRegion1_trg_addr                  
00000000  __TI_ATRegion2_region_sz                 
00000000  __TI_ATRegion2_src_addr                  
00000000  __TI_ATRegion2_trg_addr                  
00005e08  __TI_CINIT_Base                          
00005e18  __TI_CINIT_Limit                         
00005e18  __TI_CINIT_Warm                          
00005df4  __TI_Handler_Table_Base                  
00005e00  __TI_Handler_Table_Limit                 
00005581  __TI_auto_init_nobinit_nopinit           
00004e09  __TI_decompress_lzss                     
00005a8d  __TI_decompress_none                     
ffffffff  __TI_pprof_out_hndl                      
ffffffff  __TI_prof_data_size                      
ffffffff  __TI_prof_data_start                     
00000000  __TI_static_base__                       
000059b1  __TI_zero_init_nomemset                  
00003163  __adddf3                                 
00003ff7  __addsf3                                 
00004ff1  __aeabi_d2f                              
000052e5  __aeabi_d2iz                             
00003163  __aeabi_dadd                             
000050cd  __aeabi_dcmpeq                           
00005109  __aeabi_dcmpge                           
0000511d  __aeabi_dcmpgt                           
000050f5  __aeabi_dcmple                           
000050e1  __aeabi_dcmplt                           
00003a59  __aeabi_ddiv                             
00003d55  __aeabi_dmul                             
00003159  __aeabi_dsub                             
20200188  __aeabi_errno                            
00004fe9  __aeabi_errno_addr                       
00005489  __aeabi_f2d                              
0000566d  __aeabi_f2iz                             
00003ff7  __aeabi_fadd                             
00005131  __aeabi_fcmpeq                           
0000516d  __aeabi_fcmpge                           
00005181  __aeabi_fcmpgt                           
00005159  __aeabi_fcmple                           
00005145  __aeabi_fcmplt                           
00004d85  __aeabi_fdiv                             
00004bed  __aeabi_fmul                             
00003fed  __aeabi_fsub                             
00005771  __aeabi_i2d                              
00005509  __aeabi_i2f                              
000051f5  __aeabi_idiv                             
000032eb  __aeabi_idiv0                            
000051f5  __aeabi_idivmod                          
000047bb  __aeabi_ldiv0                            
000059c9  __aeabi_ldivmod                          
000058e1  __aeabi_llsl                             
00005815  __aeabi_lmul                             
00005b7d  __aeabi_memcpy                           
00005b7d  __aeabi_memcpy4                          
00005b7d  __aeabi_memcpy8                          
0000579d  __aeabi_ui2f                             
00005449  __aeabi_uidiv                            
00005449  __aeabi_uidivmod                         
000059dd  __aeabi_uldivmod                         
000058e1  __ashldi3                                
ffffffff  __binit__                                
00005065  __cmpdf2                                 
000055bd  __cmpsf2                                 
00003a59  __divdf3                                 
000054c9  __divmoddi4                              
00004d85  __divsf3                                 
00005065  __eqdf2                                  
000055bd  __eqsf2                                  
00005489  __extendsfdf2                            
000052e5  __fixdfsi                                
0000566d  __fixsfsi                                
00005771  __floatsidf                              
00005509  __floatsisf                              
0000579d  __floatunsisf                            
00004f75  __gedf2                                  
00005545  __gesf2                                  
00004f75  __gtdf2                                  
00005545  __gtsf2                                  
00000ec1  __kernel_rem_pio2                        
00005065  __ledf2                                  
000055bd  __lesf2                                  
00005065  __ltdf2                                  
000055bd  __ltsf2                                  
UNDEFED   __mpu_init                               
00003d55  __muldf3                                 
00005815  __muldi3                                 
000055f9  __muldsi3                                
00004bed  __mulsf3                                 
00005065  __nedf2                                  
000055bd  __nesf2                                  
20207e00  __stack                                  
20200000  __start___llvm_prf_bits                  
20200000  __start___llvm_prf_cnts                  
20200000  __stop___llvm_prf_bits                   
20200000  __stop___llvm_prf_cnts                   
00003159  __subdf3                                 
00003fed  __subsf3                                 
00004ff1  __truncdfsf2                             
00004719  __udivmoddi4                             
000057ed  _c_int00_noargs                          
UNDEFED   _system_post_cinit                       
00005bf5  _system_pre_init                         
00005bc7  abort                                    
000057c5  angle_control_enable                     
000056dd  angle_control_init                       
000058a1  angle_control_set_base_speed             
00004199  angle_control_set_target_yaw             
00005839  angle_control_stop                       
00002c5d  angle_control_update                     
00003829  atan2f                                   
0000271d  atanf                                    
000032ed  attitude_calibrate_gyro                  
0000585d  attitude_get_euler                       
000045cd  attitude_init                            
000000c1  attitude_update_from_icm42688            
ffffffff  binit                                    
00005afd  board_notify_buzzer_off                  
00005b09  board_notify_buzzer_on                   
000059f1  board_notify_init                        
00005ac1  board_notify_led_off                     
00005ad1  board_notify_led_on                      
00002549  cosf                                     
00005b15  delay_get_ms                             
00005955  delay_ms                                 
000058c1  delay_tick                               
202001a8  delay_times                              
00005a05  encoder_get_left_count                   
00005a19  encoder_get_left_speed_mm_s              
00005a2d  encoder_get_right_count                  
00005a41  encoder_get_right_speed_mm_s             
00004675  encoder_init                             
00004efd  encoder_reset_count                      
00004261  encoder_tick_1ms                         
000035b9  floor                                    
000035b9  floorl                                   
20200000  gPWMBackup                               
202000f0  gSPI_ICM42688Backup                      
00005ae1  gray_serial_init                         
00003941  gray_serial_read                         
00004d01  icm42688_get_who_am_i                    
00001af9  icm42688_init                            
00002e09  icm42688_read_raw                        
00000000  interruptVectors                         
00003f15  ldexp                                    
00003f15  ldexpl                                   
000056a5  line_track_init                          
00005b21  line_track_set_base_speed                
00005b5f  line_track_update_with_raw               
00005b69  line_track_update_with_raw_search_on_lost
00005b73  main                                     
00004995  memcpy                                   
00004b59  motor_set_pwm                            
00003f15  scalbn                                   
00003f15  scalbnl                                  
000028e5  sinf                                     
00002315  speed_pid_control_update                 
00004319  speed_pid_init                           
00005a55  speed_pid_set_speed                      
00005299  speed_pid_stop                           
000047bd  sqrtf                                    
00002aad  tanf                                     
00000855  task2_abcd_run                           
00001505  vofa_send_six_int                        


GLOBAL SYMBOLS: SORTED BY Symbol Address 

address   name                                     
-------   ----                                     
00000000  __TI_ATRegion0_region_sz                 
00000000  __TI_ATRegion0_src_addr                  
00000000  __TI_ATRegion0_trg_addr                  
00000000  __TI_ATRegion1_region_sz                 
00000000  __TI_ATRegion1_src_addr                  
00000000  __TI_ATRegion1_trg_addr                  
00000000  __TI_ATRegion2_region_sz                 
00000000  __TI_ATRegion2_src_addr                  
00000000  __TI_ATRegion2_trg_addr                  
00000000  __TI_static_base__                       
00000000  interruptVectors                         
000000c1  attitude_update_from_icm42688            
00000200  __STACK_SIZE                             
00000855  task2_abcd_run                           
00000ec1  __kernel_rem_pio2                        
00001505  vofa_send_six_int                        
00001af7  ADC0_IRQHandler                          
00001af7  ADC1_IRQHandler                          
00001af7  AES_IRQHandler                           
00001af7  CANFD0_IRQHandler                        
00001af7  DAC0_IRQHandler                          
00001af7  DMA_IRQHandler                           
00001af7  Default_Handler                          
00001af7  GROUP0_IRQHandler                        
00001af7  HardFault_Handler                        
00001af7  I2C0_IRQHandler                          
00001af7  I2C1_IRQHandler                          
00001af7  NMI_Handler                              
00001af7  PendSV_Handler                           
00001af7  RTC_IRQHandler                           
00001af7  SPI0_IRQHandler                          
00001af7  SPI1_IRQHandler                          
00001af7  SVC_Handler                              
00001af7  TIMA0_IRQHandler                         
00001af7  TIMA1_IRQHandler                         
00001af7  TIMG0_IRQHandler                         
00001af7  TIMG12_IRQHandler                        
00001af7  TIMG6_IRQHandler                         
00001af7  TIMG7_IRQHandler                         
00001af7  TIMG8_IRQHandler                         
00001af7  UART1_IRQHandler                         
00001af7  UART2_IRQHandler                         
00001af7  UART3_IRQHandler                         
00001af9  icm42688_init                            
00001de9  SYSCFG_DL_SYSCTL_SYSPLL_init             
00002315  speed_pid_control_update                 
00002549  cosf                                     
0000271d  atanf                                    
000028e5  sinf                                     
00002aad  tanf                                     
00002c5d  angle_control_update                     
00002e09  icm42688_read_raw                        
00003159  __aeabi_dsub                             
00003159  __subdf3                                 
00003163  __adddf3                                 
00003163  __aeabi_dadd                             
000032eb  __aeabi_idiv0                            
000032ed  attitude_calibrate_gyro                  
000035b9  floor                                    
000035b9  floorl                                   
00003829  atan2f                                   
00003941  gray_serial_read                         
00003a59  __aeabi_ddiv                             
00003a59  __divdf3                                 
00003b65  DL_Timer_initFourCCPWMMode               
00003d55  __aeabi_dmul                             
00003d55  __muldf3                                 
00003e39  DL_SYSCTL_configSYSPLL                   
00003f15  ldexp                                    
00003f15  ldexpl                                   
00003f15  scalbn                                   
00003f15  scalbnl                                  
00003fed  __aeabi_fsub                             
00003fed  __subsf3                                 
00003ff7  __addsf3                                 
00003ff7  __aeabi_fadd                             
000040c5  SYSCFG_DL_GPIO_init                      
00004199  angle_control_set_target_yaw             
00004261  encoder_tick_1ms                         
00004319  speed_pid_init                           
00004525  SYSCFG_DL_SYSCTL_init                    
000045cd  attitude_init                            
00004675  encoder_init                             
00004719  __udivmoddi4                             
000047bb  __aeabi_ldiv0                            
000047bd  sqrtf                                    
00004995  memcpy                                   
00004a31  GROUP1_IRQHandler                        
00004ac5  SYSCFG_DL_PWM_init                       
00004b59  motor_set_pwm                            
00004bed  __aeabi_fmul                             
00004bed  __mulsf3                                 
00004d01  icm42688_get_who_am_i                    
00004d85  __aeabi_fdiv                             
00004d85  __divsf3                                 
00004e09  __TI_decompress_lzss                     
00004e85  UART0_IRQHandler                         
00004efd  encoder_reset_count                      
00004f75  __gedf2                                  
00004f75  __gtdf2                                  
00004fe9  __aeabi_errno_addr                       
00004ff1  __aeabi_d2f                              
00004ff1  __truncdfsf2                             
00005065  __cmpdf2                                 
00005065  __eqdf2                                  
00005065  __ledf2                                  
00005065  __ltdf2                                  
00005065  __nedf2                                  
000050cd  __aeabi_dcmpeq                           
000050e1  __aeabi_dcmplt                           
000050f5  __aeabi_dcmple                           
00005109  __aeabi_dcmpge                           
0000511d  __aeabi_dcmpgt                           
00005131  __aeabi_fcmpeq                           
00005145  __aeabi_fcmplt                           
00005159  __aeabi_fcmple                           
0000516d  __aeabi_fcmpge                           
00005181  __aeabi_fcmpgt                           
00005195  SYSCFG_DL_UART0_init                     
000051f5  __aeabi_idiv                             
000051f5  __aeabi_idivmod                          
0000524d  SYSCFG_DL_SPI_ICM42688_init              
00005299  speed_pid_stop                           
000052e5  __aeabi_d2iz                             
000052e5  __fixdfsi                                
00005331  DL_UART_init                             
00005379  SYSCFG_DL_initPower                      
000053c1  DL_SPI_init                              
00005405  DL_SYSCTL_switchMCLKfromSYSOSCtoHSCLK    
00005449  __aeabi_uidiv                            
00005449  __aeabi_uidivmod                         
00005489  __aeabi_f2d                              
00005489  __extendsfdf2                            
000054c9  __divmoddi4                              
00005509  __aeabi_i2f                              
00005509  __floatsisf                              
00005545  __gesf2                                  
00005545  __gtsf2                                  
00005581  __TI_auto_init_nobinit_nopinit           
000055bd  __cmpsf2                                 
000055bd  __eqsf2                                  
000055bd  __lesf2                                  
000055bd  __ltsf2                                  
000055bd  __nesf2                                  
000055f9  __muldsi3                                
00005635  SYSCFG_DL_init                           
0000566d  __aeabi_f2iz                             
0000566d  __fixsfsi                                
000056a5  line_track_init                          
000056dd  angle_control_init                       
00005711  DL_SPI_transmitDataBlocking8             
00005741  SYSCFG_DL_SYSTICK_init                   
00005771  __aeabi_i2d                              
00005771  __floatsidf                              
0000579d  __aeabi_ui2f                             
0000579d  __floatunsisf                            
000057c5  angle_control_enable                     
000057ed  _c_int00_noargs                          
00005815  __aeabi_lmul                             
00005815  __muldi3                                 
00005839  angle_control_stop                       
0000585d  attitude_get_euler                       
00005881  DL_SPI_receiveDataBlocking8              
000058a1  angle_control_set_base_speed             
000058c1  delay_tick                               
000058e1  __aeabi_llsl                             
000058e1  __ashldi3                                
00005901  DL_SYSCTL_configFCC                      
0000591d  DL_Timer_setCaptCompUpdateMethod         
00005939  DL_Timer_setClockConfig                  
00005955  delay_ms                                 
00005971  DL_Timer_setCaptureCompareOutCtl         
000059b1  __TI_zero_init_nomemset                  
000059c9  __aeabi_ldivmod                          
000059dd  __aeabi_uldivmod                         
000059f1  board_notify_init                        
00005a05  encoder_get_left_count                   
00005a19  encoder_get_left_speed_mm_s              
00005a2d  encoder_get_right_count                  
00005a41  encoder_get_right_speed_mm_s             
00005a55  speed_pid_set_speed                      
00005a69  DL_SPI_setClockConfig                    
00005a7b  DL_UART_setClockConfig                   
00005a8d  __TI_decompress_none                     
00005aa1  DL_Timer_setCaptureCompareValue          
00005ac1  board_notify_led_off                     
00005ad1  board_notify_led_on                      
00005ae1  gray_serial_init                         
00005af1  SysTick_Handler                          
00005afd  board_notify_buzzer_off                  
00005b09  board_notify_buzzer_on                   
00005b15  delay_get_ms                             
00005b21  line_track_set_base_speed                
00005b2d  DL_Common_delayCycles                    
00005b5f  line_track_update_with_raw               
00005b69  line_track_update_with_raw_search_on_lost
00005b73  main                                     
00005b7d  __aeabi_memcpy                           
00005b7d  __aeabi_memcpy4                          
00005b7d  __aeabi_memcpy8                          
00005bc7  abort                                    
00005bcc  C$$EXIT                                  
00005bcd  HOSTexit                                 
00005bf1  Reset_Handler                            
00005bf5  _system_pre_init                         
00005df4  __TI_Handler_Table_Base                  
00005e00  __TI_Handler_Table_Limit                 
00005e08  __TI_CINIT_Base                          
00005e18  __TI_CINIT_Limit                         
00005e18  __TI_CINIT_Warm                          
20200000  __start___llvm_prf_bits                  
20200000  __start___llvm_prf_cnts                  
20200000  __stop___llvm_prf_bits                   
20200000  __stop___llvm_prf_cnts                   
20200000  gPWMBackup                               
202000f0  gSPI_ICM42688Backup                      
20200188  __aeabi_errno                            
202001a8  delay_times                              
20207e00  __stack                                  
20208000  __STACK_END                              
ffffffff  __TI_pprof_out_hndl                      
ffffffff  __TI_prof_data_size                      
ffffffff  __TI_prof_data_start                     
ffffffff  __binit__                                
ffffffff  binit                                    
UNDEFED   __mpu_init                               
UNDEFED   _system_post_cinit                       

[227 symbols]
